[2025-06-21T20:15:01.294+0000] {processor.py:161} INFO - Started process (PID=35) to work on /home/airflow/.local/lib/python3.10/site-packages/airflow/example_dags/example_branch_python_dop_operator_3.py
[2025-06-21T20:15:01.294+0000] {processor.py:830} INFO - Processing file /home/airflow/.local/lib/python3.10/site-packages/airflow/example_dags/example_branch_python_dop_operator_3.py for tasks to queue
[2025-06-21T20:15:01.296+0000] {logging_mixin.py:188} INFO - [2025-06-21T20:15:01.296+0000] {dagbag.py:538} INFO - Filling up the DagBag from /home/airflow/.local/lib/python3.10/site-packages/airflow/example_dags/example_branch_python_dop_operator_3.py
[2025-06-21T20:15:01.302+0000] {processor.py:840} INFO - DAG(s) 'example_branch_dop_operator_v3' retrieved from /home/airflow/.local/lib/python3.10/site-packages/airflow/example_dags/example_branch_python_dop_operator_3.py
[2025-06-21T20:15:01.310+0000] {logging_mixin.py:188} INFO - [2025-06-21T20:15:01.310+0000] {dag.py:3036} INFO - Sync 1 DAGs
[2025-06-21T20:15:01.323+0000] {logging_mixin.py:188} INFO - [2025-06-21T20:15:01.323+0000] {dag.py:3823} INFO - Setting next_dagrun for example_branch_dop_operator_v3 to 2025-06-21 20:14:00+00:00, run_after=2025-06-21 20:15:00+00:00
[2025-06-21T20:15:01.332+0000] {processor.py:183} INFO - Processing /home/airflow/.local/lib/python3.10/site-packages/airflow/example_dags/example_branch_python_dop_operator_3.py took 0.040 seconds
[2025-06-21T20:15:32.042+0000] {processor.py:161} INFO - Started process (PID=90) to work on /home/airflow/.local/lib/python3.10/site-packages/airflow/example_dags/example_branch_python_dop_operator_3.py
[2025-06-21T20:15:32.042+0000] {processor.py:830} INFO - Processing file /home/airflow/.local/lib/python3.10/site-packages/airflow/example_dags/example_branch_python_dop_operator_3.py for tasks to queue
[2025-06-21T20:15:32.044+0000] {logging_mixin.py:188} INFO - [2025-06-21T20:15:32.043+0000] {dagbag.py:538} INFO - Filling up the DagBag from /home/airflow/.local/lib/python3.10/site-packages/airflow/example_dags/example_branch_python_dop_operator_3.py
[2025-06-21T20:15:32.050+0000] {processor.py:840} INFO - DAG(s) 'example_branch_dop_operator_v3' retrieved from /home/airflow/.local/lib/python3.10/site-packages/airflow/example_dags/example_branch_python_dop_operator_3.py
[2025-06-21T20:15:32.098+0000] {logging_mixin.py:188} INFO - [2025-06-21T20:15:32.098+0000] {dag.py:3036} INFO - Sync 1 DAGs
[2025-06-21T20:15:32.110+0000] {logging_mixin.py:188} INFO - [2025-06-21T20:15:32.110+0000] {dag.py:3823} INFO - Setting next_dagrun for example_branch_dop_operator_v3 to 2025-06-21 20:14:00+00:00, run_after=2025-06-21 20:15:00+00:00
[2025-06-21T20:15:32.118+0000] {processor.py:183} INFO - Processing /home/airflow/.local/lib/python3.10/site-packages/airflow/example_dags/example_branch_python_dop_operator_3.py took 0.078 seconds
[2025-06-21T20:16:02.477+0000] {processor.py:161} INFO - Started process (PID=145) to work on /home/airflow/.local/lib/python3.10/site-packages/airflow/example_dags/example_branch_python_dop_operator_3.py
[2025-06-21T20:16:02.478+0000] {processor.py:830} INFO - Processing file /home/airflow/.local/lib/python3.10/site-packages/airflow/example_dags/example_branch_python_dop_operator_3.py for tasks to queue
[2025-06-21T20:16:02.480+0000] {logging_mixin.py:188} INFO - [2025-06-21T20:16:02.479+0000] {dagbag.py:538} INFO - Filling up the DagBag from /home/airflow/.local/lib/python3.10/site-packages/airflow/example_dags/example_branch_python_dop_operator_3.py
[2025-06-21T20:16:02.491+0000] {processor.py:840} INFO - DAG(s) 'example_branch_dop_operator_v3' retrieved from /home/airflow/.local/lib/python3.10/site-packages/airflow/example_dags/example_branch_python_dop_operator_3.py
[2025-06-21T20:16:02.516+0000] {logging_mixin.py:188} INFO - [2025-06-21T20:16:02.516+0000] {dag.py:3036} INFO - Sync 1 DAGs
[2025-06-21T20:16:02.545+0000] {logging_mixin.py:188} INFO - [2025-06-21T20:16:02.544+0000] {dag.py:3823} INFO - Setting next_dagrun for example_branch_dop_operator_v3 to 2025-06-21 20:15:00+00:00, run_after=2025-06-21 20:16:00+00:00
[2025-06-21T20:16:02.564+0000] {processor.py:183} INFO - Processing /home/airflow/.local/lib/python3.10/site-packages/airflow/example_dags/example_branch_python_dop_operator_3.py took 0.089 seconds
[2025-06-21T20:16:32.840+0000] {processor.py:161} INFO - Started process (PID=199) to work on /home/airflow/.local/lib/python3.10/site-packages/airflow/example_dags/example_branch_python_dop_operator_3.py
[2025-06-21T20:16:32.842+0000] {processor.py:830} INFO - Processing file /home/airflow/.local/lib/python3.10/site-packages/airflow/example_dags/example_branch_python_dop_operator_3.py for tasks to queue
[2025-06-21T20:16:32.843+0000] {logging_mixin.py:188} INFO - [2025-06-21T20:16:32.843+0000] {dagbag.py:538} INFO - Filling up the DagBag from /home/airflow/.local/lib/python3.10/site-packages/airflow/example_dags/example_branch_python_dop_operator_3.py
[2025-06-21T20:16:32.849+0000] {processor.py:840} INFO - DAG(s) 'example_branch_dop_operator_v3' retrieved from /home/airflow/.local/lib/python3.10/site-packages/airflow/example_dags/example_branch_python_dop_operator_3.py
[2025-06-21T20:16:32.861+0000] {logging_mixin.py:188} INFO - [2025-06-21T20:16:32.861+0000] {dag.py:3036} INFO - Sync 1 DAGs
[2025-06-21T20:16:32.876+0000] {logging_mixin.py:188} INFO - [2025-06-21T20:16:32.876+0000] {dag.py:3823} INFO - Setting next_dagrun for example_branch_dop_operator_v3 to 2025-06-21 20:15:00+00:00, run_after=2025-06-21 20:16:00+00:00
[2025-06-21T20:16:32.886+0000] {processor.py:183} INFO - Processing /home/airflow/.local/lib/python3.10/site-packages/airflow/example_dags/example_branch_python_dop_operator_3.py took 0.049 seconds
[2025-06-21T20:17:03.417+0000] {processor.py:161} INFO - Started process (PID=254) to work on /home/airflow/.local/lib/python3.10/site-packages/airflow/example_dags/example_branch_python_dop_operator_3.py
[2025-06-21T20:17:03.418+0000] {processor.py:830} INFO - Processing file /home/airflow/.local/lib/python3.10/site-packages/airflow/example_dags/example_branch_python_dop_operator_3.py for tasks to queue
[2025-06-21T20:17:03.419+0000] {logging_mixin.py:188} INFO - [2025-06-21T20:17:03.419+0000] {dagbag.py:538} INFO - Filling up the DagBag from /home/airflow/.local/lib/python3.10/site-packages/airflow/example_dags/example_branch_python_dop_operator_3.py
[2025-06-21T20:17:03.423+0000] {processor.py:840} INFO - DAG(s) 'example_branch_dop_operator_v3' retrieved from /home/airflow/.local/lib/python3.10/site-packages/airflow/example_dags/example_branch_python_dop_operator_3.py
[2025-06-21T20:17:03.436+0000] {logging_mixin.py:188} INFO - [2025-06-21T20:17:03.436+0000] {dag.py:3036} INFO - Sync 1 DAGs
[2025-06-21T20:17:03.448+0000] {logging_mixin.py:188} INFO - [2025-06-21T20:17:03.448+0000] {dag.py:3823} INFO - Setting next_dagrun for example_branch_dop_operator_v3 to 2025-06-21 20:16:00+00:00, run_after=2025-06-21 20:17:00+00:00
[2025-06-21T20:17:03.458+0000] {processor.py:183} INFO - Processing /home/airflow/.local/lib/python3.10/site-packages/airflow/example_dags/example_branch_python_dop_operator_3.py took 0.043 seconds
[2025-06-21T20:17:34.163+0000] {processor.py:161} INFO - Started process (PID=309) to work on /home/airflow/.local/lib/python3.10/site-packages/airflow/example_dags/example_branch_python_dop_operator_3.py
[2025-06-21T20:17:34.166+0000] {processor.py:830} INFO - Processing file /home/airflow/.local/lib/python3.10/site-packages/airflow/example_dags/example_branch_python_dop_operator_3.py for tasks to queue
[2025-06-21T20:17:34.167+0000] {logging_mixin.py:188} INFO - [2025-06-21T20:17:34.167+0000] {dagbag.py:538} INFO - Filling up the DagBag from /home/airflow/.local/lib/python3.10/site-packages/airflow/example_dags/example_branch_python_dop_operator_3.py
[2025-06-21T20:17:34.172+0000] {processor.py:840} INFO - DAG(s) 'example_branch_dop_operator_v3' retrieved from /home/airflow/.local/lib/python3.10/site-packages/airflow/example_dags/example_branch_python_dop_operator_3.py
[2025-06-21T20:17:34.186+0000] {logging_mixin.py:188} INFO - [2025-06-21T20:17:34.186+0000] {dag.py:3036} INFO - Sync 1 DAGs
[2025-06-21T20:17:34.198+0000] {logging_mixin.py:188} INFO - [2025-06-21T20:17:34.198+0000] {dag.py:3823} INFO - Setting next_dagrun for example_branch_dop_operator_v3 to 2025-06-21 20:16:00+00:00, run_after=2025-06-21 20:17:00+00:00
[2025-06-21T20:17:34.210+0000] {processor.py:183} INFO - Processing /home/airflow/.local/lib/python3.10/site-packages/airflow/example_dags/example_branch_python_dop_operator_3.py took 0.049 seconds
[2025-06-21T20:18:04.352+0000] {processor.py:161} INFO - Started process (PID=364) to work on /home/airflow/.local/lib/python3.10/site-packages/airflow/example_dags/example_branch_python_dop_operator_3.py
[2025-06-21T20:18:04.352+0000] {processor.py:830} INFO - Processing file /home/airflow/.local/lib/python3.10/site-packages/airflow/example_dags/example_branch_python_dop_operator_3.py for tasks to queue
[2025-06-21T20:18:04.353+0000] {logging_mixin.py:188} INFO - [2025-06-21T20:18:04.353+0000] {dagbag.py:538} INFO - Filling up the DagBag from /home/airflow/.local/lib/python3.10/site-packages/airflow/example_dags/example_branch_python_dop_operator_3.py
[2025-06-21T20:18:04.357+0000] {processor.py:840} INFO - DAG(s) 'example_branch_dop_operator_v3' retrieved from /home/airflow/.local/lib/python3.10/site-packages/airflow/example_dags/example_branch_python_dop_operator_3.py
[2025-06-21T20:18:04.367+0000] {logging_mixin.py:188} INFO - [2025-06-21T20:18:04.367+0000] {dag.py:3036} INFO - Sync 1 DAGs
[2025-06-21T20:18:04.378+0000] {logging_mixin.py:188} INFO - [2025-06-21T20:18:04.378+0000] {dag.py:3823} INFO - Setting next_dagrun for example_branch_dop_operator_v3 to 2025-06-21 20:17:00+00:00, run_after=2025-06-21 20:18:00+00:00
[2025-06-21T20:18:04.385+0000] {processor.py:183} INFO - Processing /home/airflow/.local/lib/python3.10/site-packages/airflow/example_dags/example_branch_python_dop_operator_3.py took 0.035 seconds
[2025-06-21T20:18:35.141+0000] {processor.py:161} INFO - Started process (PID=424) to work on /home/airflow/.local/lib/python3.10/site-packages/airflow/example_dags/example_branch_python_dop_operator_3.py
[2025-06-21T20:18:35.141+0000] {processor.py:830} INFO - Processing file /home/airflow/.local/lib/python3.10/site-packages/airflow/example_dags/example_branch_python_dop_operator_3.py for tasks to queue
[2025-06-21T20:18:35.142+0000] {logging_mixin.py:188} INFO - [2025-06-21T20:18:35.142+0000] {dagbag.py:538} INFO - Filling up the DagBag from /home/airflow/.local/lib/python3.10/site-packages/airflow/example_dags/example_branch_python_dop_operator_3.py
[2025-06-21T20:18:35.148+0000] {processor.py:840} INFO - DAG(s) 'example_branch_dop_operator_v3' retrieved from /home/airflow/.local/lib/python3.10/site-packages/airflow/example_dags/example_branch_python_dop_operator_3.py
[2025-06-21T20:18:35.157+0000] {logging_mixin.py:188} INFO - [2025-06-21T20:18:35.156+0000] {dag.py:3036} INFO - Sync 1 DAGs
[2025-06-21T20:18:35.172+0000] {logging_mixin.py:188} INFO - [2025-06-21T20:18:35.172+0000] {dag.py:3823} INFO - Setting next_dagrun for example_branch_dop_operator_v3 to 2025-06-21 20:17:00+00:00, run_after=2025-06-21 20:18:00+00:00
[2025-06-21T20:18:35.182+0000] {processor.py:183} INFO - Processing /home/airflow/.local/lib/python3.10/site-packages/airflow/example_dags/example_branch_python_dop_operator_3.py took 0.043 seconds
[2025-06-21T20:23:37.092+0000] {processor.py:161} INFO - Started process (PID=35) to work on /home/airflow/.local/lib/python3.10/site-packages/airflow/example_dags/example_branch_python_dop_operator_3.py
[2025-06-21T20:23:37.095+0000] {processor.py:830} INFO - Processing file /home/airflow/.local/lib/python3.10/site-packages/airflow/example_dags/example_branch_python_dop_operator_3.py for tasks to queue
[2025-06-21T20:23:37.097+0000] {logging_mixin.py:188} INFO - [2025-06-21T20:23:37.097+0000] {dagbag.py:538} INFO - Filling up the DagBag from /home/airflow/.local/lib/python3.10/site-packages/airflow/example_dags/example_branch_python_dop_operator_3.py
[2025-06-21T20:23:37.103+0000] {processor.py:840} INFO - DAG(s) 'example_branch_dop_operator_v3' retrieved from /home/airflow/.local/lib/python3.10/site-packages/airflow/example_dags/example_branch_python_dop_operator_3.py
[2025-06-21T20:23:37.116+0000] {logging_mixin.py:188} INFO - [2025-06-21T20:23:37.116+0000] {dag.py:3036} INFO - Sync 1 DAGs
[2025-06-21T20:23:37.129+0000] {logging_mixin.py:188} INFO - [2025-06-21T20:23:37.129+0000] {dag.py:3823} INFO - Setting next_dagrun for example_branch_dop_operator_v3 to 2025-06-21 20:22:00+00:00, run_after=2025-06-21 20:23:00+00:00
[2025-06-21T20:23:37.138+0000] {processor.py:183} INFO - Processing /home/airflow/.local/lib/python3.10/site-packages/airflow/example_dags/example_branch_python_dop_operator_3.py took 0.048 seconds
[2025-06-21T20:24:07.975+0000] {processor.py:161} INFO - Started process (PID=90) to work on /home/airflow/.local/lib/python3.10/site-packages/airflow/example_dags/example_branch_python_dop_operator_3.py
[2025-06-21T20:24:07.978+0000] {processor.py:830} INFO - Processing file /home/airflow/.local/lib/python3.10/site-packages/airflow/example_dags/example_branch_python_dop_operator_3.py for tasks to queue
[2025-06-21T20:24:07.980+0000] {logging_mixin.py:188} INFO - [2025-06-21T20:24:07.979+0000] {dagbag.py:538} INFO - Filling up the DagBag from /home/airflow/.local/lib/python3.10/site-packages/airflow/example_dags/example_branch_python_dop_operator_3.py
[2025-06-21T20:24:07.984+0000] {processor.py:840} INFO - DAG(s) 'example_branch_dop_operator_v3' retrieved from /home/airflow/.local/lib/python3.10/site-packages/airflow/example_dags/example_branch_python_dop_operator_3.py
[2025-06-21T20:24:08.034+0000] {logging_mixin.py:188} INFO - [2025-06-21T20:24:08.034+0000] {dag.py:3036} INFO - Sync 1 DAGs
[2025-06-21T20:24:08.049+0000] {logging_mixin.py:188} INFO - [2025-06-21T20:24:08.049+0000] {dag.py:3823} INFO - Setting next_dagrun for example_branch_dop_operator_v3 to 2025-06-21 20:23:00+00:00, run_after=2025-06-21 20:24:00+00:00
[2025-06-21T20:24:08.059+0000] {processor.py:183} INFO - Processing /home/airflow/.local/lib/python3.10/site-packages/airflow/example_dags/example_branch_python_dop_operator_3.py took 0.086 seconds
[2025-06-21T20:24:38.162+0000] {processor.py:161} INFO - Started process (PID=145) to work on /home/airflow/.local/lib/python3.10/site-packages/airflow/example_dags/example_branch_python_dop_operator_3.py
[2025-06-21T20:24:38.164+0000] {processor.py:830} INFO - Processing file /home/airflow/.local/lib/python3.10/site-packages/airflow/example_dags/example_branch_python_dop_operator_3.py for tasks to queue
[2025-06-21T20:24:38.166+0000] {logging_mixin.py:188} INFO - [2025-06-21T20:24:38.166+0000] {dagbag.py:538} INFO - Filling up the DagBag from /home/airflow/.local/lib/python3.10/site-packages/airflow/example_dags/example_branch_python_dop_operator_3.py
[2025-06-21T20:24:38.172+0000] {processor.py:840} INFO - DAG(s) 'example_branch_dop_operator_v3' retrieved from /home/airflow/.local/lib/python3.10/site-packages/airflow/example_dags/example_branch_python_dop_operator_3.py
[2025-06-21T20:24:38.187+0000] {logging_mixin.py:188} INFO - [2025-06-21T20:24:38.187+0000] {dag.py:3036} INFO - Sync 1 DAGs
[2025-06-21T20:24:38.205+0000] {logging_mixin.py:188} INFO - [2025-06-21T20:24:38.204+0000] {dag.py:3823} INFO - Setting next_dagrun for example_branch_dop_operator_v3 to 2025-06-21 20:23:00+00:00, run_after=2025-06-21 20:24:00+00:00
[2025-06-21T20:24:38.221+0000] {processor.py:183} INFO - Processing /home/airflow/.local/lib/python3.10/site-packages/airflow/example_dags/example_branch_python_dop_operator_3.py took 0.061 seconds
[2025-06-21T20:25:08.281+0000] {processor.py:161} INFO - Started process (PID=199) to work on /home/airflow/.local/lib/python3.10/site-packages/airflow/example_dags/example_branch_python_dop_operator_3.py
[2025-06-21T20:25:08.281+0000] {processor.py:830} INFO - Processing file /home/airflow/.local/lib/python3.10/site-packages/airflow/example_dags/example_branch_python_dop_operator_3.py for tasks to queue
[2025-06-21T20:25:08.284+0000] {logging_mixin.py:188} INFO - [2025-06-21T20:25:08.284+0000] {dagbag.py:538} INFO - Filling up the DagBag from /home/airflow/.local/lib/python3.10/site-packages/airflow/example_dags/example_branch_python_dop_operator_3.py
[2025-06-21T20:25:08.290+0000] {processor.py:840} INFO - DAG(s) 'example_branch_dop_operator_v3' retrieved from /home/airflow/.local/lib/python3.10/site-packages/airflow/example_dags/example_branch_python_dop_operator_3.py
[2025-06-21T20:25:08.306+0000] {logging_mixin.py:188} INFO - [2025-06-21T20:25:08.305+0000] {dag.py:3036} INFO - Sync 1 DAGs
[2025-06-21T20:25:08.334+0000] {logging_mixin.py:188} INFO - [2025-06-21T20:25:08.333+0000] {dag.py:3823} INFO - Setting next_dagrun for example_branch_dop_operator_v3 to 2025-06-21 20:24:00+00:00, run_after=2025-06-21 20:25:00+00:00
[2025-06-21T20:25:08.345+0000] {processor.py:183} INFO - Processing /home/airflow/.local/lib/python3.10/site-packages/airflow/example_dags/example_branch_python_dop_operator_3.py took 0.067 seconds
[2025-06-21T20:25:39.116+0000] {processor.py:161} INFO - Started process (PID=254) to work on /home/airflow/.local/lib/python3.10/site-packages/airflow/example_dags/example_branch_python_dop_operator_3.py
[2025-06-21T20:25:39.119+0000] {processor.py:830} INFO - Processing file /home/airflow/.local/lib/python3.10/site-packages/airflow/example_dags/example_branch_python_dop_operator_3.py for tasks to queue
[2025-06-21T20:25:39.120+0000] {logging_mixin.py:188} INFO - [2025-06-21T20:25:39.120+0000] {dagbag.py:538} INFO - Filling up the DagBag from /home/airflow/.local/lib/python3.10/site-packages/airflow/example_dags/example_branch_python_dop_operator_3.py
[2025-06-21T20:25:39.125+0000] {processor.py:840} INFO - DAG(s) 'example_branch_dop_operator_v3' retrieved from /home/airflow/.local/lib/python3.10/site-packages/airflow/example_dags/example_branch_python_dop_operator_3.py
[2025-06-21T20:25:39.139+0000] {logging_mixin.py:188} INFO - [2025-06-21T20:25:39.138+0000] {dag.py:3036} INFO - Sync 1 DAGs
[2025-06-21T20:25:39.151+0000] {logging_mixin.py:188} INFO - [2025-06-21T20:25:39.151+0000] {dag.py:3823} INFO - Setting next_dagrun for example_branch_dop_operator_v3 to 2025-06-21 20:24:00+00:00, run_after=2025-06-21 20:25:00+00:00
[2025-06-21T20:25:39.162+0000] {processor.py:183} INFO - Processing /home/airflow/.local/lib/python3.10/site-packages/airflow/example_dags/example_branch_python_dop_operator_3.py took 0.048 seconds
[2025-06-21T20:26:09.325+0000] {processor.py:161} INFO - Started process (PID=308) to work on /home/airflow/.local/lib/python3.10/site-packages/airflow/example_dags/example_branch_python_dop_operator_3.py
[2025-06-21T20:26:09.327+0000] {processor.py:830} INFO - Processing file /home/airflow/.local/lib/python3.10/site-packages/airflow/example_dags/example_branch_python_dop_operator_3.py for tasks to queue
[2025-06-21T20:26:09.327+0000] {logging_mixin.py:188} INFO - [2025-06-21T20:26:09.327+0000] {dagbag.py:538} INFO - Filling up the DagBag from /home/airflow/.local/lib/python3.10/site-packages/airflow/example_dags/example_branch_python_dop_operator_3.py
[2025-06-21T20:26:09.332+0000] {processor.py:840} INFO - DAG(s) 'example_branch_dop_operator_v3' retrieved from /home/airflow/.local/lib/python3.10/site-packages/airflow/example_dags/example_branch_python_dop_operator_3.py
[2025-06-21T20:26:09.341+0000] {logging_mixin.py:188} INFO - [2025-06-21T20:26:09.341+0000] {dag.py:3036} INFO - Sync 1 DAGs
[2025-06-21T20:26:09.355+0000] {logging_mixin.py:188} INFO - [2025-06-21T20:26:09.355+0000] {dag.py:3823} INFO - Setting next_dagrun for example_branch_dop_operator_v3 to 2025-06-21 20:25:00+00:00, run_after=2025-06-21 20:26:00+00:00
[2025-06-21T20:26:09.362+0000] {processor.py:183} INFO - Processing /home/airflow/.local/lib/python3.10/site-packages/airflow/example_dags/example_branch_python_dop_operator_3.py took 0.039 seconds
[2025-06-21T20:26:40.036+0000] {processor.py:161} INFO - Started process (PID=363) to work on /home/airflow/.local/lib/python3.10/site-packages/airflow/example_dags/example_branch_python_dop_operator_3.py
[2025-06-21T20:26:40.038+0000] {processor.py:830} INFO - Processing file /home/airflow/.local/lib/python3.10/site-packages/airflow/example_dags/example_branch_python_dop_operator_3.py for tasks to queue
[2025-06-21T20:26:40.039+0000] {logging_mixin.py:188} INFO - [2025-06-21T20:26:40.039+0000] {dagbag.py:538} INFO - Filling up the DagBag from /home/airflow/.local/lib/python3.10/site-packages/airflow/example_dags/example_branch_python_dop_operator_3.py
[2025-06-21T20:26:40.045+0000] {processor.py:840} INFO - DAG(s) 'example_branch_dop_operator_v3' retrieved from /home/airflow/.local/lib/python3.10/site-packages/airflow/example_dags/example_branch_python_dop_operator_3.py
[2025-06-21T20:26:40.059+0000] {logging_mixin.py:188} INFO - [2025-06-21T20:26:40.059+0000] {dag.py:3036} INFO - Sync 1 DAGs
[2025-06-21T20:26:40.073+0000] {logging_mixin.py:188} INFO - [2025-06-21T20:26:40.073+0000] {dag.py:3823} INFO - Setting next_dagrun for example_branch_dop_operator_v3 to 2025-06-21 20:25:00+00:00, run_after=2025-06-21 20:26:00+00:00
[2025-06-21T20:26:40.083+0000] {processor.py:183} INFO - Processing /home/airflow/.local/lib/python3.10/site-packages/airflow/example_dags/example_branch_python_dop_operator_3.py took 0.049 seconds
[2025-06-21T20:27:10.185+0000] {processor.py:161} INFO - Started process (PID=418) to work on /home/airflow/.local/lib/python3.10/site-packages/airflow/example_dags/example_branch_python_dop_operator_3.py
[2025-06-21T20:27:10.187+0000] {processor.py:830} INFO - Processing file /home/airflow/.local/lib/python3.10/site-packages/airflow/example_dags/example_branch_python_dop_operator_3.py for tasks to queue
[2025-06-21T20:27:10.188+0000] {logging_mixin.py:188} INFO - [2025-06-21T20:27:10.188+0000] {dagbag.py:538} INFO - Filling up the DagBag from /home/airflow/.local/lib/python3.10/site-packages/airflow/example_dags/example_branch_python_dop_operator_3.py
[2025-06-21T20:27:10.193+0000] {processor.py:840} INFO - DAG(s) 'example_branch_dop_operator_v3' retrieved from /home/airflow/.local/lib/python3.10/site-packages/airflow/example_dags/example_branch_python_dop_operator_3.py
[2025-06-21T20:27:10.203+0000] {logging_mixin.py:188} INFO - [2025-06-21T20:27:10.202+0000] {dag.py:3036} INFO - Sync 1 DAGs
[2025-06-21T20:27:10.216+0000] {logging_mixin.py:188} INFO - [2025-06-21T20:27:10.215+0000] {dag.py:3823} INFO - Setting next_dagrun for example_branch_dop_operator_v3 to 2025-06-21 20:26:00+00:00, run_after=2025-06-21 20:27:00+00:00
[2025-06-21T20:27:10.226+0000] {processor.py:183} INFO - Processing /home/airflow/.local/lib/python3.10/site-packages/airflow/example_dags/example_branch_python_dop_operator_3.py took 0.046 seconds
[2025-06-21T20:27:40.269+0000] {processor.py:161} INFO - Started process (PID=473) to work on /home/airflow/.local/lib/python3.10/site-packages/airflow/example_dags/example_branch_python_dop_operator_3.py
[2025-06-21T20:27:40.272+0000] {processor.py:830} INFO - Processing file /home/airflow/.local/lib/python3.10/site-packages/airflow/example_dags/example_branch_python_dop_operator_3.py for tasks to queue
[2025-06-21T20:27:40.273+0000] {logging_mixin.py:188} INFO - [2025-06-21T20:27:40.273+0000] {dagbag.py:538} INFO - Filling up the DagBag from /home/airflow/.local/lib/python3.10/site-packages/airflow/example_dags/example_branch_python_dop_operator_3.py
[2025-06-21T20:27:40.278+0000] {processor.py:840} INFO - DAG(s) 'example_branch_dop_operator_v3' retrieved from /home/airflow/.local/lib/python3.10/site-packages/airflow/example_dags/example_branch_python_dop_operator_3.py
[2025-06-21T20:27:40.288+0000] {logging_mixin.py:188} INFO - [2025-06-21T20:27:40.288+0000] {dag.py:3036} INFO - Sync 1 DAGs
[2025-06-21T20:27:40.299+0000] {logging_mixin.py:188} INFO - [2025-06-21T20:27:40.299+0000] {dag.py:3823} INFO - Setting next_dagrun for example_branch_dop_operator_v3 to 2025-06-21 20:26:00+00:00, run_after=2025-06-21 20:27:00+00:00
[2025-06-21T20:27:40.309+0000] {processor.py:183} INFO - Processing /home/airflow/.local/lib/python3.10/site-packages/airflow/example_dags/example_branch_python_dop_operator_3.py took 0.041 seconds
[2025-06-21T20:28:11.010+0000] {processor.py:161} INFO - Started process (PID=534) to work on /home/airflow/.local/lib/python3.10/site-packages/airflow/example_dags/example_branch_python_dop_operator_3.py
[2025-06-21T20:28:11.013+0000] {processor.py:830} INFO - Processing file /home/airflow/.local/lib/python3.10/site-packages/airflow/example_dags/example_branch_python_dop_operator_3.py for tasks to queue
[2025-06-21T20:28:11.014+0000] {logging_mixin.py:188} INFO - [2025-06-21T20:28:11.014+0000] {dagbag.py:538} INFO - Filling up the DagBag from /home/airflow/.local/lib/python3.10/site-packages/airflow/example_dags/example_branch_python_dop_operator_3.py
[2025-06-21T20:28:11.020+0000] {processor.py:840} INFO - DAG(s) 'example_branch_dop_operator_v3' retrieved from /home/airflow/.local/lib/python3.10/site-packages/airflow/example_dags/example_branch_python_dop_operator_3.py
[2025-06-21T20:28:11.031+0000] {logging_mixin.py:188} INFO - [2025-06-21T20:28:11.031+0000] {dag.py:3036} INFO - Sync 1 DAGs
[2025-06-21T20:28:11.042+0000] {logging_mixin.py:188} INFO - [2025-06-21T20:28:11.042+0000] {dag.py:3823} INFO - Setting next_dagrun for example_branch_dop_operator_v3 to 2025-06-21 20:27:00+00:00, run_after=2025-06-21 20:28:00+00:00
[2025-06-21T20:28:11.051+0000] {processor.py:183} INFO - Processing /home/airflow/.local/lib/python3.10/site-packages/airflow/example_dags/example_branch_python_dop_operator_3.py took 0.043 seconds
[2025-06-21T20:28:41.695+0000] {processor.py:161} INFO - Started process (PID=589) to work on /home/airflow/.local/lib/python3.10/site-packages/airflow/example_dags/example_branch_python_dop_operator_3.py
[2025-06-21T20:28:41.695+0000] {processor.py:830} INFO - Processing file /home/airflow/.local/lib/python3.10/site-packages/airflow/example_dags/example_branch_python_dop_operator_3.py for tasks to queue
[2025-06-21T20:28:41.697+0000] {logging_mixin.py:188} INFO - [2025-06-21T20:28:41.697+0000] {dagbag.py:538} INFO - Filling up the DagBag from /home/airflow/.local/lib/python3.10/site-packages/airflow/example_dags/example_branch_python_dop_operator_3.py
[2025-06-21T20:28:41.702+0000] {processor.py:840} INFO - DAG(s) 'example_branch_dop_operator_v3' retrieved from /home/airflow/.local/lib/python3.10/site-packages/airflow/example_dags/example_branch_python_dop_operator_3.py
[2025-06-21T20:28:41.715+0000] {logging_mixin.py:188} INFO - [2025-06-21T20:28:41.715+0000] {dag.py:3036} INFO - Sync 1 DAGs
[2025-06-21T20:28:41.728+0000] {logging_mixin.py:188} INFO - [2025-06-21T20:28:41.728+0000] {dag.py:3823} INFO - Setting next_dagrun for example_branch_dop_operator_v3 to 2025-06-21 20:27:00+00:00, run_after=2025-06-21 20:28:00+00:00
[2025-06-21T20:28:41.741+0000] {processor.py:183} INFO - Processing /home/airflow/.local/lib/python3.10/site-packages/airflow/example_dags/example_branch_python_dop_operator_3.py took 0.049 seconds
[2025-06-21T20:29:12.480+0000] {processor.py:161} INFO - Started process (PID=644) to work on /home/airflow/.local/lib/python3.10/site-packages/airflow/example_dags/example_branch_python_dop_operator_3.py
[2025-06-21T20:29:12.482+0000] {processor.py:830} INFO - Processing file /home/airflow/.local/lib/python3.10/site-packages/airflow/example_dags/example_branch_python_dop_operator_3.py for tasks to queue
[2025-06-21T20:29:12.483+0000] {logging_mixin.py:188} INFO - [2025-06-21T20:29:12.483+0000] {dagbag.py:538} INFO - Filling up the DagBag from /home/airflow/.local/lib/python3.10/site-packages/airflow/example_dags/example_branch_python_dop_operator_3.py
[2025-06-21T20:29:12.488+0000] {processor.py:840} INFO - DAG(s) 'example_branch_dop_operator_v3' retrieved from /home/airflow/.local/lib/python3.10/site-packages/airflow/example_dags/example_branch_python_dop_operator_3.py
[2025-06-21T20:29:12.498+0000] {logging_mixin.py:188} INFO - [2025-06-21T20:29:12.498+0000] {dag.py:3036} INFO - Sync 1 DAGs
[2025-06-21T20:29:12.511+0000] {logging_mixin.py:188} INFO - [2025-06-21T20:29:12.511+0000] {dag.py:3823} INFO - Setting next_dagrun for example_branch_dop_operator_v3 to 2025-06-21 20:28:00+00:00, run_after=2025-06-21 20:29:00+00:00
[2025-06-21T20:29:12.519+0000] {processor.py:183} INFO - Processing /home/airflow/.local/lib/python3.10/site-packages/airflow/example_dags/example_branch_python_dop_operator_3.py took 0.040 seconds
[2025-06-21T20:29:43.231+0000] {processor.py:161} INFO - Started process (PID=699) to work on /home/airflow/.local/lib/python3.10/site-packages/airflow/example_dags/example_branch_python_dop_operator_3.py
[2025-06-21T20:29:43.232+0000] {processor.py:830} INFO - Processing file /home/airflow/.local/lib/python3.10/site-packages/airflow/example_dags/example_branch_python_dop_operator_3.py for tasks to queue
[2025-06-21T20:29:43.237+0000] {logging_mixin.py:188} INFO - [2025-06-21T20:29:43.237+0000] {dagbag.py:538} INFO - Filling up the DagBag from /home/airflow/.local/lib/python3.10/site-packages/airflow/example_dags/example_branch_python_dop_operator_3.py
[2025-06-21T20:29:43.243+0000] {processor.py:840} INFO - DAG(s) 'example_branch_dop_operator_v3' retrieved from /home/airflow/.local/lib/python3.10/site-packages/airflow/example_dags/example_branch_python_dop_operator_3.py
[2025-06-21T20:29:43.253+0000] {logging_mixin.py:188} INFO - [2025-06-21T20:29:43.253+0000] {dag.py:3036} INFO - Sync 1 DAGs
[2025-06-21T20:29:43.264+0000] {logging_mixin.py:188} INFO - [2025-06-21T20:29:43.264+0000] {dag.py:3823} INFO - Setting next_dagrun for example_branch_dop_operator_v3 to 2025-06-21 20:28:00+00:00, run_after=2025-06-21 20:29:00+00:00
[2025-06-21T20:29:43.274+0000] {processor.py:183} INFO - Processing /home/airflow/.local/lib/python3.10/site-packages/airflow/example_dags/example_branch_python_dop_operator_3.py took 0.044 seconds
[2025-06-21T20:30:13.890+0000] {processor.py:161} INFO - Started process (PID=754) to work on /home/airflow/.local/lib/python3.10/site-packages/airflow/example_dags/example_branch_python_dop_operator_3.py
[2025-06-21T20:30:13.892+0000] {processor.py:830} INFO - Processing file /home/airflow/.local/lib/python3.10/site-packages/airflow/example_dags/example_branch_python_dop_operator_3.py for tasks to queue
[2025-06-21T20:30:13.893+0000] {logging_mixin.py:188} INFO - [2025-06-21T20:30:13.893+0000] {dagbag.py:538} INFO - Filling up the DagBag from /home/airflow/.local/lib/python3.10/site-packages/airflow/example_dags/example_branch_python_dop_operator_3.py
[2025-06-21T20:30:13.898+0000] {processor.py:840} INFO - DAG(s) 'example_branch_dop_operator_v3' retrieved from /home/airflow/.local/lib/python3.10/site-packages/airflow/example_dags/example_branch_python_dop_operator_3.py
[2025-06-21T20:30:13.912+0000] {logging_mixin.py:188} INFO - [2025-06-21T20:30:13.912+0000] {dag.py:3036} INFO - Sync 1 DAGs
[2025-06-21T20:30:13.924+0000] {logging_mixin.py:188} INFO - [2025-06-21T20:30:13.924+0000] {dag.py:3823} INFO - Setting next_dagrun for example_branch_dop_operator_v3 to 2025-06-21 20:29:00+00:00, run_after=2025-06-21 20:30:00+00:00
[2025-06-21T20:30:13.933+0000] {processor.py:183} INFO - Processing /home/airflow/.local/lib/python3.10/site-packages/airflow/example_dags/example_branch_python_dop_operator_3.py took 0.045 seconds
[2025-06-21T20:30:44.568+0000] {processor.py:161} INFO - Started process (PID=809) to work on /home/airflow/.local/lib/python3.10/site-packages/airflow/example_dags/example_branch_python_dop_operator_3.py
[2025-06-21T20:30:44.572+0000] {processor.py:830} INFO - Processing file /home/airflow/.local/lib/python3.10/site-packages/airflow/example_dags/example_branch_python_dop_operator_3.py for tasks to queue
[2025-06-21T20:30:44.573+0000] {logging_mixin.py:188} INFO - [2025-06-21T20:30:44.573+0000] {dagbag.py:538} INFO - Filling up the DagBag from /home/airflow/.local/lib/python3.10/site-packages/airflow/example_dags/example_branch_python_dop_operator_3.py
[2025-06-21T20:30:44.579+0000] {processor.py:840} INFO - DAG(s) 'example_branch_dop_operator_v3' retrieved from /home/airflow/.local/lib/python3.10/site-packages/airflow/example_dags/example_branch_python_dop_operator_3.py
[2025-06-21T20:30:44.589+0000] {logging_mixin.py:188} INFO - [2025-06-21T20:30:44.589+0000] {dag.py:3036} INFO - Sync 1 DAGs
[2025-06-21T20:30:44.601+0000] {logging_mixin.py:188} INFO - [2025-06-21T20:30:44.601+0000] {dag.py:3823} INFO - Setting next_dagrun for example_branch_dop_operator_v3 to 2025-06-21 20:29:00+00:00, run_after=2025-06-21 20:30:00+00:00
[2025-06-21T20:30:44.609+0000] {processor.py:183} INFO - Processing /home/airflow/.local/lib/python3.10/site-packages/airflow/example_dags/example_branch_python_dop_operator_3.py took 0.042 seconds
[2025-06-21T20:31:15.186+0000] {processor.py:161} INFO - Started process (PID=864) to work on /home/airflow/.local/lib/python3.10/site-packages/airflow/example_dags/example_branch_python_dop_operator_3.py
[2025-06-21T20:31:15.187+0000] {processor.py:830} INFO - Processing file /home/airflow/.local/lib/python3.10/site-packages/airflow/example_dags/example_branch_python_dop_operator_3.py for tasks to queue
[2025-06-21T20:31:15.188+0000] {logging_mixin.py:188} INFO - [2025-06-21T20:31:15.188+0000] {dagbag.py:538} INFO - Filling up the DagBag from /home/airflow/.local/lib/python3.10/site-packages/airflow/example_dags/example_branch_python_dop_operator_3.py
[2025-06-21T20:31:15.192+0000] {processor.py:840} INFO - DAG(s) 'example_branch_dop_operator_v3' retrieved from /home/airflow/.local/lib/python3.10/site-packages/airflow/example_dags/example_branch_python_dop_operator_3.py
[2025-06-21T20:31:15.202+0000] {logging_mixin.py:188} INFO - [2025-06-21T20:31:15.202+0000] {dag.py:3036} INFO - Sync 1 DAGs
[2025-06-21T20:31:15.214+0000] {logging_mixin.py:188} INFO - [2025-06-21T20:31:15.214+0000] {dag.py:3823} INFO - Setting next_dagrun for example_branch_dop_operator_v3 to 2025-06-21 20:30:00+00:00, run_after=2025-06-21 20:31:00+00:00
[2025-06-21T20:31:15.221+0000] {processor.py:183} INFO - Processing /home/airflow/.local/lib/python3.10/site-packages/airflow/example_dags/example_branch_python_dop_operator_3.py took 0.036 seconds
[2025-06-21T20:32:17.652+0000] {processor.py:161} INFO - Started process (PID=36) to work on /home/airflow/.local/lib/python3.10/site-packages/airflow/example_dags/example_branch_python_dop_operator_3.py
[2025-06-21T20:32:17.653+0000] {processor.py:830} INFO - Processing file /home/airflow/.local/lib/python3.10/site-packages/airflow/example_dags/example_branch_python_dop_operator_3.py for tasks to queue
[2025-06-21T20:32:17.655+0000] {logging_mixin.py:188} INFO - [2025-06-21T20:32:17.655+0000] {dagbag.py:538} INFO - Filling up the DagBag from /home/airflow/.local/lib/python3.10/site-packages/airflow/example_dags/example_branch_python_dop_operator_3.py
[2025-06-21T20:32:17.661+0000] {processor.py:840} INFO - DAG(s) 'example_branch_dop_operator_v3' retrieved from /home/airflow/.local/lib/python3.10/site-packages/airflow/example_dags/example_branch_python_dop_operator_3.py
[2025-06-21T20:32:17.673+0000] {logging_mixin.py:188} INFO - [2025-06-21T20:32:17.673+0000] {dag.py:3036} INFO - Sync 1 DAGs
[2025-06-21T20:32:17.696+0000] {logging_mixin.py:188} INFO - [2025-06-21T20:32:17.696+0000] {dag.py:3823} INFO - Setting next_dagrun for example_branch_dop_operator_v3 to 2025-06-21 20:31:00+00:00, run_after=2025-06-21 20:32:00+00:00
[2025-06-21T20:32:17.716+0000] {processor.py:183} INFO - Processing /home/airflow/.local/lib/python3.10/site-packages/airflow/example_dags/example_branch_python_dop_operator_3.py took 0.067 seconds
[2025-06-21T20:32:47.848+0000] {processor.py:161} INFO - Started process (PID=91) to work on /home/airflow/.local/lib/python3.10/site-packages/airflow/example_dags/example_branch_python_dop_operator_3.py
[2025-06-21T20:32:47.849+0000] {processor.py:830} INFO - Processing file /home/airflow/.local/lib/python3.10/site-packages/airflow/example_dags/example_branch_python_dop_operator_3.py for tasks to queue
[2025-06-21T20:32:47.850+0000] {logging_mixin.py:188} INFO - [2025-06-21T20:32:47.850+0000] {dagbag.py:538} INFO - Filling up the DagBag from /home/airflow/.local/lib/python3.10/site-packages/airflow/example_dags/example_branch_python_dop_operator_3.py
[2025-06-21T20:32:47.858+0000] {processor.py:840} INFO - DAG(s) 'example_branch_dop_operator_v3' retrieved from /home/airflow/.local/lib/python3.10/site-packages/airflow/example_dags/example_branch_python_dop_operator_3.py
[2025-06-21T20:32:47.915+0000] {logging_mixin.py:188} INFO - [2025-06-21T20:32:47.915+0000] {dag.py:3036} INFO - Sync 1 DAGs
[2025-06-21T20:32:47.926+0000] {logging_mixin.py:188} INFO - [2025-06-21T20:32:47.925+0000] {dag.py:3823} INFO - Setting next_dagrun for example_branch_dop_operator_v3 to 2025-06-21 20:31:00+00:00, run_after=2025-06-21 20:32:00+00:00
[2025-06-21T20:32:47.936+0000] {processor.py:183} INFO - Processing /home/airflow/.local/lib/python3.10/site-packages/airflow/example_dags/example_branch_python_dop_operator_3.py took 0.091 seconds
[2025-06-21T20:33:51.625+0000] {processor.py:161} INFO - Started process (PID=35) to work on /home/airflow/.local/lib/python3.10/site-packages/airflow/example_dags/example_branch_python_dop_operator_3.py
[2025-06-21T20:33:51.629+0000] {processor.py:830} INFO - Processing file /home/airflow/.local/lib/python3.10/site-packages/airflow/example_dags/example_branch_python_dop_operator_3.py for tasks to queue
[2025-06-21T20:33:51.635+0000] {logging_mixin.py:188} INFO - [2025-06-21T20:33:51.635+0000] {dagbag.py:538} INFO - Filling up the DagBag from /home/airflow/.local/lib/python3.10/site-packages/airflow/example_dags/example_branch_python_dop_operator_3.py
[2025-06-21T20:33:51.646+0000] {processor.py:840} INFO - DAG(s) 'example_branch_dop_operator_v3' retrieved from /home/airflow/.local/lib/python3.10/site-packages/airflow/example_dags/example_branch_python_dop_operator_3.py
[2025-06-21T20:33:51.659+0000] {logging_mixin.py:188} INFO - [2025-06-21T20:33:51.659+0000] {dag.py:3036} INFO - Sync 1 DAGs
[2025-06-21T20:33:51.680+0000] {logging_mixin.py:188} INFO - [2025-06-21T20:33:51.680+0000] {dag.py:3823} INFO - Setting next_dagrun for example_branch_dop_operator_v3 to 2025-06-21 20:32:00+00:00, run_after=2025-06-21 20:33:00+00:00
[2025-06-21T20:33:51.707+0000] {processor.py:183} INFO - Processing /home/airflow/.local/lib/python3.10/site-packages/airflow/example_dags/example_branch_python_dop_operator_3.py took 0.086 seconds
[2025-06-21T20:34:21.882+0000] {processor.py:161} INFO - Started process (PID=90) to work on /home/airflow/.local/lib/python3.10/site-packages/airflow/example_dags/example_branch_python_dop_operator_3.py
[2025-06-21T20:34:21.887+0000] {processor.py:830} INFO - Processing file /home/airflow/.local/lib/python3.10/site-packages/airflow/example_dags/example_branch_python_dop_operator_3.py for tasks to queue
[2025-06-21T20:34:21.889+0000] {logging_mixin.py:188} INFO - [2025-06-21T20:34:21.889+0000] {dagbag.py:538} INFO - Filling up the DagBag from /home/airflow/.local/lib/python3.10/site-packages/airflow/example_dags/example_branch_python_dop_operator_3.py
[2025-06-21T20:34:21.899+0000] {processor.py:840} INFO - DAG(s) 'example_branch_dop_operator_v3' retrieved from /home/airflow/.local/lib/python3.10/site-packages/airflow/example_dags/example_branch_python_dop_operator_3.py
[2025-06-21T20:34:21.957+0000] {logging_mixin.py:188} INFO - [2025-06-21T20:34:21.957+0000] {dag.py:3036} INFO - Sync 1 DAGs
[2025-06-21T20:34:21.968+0000] {logging_mixin.py:188} INFO - [2025-06-21T20:34:21.968+0000] {dag.py:3823} INFO - Setting next_dagrun for example_branch_dop_operator_v3 to 2025-06-21 20:33:00+00:00, run_after=2025-06-21 20:34:00+00:00
[2025-06-21T20:34:21.983+0000] {processor.py:183} INFO - Processing /home/airflow/.local/lib/python3.10/site-packages/airflow/example_dags/example_branch_python_dop_operator_3.py took 0.103 seconds
[2025-06-21T20:34:52.305+0000] {processor.py:161} INFO - Started process (PID=145) to work on /home/airflow/.local/lib/python3.10/site-packages/airflow/example_dags/example_branch_python_dop_operator_3.py
[2025-06-21T20:34:52.305+0000] {processor.py:830} INFO - Processing file /home/airflow/.local/lib/python3.10/site-packages/airflow/example_dags/example_branch_python_dop_operator_3.py for tasks to queue
[2025-06-21T20:34:52.306+0000] {logging_mixin.py:188} INFO - [2025-06-21T20:34:52.306+0000] {dagbag.py:538} INFO - Filling up the DagBag from /home/airflow/.local/lib/python3.10/site-packages/airflow/example_dags/example_branch_python_dop_operator_3.py
[2025-06-21T20:34:52.312+0000] {processor.py:840} INFO - DAG(s) 'example_branch_dop_operator_v3' retrieved from /home/airflow/.local/lib/python3.10/site-packages/airflow/example_dags/example_branch_python_dop_operator_3.py
[2025-06-21T20:34:52.326+0000] {logging_mixin.py:188} INFO - [2025-06-21T20:34:52.326+0000] {dag.py:3036} INFO - Sync 1 DAGs
[2025-06-21T20:34:52.341+0000] {logging_mixin.py:188} INFO - [2025-06-21T20:34:52.341+0000] {dag.py:3823} INFO - Setting next_dagrun for example_branch_dop_operator_v3 to 2025-06-21 20:33:00+00:00, run_after=2025-06-21 20:34:00+00:00
[2025-06-21T20:34:52.350+0000] {processor.py:183} INFO - Processing /home/airflow/.local/lib/python3.10/site-packages/airflow/example_dags/example_branch_python_dop_operator_3.py took 0.048 seconds
[2025-06-21T20:35:22.592+0000] {processor.py:161} INFO - Started process (PID=200) to work on /home/airflow/.local/lib/python3.10/site-packages/airflow/example_dags/example_branch_python_dop_operator_3.py
[2025-06-21T20:35:22.593+0000] {processor.py:830} INFO - Processing file /home/airflow/.local/lib/python3.10/site-packages/airflow/example_dags/example_branch_python_dop_operator_3.py for tasks to queue
[2025-06-21T20:35:22.594+0000] {logging_mixin.py:188} INFO - [2025-06-21T20:35:22.594+0000] {dagbag.py:538} INFO - Filling up the DagBag from /home/airflow/.local/lib/python3.10/site-packages/airflow/example_dags/example_branch_python_dop_operator_3.py
[2025-06-21T20:35:22.599+0000] {processor.py:840} INFO - DAG(s) 'example_branch_dop_operator_v3' retrieved from /home/airflow/.local/lib/python3.10/site-packages/airflow/example_dags/example_branch_python_dop_operator_3.py
[2025-06-21T20:35:22.611+0000] {logging_mixin.py:188} INFO - [2025-06-21T20:35:22.611+0000] {dag.py:3036} INFO - Sync 1 DAGs
[2025-06-21T20:35:22.626+0000] {logging_mixin.py:188} INFO - [2025-06-21T20:35:22.626+0000] {dag.py:3823} INFO - Setting next_dagrun for example_branch_dop_operator_v3 to 2025-06-21 20:34:00+00:00, run_after=2025-06-21 20:35:00+00:00
[2025-06-21T20:35:22.638+0000] {processor.py:183} INFO - Processing /home/airflow/.local/lib/python3.10/site-packages/airflow/example_dags/example_branch_python_dop_operator_3.py took 0.048 seconds
[2025-06-21T20:35:53.300+0000] {processor.py:161} INFO - Started process (PID=255) to work on /home/airflow/.local/lib/python3.10/site-packages/airflow/example_dags/example_branch_python_dop_operator_3.py
[2025-06-21T20:35:53.302+0000] {processor.py:830} INFO - Processing file /home/airflow/.local/lib/python3.10/site-packages/airflow/example_dags/example_branch_python_dop_operator_3.py for tasks to queue
[2025-06-21T20:35:53.303+0000] {logging_mixin.py:188} INFO - [2025-06-21T20:35:53.302+0000] {dagbag.py:538} INFO - Filling up the DagBag from /home/airflow/.local/lib/python3.10/site-packages/airflow/example_dags/example_branch_python_dop_operator_3.py
[2025-06-21T20:35:53.308+0000] {processor.py:840} INFO - DAG(s) 'example_branch_dop_operator_v3' retrieved from /home/airflow/.local/lib/python3.10/site-packages/airflow/example_dags/example_branch_python_dop_operator_3.py
[2025-06-21T20:35:53.321+0000] {logging_mixin.py:188} INFO - [2025-06-21T20:35:53.321+0000] {dag.py:3036} INFO - Sync 1 DAGs
[2025-06-21T20:35:53.336+0000] {logging_mixin.py:188} INFO - [2025-06-21T20:35:53.336+0000] {dag.py:3823} INFO - Setting next_dagrun for example_branch_dop_operator_v3 to 2025-06-21 20:34:00+00:00, run_after=2025-06-21 20:35:00+00:00
[2025-06-21T20:35:53.348+0000] {processor.py:183} INFO - Processing /home/airflow/.local/lib/python3.10/site-packages/airflow/example_dags/example_branch_python_dop_operator_3.py took 0.050 seconds
