[2025-06-21T20:15:02.030+0000] {processor.py:161} INFO - Started process (PID=57) to work on /home/airflow/.local/lib/python3.10/site-packages/airflow/example_dags/example_subdag_operator.py
[2025-06-21T20:15:02.031+0000] {processor.py:830} INFO - Processing file /home/airflow/.local/lib/python3.10/site-packages/airflow/example_dags/example_subdag_operator.py for tasks to queue
[2025-06-21T20:15:02.032+0000] {logging_mixin.py:188} INFO - [2025-06-21T20:15:02.032+0000] {dagbag.py:538} INFO - Filling up the DagBag from /home/airflow/.local/lib/python3.10/site-packages/airflow/example_dags/example_subdag_operator.py
[2025-06-21T20:15:02.047+0000] {processor.py:840} INFO - DAG(s) 'example_subdag_operator.section-1', 'example_subdag_operator.section-2', 'example_subdag_operator' retrieved from /home/airflow/.local/lib/python3.10/site-packages/airflow/example_dags/example_subdag_operator.py
[2025-06-21T20:15:02.049+0000] {logging_mixin.py:188} INFO - [2025-06-21T20:15:02.049+0000] {dag.py:3036} INFO - Sync 3 DAGs
[2025-06-21T20:15:02.060+0000] {logging_mixin.py:188} INFO - [2025-06-21T20:15:02.060+0000] {dag.py:3823} INFO - Setting next_dagrun for example_subdag_operator to 2022-01-01 00:00:00+00:00, run_after=2022-01-01 00:00:00+00:00
[2025-06-21T20:15:02.063+0000] {logging_mixin.py:188} INFO - [2025-06-21T20:15:02.062+0000] {dag.py:3823} INFO - Setting next_dagrun for example_subdag_operator.section-1 to None, run_after=None
[2025-06-21T20:15:02.063+0000] {logging_mixin.py:188} INFO - [2025-06-21T20:15:02.063+0000] {dag.py:3823} INFO - Setting next_dagrun for example_subdag_operator.section-2 to None, run_after=None
[2025-06-21T20:15:02.069+0000] {logging_mixin.py:188} INFO - [2025-06-21T20:15:02.069+0000] {dag.py:3036} INFO - Sync 2 DAGs
[2025-06-21T20:15:02.072+0000] {logging_mixin.py:188} INFO - [2025-06-21T20:15:02.072+0000] {dag.py:3823} INFO - Setting next_dagrun for example_subdag_operator.section-1 to None, run_after=None
[2025-06-21T20:15:02.072+0000] {logging_mixin.py:188} INFO - [2025-06-21T20:15:02.072+0000] {dag.py:3823} INFO - Setting next_dagrun for example_subdag_operator.section-2 to None, run_after=None
[2025-06-21T20:15:02.078+0000] {processor.py:183} INFO - Processing /home/airflow/.local/lib/python3.10/site-packages/airflow/example_dags/example_subdag_operator.py took 0.050 seconds
[2025-06-21T20:15:33.011+0000] {processor.py:161} INFO - Started process (PID=112) to work on /home/airflow/.local/lib/python3.10/site-packages/airflow/example_dags/example_subdag_operator.py
[2025-06-21T20:15:33.013+0000] {processor.py:830} INFO - Processing file /home/airflow/.local/lib/python3.10/site-packages/airflow/example_dags/example_subdag_operator.py for tasks to queue
[2025-06-21T20:15:33.014+0000] {logging_mixin.py:188} INFO - [2025-06-21T20:15:33.014+0000] {dagbag.py:538} INFO - Filling up the DagBag from /home/airflow/.local/lib/python3.10/site-packages/airflow/example_dags/example_subdag_operator.py
[2025-06-21T20:15:33.028+0000] {processor.py:840} INFO - DAG(s) 'example_subdag_operator.section-1', 'example_subdag_operator.section-2', 'example_subdag_operator' retrieved from /home/airflow/.local/lib/python3.10/site-packages/airflow/example_dags/example_subdag_operator.py
[2025-06-21T20:15:33.071+0000] {logging_mixin.py:188} INFO - [2025-06-21T20:15:33.071+0000] {dag.py:3036} INFO - Sync 3 DAGs
[2025-06-21T20:15:33.082+0000] {logging_mixin.py:188} INFO - [2025-06-21T20:15:33.081+0000] {dag.py:3823} INFO - Setting next_dagrun for example_subdag_operator to 2022-01-01 00:00:00+00:00, run_after=2022-01-01 00:00:00+00:00
[2025-06-21T20:15:33.087+0000] {logging_mixin.py:188} INFO - [2025-06-21T20:15:33.087+0000] {dag.py:3823} INFO - Setting next_dagrun for example_subdag_operator.section-1 to None, run_after=None
[2025-06-21T20:15:33.087+0000] {logging_mixin.py:188} INFO - [2025-06-21T20:15:33.087+0000] {dag.py:3823} INFO - Setting next_dagrun for example_subdag_operator.section-2 to None, run_after=None
[2025-06-21T20:15:33.094+0000] {logging_mixin.py:188} INFO - [2025-06-21T20:15:33.094+0000] {dag.py:3036} INFO - Sync 2 DAGs
[2025-06-21T20:15:33.100+0000] {logging_mixin.py:188} INFO - [2025-06-21T20:15:33.100+0000] {dag.py:3823} INFO - Setting next_dagrun for example_subdag_operator.section-1 to None, run_after=None
[2025-06-21T20:15:33.102+0000] {logging_mixin.py:188} INFO - [2025-06-21T20:15:33.102+0000] {dag.py:3823} INFO - Setting next_dagrun for example_subdag_operator.section-2 to None, run_after=None
[2025-06-21T20:15:33.111+0000] {processor.py:183} INFO - Processing /home/airflow/.local/lib/python3.10/site-packages/airflow/example_dags/example_subdag_operator.py took 0.101 seconds
[2025-06-21T20:16:03.562+0000] {processor.py:161} INFO - Started process (PID=167) to work on /home/airflow/.local/lib/python3.10/site-packages/airflow/example_dags/example_subdag_operator.py
[2025-06-21T20:16:03.565+0000] {processor.py:830} INFO - Processing file /home/airflow/.local/lib/python3.10/site-packages/airflow/example_dags/example_subdag_operator.py for tasks to queue
[2025-06-21T20:16:03.569+0000] {logging_mixin.py:188} INFO - [2025-06-21T20:16:03.569+0000] {dagbag.py:538} INFO - Filling up the DagBag from /home/airflow/.local/lib/python3.10/site-packages/airflow/example_dags/example_subdag_operator.py
[2025-06-21T20:16:03.600+0000] {processor.py:840} INFO - DAG(s) 'example_subdag_operator.section-1', 'example_subdag_operator.section-2', 'example_subdag_operator' retrieved from /home/airflow/.local/lib/python3.10/site-packages/airflow/example_dags/example_subdag_operator.py
[2025-06-21T20:16:03.611+0000] {logging_mixin.py:188} INFO - [2025-06-21T20:16:03.611+0000] {dag.py:3036} INFO - Sync 3 DAGs
[2025-06-21T20:16:03.626+0000] {logging_mixin.py:188} INFO - [2025-06-21T20:16:03.626+0000] {dag.py:3823} INFO - Setting next_dagrun for example_subdag_operator to 2022-01-01 00:00:00+00:00, run_after=2022-01-01 00:00:00+00:00
[2025-06-21T20:16:03.630+0000] {logging_mixin.py:188} INFO - [2025-06-21T20:16:03.630+0000] {dag.py:3823} INFO - Setting next_dagrun for example_subdag_operator.section-1 to None, run_after=None
[2025-06-21T20:16:03.634+0000] {logging_mixin.py:188} INFO - [2025-06-21T20:16:03.634+0000] {dag.py:3823} INFO - Setting next_dagrun for example_subdag_operator.section-2 to None, run_after=None
[2025-06-21T20:16:03.645+0000] {logging_mixin.py:188} INFO - [2025-06-21T20:16:03.645+0000] {dag.py:3036} INFO - Sync 2 DAGs
[2025-06-21T20:16:03.649+0000] {logging_mixin.py:188} INFO - [2025-06-21T20:16:03.649+0000] {dag.py:3823} INFO - Setting next_dagrun for example_subdag_operator.section-1 to None, run_after=None
[2025-06-21T20:16:03.649+0000] {logging_mixin.py:188} INFO - [2025-06-21T20:16:03.649+0000] {dag.py:3823} INFO - Setting next_dagrun for example_subdag_operator.section-2 to None, run_after=None
[2025-06-21T20:16:03.667+0000] {processor.py:183} INFO - Processing /home/airflow/.local/lib/python3.10/site-packages/airflow/example_dags/example_subdag_operator.py took 0.108 seconds
[2025-06-21T20:16:33.700+0000] {processor.py:161} INFO - Started process (PID=221) to work on /home/airflow/.local/lib/python3.10/site-packages/airflow/example_dags/example_subdag_operator.py
[2025-06-21T20:16:33.701+0000] {processor.py:830} INFO - Processing file /home/airflow/.local/lib/python3.10/site-packages/airflow/example_dags/example_subdag_operator.py for tasks to queue
[2025-06-21T20:16:33.702+0000] {logging_mixin.py:188} INFO - [2025-06-21T20:16:33.701+0000] {dagbag.py:538} INFO - Filling up the DagBag from /home/airflow/.local/lib/python3.10/site-packages/airflow/example_dags/example_subdag_operator.py
[2025-06-21T20:16:33.717+0000] {processor.py:840} INFO - DAG(s) 'example_subdag_operator.section-1', 'example_subdag_operator.section-2', 'example_subdag_operator' retrieved from /home/airflow/.local/lib/python3.10/site-packages/airflow/example_dags/example_subdag_operator.py
[2025-06-21T20:16:33.727+0000] {logging_mixin.py:188} INFO - [2025-06-21T20:16:33.727+0000] {dag.py:3036} INFO - Sync 3 DAGs
[2025-06-21T20:16:33.743+0000] {logging_mixin.py:188} INFO - [2025-06-21T20:16:33.743+0000] {dag.py:3823} INFO - Setting next_dagrun for example_subdag_operator to 2022-01-01 00:00:00+00:00, run_after=2022-01-01 00:00:00+00:00
[2025-06-21T20:16:33.747+0000] {logging_mixin.py:188} INFO - [2025-06-21T20:16:33.747+0000] {dag.py:3823} INFO - Setting next_dagrun for example_subdag_operator.section-1 to None, run_after=None
[2025-06-21T20:16:33.747+0000] {logging_mixin.py:188} INFO - [2025-06-21T20:16:33.747+0000] {dag.py:3823} INFO - Setting next_dagrun for example_subdag_operator.section-2 to None, run_after=None
[2025-06-21T20:16:33.751+0000] {logging_mixin.py:188} INFO - [2025-06-21T20:16:33.751+0000] {dag.py:3036} INFO - Sync 2 DAGs
[2025-06-21T20:16:33.753+0000] {logging_mixin.py:188} INFO - [2025-06-21T20:16:33.753+0000] {dag.py:3823} INFO - Setting next_dagrun for example_subdag_operator.section-1 to None, run_after=None
[2025-06-21T20:16:33.753+0000] {logging_mixin.py:188} INFO - [2025-06-21T20:16:33.753+0000] {dag.py:3823} INFO - Setting next_dagrun for example_subdag_operator.section-2 to None, run_after=None
[2025-06-21T20:16:33.758+0000] {processor.py:183} INFO - Processing /home/airflow/.local/lib/python3.10/site-packages/airflow/example_dags/example_subdag_operator.py took 0.062 seconds
[2025-06-21T20:17:04.045+0000] {processor.py:161} INFO - Started process (PID=276) to work on /home/airflow/.local/lib/python3.10/site-packages/airflow/example_dags/example_subdag_operator.py
[2025-06-21T20:17:04.046+0000] {processor.py:830} INFO - Processing file /home/airflow/.local/lib/python3.10/site-packages/airflow/example_dags/example_subdag_operator.py for tasks to queue
[2025-06-21T20:17:04.047+0000] {logging_mixin.py:188} INFO - [2025-06-21T20:17:04.047+0000] {dagbag.py:538} INFO - Filling up the DagBag from /home/airflow/.local/lib/python3.10/site-packages/airflow/example_dags/example_subdag_operator.py
[2025-06-21T20:17:04.059+0000] {processor.py:840} INFO - DAG(s) 'example_subdag_operator.section-1', 'example_subdag_operator.section-2', 'example_subdag_operator' retrieved from /home/airflow/.local/lib/python3.10/site-packages/airflow/example_dags/example_subdag_operator.py
[2025-06-21T20:17:04.067+0000] {logging_mixin.py:188} INFO - [2025-06-21T20:17:04.067+0000] {dag.py:3036} INFO - Sync 3 DAGs
[2025-06-21T20:17:04.078+0000] {logging_mixin.py:188} INFO - [2025-06-21T20:17:04.078+0000] {dag.py:3823} INFO - Setting next_dagrun for example_subdag_operator to 2022-01-01 00:00:00+00:00, run_after=2022-01-01 00:00:00+00:00
[2025-06-21T20:17:04.080+0000] {logging_mixin.py:188} INFO - [2025-06-21T20:17:04.080+0000] {dag.py:3823} INFO - Setting next_dagrun for example_subdag_operator.section-1 to None, run_after=None
[2025-06-21T20:17:04.080+0000] {logging_mixin.py:188} INFO - [2025-06-21T20:17:04.080+0000] {dag.py:3823} INFO - Setting next_dagrun for example_subdag_operator.section-2 to None, run_after=None
[2025-06-21T20:17:04.088+0000] {logging_mixin.py:188} INFO - [2025-06-21T20:17:04.088+0000] {dag.py:3036} INFO - Sync 2 DAGs
[2025-06-21T20:17:04.090+0000] {logging_mixin.py:188} INFO - [2025-06-21T20:17:04.090+0000] {dag.py:3823} INFO - Setting next_dagrun for example_subdag_operator.section-1 to None, run_after=None
[2025-06-21T20:17:04.091+0000] {logging_mixin.py:188} INFO - [2025-06-21T20:17:04.091+0000] {dag.py:3823} INFO - Setting next_dagrun for example_subdag_operator.section-2 to None, run_after=None
[2025-06-21T20:17:04.100+0000] {processor.py:183} INFO - Processing /home/airflow/.local/lib/python3.10/site-packages/airflow/example_dags/example_subdag_operator.py took 0.057 seconds
[2025-06-21T20:17:34.941+0000] {processor.py:161} INFO - Started process (PID=337) to work on /home/airflow/.local/lib/python3.10/site-packages/airflow/example_dags/example_subdag_operator.py
[2025-06-21T20:17:34.942+0000] {processor.py:830} INFO - Processing file /home/airflow/.local/lib/python3.10/site-packages/airflow/example_dags/example_subdag_operator.py for tasks to queue
[2025-06-21T20:17:34.943+0000] {logging_mixin.py:188} INFO - [2025-06-21T20:17:34.943+0000] {dagbag.py:538} INFO - Filling up the DagBag from /home/airflow/.local/lib/python3.10/site-packages/airflow/example_dags/example_subdag_operator.py
[2025-06-21T20:17:34.958+0000] {processor.py:840} INFO - DAG(s) 'example_subdag_operator.section-1', 'example_subdag_operator.section-2', 'example_subdag_operator' retrieved from /home/airflow/.local/lib/python3.10/site-packages/airflow/example_dags/example_subdag_operator.py
[2025-06-21T20:17:34.967+0000] {logging_mixin.py:188} INFO - [2025-06-21T20:17:34.967+0000] {dag.py:3036} INFO - Sync 3 DAGs
[2025-06-21T20:17:34.981+0000] {logging_mixin.py:188} INFO - [2025-06-21T20:17:34.981+0000] {dag.py:3823} INFO - Setting next_dagrun for example_subdag_operator to 2022-01-01 00:00:00+00:00, run_after=2022-01-01 00:00:00+00:00
[2025-06-21T20:17:34.983+0000] {logging_mixin.py:188} INFO - [2025-06-21T20:17:34.983+0000] {dag.py:3823} INFO - Setting next_dagrun for example_subdag_operator.section-1 to None, run_after=None
[2025-06-21T20:17:34.983+0000] {logging_mixin.py:188} INFO - [2025-06-21T20:17:34.983+0000] {dag.py:3823} INFO - Setting next_dagrun for example_subdag_operator.section-2 to None, run_after=None
[2025-06-21T20:17:34.988+0000] {logging_mixin.py:188} INFO - [2025-06-21T20:17:34.988+0000] {dag.py:3036} INFO - Sync 2 DAGs
[2025-06-21T20:17:34.991+0000] {logging_mixin.py:188} INFO - [2025-06-21T20:17:34.991+0000] {dag.py:3823} INFO - Setting next_dagrun for example_subdag_operator.section-1 to None, run_after=None
[2025-06-21T20:17:34.992+0000] {logging_mixin.py:188} INFO - [2025-06-21T20:17:34.992+0000] {dag.py:3823} INFO - Setting next_dagrun for example_subdag_operator.section-2 to None, run_after=None
[2025-06-21T20:17:35.000+0000] {processor.py:183} INFO - Processing /home/airflow/.local/lib/python3.10/site-packages/airflow/example_dags/example_subdag_operator.py took 0.061 seconds
[2025-06-21T20:18:05.091+0000] {processor.py:161} INFO - Started process (PID=391) to work on /home/airflow/.local/lib/python3.10/site-packages/airflow/example_dags/example_subdag_operator.py
[2025-06-21T20:18:05.092+0000] {processor.py:830} INFO - Processing file /home/airflow/.local/lib/python3.10/site-packages/airflow/example_dags/example_subdag_operator.py for tasks to queue
[2025-06-21T20:18:05.093+0000] {logging_mixin.py:188} INFO - [2025-06-21T20:18:05.093+0000] {dagbag.py:538} INFO - Filling up the DagBag from /home/airflow/.local/lib/python3.10/site-packages/airflow/example_dags/example_subdag_operator.py
[2025-06-21T20:18:05.110+0000] {processor.py:840} INFO - DAG(s) 'example_subdag_operator.section-1', 'example_subdag_operator.section-2', 'example_subdag_operator' retrieved from /home/airflow/.local/lib/python3.10/site-packages/airflow/example_dags/example_subdag_operator.py
[2025-06-21T20:18:05.120+0000] {logging_mixin.py:188} INFO - [2025-06-21T20:18:05.120+0000] {dag.py:3036} INFO - Sync 3 DAGs
[2025-06-21T20:18:05.132+0000] {logging_mixin.py:188} INFO - [2025-06-21T20:18:05.132+0000] {dag.py:3823} INFO - Setting next_dagrun for example_subdag_operator to 2022-01-01 00:00:00+00:00, run_after=2022-01-01 00:00:00+00:00
[2025-06-21T20:18:05.134+0000] {logging_mixin.py:188} INFO - [2025-06-21T20:18:05.134+0000] {dag.py:3823} INFO - Setting next_dagrun for example_subdag_operator.section-1 to None, run_after=None
[2025-06-21T20:18:05.137+0000] {logging_mixin.py:188} INFO - [2025-06-21T20:18:05.137+0000] {dag.py:3823} INFO - Setting next_dagrun for example_subdag_operator.section-2 to None, run_after=None
[2025-06-21T20:18:05.141+0000] {logging_mixin.py:188} INFO - [2025-06-21T20:18:05.141+0000] {dag.py:3036} INFO - Sync 2 DAGs
[2025-06-21T20:18:05.144+0000] {logging_mixin.py:188} INFO - [2025-06-21T20:18:05.144+0000] {dag.py:3823} INFO - Setting next_dagrun for example_subdag_operator.section-1 to None, run_after=None
[2025-06-21T20:18:05.144+0000] {logging_mixin.py:188} INFO - [2025-06-21T20:18:05.144+0000] {dag.py:3823} INFO - Setting next_dagrun for example_subdag_operator.section-2 to None, run_after=None
[2025-06-21T20:18:05.149+0000] {processor.py:183} INFO - Processing /home/airflow/.local/lib/python3.10/site-packages/airflow/example_dags/example_subdag_operator.py took 0.060 seconds
[2025-06-21T20:18:35.670+0000] {processor.py:161} INFO - Started process (PID=446) to work on /home/airflow/.local/lib/python3.10/site-packages/airflow/example_dags/example_subdag_operator.py
[2025-06-21T20:18:35.671+0000] {processor.py:830} INFO - Processing file /home/airflow/.local/lib/python3.10/site-packages/airflow/example_dags/example_subdag_operator.py for tasks to queue
[2025-06-21T20:18:35.673+0000] {logging_mixin.py:188} INFO - [2025-06-21T20:18:35.673+0000] {dagbag.py:538} INFO - Filling up the DagBag from /home/airflow/.local/lib/python3.10/site-packages/airflow/example_dags/example_subdag_operator.py
[2025-06-21T20:18:35.685+0000] {processor.py:840} INFO - DAG(s) 'example_subdag_operator.section-1', 'example_subdag_operator.section-2', 'example_subdag_operator' retrieved from /home/airflow/.local/lib/python3.10/site-packages/airflow/example_dags/example_subdag_operator.py
[2025-06-21T20:18:35.688+0000] {logging_mixin.py:188} INFO - [2025-06-21T20:18:35.688+0000] {dag.py:3036} INFO - Sync 3 DAGs
[2025-06-21T20:18:35.699+0000] {logging_mixin.py:188} INFO - [2025-06-21T20:18:35.698+0000] {dag.py:3823} INFO - Setting next_dagrun for example_subdag_operator to 2022-01-01 00:00:00+00:00, run_after=2022-01-01 00:00:00+00:00
[2025-06-21T20:18:35.701+0000] {logging_mixin.py:188} INFO - [2025-06-21T20:18:35.701+0000] {dag.py:3823} INFO - Setting next_dagrun for example_subdag_operator.section-1 to None, run_after=None
[2025-06-21T20:18:35.702+0000] {logging_mixin.py:188} INFO - [2025-06-21T20:18:35.702+0000] {dag.py:3823} INFO - Setting next_dagrun for example_subdag_operator.section-2 to None, run_after=None
[2025-06-21T20:18:35.705+0000] {logging_mixin.py:188} INFO - [2025-06-21T20:18:35.705+0000] {dag.py:3036} INFO - Sync 2 DAGs
[2025-06-21T20:18:35.707+0000] {logging_mixin.py:188} INFO - [2025-06-21T20:18:35.707+0000] {dag.py:3823} INFO - Setting next_dagrun for example_subdag_operator.section-1 to None, run_after=None
[2025-06-21T20:18:35.707+0000] {logging_mixin.py:188} INFO - [2025-06-21T20:18:35.707+0000] {dag.py:3823} INFO - Setting next_dagrun for example_subdag_operator.section-2 to None, run_after=None
[2025-06-21T20:18:35.712+0000] {processor.py:183} INFO - Processing /home/airflow/.local/lib/python3.10/site-packages/airflow/example_dags/example_subdag_operator.py took 0.043 seconds
