[2025-06-21T20:15:01.054+0000] {processor.py:161} INFO - Started process (PID=28) to work on /home/airflow/.local/lib/python3.10/site-packages/airflow/example_dags/example_setup_teardown.py
[2025-06-21T20:15:01.055+0000] {processor.py:830} INFO - Processing file /home/airflow/.local/lib/python3.10/site-packages/airflow/example_dags/example_setup_teardown.py for tasks to queue
[2025-06-21T20:15:01.056+0000] {logging_mixin.py:188} INFO - [2025-06-21T20:15:01.056+0000] {dagbag.py:538} INFO - Filling up the DagBag from /home/airflow/.local/lib/python3.10/site-packages/airflow/example_dags/example_setup_teardown.py
[2025-06-21T20:15:01.071+0000] {processor.py:840} INFO - DAG(s) 'example_setup_teardown' retrieved from /home/airflow/.local/lib/python3.10/site-packages/airflow/example_dags/example_setup_teardown.py
[2025-06-21T20:15:01.092+0000] {logging_mixin.py:188} INFO - [2025-06-21T20:15:01.092+0000] {dag.py:3036} INFO - Sync 1 DAGs
[2025-06-21T20:15:01.102+0000] {logging_mixin.py:188} INFO - [2025-06-21T20:15:01.102+0000] {dag.py:3823} INFO - Setting next_dagrun for example_setup_teardown to 2025-06-20 00:00:00+00:00, run_after=2025-06-21 00:00:00+00:00
[2025-06-21T20:15:01.110+0000] {processor.py:183} INFO - Processing /home/airflow/.local/lib/python3.10/site-packages/airflow/example_dags/example_setup_teardown.py took 0.058 seconds
[2025-06-21T20:15:31.597+0000] {processor.py:161} INFO - Started process (PID=83) to work on /home/airflow/.local/lib/python3.10/site-packages/airflow/example_dags/example_setup_teardown.py
[2025-06-21T20:15:31.597+0000] {processor.py:830} INFO - Processing file /home/airflow/.local/lib/python3.10/site-packages/airflow/example_dags/example_setup_teardown.py for tasks to queue
[2025-06-21T20:15:31.599+0000] {logging_mixin.py:188} INFO - [2025-06-21T20:15:31.599+0000] {dagbag.py:538} INFO - Filling up the DagBag from /home/airflow/.local/lib/python3.10/site-packages/airflow/example_dags/example_setup_teardown.py
[2025-06-21T20:15:31.608+0000] {processor.py:840} INFO - DAG(s) 'example_setup_teardown' retrieved from /home/airflow/.local/lib/python3.10/site-packages/airflow/example_dags/example_setup_teardown.py
[2025-06-21T20:15:31.720+0000] {logging_mixin.py:188} INFO - [2025-06-21T20:15:31.720+0000] {dag.py:3036} INFO - Sync 1 DAGs
[2025-06-21T20:15:31.728+0000] {logging_mixin.py:188} INFO - [2025-06-21T20:15:31.728+0000] {dag.py:3823} INFO - Setting next_dagrun for example_setup_teardown to 2025-06-20 00:00:00+00:00, run_after=2025-06-21 00:00:00+00:00
[2025-06-21T20:15:31.739+0000] {processor.py:183} INFO - Processing /home/airflow/.local/lib/python3.10/site-packages/airflow/example_dags/example_setup_teardown.py took 0.144 seconds
[2025-06-21T20:16:02.009+0000] {processor.py:161} INFO - Started process (PID=138) to work on /home/airflow/.local/lib/python3.10/site-packages/airflow/example_dags/example_setup_teardown.py
[2025-06-21T20:16:02.011+0000] {processor.py:830} INFO - Processing file /home/airflow/.local/lib/python3.10/site-packages/airflow/example_dags/example_setup_teardown.py for tasks to queue
[2025-06-21T20:16:02.014+0000] {logging_mixin.py:188} INFO - [2025-06-21T20:16:02.014+0000] {dagbag.py:538} INFO - Filling up the DagBag from /home/airflow/.local/lib/python3.10/site-packages/airflow/example_dags/example_setup_teardown.py
[2025-06-21T20:16:02.024+0000] {processor.py:840} INFO - DAG(s) 'example_setup_teardown' retrieved from /home/airflow/.local/lib/python3.10/site-packages/airflow/example_dags/example_setup_teardown.py
[2025-06-21T20:16:02.052+0000] {logging_mixin.py:188} INFO - [2025-06-21T20:16:02.052+0000] {dag.py:3036} INFO - Sync 1 DAGs
[2025-06-21T20:16:02.078+0000] {logging_mixin.py:188} INFO - [2025-06-21T20:16:02.078+0000] {dag.py:3823} INFO - Setting next_dagrun for example_setup_teardown to 2025-06-20 00:00:00+00:00, run_after=2025-06-21 00:00:00+00:00
[2025-06-21T20:16:02.111+0000] {processor.py:183} INFO - Processing /home/airflow/.local/lib/python3.10/site-packages/airflow/example_dags/example_setup_teardown.py took 0.108 seconds
[2025-06-21T20:16:32.621+0000] {processor.py:161} INFO - Started process (PID=192) to work on /home/airflow/.local/lib/python3.10/site-packages/airflow/example_dags/example_setup_teardown.py
[2025-06-21T20:16:32.623+0000] {processor.py:830} INFO - Processing file /home/airflow/.local/lib/python3.10/site-packages/airflow/example_dags/example_setup_teardown.py for tasks to queue
[2025-06-21T20:16:32.626+0000] {logging_mixin.py:188} INFO - [2025-06-21T20:16:32.625+0000] {dagbag.py:538} INFO - Filling up the DagBag from /home/airflow/.local/lib/python3.10/site-packages/airflow/example_dags/example_setup_teardown.py
[2025-06-21T20:16:32.636+0000] {processor.py:840} INFO - DAG(s) 'example_setup_teardown' retrieved from /home/airflow/.local/lib/python3.10/site-packages/airflow/example_dags/example_setup_teardown.py
[2025-06-21T20:16:32.659+0000] {logging_mixin.py:188} INFO - [2025-06-21T20:16:32.659+0000] {dag.py:3036} INFO - Sync 1 DAGs
[2025-06-21T20:16:32.674+0000] {logging_mixin.py:188} INFO - [2025-06-21T20:16:32.674+0000] {dag.py:3823} INFO - Setting next_dagrun for example_setup_teardown to 2025-06-20 00:00:00+00:00, run_after=2025-06-21 00:00:00+00:00
[2025-06-21T20:16:32.690+0000] {processor.py:183} INFO - Processing /home/airflow/.local/lib/python3.10/site-packages/airflow/example_dags/example_setup_teardown.py took 0.078 seconds
[2025-06-21T20:17:03.213+0000] {processor.py:161} INFO - Started process (PID=247) to work on /home/airflow/.local/lib/python3.10/site-packages/airflow/example_dags/example_setup_teardown.py
[2025-06-21T20:17:03.213+0000] {processor.py:830} INFO - Processing file /home/airflow/.local/lib/python3.10/site-packages/airflow/example_dags/example_setup_teardown.py for tasks to queue
[2025-06-21T20:17:03.215+0000] {logging_mixin.py:188} INFO - [2025-06-21T20:17:03.215+0000] {dagbag.py:538} INFO - Filling up the DagBag from /home/airflow/.local/lib/python3.10/site-packages/airflow/example_dags/example_setup_teardown.py
[2025-06-21T20:17:03.221+0000] {processor.py:840} INFO - DAG(s) 'example_setup_teardown' retrieved from /home/airflow/.local/lib/python3.10/site-packages/airflow/example_dags/example_setup_teardown.py
[2025-06-21T20:17:03.241+0000] {logging_mixin.py:188} INFO - [2025-06-21T20:17:03.240+0000] {dag.py:3036} INFO - Sync 1 DAGs
[2025-06-21T20:17:03.254+0000] {logging_mixin.py:188} INFO - [2025-06-21T20:17:03.254+0000] {dag.py:3823} INFO - Setting next_dagrun for example_setup_teardown to 2025-06-20 00:00:00+00:00, run_after=2025-06-21 00:00:00+00:00
[2025-06-21T20:17:03.268+0000] {processor.py:183} INFO - Processing /home/airflow/.local/lib/python3.10/site-packages/airflow/example_dags/example_setup_teardown.py took 0.058 seconds
[2025-06-21T20:17:33.871+0000] {processor.py:161} INFO - Started process (PID=302) to work on /home/airflow/.local/lib/python3.10/site-packages/airflow/example_dags/example_setup_teardown.py
[2025-06-21T20:17:33.873+0000] {processor.py:830} INFO - Processing file /home/airflow/.local/lib/python3.10/site-packages/airflow/example_dags/example_setup_teardown.py for tasks to queue
[2025-06-21T20:17:33.875+0000] {logging_mixin.py:188} INFO - [2025-06-21T20:17:33.875+0000] {dagbag.py:538} INFO - Filling up the DagBag from /home/airflow/.local/lib/python3.10/site-packages/airflow/example_dags/example_setup_teardown.py
[2025-06-21T20:17:33.883+0000] {processor.py:840} INFO - DAG(s) 'example_setup_teardown' retrieved from /home/airflow/.local/lib/python3.10/site-packages/airflow/example_dags/example_setup_teardown.py
[2025-06-21T20:17:33.908+0000] {logging_mixin.py:188} INFO - [2025-06-21T20:17:33.907+0000] {dag.py:3036} INFO - Sync 1 DAGs
[2025-06-21T20:17:33.922+0000] {logging_mixin.py:188} INFO - [2025-06-21T20:17:33.922+0000] {dag.py:3823} INFO - Setting next_dagrun for example_setup_teardown to 2025-06-20 00:00:00+00:00, run_after=2025-06-21 00:00:00+00:00
[2025-06-21T20:17:33.934+0000] {processor.py:183} INFO - Processing /home/airflow/.local/lib/python3.10/site-packages/airflow/example_dags/example_setup_teardown.py took 0.070 seconds
[2025-06-21T20:18:04.133+0000] {processor.py:161} INFO - Started process (PID=357) to work on /home/airflow/.local/lib/python3.10/site-packages/airflow/example_dags/example_setup_teardown.py
[2025-06-21T20:18:04.134+0000] {processor.py:830} INFO - Processing file /home/airflow/.local/lib/python3.10/site-packages/airflow/example_dags/example_setup_teardown.py for tasks to queue
[2025-06-21T20:18:04.135+0000] {logging_mixin.py:188} INFO - [2025-06-21T20:18:04.135+0000] {dagbag.py:538} INFO - Filling up the DagBag from /home/airflow/.local/lib/python3.10/site-packages/airflow/example_dags/example_setup_teardown.py
[2025-06-21T20:18:04.139+0000] {processor.py:840} INFO - DAG(s) 'example_setup_teardown' retrieved from /home/airflow/.local/lib/python3.10/site-packages/airflow/example_dags/example_setup_teardown.py
[2025-06-21T20:18:04.156+0000] {logging_mixin.py:188} INFO - [2025-06-21T20:18:04.156+0000] {dag.py:3036} INFO - Sync 1 DAGs
[2025-06-21T20:18:04.170+0000] {logging_mixin.py:188} INFO - [2025-06-21T20:18:04.170+0000] {dag.py:3823} INFO - Setting next_dagrun for example_setup_teardown to 2025-06-20 00:00:00+00:00, run_after=2025-06-21 00:00:00+00:00
[2025-06-21T20:18:04.184+0000] {processor.py:183} INFO - Processing /home/airflow/.local/lib/python3.10/site-packages/airflow/example_dags/example_setup_teardown.py took 0.054 seconds
[2025-06-21T20:18:34.940+0000] {processor.py:161} INFO - Started process (PID=417) to work on /home/airflow/.local/lib/python3.10/site-packages/airflow/example_dags/example_setup_teardown.py
[2025-06-21T20:18:34.943+0000] {processor.py:830} INFO - Processing file /home/airflow/.local/lib/python3.10/site-packages/airflow/example_dags/example_setup_teardown.py for tasks to queue
[2025-06-21T20:18:34.945+0000] {logging_mixin.py:188} INFO - [2025-06-21T20:18:34.945+0000] {dagbag.py:538} INFO - Filling up the DagBag from /home/airflow/.local/lib/python3.10/site-packages/airflow/example_dags/example_setup_teardown.py
[2025-06-21T20:18:34.953+0000] {processor.py:840} INFO - DAG(s) 'example_setup_teardown' retrieved from /home/airflow/.local/lib/python3.10/site-packages/airflow/example_dags/example_setup_teardown.py
[2025-06-21T20:18:34.963+0000] {logging_mixin.py:188} INFO - [2025-06-21T20:18:34.963+0000] {dag.py:3036} INFO - Sync 1 DAGs
[2025-06-21T20:18:34.980+0000] {logging_mixin.py:188} INFO - [2025-06-21T20:18:34.979+0000] {dag.py:3823} INFO - Setting next_dagrun for example_setup_teardown to 2025-06-20 00:00:00+00:00, run_after=2025-06-21 00:00:00+00:00
[2025-06-21T20:18:34.990+0000] {processor.py:183} INFO - Processing /home/airflow/.local/lib/python3.10/site-packages/airflow/example_dags/example_setup_teardown.py took 0.054 seconds
