[2025-06-21T20:15:01.788+0000] {processor.py:161} INFO - Started process (PID=51) to work on /home/airflow/.local/lib/python3.10/site-packages/airflow/example_dags/example_local_kubernetes_executor.py
[2025-06-21T20:15:01.789+0000] {processor.py:830} INFO - Processing file /home/airflow/.local/lib/python3.10/site-packages/airflow/example_dags/example_local_kubernetes_executor.py for tasks to queue
[2025-06-21T20:15:01.790+0000] {logging_mixin.py:188} INFO - [2025-06-21T20:15:01.790+0000] {dagbag.py:538} INFO - Filling up the DagBag from /home/airflow/.local/lib/python3.10/site-packages/airflow/example_dags/example_local_kubernetes_executor.py
[2025-06-21T20:15:01.802+0000] {processor.py:840} INFO - DAG(s) 'example_local_kubernetes_executor' retrieved from /home/airflow/.local/lib/python3.10/site-packages/airflow/example_dags/example_local_kubernetes_executor.py
[2025-06-21T20:15:01.811+0000] {logging_mixin.py:188} INFO - [2025-06-21T20:15:01.811+0000] {dag.py:3036} INFO - Sync 1 DAGs
[2025-06-21T20:15:01.824+0000] {logging_mixin.py:188} INFO - [2025-06-21T20:15:01.824+0000] {dag.py:3823} INFO - Setting next_dagrun for example_local_kubernetes_executor to None, run_after=None
[2025-06-21T20:15:01.839+0000] {processor.py:183} INFO - Processing /home/airflow/.local/lib/python3.10/site-packages/airflow/example_dags/example_local_kubernetes_executor.py took 0.053 seconds
[2025-06-21T20:15:32.746+0000] {processor.py:161} INFO - Started process (PID=106) to work on /home/airflow/.local/lib/python3.10/site-packages/airflow/example_dags/example_local_kubernetes_executor.py
[2025-06-21T20:15:32.747+0000] {processor.py:830} INFO - Processing file /home/airflow/.local/lib/python3.10/site-packages/airflow/example_dags/example_local_kubernetes_executor.py for tasks to queue
[2025-06-21T20:15:32.748+0000] {logging_mixin.py:188} INFO - [2025-06-21T20:15:32.747+0000] {dagbag.py:538} INFO - Filling up the DagBag from /home/airflow/.local/lib/python3.10/site-packages/airflow/example_dags/example_local_kubernetes_executor.py
[2025-06-21T20:15:32.753+0000] {processor.py:840} INFO - DAG(s) 'example_local_kubernetes_executor' retrieved from /home/airflow/.local/lib/python3.10/site-packages/airflow/example_dags/example_local_kubernetes_executor.py
[2025-06-21T20:15:32.811+0000] {logging_mixin.py:188} INFO - [2025-06-21T20:15:32.811+0000] {dag.py:3036} INFO - Sync 1 DAGs
[2025-06-21T20:15:32.815+0000] {logging_mixin.py:188} INFO - [2025-06-21T20:15:32.815+0000] {dag.py:3823} INFO - Setting next_dagrun for example_local_kubernetes_executor to None, run_after=None
[2025-06-21T20:15:32.825+0000] {processor.py:183} INFO - Processing /home/airflow/.local/lib/python3.10/site-packages/airflow/example_dags/example_local_kubernetes_executor.py took 0.081 seconds
[2025-06-21T20:16:03.291+0000] {processor.py:161} INFO - Started process (PID=161) to work on /home/airflow/.local/lib/python3.10/site-packages/airflow/example_dags/example_local_kubernetes_executor.py
[2025-06-21T20:16:03.291+0000] {processor.py:830} INFO - Processing file /home/airflow/.local/lib/python3.10/site-packages/airflow/example_dags/example_local_kubernetes_executor.py for tasks to queue
[2025-06-21T20:16:03.294+0000] {logging_mixin.py:188} INFO - [2025-06-21T20:16:03.293+0000] {dagbag.py:538} INFO - Filling up the DagBag from /home/airflow/.local/lib/python3.10/site-packages/airflow/example_dags/example_local_kubernetes_executor.py
[2025-06-21T20:16:03.300+0000] {processor.py:840} INFO - DAG(s) 'example_local_kubernetes_executor' retrieved from /home/airflow/.local/lib/python3.10/site-packages/airflow/example_dags/example_local_kubernetes_executor.py
[2025-06-21T20:16:03.331+0000] {logging_mixin.py:188} INFO - [2025-06-21T20:16:03.331+0000] {dag.py:3036} INFO - Sync 1 DAGs
[2025-06-21T20:16:03.339+0000] {logging_mixin.py:188} INFO - [2025-06-21T20:16:03.339+0000] {dag.py:3823} INFO - Setting next_dagrun for example_local_kubernetes_executor to None, run_after=None
[2025-06-21T20:16:03.356+0000] {processor.py:183} INFO - Processing /home/airflow/.local/lib/python3.10/site-packages/airflow/example_dags/example_local_kubernetes_executor.py took 0.067 seconds
[2025-06-21T20:16:33.403+0000] {processor.py:161} INFO - Started process (PID=215) to work on /home/airflow/.local/lib/python3.10/site-packages/airflow/example_dags/example_local_kubernetes_executor.py
[2025-06-21T20:16:33.403+0000] {processor.py:830} INFO - Processing file /home/airflow/.local/lib/python3.10/site-packages/airflow/example_dags/example_local_kubernetes_executor.py for tasks to queue
[2025-06-21T20:16:33.404+0000] {logging_mixin.py:188} INFO - [2025-06-21T20:16:33.404+0000] {dagbag.py:538} INFO - Filling up the DagBag from /home/airflow/.local/lib/python3.10/site-packages/airflow/example_dags/example_local_kubernetes_executor.py
[2025-06-21T20:16:33.409+0000] {processor.py:840} INFO - DAG(s) 'example_local_kubernetes_executor' retrieved from /home/airflow/.local/lib/python3.10/site-packages/airflow/example_dags/example_local_kubernetes_executor.py
[2025-06-21T20:16:33.428+0000] {logging_mixin.py:188} INFO - [2025-06-21T20:16:33.428+0000] {dag.py:3036} INFO - Sync 1 DAGs
[2025-06-21T20:16:33.434+0000] {logging_mixin.py:188} INFO - [2025-06-21T20:16:33.434+0000] {dag.py:3823} INFO - Setting next_dagrun for example_local_kubernetes_executor to None, run_after=None
[2025-06-21T20:16:33.441+0000] {processor.py:183} INFO - Processing /home/airflow/.local/lib/python3.10/site-packages/airflow/example_dags/example_local_kubernetes_executor.py took 0.040 seconds
[2025-06-21T20:17:03.837+0000] {processor.py:161} INFO - Started process (PID=270) to work on /home/airflow/.local/lib/python3.10/site-packages/airflow/example_dags/example_local_kubernetes_executor.py
[2025-06-21T20:17:03.839+0000] {processor.py:830} INFO - Processing file /home/airflow/.local/lib/python3.10/site-packages/airflow/example_dags/example_local_kubernetes_executor.py for tasks to queue
[2025-06-21T20:17:03.842+0000] {logging_mixin.py:188} INFO - [2025-06-21T20:17:03.841+0000] {dagbag.py:538} INFO - Filling up the DagBag from /home/airflow/.local/lib/python3.10/site-packages/airflow/example_dags/example_local_kubernetes_executor.py
[2025-06-21T20:17:03.847+0000] {processor.py:840} INFO - DAG(s) 'example_local_kubernetes_executor' retrieved from /home/airflow/.local/lib/python3.10/site-packages/airflow/example_dags/example_local_kubernetes_executor.py
[2025-06-21T20:17:03.871+0000] {logging_mixin.py:188} INFO - [2025-06-21T20:17:03.871+0000] {dag.py:3036} INFO - Sync 1 DAGs
[2025-06-21T20:17:03.878+0000] {logging_mixin.py:188} INFO - [2025-06-21T20:17:03.878+0000] {dag.py:3823} INFO - Setting next_dagrun for example_local_kubernetes_executor to None, run_after=None
[2025-06-21T20:17:03.891+0000] {processor.py:183} INFO - Processing /home/airflow/.local/lib/python3.10/site-packages/airflow/example_dags/example_local_kubernetes_executor.py took 0.056 seconds
[2025-06-21T20:17:34.695+0000] {processor.py:161} INFO - Started process (PID=325) to work on /home/airflow/.local/lib/python3.10/site-packages/airflow/example_dags/example_local_kubernetes_executor.py
[2025-06-21T20:17:34.696+0000] {processor.py:830} INFO - Processing file /home/airflow/.local/lib/python3.10/site-packages/airflow/example_dags/example_local_kubernetes_executor.py for tasks to queue
[2025-06-21T20:17:34.697+0000] {logging_mixin.py:188} INFO - [2025-06-21T20:17:34.697+0000] {dagbag.py:538} INFO - Filling up the DagBag from /home/airflow/.local/lib/python3.10/site-packages/airflow/example_dags/example_local_kubernetes_executor.py
[2025-06-21T20:17:34.702+0000] {processor.py:840} INFO - DAG(s) 'example_local_kubernetes_executor' retrieved from /home/airflow/.local/lib/python3.10/site-packages/airflow/example_dags/example_local_kubernetes_executor.py
[2025-06-21T20:17:34.722+0000] {logging_mixin.py:188} INFO - [2025-06-21T20:17:34.722+0000] {dag.py:3036} INFO - Sync 1 DAGs
[2025-06-21T20:17:34.727+0000] {logging_mixin.py:188} INFO - [2025-06-21T20:17:34.727+0000] {dag.py:3823} INFO - Setting next_dagrun for example_local_kubernetes_executor to None, run_after=None
[2025-06-21T20:17:34.734+0000] {processor.py:183} INFO - Processing /home/airflow/.local/lib/python3.10/site-packages/airflow/example_dags/example_local_kubernetes_executor.py took 0.041 seconds
[2025-06-21T20:18:04.845+0000] {processor.py:161} INFO - Started process (PID=380) to work on /home/airflow/.local/lib/python3.10/site-packages/airflow/example_dags/example_local_kubernetes_executor.py
[2025-06-21T20:18:04.846+0000] {processor.py:830} INFO - Processing file /home/airflow/.local/lib/python3.10/site-packages/airflow/example_dags/example_local_kubernetes_executor.py for tasks to queue
[2025-06-21T20:18:04.847+0000] {logging_mixin.py:188} INFO - [2025-06-21T20:18:04.847+0000] {dagbag.py:538} INFO - Filling up the DagBag from /home/airflow/.local/lib/python3.10/site-packages/airflow/example_dags/example_local_kubernetes_executor.py
[2025-06-21T20:18:04.854+0000] {processor.py:840} INFO - DAG(s) 'example_local_kubernetes_executor' retrieved from /home/airflow/.local/lib/python3.10/site-packages/airflow/example_dags/example_local_kubernetes_executor.py
[2025-06-21T20:18:04.880+0000] {logging_mixin.py:188} INFO - [2025-06-21T20:18:04.880+0000] {dag.py:3036} INFO - Sync 1 DAGs
[2025-06-21T20:18:04.887+0000] {logging_mixin.py:188} INFO - [2025-06-21T20:18:04.887+0000] {dag.py:3823} INFO - Setting next_dagrun for example_local_kubernetes_executor to None, run_after=None
[2025-06-21T20:18:04.898+0000] {processor.py:183} INFO - Processing /home/airflow/.local/lib/python3.10/site-packages/airflow/example_dags/example_local_kubernetes_executor.py took 0.055 seconds
[2025-06-21T20:18:35.533+0000] {processor.py:161} INFO - Started process (PID=440) to work on /home/airflow/.local/lib/python3.10/site-packages/airflow/example_dags/example_local_kubernetes_executor.py
[2025-06-21T20:18:35.533+0000] {processor.py:830} INFO - Processing file /home/airflow/.local/lib/python3.10/site-packages/airflow/example_dags/example_local_kubernetes_executor.py for tasks to queue
[2025-06-21T20:18:35.535+0000] {logging_mixin.py:188} INFO - [2025-06-21T20:18:35.535+0000] {dagbag.py:538} INFO - Filling up the DagBag from /home/airflow/.local/lib/python3.10/site-packages/airflow/example_dags/example_local_kubernetes_executor.py
[2025-06-21T20:18:35.540+0000] {processor.py:840} INFO - DAG(s) 'example_local_kubernetes_executor' retrieved from /home/airflow/.local/lib/python3.10/site-packages/airflow/example_dags/example_local_kubernetes_executor.py
[2025-06-21T20:18:35.546+0000] {logging_mixin.py:188} INFO - [2025-06-21T20:18:35.545+0000] {dag.py:3036} INFO - Sync 1 DAGs
[2025-06-21T20:18:35.552+0000] {logging_mixin.py:188} INFO - [2025-06-21T20:18:35.552+0000] {dag.py:3823} INFO - Setting next_dagrun for example_local_kubernetes_executor to None, run_after=None
[2025-06-21T20:18:35.564+0000] {processor.py:183} INFO - Processing /home/airflow/.local/lib/python3.10/site-packages/airflow/example_dags/example_local_kubernetes_executor.py took 0.033 seconds
