[2025-06-21T20:15:01.711+0000] {processor.py:161} INFO - Started process (PID=48) to work on /home/airflow/.local/lib/python3.10/site-packages/airflow/example_dags/example_branch_datetime_operator.py
[2025-06-21T20:15:01.712+0000] {processor.py:830} INFO - Processing file /home/airflow/.local/lib/python3.10/site-packages/airflow/example_dags/example_branch_datetime_operator.py for tasks to queue
[2025-06-21T20:15:01.714+0000] {logging_mixin.py:188} INFO - [2025-06-21T20:15:01.714+0000] {dagbag.py:538} INFO - Filling up the DagBag from /home/airflow/.local/lib/python3.10/site-packages/airflow/example_dags/example_branch_datetime_operator.py
[2025-06-21T20:15:01.722+0000] {processor.py:840} INFO - DAG(s) 'example_branch_datetime_operator_2', 'example_branch_datetime_operator_3', 'example_branch_datetime_operator' retrieved from /home/airflow/.local/lib/python3.10/site-packages/airflow/example_dags/example_branch_datetime_operator.py
[2025-06-21T20:15:01.730+0000] {logging_mixin.py:188} INFO - [2025-06-21T20:15:01.730+0000] {dag.py:3036} INFO - Sync 3 DAGs
[2025-06-21T20:15:01.743+0000] {logging_mixin.py:188} INFO - [2025-06-21T20:15:01.743+0000] {dag.py:3823} INFO - Setting next_dagrun for example_branch_datetime_operator to 2025-06-20 00:00:00+00:00, run_after=2025-06-21 00:00:00+00:00
[2025-06-21T20:15:01.745+0000] {logging_mixin.py:188} INFO - [2025-06-21T20:15:01.745+0000] {dag.py:3823} INFO - Setting next_dagrun for example_branch_datetime_operator_2 to 2025-06-20 00:00:00+00:00, run_after=2025-06-21 00:00:00+00:00
[2025-06-21T20:15:01.746+0000] {logging_mixin.py:188} INFO - [2025-06-21T20:15:01.746+0000] {dag.py:3823} INFO - Setting next_dagrun for example_branch_datetime_operator_3 to 2025-06-20 00:00:00+00:00, run_after=2025-06-21 00:00:00+00:00
[2025-06-21T20:15:01.754+0000] {processor.py:183} INFO - Processing /home/airflow/.local/lib/python3.10/site-packages/airflow/example_dags/example_branch_datetime_operator.py took 0.045 seconds
[2025-06-21T20:15:32.584+0000] {processor.py:161} INFO - Started process (PID=103) to work on /home/airflow/.local/lib/python3.10/site-packages/airflow/example_dags/example_branch_datetime_operator.py
[2025-06-21T20:15:32.585+0000] {processor.py:830} INFO - Processing file /home/airflow/.local/lib/python3.10/site-packages/airflow/example_dags/example_branch_datetime_operator.py for tasks to queue
[2025-06-21T20:15:32.586+0000] {logging_mixin.py:188} INFO - [2025-06-21T20:15:32.586+0000] {dagbag.py:538} INFO - Filling up the DagBag from /home/airflow/.local/lib/python3.10/site-packages/airflow/example_dags/example_branch_datetime_operator.py
[2025-06-21T20:15:32.591+0000] {processor.py:840} INFO - DAG(s) 'example_branch_datetime_operator_3', 'example_branch_datetime_operator', 'example_branch_datetime_operator_2' retrieved from /home/airflow/.local/lib/python3.10/site-packages/airflow/example_dags/example_branch_datetime_operator.py
[2025-06-21T20:15:32.642+0000] {logging_mixin.py:188} INFO - [2025-06-21T20:15:32.642+0000] {dag.py:3036} INFO - Sync 3 DAGs
[2025-06-21T20:15:32.651+0000] {logging_mixin.py:188} INFO - [2025-06-21T20:15:32.651+0000] {dag.py:3823} INFO - Setting next_dagrun for example_branch_datetime_operator to 2025-06-20 00:00:00+00:00, run_after=2025-06-21 00:00:00+00:00
[2025-06-21T20:15:32.653+0000] {logging_mixin.py:188} INFO - [2025-06-21T20:15:32.653+0000] {dag.py:3823} INFO - Setting next_dagrun for example_branch_datetime_operator_2 to 2025-06-20 00:00:00+00:00, run_after=2025-06-21 00:00:00+00:00
[2025-06-21T20:15:32.655+0000] {logging_mixin.py:188} INFO - [2025-06-21T20:15:32.655+0000] {dag.py:3823} INFO - Setting next_dagrun for example_branch_datetime_operator_3 to 2025-06-20 00:00:00+00:00, run_after=2025-06-21 00:00:00+00:00
[2025-06-21T20:15:32.670+0000] {processor.py:183} INFO - Processing /home/airflow/.local/lib/python3.10/site-packages/airflow/example_dags/example_branch_datetime_operator.py took 0.087 seconds
[2025-06-21T20:16:03.189+0000] {processor.py:161} INFO - Started process (PID=158) to work on /home/airflow/.local/lib/python3.10/site-packages/airflow/example_dags/example_branch_datetime_operator.py
[2025-06-21T20:16:03.190+0000] {processor.py:830} INFO - Processing file /home/airflow/.local/lib/python3.10/site-packages/airflow/example_dags/example_branch_datetime_operator.py for tasks to queue
[2025-06-21T20:16:03.191+0000] {logging_mixin.py:188} INFO - [2025-06-21T20:16:03.191+0000] {dagbag.py:538} INFO - Filling up the DagBag from /home/airflow/.local/lib/python3.10/site-packages/airflow/example_dags/example_branch_datetime_operator.py
[2025-06-21T20:16:03.198+0000] {processor.py:840} INFO - DAG(s) 'example_branch_datetime_operator_3', 'example_branch_datetime_operator_2', 'example_branch_datetime_operator' retrieved from /home/airflow/.local/lib/python3.10/site-packages/airflow/example_dags/example_branch_datetime_operator.py
[2025-06-21T20:16:03.219+0000] {logging_mixin.py:188} INFO - [2025-06-21T20:16:03.218+0000] {dag.py:3036} INFO - Sync 3 DAGs
[2025-06-21T20:16:03.234+0000] {logging_mixin.py:188} INFO - [2025-06-21T20:16:03.234+0000] {dag.py:3823} INFO - Setting next_dagrun for example_branch_datetime_operator to 2025-06-20 00:00:00+00:00, run_after=2025-06-21 00:00:00+00:00
[2025-06-21T20:16:03.238+0000] {logging_mixin.py:188} INFO - [2025-06-21T20:16:03.238+0000] {dag.py:3823} INFO - Setting next_dagrun for example_branch_datetime_operator_2 to 2025-06-20 00:00:00+00:00, run_after=2025-06-21 00:00:00+00:00
[2025-06-21T20:16:03.239+0000] {logging_mixin.py:188} INFO - [2025-06-21T20:16:03.239+0000] {dag.py:3823} INFO - Setting next_dagrun for example_branch_datetime_operator_3 to 2025-06-20 00:00:00+00:00, run_after=2025-06-21 00:00:00+00:00
[2025-06-21T20:16:03.258+0000] {processor.py:183} INFO - Processing /home/airflow/.local/lib/python3.10/site-packages/airflow/example_dags/example_branch_datetime_operator.py took 0.071 seconds
[2025-06-21T20:16:33.296+0000] {processor.py:161} INFO - Started process (PID=212) to work on /home/airflow/.local/lib/python3.10/site-packages/airflow/example_dags/example_branch_datetime_operator.py
[2025-06-21T20:16:33.296+0000] {processor.py:830} INFO - Processing file /home/airflow/.local/lib/python3.10/site-packages/airflow/example_dags/example_branch_datetime_operator.py for tasks to queue
[2025-06-21T20:16:33.297+0000] {logging_mixin.py:188} INFO - [2025-06-21T20:16:33.297+0000] {dagbag.py:538} INFO - Filling up the DagBag from /home/airflow/.local/lib/python3.10/site-packages/airflow/example_dags/example_branch_datetime_operator.py
[2025-06-21T20:16:33.302+0000] {processor.py:840} INFO - DAG(s) 'example_branch_datetime_operator', 'example_branch_datetime_operator_3', 'example_branch_datetime_operator_2' retrieved from /home/airflow/.local/lib/python3.10/site-packages/airflow/example_dags/example_branch_datetime_operator.py
[2025-06-21T20:16:33.318+0000] {logging_mixin.py:188} INFO - [2025-06-21T20:16:33.318+0000] {dag.py:3036} INFO - Sync 3 DAGs
[2025-06-21T20:16:33.334+0000] {logging_mixin.py:188} INFO - [2025-06-21T20:16:33.334+0000] {dag.py:3823} INFO - Setting next_dagrun for example_branch_datetime_operator to 2025-06-20 00:00:00+00:00, run_after=2025-06-21 00:00:00+00:00
[2025-06-21T20:16:33.336+0000] {logging_mixin.py:188} INFO - [2025-06-21T20:16:33.336+0000] {dag.py:3823} INFO - Setting next_dagrun for example_branch_datetime_operator_2 to 2025-06-20 00:00:00+00:00, run_after=2025-06-21 00:00:00+00:00
[2025-06-21T20:16:33.337+0000] {logging_mixin.py:188} INFO - [2025-06-21T20:16:33.337+0000] {dag.py:3823} INFO - Setting next_dagrun for example_branch_datetime_operator_3 to 2025-06-20 00:00:00+00:00, run_after=2025-06-21 00:00:00+00:00
[2025-06-21T20:16:33.347+0000] {processor.py:183} INFO - Processing /home/airflow/.local/lib/python3.10/site-packages/airflow/example_dags/example_branch_datetime_operator.py took 0.055 seconds
[2025-06-21T20:17:03.734+0000] {processor.py:161} INFO - Started process (PID=267) to work on /home/airflow/.local/lib/python3.10/site-packages/airflow/example_dags/example_branch_datetime_operator.py
[2025-06-21T20:17:03.735+0000] {processor.py:830} INFO - Processing file /home/airflow/.local/lib/python3.10/site-packages/airflow/example_dags/example_branch_datetime_operator.py for tasks to queue
[2025-06-21T20:17:03.736+0000] {logging_mixin.py:188} INFO - [2025-06-21T20:17:03.736+0000] {dagbag.py:538} INFO - Filling up the DagBag from /home/airflow/.local/lib/python3.10/site-packages/airflow/example_dags/example_branch_datetime_operator.py
[2025-06-21T20:17:03.741+0000] {processor.py:840} INFO - DAG(s) 'example_branch_datetime_operator_3', 'example_branch_datetime_operator_2', 'example_branch_datetime_operator' retrieved from /home/airflow/.local/lib/python3.10/site-packages/airflow/example_dags/example_branch_datetime_operator.py
[2025-06-21T20:17:03.755+0000] {logging_mixin.py:188} INFO - [2025-06-21T20:17:03.755+0000] {dag.py:3036} INFO - Sync 3 DAGs
[2025-06-21T20:17:03.765+0000] {logging_mixin.py:188} INFO - [2025-06-21T20:17:03.765+0000] {dag.py:3823} INFO - Setting next_dagrun for example_branch_datetime_operator to 2025-06-20 00:00:00+00:00, run_after=2025-06-21 00:00:00+00:00
[2025-06-21T20:17:03.767+0000] {logging_mixin.py:188} INFO - [2025-06-21T20:17:03.767+0000] {dag.py:3823} INFO - Setting next_dagrun for example_branch_datetime_operator_2 to 2025-06-20 00:00:00+00:00, run_after=2025-06-21 00:00:00+00:00
[2025-06-21T20:17:03.769+0000] {logging_mixin.py:188} INFO - [2025-06-21T20:17:03.769+0000] {dag.py:3823} INFO - Setting next_dagrun for example_branch_datetime_operator_3 to 2025-06-20 00:00:00+00:00, run_after=2025-06-21 00:00:00+00:00
[2025-06-21T20:17:03.781+0000] {processor.py:183} INFO - Processing /home/airflow/.local/lib/python3.10/site-packages/airflow/example_dags/example_branch_datetime_operator.py took 0.048 seconds
[2025-06-21T20:17:34.587+0000] {processor.py:161} INFO - Started process (PID=322) to work on /home/airflow/.local/lib/python3.10/site-packages/airflow/example_dags/example_branch_datetime_operator.py
[2025-06-21T20:17:34.588+0000] {processor.py:830} INFO - Processing file /home/airflow/.local/lib/python3.10/site-packages/airflow/example_dags/example_branch_datetime_operator.py for tasks to queue
[2025-06-21T20:17:34.589+0000] {logging_mixin.py:188} INFO - [2025-06-21T20:17:34.589+0000] {dagbag.py:538} INFO - Filling up the DagBag from /home/airflow/.local/lib/python3.10/site-packages/airflow/example_dags/example_branch_datetime_operator.py
[2025-06-21T20:17:34.594+0000] {processor.py:840} INFO - DAG(s) 'example_branch_datetime_operator', 'example_branch_datetime_operator_3', 'example_branch_datetime_operator_2' retrieved from /home/airflow/.local/lib/python3.10/site-packages/airflow/example_dags/example_branch_datetime_operator.py
[2025-06-21T20:17:34.608+0000] {logging_mixin.py:188} INFO - [2025-06-21T20:17:34.607+0000] {dag.py:3036} INFO - Sync 3 DAGs
[2025-06-21T20:17:34.620+0000] {logging_mixin.py:188} INFO - [2025-06-21T20:17:34.620+0000] {dag.py:3823} INFO - Setting next_dagrun for example_branch_datetime_operator to 2025-06-20 00:00:00+00:00, run_after=2025-06-21 00:00:00+00:00
[2025-06-21T20:17:34.622+0000] {logging_mixin.py:188} INFO - [2025-06-21T20:17:34.622+0000] {dag.py:3823} INFO - Setting next_dagrun for example_branch_datetime_operator_2 to 2025-06-20 00:00:00+00:00, run_after=2025-06-21 00:00:00+00:00
[2025-06-21T20:17:34.623+0000] {logging_mixin.py:188} INFO - [2025-06-21T20:17:34.623+0000] {dag.py:3823} INFO - Setting next_dagrun for example_branch_datetime_operator_3 to 2025-06-20 00:00:00+00:00, run_after=2025-06-21 00:00:00+00:00
[2025-06-21T20:17:34.632+0000] {processor.py:183} INFO - Processing /home/airflow/.local/lib/python3.10/site-packages/airflow/example_dags/example_branch_datetime_operator.py took 0.047 seconds
[2025-06-21T20:18:04.777+0000] {processor.py:161} INFO - Started process (PID=377) to work on /home/airflow/.local/lib/python3.10/site-packages/airflow/example_dags/example_branch_datetime_operator.py
[2025-06-21T20:18:04.779+0000] {processor.py:830} INFO - Processing file /home/airflow/.local/lib/python3.10/site-packages/airflow/example_dags/example_branch_datetime_operator.py for tasks to queue
[2025-06-21T20:18:04.780+0000] {logging_mixin.py:188} INFO - [2025-06-21T20:18:04.780+0000] {dagbag.py:538} INFO - Filling up the DagBag from /home/airflow/.local/lib/python3.10/site-packages/airflow/example_dags/example_branch_datetime_operator.py
[2025-06-21T20:18:04.786+0000] {processor.py:840} INFO - DAG(s) 'example_branch_datetime_operator', 'example_branch_datetime_operator_3', 'example_branch_datetime_operator_2' retrieved from /home/airflow/.local/lib/python3.10/site-packages/airflow/example_dags/example_branch_datetime_operator.py
[2025-06-21T20:18:04.799+0000] {logging_mixin.py:188} INFO - [2025-06-21T20:18:04.799+0000] {dag.py:3036} INFO - Sync 3 DAGs
[2025-06-21T20:18:04.810+0000] {logging_mixin.py:188} INFO - [2025-06-21T20:18:04.810+0000] {dag.py:3823} INFO - Setting next_dagrun for example_branch_datetime_operator to 2025-06-20 00:00:00+00:00, run_after=2025-06-21 00:00:00+00:00
[2025-06-21T20:18:04.813+0000] {logging_mixin.py:188} INFO - [2025-06-21T20:18:04.813+0000] {dag.py:3823} INFO - Setting next_dagrun for example_branch_datetime_operator_2 to 2025-06-20 00:00:00+00:00, run_after=2025-06-21 00:00:00+00:00
[2025-06-21T20:18:04.814+0000] {logging_mixin.py:188} INFO - [2025-06-21T20:18:04.814+0000] {dag.py:3823} INFO - Setting next_dagrun for example_branch_datetime_operator_3 to 2025-06-20 00:00:00+00:00, run_after=2025-06-21 00:00:00+00:00
[2025-06-21T20:18:04.824+0000] {processor.py:183} INFO - Processing /home/airflow/.local/lib/python3.10/site-packages/airflow/example_dags/example_branch_datetime_operator.py took 0.049 seconds
[2025-06-21T20:18:35.454+0000] {processor.py:161} INFO - Started process (PID=437) to work on /home/airflow/.local/lib/python3.10/site-packages/airflow/example_dags/example_branch_datetime_operator.py
[2025-06-21T20:18:35.455+0000] {processor.py:830} INFO - Processing file /home/airflow/.local/lib/python3.10/site-packages/airflow/example_dags/example_branch_datetime_operator.py for tasks to queue
[2025-06-21T20:18:35.456+0000] {logging_mixin.py:188} INFO - [2025-06-21T20:18:35.456+0000] {dagbag.py:538} INFO - Filling up the DagBag from /home/airflow/.local/lib/python3.10/site-packages/airflow/example_dags/example_branch_datetime_operator.py
[2025-06-21T20:18:35.460+0000] {processor.py:840} INFO - DAG(s) 'example_branch_datetime_operator_2', 'example_branch_datetime_operator_3', 'example_branch_datetime_operator' retrieved from /home/airflow/.local/lib/python3.10/site-packages/airflow/example_dags/example_branch_datetime_operator.py
[2025-06-21T20:18:35.468+0000] {logging_mixin.py:188} INFO - [2025-06-21T20:18:35.468+0000] {dag.py:3036} INFO - Sync 3 DAGs
[2025-06-21T20:18:35.479+0000] {logging_mixin.py:188} INFO - [2025-06-21T20:18:35.478+0000] {dag.py:3823} INFO - Setting next_dagrun for example_branch_datetime_operator to 2025-06-20 00:00:00+00:00, run_after=2025-06-21 00:00:00+00:00
[2025-06-21T20:18:35.481+0000] {logging_mixin.py:188} INFO - [2025-06-21T20:18:35.481+0000] {dag.py:3823} INFO - Setting next_dagrun for example_branch_datetime_operator_2 to 2025-06-20 00:00:00+00:00, run_after=2025-06-21 00:00:00+00:00
[2025-06-21T20:18:35.482+0000] {logging_mixin.py:188} INFO - [2025-06-21T20:18:35.482+0000] {dag.py:3823} INFO - Setting next_dagrun for example_branch_datetime_operator_3 to 2025-06-20 00:00:00+00:00, run_after=2025-06-21 00:00:00+00:00
[2025-06-21T20:18:35.489+0000] {processor.py:183} INFO - Processing /home/airflow/.local/lib/python3.10/site-packages/airflow/example_dags/example_branch_datetime_operator.py took 0.037 seconds
