[2025-06-21T20:15:01.186+0000] {processor.py:161} INFO - Started process (PID=31) to work on /home/airflow/.local/lib/python3.10/site-packages/airflow/example_dags/example_sla_dag.py
[2025-06-21T20:15:01.186+0000] {processor.py:830} INFO - Processing file /home/airflow/.local/lib/python3.10/site-packages/airflow/example_dags/example_sla_dag.py for tasks to queue
[2025-06-21T20:15:01.188+0000] {logging_mixin.py:188} INFO - [2025-06-21T20:15:01.187+0000] {dagbag.py:538} INFO - Filling up the DagBag from /home/airflow/.local/lib/python3.10/site-packages/airflow/example_dags/example_sla_dag.py
[2025-06-21T20:15:01.194+0000] {processor.py:840} INFO - DAG(s) 'example_sla_dag' retrieved from /home/airflow/.local/lib/python3.10/site-packages/airflow/example_dags/example_sla_dag.py
[2025-06-21T20:15:01.201+0000] {logging_mixin.py:188} INFO - [2025-06-21T20:15:01.201+0000] {dag.py:3036} INFO - Sync 1 DAGs
[2025-06-21T20:15:01.213+0000] {logging_mixin.py:188} INFO - [2025-06-21T20:15:01.213+0000] {dag.py:3823} INFO - Setting next_dagrun for example_sla_dag to 2025-06-21 20:12:00+00:00, run_after=2025-06-21 20:14:00+00:00
[2025-06-21T20:15:01.221+0000] {processor.py:183} INFO - Processing /home/airflow/.local/lib/python3.10/site-packages/airflow/example_dags/example_sla_dag.py took 0.037 seconds
[2025-06-21T20:15:31.753+0000] {processor.py:161} INFO - Started process (PID=86) to work on /home/airflow/.local/lib/python3.10/site-packages/airflow/example_dags/example_sla_dag.py
[2025-06-21T20:15:31.753+0000] {processor.py:830} INFO - Processing file /home/airflow/.local/lib/python3.10/site-packages/airflow/example_dags/example_sla_dag.py for tasks to queue
[2025-06-21T20:15:31.754+0000] {logging_mixin.py:188} INFO - [2025-06-21T20:15:31.754+0000] {dagbag.py:538} INFO - Filling up the DagBag from /home/airflow/.local/lib/python3.10/site-packages/airflow/example_dags/example_sla_dag.py
[2025-06-21T20:15:31.760+0000] {processor.py:840} INFO - DAG(s) 'example_sla_dag' retrieved from /home/airflow/.local/lib/python3.10/site-packages/airflow/example_dags/example_sla_dag.py
[2025-06-21T20:15:31.819+0000] {logging_mixin.py:188} INFO - [2025-06-21T20:15:31.819+0000] {dag.py:3036} INFO - Sync 1 DAGs
[2025-06-21T20:15:31.830+0000] {logging_mixin.py:188} INFO - [2025-06-21T20:15:31.830+0000] {dag.py:3823} INFO - Setting next_dagrun for example_sla_dag to 2025-06-21 20:12:00+00:00, run_after=2025-06-21 20:14:00+00:00
[2025-06-21T20:15:31.839+0000] {processor.py:183} INFO - Processing /home/airflow/.local/lib/python3.10/site-packages/airflow/example_dags/example_sla_dag.py took 0.089 seconds
[2025-06-21T20:16:02.183+0000] {processor.py:161} INFO - Started process (PID=141) to work on /home/airflow/.local/lib/python3.10/site-packages/airflow/example_dags/example_sla_dag.py
[2025-06-21T20:16:02.186+0000] {processor.py:830} INFO - Processing file /home/airflow/.local/lib/python3.10/site-packages/airflow/example_dags/example_sla_dag.py for tasks to queue
[2025-06-21T20:16:02.191+0000] {logging_mixin.py:188} INFO - [2025-06-21T20:16:02.191+0000] {dagbag.py:538} INFO - Filling up the DagBag from /home/airflow/.local/lib/python3.10/site-packages/airflow/example_dags/example_sla_dag.py
[2025-06-21T20:16:02.208+0000] {processor.py:840} INFO - DAG(s) 'example_sla_dag' retrieved from /home/airflow/.local/lib/python3.10/site-packages/airflow/example_dags/example_sla_dag.py
[2025-06-21T20:16:02.235+0000] {logging_mixin.py:188} INFO - [2025-06-21T20:16:02.235+0000] {dag.py:3036} INFO - Sync 1 DAGs
[2025-06-21T20:16:02.260+0000] {logging_mixin.py:188} INFO - [2025-06-21T20:16:02.259+0000] {dag.py:3823} INFO - Setting next_dagrun for example_sla_dag to 2025-06-21 20:14:00+00:00, run_after=2025-06-21 20:16:00+00:00
[2025-06-21T20:16:02.282+0000] {processor.py:183} INFO - Processing /home/airflow/.local/lib/python3.10/site-packages/airflow/example_dags/example_sla_dag.py took 0.103 seconds
[2025-06-21T20:16:32.743+0000] {processor.py:161} INFO - Started process (PID=195) to work on /home/airflow/.local/lib/python3.10/site-packages/airflow/example_dags/example_sla_dag.py
[2025-06-21T20:16:32.744+0000] {processor.py:830} INFO - Processing file /home/airflow/.local/lib/python3.10/site-packages/airflow/example_dags/example_sla_dag.py for tasks to queue
[2025-06-21T20:16:32.745+0000] {logging_mixin.py:188} INFO - [2025-06-21T20:16:32.745+0000] {dagbag.py:538} INFO - Filling up the DagBag from /home/airflow/.local/lib/python3.10/site-packages/airflow/example_dags/example_sla_dag.py
[2025-06-21T20:16:32.750+0000] {processor.py:840} INFO - DAG(s) 'example_sla_dag' retrieved from /home/airflow/.local/lib/python3.10/site-packages/airflow/example_dags/example_sla_dag.py
[2025-06-21T20:16:32.763+0000] {logging_mixin.py:188} INFO - [2025-06-21T20:16:32.763+0000] {dag.py:3036} INFO - Sync 1 DAGs
[2025-06-21T20:16:32.775+0000] {logging_mixin.py:188} INFO - [2025-06-21T20:16:32.775+0000] {dag.py:3823} INFO - Setting next_dagrun for example_sla_dag to 2025-06-21 20:14:00+00:00, run_after=2025-06-21 20:16:00+00:00
[2025-06-21T20:16:32.790+0000] {processor.py:183} INFO - Processing /home/airflow/.local/lib/python3.10/site-packages/airflow/example_dags/example_sla_dag.py took 0.049 seconds
[2025-06-21T20:17:03.281+0000] {processor.py:161} INFO - Started process (PID=250) to work on /home/airflow/.local/lib/python3.10/site-packages/airflow/example_dags/example_sla_dag.py
[2025-06-21T20:17:03.282+0000] {processor.py:830} INFO - Processing file /home/airflow/.local/lib/python3.10/site-packages/airflow/example_dags/example_sla_dag.py for tasks to queue
[2025-06-21T20:17:03.283+0000] {logging_mixin.py:188} INFO - [2025-06-21T20:17:03.283+0000] {dagbag.py:538} INFO - Filling up the DagBag from /home/airflow/.local/lib/python3.10/site-packages/airflow/example_dags/example_sla_dag.py
[2025-06-21T20:17:03.290+0000] {processor.py:840} INFO - DAG(s) 'example_sla_dag' retrieved from /home/airflow/.local/lib/python3.10/site-packages/airflow/example_dags/example_sla_dag.py
[2025-06-21T20:17:03.302+0000] {logging_mixin.py:188} INFO - [2025-06-21T20:17:03.302+0000] {dag.py:3036} INFO - Sync 1 DAGs
[2025-06-21T20:17:03.313+0000] {logging_mixin.py:188} INFO - [2025-06-21T20:17:03.313+0000] {dag.py:3823} INFO - Setting next_dagrun for example_sla_dag to 2025-06-21 20:14:00+00:00, run_after=2025-06-21 20:16:00+00:00
[2025-06-21T20:17:03.322+0000] {processor.py:183} INFO - Processing /home/airflow/.local/lib/python3.10/site-packages/airflow/example_dags/example_sla_dag.py took 0.043 seconds
[2025-06-21T20:17:34.065+0000] {processor.py:161} INFO - Started process (PID=305) to work on /home/airflow/.local/lib/python3.10/site-packages/airflow/example_dags/example_sla_dag.py
[2025-06-21T20:17:34.066+0000] {processor.py:830} INFO - Processing file /home/airflow/.local/lib/python3.10/site-packages/airflow/example_dags/example_sla_dag.py for tasks to queue
[2025-06-21T20:17:34.067+0000] {logging_mixin.py:188} INFO - [2025-06-21T20:17:34.067+0000] {dagbag.py:538} INFO - Filling up the DagBag from /home/airflow/.local/lib/python3.10/site-packages/airflow/example_dags/example_sla_dag.py
[2025-06-21T20:17:34.073+0000] {processor.py:840} INFO - DAG(s) 'example_sla_dag' retrieved from /home/airflow/.local/lib/python3.10/site-packages/airflow/example_dags/example_sla_dag.py
[2025-06-21T20:17:34.086+0000] {logging_mixin.py:188} INFO - [2025-06-21T20:17:34.086+0000] {dag.py:3036} INFO - Sync 1 DAGs
[2025-06-21T20:17:34.098+0000] {logging_mixin.py:188} INFO - [2025-06-21T20:17:34.098+0000] {dag.py:3823} INFO - Setting next_dagrun for example_sla_dag to 2025-06-21 20:14:00+00:00, run_after=2025-06-21 20:16:00+00:00
[2025-06-21T20:17:34.109+0000] {processor.py:183} INFO - Processing /home/airflow/.local/lib/python3.10/site-packages/airflow/example_dags/example_sla_dag.py took 0.046 seconds
[2025-06-21T20:18:04.203+0000] {processor.py:161} INFO - Started process (PID=360) to work on /home/airflow/.local/lib/python3.10/site-packages/airflow/example_dags/example_sla_dag.py
[2025-06-21T20:18:04.204+0000] {processor.py:830} INFO - Processing file /home/airflow/.local/lib/python3.10/site-packages/airflow/example_dags/example_sla_dag.py for tasks to queue
[2025-06-21T20:18:04.205+0000] {logging_mixin.py:188} INFO - [2025-06-21T20:18:04.205+0000] {dagbag.py:538} INFO - Filling up the DagBag from /home/airflow/.local/lib/python3.10/site-packages/airflow/example_dags/example_sla_dag.py
[2025-06-21T20:18:04.210+0000] {processor.py:840} INFO - DAG(s) 'example_sla_dag' retrieved from /home/airflow/.local/lib/python3.10/site-packages/airflow/example_dags/example_sla_dag.py
[2025-06-21T20:18:04.226+0000] {logging_mixin.py:188} INFO - [2025-06-21T20:18:04.226+0000] {dag.py:3036} INFO - Sync 1 DAGs
[2025-06-21T20:18:04.238+0000] {logging_mixin.py:188} INFO - [2025-06-21T20:18:04.238+0000] {dag.py:3823} INFO - Setting next_dagrun for example_sla_dag to 2025-06-21 20:16:00+00:00, run_after=2025-06-21 20:18:00+00:00
[2025-06-21T20:18:04.249+0000] {processor.py:183} INFO - Processing /home/airflow/.local/lib/python3.10/site-packages/airflow/example_dags/example_sla_dag.py took 0.047 seconds
[2025-06-21T20:18:35.005+0000] {processor.py:161} INFO - Started process (PID=420) to work on /home/airflow/.local/lib/python3.10/site-packages/airflow/example_dags/example_sla_dag.py
[2025-06-21T20:18:35.006+0000] {processor.py:830} INFO - Processing file /home/airflow/.local/lib/python3.10/site-packages/airflow/example_dags/example_sla_dag.py for tasks to queue
[2025-06-21T20:18:35.007+0000] {logging_mixin.py:188} INFO - [2025-06-21T20:18:35.007+0000] {dagbag.py:538} INFO - Filling up the DagBag from /home/airflow/.local/lib/python3.10/site-packages/airflow/example_dags/example_sla_dag.py
[2025-06-21T20:18:35.012+0000] {processor.py:840} INFO - DAG(s) 'example_sla_dag' retrieved from /home/airflow/.local/lib/python3.10/site-packages/airflow/example_dags/example_sla_dag.py
[2025-06-21T20:18:35.022+0000] {logging_mixin.py:188} INFO - [2025-06-21T20:18:35.021+0000] {dag.py:3036} INFO - Sync 1 DAGs
[2025-06-21T20:18:35.033+0000] {logging_mixin.py:188} INFO - [2025-06-21T20:18:35.033+0000] {dag.py:3823} INFO - Setting next_dagrun for example_sla_dag to 2025-06-21 20:16:00+00:00, run_after=2025-06-21 20:18:00+00:00
[2025-06-21T20:18:35.042+0000] {processor.py:183} INFO - Processing /home/airflow/.local/lib/python3.10/site-packages/airflow/example_dags/example_sla_dag.py took 0.039 seconds
[2025-06-21T20:23:36.973+0000] {processor.py:161} INFO - Started process (PID=31) to work on /home/airflow/.local/lib/python3.10/site-packages/airflow/example_dags/example_sla_dag.py
[2025-06-21T20:23:36.977+0000] {processor.py:830} INFO - Processing file /home/airflow/.local/lib/python3.10/site-packages/airflow/example_dags/example_sla_dag.py for tasks to queue
[2025-06-21T20:23:36.979+0000] {logging_mixin.py:188} INFO - [2025-06-21T20:23:36.979+0000] {dagbag.py:538} INFO - Filling up the DagBag from /home/airflow/.local/lib/python3.10/site-packages/airflow/example_dags/example_sla_dag.py
[2025-06-21T20:23:36.990+0000] {processor.py:840} INFO - DAG(s) 'example_sla_dag' retrieved from /home/airflow/.local/lib/python3.10/site-packages/airflow/example_dags/example_sla_dag.py
[2025-06-21T20:23:37.003+0000] {logging_mixin.py:188} INFO - [2025-06-21T20:23:37.003+0000] {dag.py:3036} INFO - Sync 1 DAGs
[2025-06-21T20:23:37.025+0000] {logging_mixin.py:188} INFO - [2025-06-21T20:23:37.025+0000] {dag.py:3823} INFO - Setting next_dagrun for example_sla_dag to 2025-06-21 20:20:00+00:00, run_after=2025-06-21 20:22:00+00:00
[2025-06-21T20:23:37.039+0000] {processor.py:183} INFO - Processing /home/airflow/.local/lib/python3.10/site-packages/airflow/example_dags/example_sla_dag.py took 0.068 seconds
[2025-06-21T20:24:07.689+0000] {processor.py:161} INFO - Started process (PID=86) to work on /home/airflow/.local/lib/python3.10/site-packages/airflow/example_dags/example_sla_dag.py
[2025-06-21T20:24:07.691+0000] {processor.py:830} INFO - Processing file /home/airflow/.local/lib/python3.10/site-packages/airflow/example_dags/example_sla_dag.py for tasks to queue
[2025-06-21T20:24:07.692+0000] {logging_mixin.py:188} INFO - [2025-06-21T20:24:07.692+0000] {dagbag.py:538} INFO - Filling up the DagBag from /home/airflow/.local/lib/python3.10/site-packages/airflow/example_dags/example_sla_dag.py
[2025-06-21T20:24:07.697+0000] {processor.py:840} INFO - DAG(s) 'example_sla_dag' retrieved from /home/airflow/.local/lib/python3.10/site-packages/airflow/example_dags/example_sla_dag.py
[2025-06-21T20:24:07.754+0000] {logging_mixin.py:188} INFO - [2025-06-21T20:24:07.753+0000] {dag.py:3036} INFO - Sync 1 DAGs
[2025-06-21T20:24:07.764+0000] {logging_mixin.py:188} INFO - [2025-06-21T20:24:07.764+0000] {dag.py:3823} INFO - Setting next_dagrun for example_sla_dag to 2025-06-21 20:22:00+00:00, run_after=2025-06-21 20:24:00+00:00
[2025-06-21T20:24:07.774+0000] {processor.py:183} INFO - Processing /home/airflow/.local/lib/python3.10/site-packages/airflow/example_dags/example_sla_dag.py took 0.087 seconds
[2025-06-21T20:24:38.053+0000] {processor.py:161} INFO - Started process (PID=141) to work on /home/airflow/.local/lib/python3.10/site-packages/airflow/example_dags/example_sla_dag.py
[2025-06-21T20:24:38.054+0000] {processor.py:830} INFO - Processing file /home/airflow/.local/lib/python3.10/site-packages/airflow/example_dags/example_sla_dag.py for tasks to queue
[2025-06-21T20:24:38.055+0000] {logging_mixin.py:188} INFO - [2025-06-21T20:24:38.055+0000] {dagbag.py:538} INFO - Filling up the DagBag from /home/airflow/.local/lib/python3.10/site-packages/airflow/example_dags/example_sla_dag.py
[2025-06-21T20:24:38.063+0000] {processor.py:840} INFO - DAG(s) 'example_sla_dag' retrieved from /home/airflow/.local/lib/python3.10/site-packages/airflow/example_dags/example_sla_dag.py
[2025-06-21T20:24:38.077+0000] {logging_mixin.py:188} INFO - [2025-06-21T20:24:38.077+0000] {dag.py:3036} INFO - Sync 1 DAGs
[2025-06-21T20:24:38.092+0000] {logging_mixin.py:188} INFO - [2025-06-21T20:24:38.092+0000] {dag.py:3823} INFO - Setting next_dagrun for example_sla_dag to 2025-06-21 20:22:00+00:00, run_after=2025-06-21 20:24:00+00:00
[2025-06-21T20:24:38.106+0000] {processor.py:183} INFO - Processing /home/airflow/.local/lib/python3.10/site-packages/airflow/example_dags/example_sla_dag.py took 0.055 seconds
[2025-06-21T20:25:08.188+0000] {processor.py:161} INFO - Started process (PID=195) to work on /home/airflow/.local/lib/python3.10/site-packages/airflow/example_dags/example_sla_dag.py
[2025-06-21T20:25:08.188+0000] {processor.py:830} INFO - Processing file /home/airflow/.local/lib/python3.10/site-packages/airflow/example_dags/example_sla_dag.py for tasks to queue
[2025-06-21T20:25:08.189+0000] {logging_mixin.py:188} INFO - [2025-06-21T20:25:08.189+0000] {dagbag.py:538} INFO - Filling up the DagBag from /home/airflow/.local/lib/python3.10/site-packages/airflow/example_dags/example_sla_dag.py
[2025-06-21T20:25:08.194+0000] {processor.py:840} INFO - DAG(s) 'example_sla_dag' retrieved from /home/airflow/.local/lib/python3.10/site-packages/airflow/example_dags/example_sla_dag.py
[2025-06-21T20:25:08.206+0000] {logging_mixin.py:188} INFO - [2025-06-21T20:25:08.206+0000] {dag.py:3036} INFO - Sync 1 DAGs
[2025-06-21T20:25:08.218+0000] {logging_mixin.py:188} INFO - [2025-06-21T20:25:08.218+0000] {dag.py:3823} INFO - Setting next_dagrun for example_sla_dag to 2025-06-21 20:22:00+00:00, run_after=2025-06-21 20:24:00+00:00
[2025-06-21T20:25:08.230+0000] {processor.py:183} INFO - Processing /home/airflow/.local/lib/python3.10/site-packages/airflow/example_dags/example_sla_dag.py took 0.044 seconds
[2025-06-21T20:25:39.015+0000] {processor.py:161} INFO - Started process (PID=250) to work on /home/airflow/.local/lib/python3.10/site-packages/airflow/example_dags/example_sla_dag.py
[2025-06-21T20:25:39.019+0000] {processor.py:830} INFO - Processing file /home/airflow/.local/lib/python3.10/site-packages/airflow/example_dags/example_sla_dag.py for tasks to queue
[2025-06-21T20:25:39.024+0000] {logging_mixin.py:188} INFO - [2025-06-21T20:25:39.024+0000] {dagbag.py:538} INFO - Filling up the DagBag from /home/airflow/.local/lib/python3.10/site-packages/airflow/example_dags/example_sla_dag.py
[2025-06-21T20:25:39.032+0000] {processor.py:840} INFO - DAG(s) 'example_sla_dag' retrieved from /home/airflow/.local/lib/python3.10/site-packages/airflow/example_dags/example_sla_dag.py
[2025-06-21T20:25:39.042+0000] {logging_mixin.py:188} INFO - [2025-06-21T20:25:39.042+0000] {dag.py:3036} INFO - Sync 1 DAGs
[2025-06-21T20:25:39.054+0000] {logging_mixin.py:188} INFO - [2025-06-21T20:25:39.054+0000] {dag.py:3823} INFO - Setting next_dagrun for example_sla_dag to 2025-06-21 20:22:00+00:00, run_after=2025-06-21 20:24:00+00:00
[2025-06-21T20:25:39.066+0000] {processor.py:183} INFO - Processing /home/airflow/.local/lib/python3.10/site-packages/airflow/example_dags/example_sla_dag.py took 0.054 seconds
[2025-06-21T20:26:09.229+0000] {processor.py:161} INFO - Started process (PID=304) to work on /home/airflow/.local/lib/python3.10/site-packages/airflow/example_dags/example_sla_dag.py
[2025-06-21T20:26:09.231+0000] {processor.py:830} INFO - Processing file /home/airflow/.local/lib/python3.10/site-packages/airflow/example_dags/example_sla_dag.py for tasks to queue
[2025-06-21T20:26:09.233+0000] {logging_mixin.py:188} INFO - [2025-06-21T20:26:09.233+0000] {dagbag.py:538} INFO - Filling up the DagBag from /home/airflow/.local/lib/python3.10/site-packages/airflow/example_dags/example_sla_dag.py
[2025-06-21T20:26:09.238+0000] {processor.py:840} INFO - DAG(s) 'example_sla_dag' retrieved from /home/airflow/.local/lib/python3.10/site-packages/airflow/example_dags/example_sla_dag.py
[2025-06-21T20:26:09.248+0000] {logging_mixin.py:188} INFO - [2025-06-21T20:26:09.248+0000] {dag.py:3036} INFO - Sync 1 DAGs
[2025-06-21T20:26:09.259+0000] {logging_mixin.py:188} INFO - [2025-06-21T20:26:09.259+0000] {dag.py:3823} INFO - Setting next_dagrun for example_sla_dag to 2025-06-21 20:24:00+00:00, run_after=2025-06-21 20:26:00+00:00
[2025-06-21T20:26:09.269+0000] {processor.py:183} INFO - Processing /home/airflow/.local/lib/python3.10/site-packages/airflow/example_dags/example_sla_dag.py took 0.042 seconds
[2025-06-21T20:26:39.923+0000] {processor.py:161} INFO - Started process (PID=359) to work on /home/airflow/.local/lib/python3.10/site-packages/airflow/example_dags/example_sla_dag.py
[2025-06-21T20:26:39.924+0000] {processor.py:830} INFO - Processing file /home/airflow/.local/lib/python3.10/site-packages/airflow/example_dags/example_sla_dag.py for tasks to queue
[2025-06-21T20:26:39.925+0000] {logging_mixin.py:188} INFO - [2025-06-21T20:26:39.925+0000] {dagbag.py:538} INFO - Filling up the DagBag from /home/airflow/.local/lib/python3.10/site-packages/airflow/example_dags/example_sla_dag.py
[2025-06-21T20:26:39.932+0000] {processor.py:840} INFO - DAG(s) 'example_sla_dag' retrieved from /home/airflow/.local/lib/python3.10/site-packages/airflow/example_dags/example_sla_dag.py
[2025-06-21T20:26:39.947+0000] {logging_mixin.py:188} INFO - [2025-06-21T20:26:39.947+0000] {dag.py:3036} INFO - Sync 1 DAGs
[2025-06-21T20:26:39.961+0000] {logging_mixin.py:188} INFO - [2025-06-21T20:26:39.961+0000] {dag.py:3823} INFO - Setting next_dagrun for example_sla_dag to 2025-06-21 20:24:00+00:00, run_after=2025-06-21 20:26:00+00:00
[2025-06-21T20:26:39.975+0000] {processor.py:183} INFO - Processing /home/airflow/.local/lib/python3.10/site-packages/airflow/example_dags/example_sla_dag.py took 0.056 seconds
[2025-06-21T20:27:10.057+0000] {processor.py:161} INFO - Started process (PID=414) to work on /home/airflow/.local/lib/python3.10/site-packages/airflow/example_dags/example_sla_dag.py
[2025-06-21T20:27:10.058+0000] {processor.py:830} INFO - Processing file /home/airflow/.local/lib/python3.10/site-packages/airflow/example_dags/example_sla_dag.py for tasks to queue
[2025-06-21T20:27:10.060+0000] {logging_mixin.py:188} INFO - [2025-06-21T20:27:10.060+0000] {dagbag.py:538} INFO - Filling up the DagBag from /home/airflow/.local/lib/python3.10/site-packages/airflow/example_dags/example_sla_dag.py
[2025-06-21T20:27:10.069+0000] {processor.py:840} INFO - DAG(s) 'example_sla_dag' retrieved from /home/airflow/.local/lib/python3.10/site-packages/airflow/example_dags/example_sla_dag.py
[2025-06-21T20:27:10.085+0000] {logging_mixin.py:188} INFO - [2025-06-21T20:27:10.085+0000] {dag.py:3036} INFO - Sync 1 DAGs
[2025-06-21T20:27:10.099+0000] {logging_mixin.py:188} INFO - [2025-06-21T20:27:10.099+0000] {dag.py:3823} INFO - Setting next_dagrun for example_sla_dag to 2025-06-21 20:24:00+00:00, run_after=2025-06-21 20:26:00+00:00
[2025-06-21T20:27:10.116+0000] {processor.py:183} INFO - Processing /home/airflow/.local/lib/python3.10/site-packages/airflow/example_dags/example_sla_dag.py took 0.062 seconds
[2025-06-21T20:27:40.186+0000] {processor.py:161} INFO - Started process (PID=469) to work on /home/airflow/.local/lib/python3.10/site-packages/airflow/example_dags/example_sla_dag.py
[2025-06-21T20:27:40.187+0000] {processor.py:830} INFO - Processing file /home/airflow/.local/lib/python3.10/site-packages/airflow/example_dags/example_sla_dag.py for tasks to queue
[2025-06-21T20:27:40.188+0000] {logging_mixin.py:188} INFO - [2025-06-21T20:27:40.187+0000] {dagbag.py:538} INFO - Filling up the DagBag from /home/airflow/.local/lib/python3.10/site-packages/airflow/example_dags/example_sla_dag.py
[2025-06-21T20:27:40.192+0000] {processor.py:840} INFO - DAG(s) 'example_sla_dag' retrieved from /home/airflow/.local/lib/python3.10/site-packages/airflow/example_dags/example_sla_dag.py
[2025-06-21T20:27:40.202+0000] {logging_mixin.py:188} INFO - [2025-06-21T20:27:40.202+0000] {dag.py:3036} INFO - Sync 1 DAGs
[2025-06-21T20:27:40.214+0000] {logging_mixin.py:188} INFO - [2025-06-21T20:27:40.213+0000] {dag.py:3823} INFO - Setting next_dagrun for example_sla_dag to 2025-06-21 20:24:00+00:00, run_after=2025-06-21 20:26:00+00:00
[2025-06-21T20:27:40.222+0000] {processor.py:183} INFO - Processing /home/airflow/.local/lib/python3.10/site-packages/airflow/example_dags/example_sla_dag.py took 0.038 seconds
[2025-06-21T20:28:10.926+0000] {processor.py:161} INFO - Started process (PID=530) to work on /home/airflow/.local/lib/python3.10/site-packages/airflow/example_dags/example_sla_dag.py
[2025-06-21T20:28:10.928+0000] {processor.py:830} INFO - Processing file /home/airflow/.local/lib/python3.10/site-packages/airflow/example_dags/example_sla_dag.py for tasks to queue
[2025-06-21T20:28:10.929+0000] {logging_mixin.py:188} INFO - [2025-06-21T20:28:10.929+0000] {dagbag.py:538} INFO - Filling up the DagBag from /home/airflow/.local/lib/python3.10/site-packages/airflow/example_dags/example_sla_dag.py
[2025-06-21T20:28:10.935+0000] {processor.py:840} INFO - DAG(s) 'example_sla_dag' retrieved from /home/airflow/.local/lib/python3.10/site-packages/airflow/example_dags/example_sla_dag.py
[2025-06-21T20:28:10.945+0000] {logging_mixin.py:188} INFO - [2025-06-21T20:28:10.945+0000] {dag.py:3036} INFO - Sync 1 DAGs
[2025-06-21T20:28:10.956+0000] {logging_mixin.py:188} INFO - [2025-06-21T20:28:10.956+0000] {dag.py:3823} INFO - Setting next_dagrun for example_sla_dag to 2025-06-21 20:26:00+00:00, run_after=2025-06-21 20:28:00+00:00
[2025-06-21T20:28:10.967+0000] {processor.py:183} INFO - Processing /home/airflow/.local/lib/python3.10/site-packages/airflow/example_dags/example_sla_dag.py took 0.043 seconds
[2025-06-21T20:28:41.588+0000] {processor.py:161} INFO - Started process (PID=585) to work on /home/airflow/.local/lib/python3.10/site-packages/airflow/example_dags/example_sla_dag.py
[2025-06-21T20:28:41.589+0000] {processor.py:830} INFO - Processing file /home/airflow/.local/lib/python3.10/site-packages/airflow/example_dags/example_sla_dag.py for tasks to queue
[2025-06-21T20:28:41.590+0000] {logging_mixin.py:188} INFO - [2025-06-21T20:28:41.590+0000] {dagbag.py:538} INFO - Filling up the DagBag from /home/airflow/.local/lib/python3.10/site-packages/airflow/example_dags/example_sla_dag.py
[2025-06-21T20:28:41.595+0000] {processor.py:840} INFO - DAG(s) 'example_sla_dag' retrieved from /home/airflow/.local/lib/python3.10/site-packages/airflow/example_dags/example_sla_dag.py
[2025-06-21T20:28:41.611+0000] {logging_mixin.py:188} INFO - [2025-06-21T20:28:41.611+0000] {dag.py:3036} INFO - Sync 1 DAGs
[2025-06-21T20:28:41.624+0000] {logging_mixin.py:188} INFO - [2025-06-21T20:28:41.624+0000] {dag.py:3823} INFO - Setting next_dagrun for example_sla_dag to 2025-06-21 20:26:00+00:00, run_after=2025-06-21 20:28:00+00:00
[2025-06-21T20:28:41.638+0000] {processor.py:183} INFO - Processing /home/airflow/.local/lib/python3.10/site-packages/airflow/example_dags/example_sla_dag.py took 0.052 seconds
[2025-06-21T20:29:12.396+0000] {processor.py:161} INFO - Started process (PID=640) to work on /home/airflow/.local/lib/python3.10/site-packages/airflow/example_dags/example_sla_dag.py
[2025-06-21T20:29:12.398+0000] {processor.py:830} INFO - Processing file /home/airflow/.local/lib/python3.10/site-packages/airflow/example_dags/example_sla_dag.py for tasks to queue
[2025-06-21T20:29:12.399+0000] {logging_mixin.py:188} INFO - [2025-06-21T20:29:12.399+0000] {dagbag.py:538} INFO - Filling up the DagBag from /home/airflow/.local/lib/python3.10/site-packages/airflow/example_dags/example_sla_dag.py
[2025-06-21T20:29:12.404+0000] {processor.py:840} INFO - DAG(s) 'example_sla_dag' retrieved from /home/airflow/.local/lib/python3.10/site-packages/airflow/example_dags/example_sla_dag.py
[2025-06-21T20:29:12.413+0000] {logging_mixin.py:188} INFO - [2025-06-21T20:29:12.413+0000] {dag.py:3036} INFO - Sync 1 DAGs
[2025-06-21T20:29:12.423+0000] {logging_mixin.py:188} INFO - [2025-06-21T20:29:12.423+0000] {dag.py:3823} INFO - Setting next_dagrun for example_sla_dag to 2025-06-21 20:26:00+00:00, run_after=2025-06-21 20:28:00+00:00
[2025-06-21T20:29:12.434+0000] {processor.py:183} INFO - Processing /home/airflow/.local/lib/python3.10/site-packages/airflow/example_dags/example_sla_dag.py took 0.040 seconds
[2025-06-21T20:29:43.095+0000] {processor.py:161} INFO - Started process (PID=695) to work on /home/airflow/.local/lib/python3.10/site-packages/airflow/example_dags/example_sla_dag.py
[2025-06-21T20:29:43.095+0000] {processor.py:830} INFO - Processing file /home/airflow/.local/lib/python3.10/site-packages/airflow/example_dags/example_sla_dag.py for tasks to queue
[2025-06-21T20:29:43.096+0000] {logging_mixin.py:188} INFO - [2025-06-21T20:29:43.096+0000] {dagbag.py:538} INFO - Filling up the DagBag from /home/airflow/.local/lib/python3.10/site-packages/airflow/example_dags/example_sla_dag.py
[2025-06-21T20:29:43.101+0000] {processor.py:840} INFO - DAG(s) 'example_sla_dag' retrieved from /home/airflow/.local/lib/python3.10/site-packages/airflow/example_dags/example_sla_dag.py
[2025-06-21T20:29:43.114+0000] {logging_mixin.py:188} INFO - [2025-06-21T20:29:43.114+0000] {dag.py:3036} INFO - Sync 1 DAGs
[2025-06-21T20:29:43.127+0000] {logging_mixin.py:188} INFO - [2025-06-21T20:29:43.127+0000] {dag.py:3823} INFO - Setting next_dagrun for example_sla_dag to 2025-06-21 20:26:00+00:00, run_after=2025-06-21 20:28:00+00:00
[2025-06-21T20:29:43.137+0000] {processor.py:183} INFO - Processing /home/airflow/.local/lib/python3.10/site-packages/airflow/example_dags/example_sla_dag.py took 0.045 seconds
[2025-06-21T20:30:13.806+0000] {processor.py:161} INFO - Started process (PID=750) to work on /home/airflow/.local/lib/python3.10/site-packages/airflow/example_dags/example_sla_dag.py
[2025-06-21T20:30:13.807+0000] {processor.py:830} INFO - Processing file /home/airflow/.local/lib/python3.10/site-packages/airflow/example_dags/example_sla_dag.py for tasks to queue
[2025-06-21T20:30:13.808+0000] {logging_mixin.py:188} INFO - [2025-06-21T20:30:13.808+0000] {dagbag.py:538} INFO - Filling up the DagBag from /home/airflow/.local/lib/python3.10/site-packages/airflow/example_dags/example_sla_dag.py
[2025-06-21T20:30:13.812+0000] {processor.py:840} INFO - DAG(s) 'example_sla_dag' retrieved from /home/airflow/.local/lib/python3.10/site-packages/airflow/example_dags/example_sla_dag.py
[2025-06-21T20:30:13.822+0000] {logging_mixin.py:188} INFO - [2025-06-21T20:30:13.822+0000] {dag.py:3036} INFO - Sync 1 DAGs
[2025-06-21T20:30:13.833+0000] {logging_mixin.py:188} INFO - [2025-06-21T20:30:13.833+0000] {dag.py:3823} INFO - Setting next_dagrun for example_sla_dag to 2025-06-21 20:28:00+00:00, run_after=2025-06-21 20:30:00+00:00
[2025-06-21T20:30:13.843+0000] {processor.py:183} INFO - Processing /home/airflow/.local/lib/python3.10/site-packages/airflow/example_dags/example_sla_dag.py took 0.038 seconds
[2025-06-21T20:30:44.480+0000] {processor.py:161} INFO - Started process (PID=805) to work on /home/airflow/.local/lib/python3.10/site-packages/airflow/example_dags/example_sla_dag.py
[2025-06-21T20:30:44.481+0000] {processor.py:830} INFO - Processing file /home/airflow/.local/lib/python3.10/site-packages/airflow/example_dags/example_sla_dag.py for tasks to queue
[2025-06-21T20:30:44.482+0000] {logging_mixin.py:188} INFO - [2025-06-21T20:30:44.482+0000] {dagbag.py:538} INFO - Filling up the DagBag from /home/airflow/.local/lib/python3.10/site-packages/airflow/example_dags/example_sla_dag.py
[2025-06-21T20:30:44.486+0000] {processor.py:840} INFO - DAG(s) 'example_sla_dag' retrieved from /home/airflow/.local/lib/python3.10/site-packages/airflow/example_dags/example_sla_dag.py
[2025-06-21T20:30:44.497+0000] {logging_mixin.py:188} INFO - [2025-06-21T20:30:44.497+0000] {dag.py:3036} INFO - Sync 1 DAGs
[2025-06-21T20:30:44.510+0000] {logging_mixin.py:188} INFO - [2025-06-21T20:30:44.510+0000] {dag.py:3823} INFO - Setting next_dagrun for example_sla_dag to 2025-06-21 20:28:00+00:00, run_after=2025-06-21 20:30:00+00:00
[2025-06-21T20:30:44.520+0000] {processor.py:183} INFO - Processing /home/airflow/.local/lib/python3.10/site-packages/airflow/example_dags/example_sla_dag.py took 0.042 seconds
[2025-06-21T20:31:15.095+0000] {processor.py:161} INFO - Started process (PID=860) to work on /home/airflow/.local/lib/python3.10/site-packages/airflow/example_dags/example_sla_dag.py
[2025-06-21T20:31:15.095+0000] {processor.py:830} INFO - Processing file /home/airflow/.local/lib/python3.10/site-packages/airflow/example_dags/example_sla_dag.py for tasks to queue
[2025-06-21T20:31:15.096+0000] {logging_mixin.py:188} INFO - [2025-06-21T20:31:15.096+0000] {dagbag.py:538} INFO - Filling up the DagBag from /home/airflow/.local/lib/python3.10/site-packages/airflow/example_dags/example_sla_dag.py
[2025-06-21T20:31:15.100+0000] {processor.py:840} INFO - DAG(s) 'example_sla_dag' retrieved from /home/airflow/.local/lib/python3.10/site-packages/airflow/example_dags/example_sla_dag.py
[2025-06-21T20:31:15.111+0000] {logging_mixin.py:188} INFO - [2025-06-21T20:31:15.111+0000] {dag.py:3036} INFO - Sync 1 DAGs
[2025-06-21T20:31:15.122+0000] {logging_mixin.py:188} INFO - [2025-06-21T20:31:15.121+0000] {dag.py:3823} INFO - Setting next_dagrun for example_sla_dag to 2025-06-21 20:28:00+00:00, run_after=2025-06-21 20:30:00+00:00
[2025-06-21T20:31:15.131+0000] {processor.py:183} INFO - Processing /home/airflow/.local/lib/python3.10/site-packages/airflow/example_dags/example_sla_dag.py took 0.037 seconds
[2025-06-21T20:32:17.483+0000] {processor.py:161} INFO - Started process (PID=32) to work on /home/airflow/.local/lib/python3.10/site-packages/airflow/example_dags/example_sla_dag.py
[2025-06-21T20:32:17.485+0000] {processor.py:830} INFO - Processing file /home/airflow/.local/lib/python3.10/site-packages/airflow/example_dags/example_sla_dag.py for tasks to queue
[2025-06-21T20:32:17.487+0000] {logging_mixin.py:188} INFO - [2025-06-21T20:32:17.487+0000] {dagbag.py:538} INFO - Filling up the DagBag from /home/airflow/.local/lib/python3.10/site-packages/airflow/example_dags/example_sla_dag.py
[2025-06-21T20:32:17.499+0000] {processor.py:840} INFO - DAG(s) 'example_sla_dag' retrieved from /home/airflow/.local/lib/python3.10/site-packages/airflow/example_dags/example_sla_dag.py
[2025-06-21T20:32:17.517+0000] {logging_mixin.py:188} INFO - [2025-06-21T20:32:17.517+0000] {dag.py:3036} INFO - Sync 1 DAGs
[2025-06-21T20:32:17.540+0000] {logging_mixin.py:188} INFO - [2025-06-21T20:32:17.540+0000] {dag.py:3823} INFO - Setting next_dagrun for example_sla_dag to 2025-06-21 20:30:00+00:00, run_after=2025-06-21 20:32:00+00:00
[2025-06-21T20:32:17.557+0000] {processor.py:183} INFO - Processing /home/airflow/.local/lib/python3.10/site-packages/airflow/example_dags/example_sla_dag.py took 0.083 seconds
[2025-06-21T20:32:47.643+0000] {processor.py:161} INFO - Started process (PID=87) to work on /home/airflow/.local/lib/python3.10/site-packages/airflow/example_dags/example_sla_dag.py
[2025-06-21T20:32:47.645+0000] {processor.py:830} INFO - Processing file /home/airflow/.local/lib/python3.10/site-packages/airflow/example_dags/example_sla_dag.py for tasks to queue
[2025-06-21T20:32:47.646+0000] {logging_mixin.py:188} INFO - [2025-06-21T20:32:47.646+0000] {dagbag.py:538} INFO - Filling up the DagBag from /home/airflow/.local/lib/python3.10/site-packages/airflow/example_dags/example_sla_dag.py
[2025-06-21T20:32:47.652+0000] {processor.py:840} INFO - DAG(s) 'example_sla_dag' retrieved from /home/airflow/.local/lib/python3.10/site-packages/airflow/example_dags/example_sla_dag.py
[2025-06-21T20:32:47.707+0000] {logging_mixin.py:188} INFO - [2025-06-21T20:32:47.707+0000] {dag.py:3036} INFO - Sync 1 DAGs
[2025-06-21T20:32:47.719+0000] {logging_mixin.py:188} INFO - [2025-06-21T20:32:47.719+0000] {dag.py:3823} INFO - Setting next_dagrun for example_sla_dag to 2025-06-21 20:30:00+00:00, run_after=2025-06-21 20:32:00+00:00
[2025-06-21T20:32:47.732+0000] {processor.py:183} INFO - Processing /home/airflow/.local/lib/python3.10/site-packages/airflow/example_dags/example_sla_dag.py took 0.091 seconds
[2025-06-21T20:33:51.445+0000] {processor.py:161} INFO - Started process (PID=31) to work on /home/airflow/.local/lib/python3.10/site-packages/airflow/example_dags/example_sla_dag.py
[2025-06-21T20:33:51.447+0000] {processor.py:830} INFO - Processing file /home/airflow/.local/lib/python3.10/site-packages/airflow/example_dags/example_sla_dag.py for tasks to queue
[2025-06-21T20:33:51.449+0000] {logging_mixin.py:188} INFO - [2025-06-21T20:33:51.449+0000] {dagbag.py:538} INFO - Filling up the DagBag from /home/airflow/.local/lib/python3.10/site-packages/airflow/example_dags/example_sla_dag.py
[2025-06-21T20:33:51.457+0000] {processor.py:840} INFO - DAG(s) 'example_sla_dag' retrieved from /home/airflow/.local/lib/python3.10/site-packages/airflow/example_dags/example_sla_dag.py
[2025-06-21T20:33:51.466+0000] {logging_mixin.py:188} INFO - [2025-06-21T20:33:51.466+0000] {dag.py:3036} INFO - Sync 1 DAGs
[2025-06-21T20:33:51.486+0000] {logging_mixin.py:188} INFO - [2025-06-21T20:33:51.486+0000] {dag.py:3823} INFO - Setting next_dagrun for example_sla_dag to 2025-06-21 20:30:00+00:00, run_after=2025-06-21 20:32:00+00:00
[2025-06-21T20:33:51.510+0000] {processor.py:183} INFO - Processing /home/airflow/.local/lib/python3.10/site-packages/airflow/example_dags/example_sla_dag.py took 0.069 seconds
[2025-06-21T20:34:21.620+0000] {processor.py:161} INFO - Started process (PID=86) to work on /home/airflow/.local/lib/python3.10/site-packages/airflow/example_dags/example_sla_dag.py
[2025-06-21T20:34:21.620+0000] {processor.py:830} INFO - Processing file /home/airflow/.local/lib/python3.10/site-packages/airflow/example_dags/example_sla_dag.py for tasks to queue
[2025-06-21T20:34:21.621+0000] {logging_mixin.py:188} INFO - [2025-06-21T20:34:21.621+0000] {dagbag.py:538} INFO - Filling up the DagBag from /home/airflow/.local/lib/python3.10/site-packages/airflow/example_dags/example_sla_dag.py
[2025-06-21T20:34:21.626+0000] {processor.py:840} INFO - DAG(s) 'example_sla_dag' retrieved from /home/airflow/.local/lib/python3.10/site-packages/airflow/example_dags/example_sla_dag.py
[2025-06-21T20:34:21.669+0000] {logging_mixin.py:188} INFO - [2025-06-21T20:34:21.669+0000] {dag.py:3036} INFO - Sync 1 DAGs
[2025-06-21T20:34:21.679+0000] {logging_mixin.py:188} INFO - [2025-06-21T20:34:21.679+0000] {dag.py:3823} INFO - Setting next_dagrun for example_sla_dag to 2025-06-21 20:32:00+00:00, run_after=2025-06-21 20:34:00+00:00
[2025-06-21T20:34:21.688+0000] {processor.py:183} INFO - Processing /home/airflow/.local/lib/python3.10/site-packages/airflow/example_dags/example_sla_dag.py took 0.070 seconds
[2025-06-21T20:34:52.136+0000] {processor.py:161} INFO - Started process (PID=141) to work on /home/airflow/.local/lib/python3.10/site-packages/airflow/example_dags/example_sla_dag.py
[2025-06-21T20:34:52.136+0000] {processor.py:830} INFO - Processing file /home/airflow/.local/lib/python3.10/site-packages/airflow/example_dags/example_sla_dag.py for tasks to queue
[2025-06-21T20:34:52.137+0000] {logging_mixin.py:188} INFO - [2025-06-21T20:34:52.137+0000] {dagbag.py:538} INFO - Filling up the DagBag from /home/airflow/.local/lib/python3.10/site-packages/airflow/example_dags/example_sla_dag.py
[2025-06-21T20:34:52.142+0000] {processor.py:840} INFO - DAG(s) 'example_sla_dag' retrieved from /home/airflow/.local/lib/python3.10/site-packages/airflow/example_dags/example_sla_dag.py
[2025-06-21T20:34:52.156+0000] {logging_mixin.py:188} INFO - [2025-06-21T20:34:52.156+0000] {dag.py:3036} INFO - Sync 1 DAGs
[2025-06-21T20:34:52.169+0000] {logging_mixin.py:188} INFO - [2025-06-21T20:34:52.169+0000] {dag.py:3823} INFO - Setting next_dagrun for example_sla_dag to 2025-06-21 20:32:00+00:00, run_after=2025-06-21 20:34:00+00:00
[2025-06-21T20:34:52.182+0000] {processor.py:183} INFO - Processing /home/airflow/.local/lib/python3.10/site-packages/airflow/example_dags/example_sla_dag.py took 0.048 seconds
[2025-06-21T20:35:22.455+0000] {processor.py:161} INFO - Started process (PID=196) to work on /home/airflow/.local/lib/python3.10/site-packages/airflow/example_dags/example_sla_dag.py
[2025-06-21T20:35:22.456+0000] {processor.py:830} INFO - Processing file /home/airflow/.local/lib/python3.10/site-packages/airflow/example_dags/example_sla_dag.py for tasks to queue
[2025-06-21T20:35:22.457+0000] {logging_mixin.py:188} INFO - [2025-06-21T20:35:22.456+0000] {dagbag.py:538} INFO - Filling up the DagBag from /home/airflow/.local/lib/python3.10/site-packages/airflow/example_dags/example_sla_dag.py
[2025-06-21T20:35:22.462+0000] {processor.py:840} INFO - DAG(s) 'example_sla_dag' retrieved from /home/airflow/.local/lib/python3.10/site-packages/airflow/example_dags/example_sla_dag.py
[2025-06-21T20:35:22.473+0000] {logging_mixin.py:188} INFO - [2025-06-21T20:35:22.473+0000] {dag.py:3036} INFO - Sync 1 DAGs
[2025-06-21T20:35:22.483+0000] {logging_mixin.py:188} INFO - [2025-06-21T20:35:22.483+0000] {dag.py:3823} INFO - Setting next_dagrun for example_sla_dag to 2025-06-21 20:32:00+00:00, run_after=2025-06-21 20:34:00+00:00
[2025-06-21T20:35:22.493+0000] {processor.py:183} INFO - Processing /home/airflow/.local/lib/python3.10/site-packages/airflow/example_dags/example_sla_dag.py took 0.040 seconds
[2025-06-21T20:35:53.180+0000] {processor.py:161} INFO - Started process (PID=251) to work on /home/airflow/.local/lib/python3.10/site-packages/airflow/example_dags/example_sla_dag.py
[2025-06-21T20:35:53.181+0000] {processor.py:830} INFO - Processing file /home/airflow/.local/lib/python3.10/site-packages/airflow/example_dags/example_sla_dag.py for tasks to queue
[2025-06-21T20:35:53.182+0000] {logging_mixin.py:188} INFO - [2025-06-21T20:35:53.182+0000] {dagbag.py:538} INFO - Filling up the DagBag from /home/airflow/.local/lib/python3.10/site-packages/airflow/example_dags/example_sla_dag.py
[2025-06-21T20:35:53.188+0000] {processor.py:840} INFO - DAG(s) 'example_sla_dag' retrieved from /home/airflow/.local/lib/python3.10/site-packages/airflow/example_dags/example_sla_dag.py
[2025-06-21T20:35:53.202+0000] {logging_mixin.py:188} INFO - [2025-06-21T20:35:53.202+0000] {dag.py:3036} INFO - Sync 1 DAGs
[2025-06-21T20:35:53.216+0000] {logging_mixin.py:188} INFO - [2025-06-21T20:35:53.216+0000] {dag.py:3823} INFO - Setting next_dagrun for example_sla_dag to 2025-06-21 20:32:00+00:00, run_after=2025-06-21 20:34:00+00:00
[2025-06-21T20:35:53.239+0000] {processor.py:183} INFO - Processing /home/airflow/.local/lib/python3.10/site-packages/airflow/example_dags/example_sla_dag.py took 0.062 seconds
