[2025-06-21T20:15:02.280+0000] {processor.py:161} INFO - Started process (PID=65) to work on /home/airflow/.local/lib/python3.10/site-packages/airflow/example_dags/example_time_delta_sensor_async.py
[2025-06-21T20:15:02.281+0000] {processor.py:830} INFO - Processing file /home/airflow/.local/lib/python3.10/site-packages/airflow/example_dags/example_time_delta_sensor_async.py for tasks to queue
[2025-06-21T20:15:02.283+0000] {logging_mixin.py:188} INFO - [2025-06-21T20:15:02.282+0000] {dagbag.py:538} INFO - Filling up the DagBag from /home/airflow/.local/lib/python3.10/site-packages/airflow/example_dags/example_time_delta_sensor_async.py
[2025-06-21T20:15:02.287+0000] {processor.py:840} INFO - DAG(s) 'example_time_delta_sensor_async' retrieved from /home/airflow/.local/lib/python3.10/site-packages/airflow/example_dags/example_time_delta_sensor_async.py
[2025-06-21T20:15:02.295+0000] {logging_mixin.py:188} INFO - [2025-06-21T20:15:02.295+0000] {dag.py:3036} INFO - Sync 1 DAGs
[2025-06-21T20:15:02.304+0000] {logging_mixin.py:188} INFO - [2025-06-21T20:15:02.304+0000] {dag.py:3823} INFO - Setting next_dagrun for example_time_delta_sensor_async to None, run_after=None
[2025-06-21T20:15:02.314+0000] {processor.py:183} INFO - Processing /home/airflow/.local/lib/python3.10/site-packages/airflow/example_dags/example_time_delta_sensor_async.py took 0.035 seconds
[2025-06-21T20:15:33.402+0000] {processor.py:161} INFO - Started process (PID=120) to work on /home/airflow/.local/lib/python3.10/site-packages/airflow/example_dags/example_time_delta_sensor_async.py
[2025-06-21T20:15:33.404+0000] {processor.py:830} INFO - Processing file /home/airflow/.local/lib/python3.10/site-packages/airflow/example_dags/example_time_delta_sensor_async.py for tasks to queue
[2025-06-21T20:15:33.405+0000] {logging_mixin.py:188} INFO - [2025-06-21T20:15:33.405+0000] {dagbag.py:538} INFO - Filling up the DagBag from /home/airflow/.local/lib/python3.10/site-packages/airflow/example_dags/example_time_delta_sensor_async.py
[2025-06-21T20:15:33.408+0000] {processor.py:840} INFO - DAG(s) 'example_time_delta_sensor_async' retrieved from /home/airflow/.local/lib/python3.10/site-packages/airflow/example_dags/example_time_delta_sensor_async.py
[2025-06-21T20:15:33.452+0000] {logging_mixin.py:188} INFO - [2025-06-21T20:15:33.452+0000] {dag.py:3036} INFO - Sync 1 DAGs
[2025-06-21T20:15:33.458+0000] {logging_mixin.py:188} INFO - [2025-06-21T20:15:33.458+0000] {dag.py:3823} INFO - Setting next_dagrun for example_time_delta_sensor_async to None, run_after=None
[2025-06-21T20:15:33.466+0000] {processor.py:183} INFO - Processing /home/airflow/.local/lib/python3.10/site-packages/airflow/example_dags/example_time_delta_sensor_async.py took 0.066 seconds
[2025-06-21T20:16:03.953+0000] {processor.py:161} INFO - Started process (PID=175) to work on /home/airflow/.local/lib/python3.10/site-packages/airflow/example_dags/example_time_delta_sensor_async.py
[2025-06-21T20:16:03.954+0000] {processor.py:830} INFO - Processing file /home/airflow/.local/lib/python3.10/site-packages/airflow/example_dags/example_time_delta_sensor_async.py for tasks to queue
[2025-06-21T20:16:03.955+0000] {logging_mixin.py:188} INFO - [2025-06-21T20:16:03.955+0000] {dagbag.py:538} INFO - Filling up the DagBag from /home/airflow/.local/lib/python3.10/site-packages/airflow/example_dags/example_time_delta_sensor_async.py
[2025-06-21T20:16:03.958+0000] {processor.py:840} INFO - DAG(s) 'example_time_delta_sensor_async' retrieved from /home/airflow/.local/lib/python3.10/site-packages/airflow/example_dags/example_time_delta_sensor_async.py
[2025-06-21T20:16:03.970+0000] {logging_mixin.py:188} INFO - [2025-06-21T20:16:03.969+0000] {dag.py:3036} INFO - Sync 1 DAGs
[2025-06-21T20:16:03.976+0000] {logging_mixin.py:188} INFO - [2025-06-21T20:16:03.976+0000] {dag.py:3823} INFO - Setting next_dagrun for example_time_delta_sensor_async to None, run_after=None
[2025-06-21T20:16:03.984+0000] {processor.py:183} INFO - Processing /home/airflow/.local/lib/python3.10/site-packages/airflow/example_dags/example_time_delta_sensor_async.py took 0.034 seconds
[2025-06-21T20:16:34.267+0000] {processor.py:161} INFO - Started process (PID=229) to work on /home/airflow/.local/lib/python3.10/site-packages/airflow/example_dags/example_time_delta_sensor_async.py
[2025-06-21T20:16:34.275+0000] {processor.py:830} INFO - Processing file /home/airflow/.local/lib/python3.10/site-packages/airflow/example_dags/example_time_delta_sensor_async.py for tasks to queue
[2025-06-21T20:16:34.281+0000] {logging_mixin.py:188} INFO - [2025-06-21T20:16:34.281+0000] {dagbag.py:538} INFO - Filling up the DagBag from /home/airflow/.local/lib/python3.10/site-packages/airflow/example_dags/example_time_delta_sensor_async.py
[2025-06-21T20:16:34.287+0000] {processor.py:840} INFO - DAG(s) 'example_time_delta_sensor_async' retrieved from /home/airflow/.local/lib/python3.10/site-packages/airflow/example_dags/example_time_delta_sensor_async.py
[2025-06-21T20:16:34.312+0000] {logging_mixin.py:188} INFO - [2025-06-21T20:16:34.312+0000] {dag.py:3036} INFO - Sync 1 DAGs
[2025-06-21T20:16:34.331+0000] {logging_mixin.py:188} INFO - [2025-06-21T20:16:34.330+0000] {dag.py:3823} INFO - Setting next_dagrun for example_time_delta_sensor_async to None, run_after=None
[2025-06-21T20:16:34.365+0000] {processor.py:183} INFO - Processing /home/airflow/.local/lib/python3.10/site-packages/airflow/example_dags/example_time_delta_sensor_async.py took 0.116 seconds
[2025-06-21T20:17:05.297+0000] {processor.py:161} INFO - Started process (PID=290) to work on /home/airflow/.local/lib/python3.10/site-packages/airflow/example_dags/example_time_delta_sensor_async.py
[2025-06-21T20:17:05.299+0000] {processor.py:830} INFO - Processing file /home/airflow/.local/lib/python3.10/site-packages/airflow/example_dags/example_time_delta_sensor_async.py for tasks to queue
[2025-06-21T20:17:05.301+0000] {logging_mixin.py:188} INFO - [2025-06-21T20:17:05.301+0000] {dagbag.py:538} INFO - Filling up the DagBag from /home/airflow/.local/lib/python3.10/site-packages/airflow/example_dags/example_time_delta_sensor_async.py
[2025-06-21T20:17:05.306+0000] {processor.py:840} INFO - DAG(s) 'example_time_delta_sensor_async' retrieved from /home/airflow/.local/lib/python3.10/site-packages/airflow/example_dags/example_time_delta_sensor_async.py
[2025-06-21T20:17:05.323+0000] {logging_mixin.py:188} INFO - [2025-06-21T20:17:05.322+0000] {dag.py:3036} INFO - Sync 1 DAGs
[2025-06-21T20:17:05.329+0000] {logging_mixin.py:188} INFO - [2025-06-21T20:17:05.329+0000] {dag.py:3823} INFO - Setting next_dagrun for example_time_delta_sensor_async to None, run_after=None
[2025-06-21T20:17:05.338+0000] {processor.py:183} INFO - Processing /home/airflow/.local/lib/python3.10/site-packages/airflow/example_dags/example_time_delta_sensor_async.py took 0.045 seconds
[2025-06-21T20:17:36.296+0000] {processor.py:161} INFO - Started process (PID=345) to work on /home/airflow/.local/lib/python3.10/site-packages/airflow/example_dags/example_time_delta_sensor_async.py
[2025-06-21T20:17:36.297+0000] {processor.py:830} INFO - Processing file /home/airflow/.local/lib/python3.10/site-packages/airflow/example_dags/example_time_delta_sensor_async.py for tasks to queue
[2025-06-21T20:17:36.299+0000] {logging_mixin.py:188} INFO - [2025-06-21T20:17:36.298+0000] {dagbag.py:538} INFO - Filling up the DagBag from /home/airflow/.local/lib/python3.10/site-packages/airflow/example_dags/example_time_delta_sensor_async.py
[2025-06-21T20:17:36.304+0000] {processor.py:840} INFO - DAG(s) 'example_time_delta_sensor_async' retrieved from /home/airflow/.local/lib/python3.10/site-packages/airflow/example_dags/example_time_delta_sensor_async.py
[2025-06-21T20:17:36.325+0000] {logging_mixin.py:188} INFO - [2025-06-21T20:17:36.325+0000] {dag.py:3036} INFO - Sync 1 DAGs
[2025-06-21T20:17:36.333+0000] {logging_mixin.py:188} INFO - [2025-06-21T20:17:36.333+0000] {dag.py:3823} INFO - Setting next_dagrun for example_time_delta_sensor_async to None, run_after=None
[2025-06-21T20:17:36.344+0000] {processor.py:183} INFO - Processing /home/airflow/.local/lib/python3.10/site-packages/airflow/example_dags/example_time_delta_sensor_async.py took 0.050 seconds
[2025-06-21T20:18:06.441+0000] {processor.py:161} INFO - Started process (PID=399) to work on /home/airflow/.local/lib/python3.10/site-packages/airflow/example_dags/example_time_delta_sensor_async.py
[2025-06-21T20:18:06.442+0000] {processor.py:830} INFO - Processing file /home/airflow/.local/lib/python3.10/site-packages/airflow/example_dags/example_time_delta_sensor_async.py for tasks to queue
[2025-06-21T20:18:06.444+0000] {logging_mixin.py:188} INFO - [2025-06-21T20:18:06.444+0000] {dagbag.py:538} INFO - Filling up the DagBag from /home/airflow/.local/lib/python3.10/site-packages/airflow/example_dags/example_time_delta_sensor_async.py
[2025-06-21T20:18:06.449+0000] {processor.py:840} INFO - DAG(s) 'example_time_delta_sensor_async' retrieved from /home/airflow/.local/lib/python3.10/site-packages/airflow/example_dags/example_time_delta_sensor_async.py
[2025-06-21T20:18:06.466+0000] {logging_mixin.py:188} INFO - [2025-06-21T20:18:06.466+0000] {dag.py:3036} INFO - Sync 1 DAGs
[2025-06-21T20:18:06.474+0000] {logging_mixin.py:188} INFO - [2025-06-21T20:18:06.474+0000] {dag.py:3823} INFO - Setting next_dagrun for example_time_delta_sensor_async to None, run_after=None
[2025-06-21T20:18:06.487+0000] {processor.py:183} INFO - Processing /home/airflow/.local/lib/python3.10/site-packages/airflow/example_dags/example_time_delta_sensor_async.py took 0.050 seconds
[2025-06-21T20:18:36.918+0000] {processor.py:161} INFO - Started process (PID=454) to work on /home/airflow/.local/lib/python3.10/site-packages/airflow/example_dags/example_time_delta_sensor_async.py
[2025-06-21T20:18:36.919+0000] {processor.py:830} INFO - Processing file /home/airflow/.local/lib/python3.10/site-packages/airflow/example_dags/example_time_delta_sensor_async.py for tasks to queue
[2025-06-21T20:18:36.921+0000] {logging_mixin.py:188} INFO - [2025-06-21T20:18:36.921+0000] {dagbag.py:538} INFO - Filling up the DagBag from /home/airflow/.local/lib/python3.10/site-packages/airflow/example_dags/example_time_delta_sensor_async.py
[2025-06-21T20:18:36.925+0000] {processor.py:840} INFO - DAG(s) 'example_time_delta_sensor_async' retrieved from /home/airflow/.local/lib/python3.10/site-packages/airflow/example_dags/example_time_delta_sensor_async.py
[2025-06-21T20:18:36.938+0000] {logging_mixin.py:188} INFO - [2025-06-21T20:18:36.937+0000] {dag.py:3036} INFO - Sync 1 DAGs
[2025-06-21T20:18:36.947+0000] {logging_mixin.py:188} INFO - [2025-06-21T20:18:36.947+0000] {dag.py:3823} INFO - Setting next_dagrun for example_time_delta_sensor_async to None, run_after=None
[2025-06-21T20:18:36.957+0000] {processor.py:183} INFO - Processing /home/airflow/.local/lib/python3.10/site-packages/airflow/example_dags/example_time_delta_sensor_async.py took 0.044 seconds
[2025-06-21T20:23:38.149+0000] {processor.py:161} INFO - Started process (PID=65) to work on /home/airflow/.local/lib/python3.10/site-packages/airflow/example_dags/example_time_delta_sensor_async.py
[2025-06-21T20:23:38.150+0000] {processor.py:830} INFO - Processing file /home/airflow/.local/lib/python3.10/site-packages/airflow/example_dags/example_time_delta_sensor_async.py for tasks to queue
[2025-06-21T20:23:38.154+0000] {logging_mixin.py:188} INFO - [2025-06-21T20:23:38.154+0000] {dagbag.py:538} INFO - Filling up the DagBag from /home/airflow/.local/lib/python3.10/site-packages/airflow/example_dags/example_time_delta_sensor_async.py
[2025-06-21T20:23:38.159+0000] {processor.py:840} INFO - DAG(s) 'example_time_delta_sensor_async' retrieved from /home/airflow/.local/lib/python3.10/site-packages/airflow/example_dags/example_time_delta_sensor_async.py
[2025-06-21T20:23:38.171+0000] {logging_mixin.py:188} INFO - [2025-06-21T20:23:38.170+0000] {dag.py:3036} INFO - Sync 1 DAGs
[2025-06-21T20:23:38.180+0000] {logging_mixin.py:188} INFO - [2025-06-21T20:23:38.179+0000] {dag.py:3823} INFO - Setting next_dagrun for example_time_delta_sensor_async to None, run_after=None
[2025-06-21T20:23:38.208+0000] {processor.py:183} INFO - Processing /home/airflow/.local/lib/python3.10/site-packages/airflow/example_dags/example_time_delta_sensor_async.py took 0.062 seconds
[2025-06-21T20:24:09.310+0000] {processor.py:161} INFO - Started process (PID=120) to work on /home/airflow/.local/lib/python3.10/site-packages/airflow/example_dags/example_time_delta_sensor_async.py
[2025-06-21T20:24:09.311+0000] {processor.py:830} INFO - Processing file /home/airflow/.local/lib/python3.10/site-packages/airflow/example_dags/example_time_delta_sensor_async.py for tasks to queue
[2025-06-21T20:24:09.313+0000] {logging_mixin.py:188} INFO - [2025-06-21T20:24:09.313+0000] {dagbag.py:538} INFO - Filling up the DagBag from /home/airflow/.local/lib/python3.10/site-packages/airflow/example_dags/example_time_delta_sensor_async.py
[2025-06-21T20:24:09.317+0000] {processor.py:840} INFO - DAG(s) 'example_time_delta_sensor_async' retrieved from /home/airflow/.local/lib/python3.10/site-packages/airflow/example_dags/example_time_delta_sensor_async.py
[2025-06-21T20:24:09.365+0000] {logging_mixin.py:188} INFO - [2025-06-21T20:24:09.365+0000] {dag.py:3036} INFO - Sync 1 DAGs
[2025-06-21T20:24:09.370+0000] {logging_mixin.py:188} INFO - [2025-06-21T20:24:09.370+0000] {dag.py:3823} INFO - Setting next_dagrun for example_time_delta_sensor_async to None, run_after=None
[2025-06-21T20:24:09.380+0000] {processor.py:183} INFO - Processing /home/airflow/.local/lib/python3.10/site-packages/airflow/example_dags/example_time_delta_sensor_async.py took 0.071 seconds
[2025-06-21T20:24:40.335+0000] {processor.py:161} INFO - Started process (PID=175) to work on /home/airflow/.local/lib/python3.10/site-packages/airflow/example_dags/example_time_delta_sensor_async.py
[2025-06-21T20:24:40.335+0000] {processor.py:830} INFO - Processing file /home/airflow/.local/lib/python3.10/site-packages/airflow/example_dags/example_time_delta_sensor_async.py for tasks to queue
[2025-06-21T20:24:40.336+0000] {logging_mixin.py:188} INFO - [2025-06-21T20:24:40.336+0000] {dagbag.py:538} INFO - Filling up the DagBag from /home/airflow/.local/lib/python3.10/site-packages/airflow/example_dags/example_time_delta_sensor_async.py
[2025-06-21T20:24:40.338+0000] {processor.py:840} INFO - DAG(s) 'example_time_delta_sensor_async' retrieved from /home/airflow/.local/lib/python3.10/site-packages/airflow/example_dags/example_time_delta_sensor_async.py
[2025-06-21T20:24:40.354+0000] {logging_mixin.py:188} INFO - [2025-06-21T20:24:40.354+0000] {dag.py:3036} INFO - Sync 1 DAGs
[2025-06-21T20:24:40.359+0000] {logging_mixin.py:188} INFO - [2025-06-21T20:24:40.359+0000] {dag.py:3823} INFO - Setting next_dagrun for example_time_delta_sensor_async to None, run_after=None
[2025-06-21T20:24:40.366+0000] {processor.py:183} INFO - Processing /home/airflow/.local/lib/python3.10/site-packages/airflow/example_dags/example_time_delta_sensor_async.py took 0.034 seconds
[2025-06-21T20:25:11.217+0000] {processor.py:161} INFO - Started process (PID=235) to work on /home/airflow/.local/lib/python3.10/site-packages/airflow/example_dags/example_time_delta_sensor_async.py
[2025-06-21T20:25:11.218+0000] {processor.py:830} INFO - Processing file /home/airflow/.local/lib/python3.10/site-packages/airflow/example_dags/example_time_delta_sensor_async.py for tasks to queue
[2025-06-21T20:25:11.218+0000] {logging_mixin.py:188} INFO - [2025-06-21T20:25:11.218+0000] {dagbag.py:538} INFO - Filling up the DagBag from /home/airflow/.local/lib/python3.10/site-packages/airflow/example_dags/example_time_delta_sensor_async.py
[2025-06-21T20:25:11.221+0000] {processor.py:840} INFO - DAG(s) 'example_time_delta_sensor_async' retrieved from /home/airflow/.local/lib/python3.10/site-packages/airflow/example_dags/example_time_delta_sensor_async.py
[2025-06-21T20:25:11.230+0000] {logging_mixin.py:188} INFO - [2025-06-21T20:25:11.230+0000] {dag.py:3036} INFO - Sync 1 DAGs
[2025-06-21T20:25:11.235+0000] {logging_mixin.py:188} INFO - [2025-06-21T20:25:11.235+0000] {dag.py:3823} INFO - Setting next_dagrun for example_time_delta_sensor_async to None, run_after=None
[2025-06-21T20:25:11.242+0000] {processor.py:183} INFO - Processing /home/airflow/.local/lib/python3.10/site-packages/airflow/example_dags/example_time_delta_sensor_async.py took 0.026 seconds
[2025-06-21T20:25:41.324+0000] {processor.py:161} INFO - Started process (PID=289) to work on /home/airflow/.local/lib/python3.10/site-packages/airflow/example_dags/example_time_delta_sensor_async.py
[2025-06-21T20:25:41.325+0000] {processor.py:830} INFO - Processing file /home/airflow/.local/lib/python3.10/site-packages/airflow/example_dags/example_time_delta_sensor_async.py for tasks to queue
[2025-06-21T20:25:41.326+0000] {logging_mixin.py:188} INFO - [2025-06-21T20:25:41.325+0000] {dagbag.py:538} INFO - Filling up the DagBag from /home/airflow/.local/lib/python3.10/site-packages/airflow/example_dags/example_time_delta_sensor_async.py
[2025-06-21T20:25:41.329+0000] {processor.py:840} INFO - DAG(s) 'example_time_delta_sensor_async' retrieved from /home/airflow/.local/lib/python3.10/site-packages/airflow/example_dags/example_time_delta_sensor_async.py
[2025-06-21T20:25:41.343+0000] {logging_mixin.py:188} INFO - [2025-06-21T20:25:41.343+0000] {dag.py:3036} INFO - Sync 1 DAGs
[2025-06-21T20:25:41.350+0000] {logging_mixin.py:188} INFO - [2025-06-21T20:25:41.350+0000] {dag.py:3823} INFO - Setting next_dagrun for example_time_delta_sensor_async to None, run_after=None
[2025-06-21T20:25:41.361+0000] {processor.py:183} INFO - Processing /home/airflow/.local/lib/python3.10/site-packages/airflow/example_dags/example_time_delta_sensor_async.py took 0.042 seconds
[2025-06-21T20:26:12.229+0000] {processor.py:161} INFO - Started process (PID=344) to work on /home/airflow/.local/lib/python3.10/site-packages/airflow/example_dags/example_time_delta_sensor_async.py
[2025-06-21T20:26:12.232+0000] {processor.py:830} INFO - Processing file /home/airflow/.local/lib/python3.10/site-packages/airflow/example_dags/example_time_delta_sensor_async.py for tasks to queue
[2025-06-21T20:26:12.233+0000] {logging_mixin.py:188} INFO - [2025-06-21T20:26:12.232+0000] {dagbag.py:538} INFO - Filling up the DagBag from /home/airflow/.local/lib/python3.10/site-packages/airflow/example_dags/example_time_delta_sensor_async.py
[2025-06-21T20:26:12.235+0000] {processor.py:840} INFO - DAG(s) 'example_time_delta_sensor_async' retrieved from /home/airflow/.local/lib/python3.10/site-packages/airflow/example_dags/example_time_delta_sensor_async.py
[2025-06-21T20:26:12.245+0000] {logging_mixin.py:188} INFO - [2025-06-21T20:26:12.245+0000] {dag.py:3036} INFO - Sync 1 DAGs
[2025-06-21T20:26:12.250+0000] {logging_mixin.py:188} INFO - [2025-06-21T20:26:12.250+0000] {dag.py:3823} INFO - Setting next_dagrun for example_time_delta_sensor_async to None, run_after=None
[2025-06-21T20:26:12.258+0000] {processor.py:183} INFO - Processing /home/airflow/.local/lib/python3.10/site-packages/airflow/example_dags/example_time_delta_sensor_async.py took 0.031 seconds
[2025-06-21T20:26:43.139+0000] {processor.py:161} INFO - Started process (PID=399) to work on /home/airflow/.local/lib/python3.10/site-packages/airflow/example_dags/example_time_delta_sensor_async.py
[2025-06-21T20:26:43.140+0000] {processor.py:830} INFO - Processing file /home/airflow/.local/lib/python3.10/site-packages/airflow/example_dags/example_time_delta_sensor_async.py for tasks to queue
[2025-06-21T20:26:43.142+0000] {logging_mixin.py:188} INFO - [2025-06-21T20:26:43.142+0000] {dagbag.py:538} INFO - Filling up the DagBag from /home/airflow/.local/lib/python3.10/site-packages/airflow/example_dags/example_time_delta_sensor_async.py
[2025-06-21T20:26:43.145+0000] {processor.py:840} INFO - DAG(s) 'example_time_delta_sensor_async' retrieved from /home/airflow/.local/lib/python3.10/site-packages/airflow/example_dags/example_time_delta_sensor_async.py
[2025-06-21T20:26:43.158+0000] {logging_mixin.py:188} INFO - [2025-06-21T20:26:43.158+0000] {dag.py:3036} INFO - Sync 1 DAGs
[2025-06-21T20:26:43.163+0000] {logging_mixin.py:188} INFO - [2025-06-21T20:26:43.163+0000] {dag.py:3823} INFO - Setting next_dagrun for example_time_delta_sensor_async to None, run_after=None
[2025-06-21T20:26:43.176+0000] {processor.py:183} INFO - Processing /home/airflow/.local/lib/python3.10/site-packages/airflow/example_dags/example_time_delta_sensor_async.py took 0.039 seconds
[2025-06-21T20:27:13.193+0000] {processor.py:161} INFO - Started process (PID=454) to work on /home/airflow/.local/lib/python3.10/site-packages/airflow/example_dags/example_time_delta_sensor_async.py
[2025-06-21T20:27:13.194+0000] {processor.py:830} INFO - Processing file /home/airflow/.local/lib/python3.10/site-packages/airflow/example_dags/example_time_delta_sensor_async.py for tasks to queue
[2025-06-21T20:27:13.196+0000] {logging_mixin.py:188} INFO - [2025-06-21T20:27:13.196+0000] {dagbag.py:538} INFO - Filling up the DagBag from /home/airflow/.local/lib/python3.10/site-packages/airflow/example_dags/example_time_delta_sensor_async.py
[2025-06-21T20:27:13.198+0000] {processor.py:840} INFO - DAG(s) 'example_time_delta_sensor_async' retrieved from /home/airflow/.local/lib/python3.10/site-packages/airflow/example_dags/example_time_delta_sensor_async.py
[2025-06-21T20:27:13.207+0000] {logging_mixin.py:188} INFO - [2025-06-21T20:27:13.207+0000] {dag.py:3036} INFO - Sync 1 DAGs
[2025-06-21T20:27:13.214+0000] {logging_mixin.py:188} INFO - [2025-06-21T20:27:13.214+0000] {dag.py:3823} INFO - Setting next_dagrun for example_time_delta_sensor_async to None, run_after=None
[2025-06-21T20:27:13.223+0000] {processor.py:183} INFO - Processing /home/airflow/.local/lib/python3.10/site-packages/airflow/example_dags/example_time_delta_sensor_async.py took 0.032 seconds
[2025-06-21T20:27:43.275+0000] {processor.py:161} INFO - Started process (PID=509) to work on /home/airflow/.local/lib/python3.10/site-packages/airflow/example_dags/example_time_delta_sensor_async.py
[2025-06-21T20:27:43.277+0000] {processor.py:830} INFO - Processing file /home/airflow/.local/lib/python3.10/site-packages/airflow/example_dags/example_time_delta_sensor_async.py for tasks to queue
[2025-06-21T20:27:43.278+0000] {logging_mixin.py:188} INFO - [2025-06-21T20:27:43.278+0000] {dagbag.py:538} INFO - Filling up the DagBag from /home/airflow/.local/lib/python3.10/site-packages/airflow/example_dags/example_time_delta_sensor_async.py
[2025-06-21T20:27:43.280+0000] {processor.py:840} INFO - DAG(s) 'example_time_delta_sensor_async' retrieved from /home/airflow/.local/lib/python3.10/site-packages/airflow/example_dags/example_time_delta_sensor_async.py
[2025-06-21T20:27:43.298+0000] {logging_mixin.py:188} INFO - [2025-06-21T20:27:43.298+0000] {dag.py:3036} INFO - Sync 1 DAGs
[2025-06-21T20:27:43.303+0000] {logging_mixin.py:188} INFO - [2025-06-21T20:27:43.303+0000] {dag.py:3823} INFO - Setting next_dagrun for example_time_delta_sensor_async to None, run_after=None
[2025-06-21T20:27:43.318+0000] {processor.py:183} INFO - Processing /home/airflow/.local/lib/python3.10/site-packages/airflow/example_dags/example_time_delta_sensor_async.py took 0.045 seconds
[2025-06-21T20:28:13.911+0000] {processor.py:161} INFO - Started process (PID=564) to work on /home/airflow/.local/lib/python3.10/site-packages/airflow/example_dags/example_time_delta_sensor_async.py
[2025-06-21T20:28:13.911+0000] {processor.py:830} INFO - Processing file /home/airflow/.local/lib/python3.10/site-packages/airflow/example_dags/example_time_delta_sensor_async.py for tasks to queue
[2025-06-21T20:28:13.912+0000] {logging_mixin.py:188} INFO - [2025-06-21T20:28:13.912+0000] {dagbag.py:538} INFO - Filling up the DagBag from /home/airflow/.local/lib/python3.10/site-packages/airflow/example_dags/example_time_delta_sensor_async.py
[2025-06-21T20:28:13.914+0000] {processor.py:840} INFO - DAG(s) 'example_time_delta_sensor_async' retrieved from /home/airflow/.local/lib/python3.10/site-packages/airflow/example_dags/example_time_delta_sensor_async.py
[2025-06-21T20:28:13.924+0000] {logging_mixin.py:188} INFO - [2025-06-21T20:28:13.923+0000] {dag.py:3036} INFO - Sync 1 DAGs
[2025-06-21T20:28:13.928+0000] {logging_mixin.py:188} INFO - [2025-06-21T20:28:13.928+0000] {dag.py:3823} INFO - Setting next_dagrun for example_time_delta_sensor_async to None, run_after=None
[2025-06-21T20:28:13.936+0000] {processor.py:183} INFO - Processing /home/airflow/.local/lib/python3.10/site-packages/airflow/example_dags/example_time_delta_sensor_async.py took 0.027 seconds
[2025-06-21T20:28:44.669+0000] {processor.py:161} INFO - Started process (PID=619) to work on /home/airflow/.local/lib/python3.10/site-packages/airflow/example_dags/example_time_delta_sensor_async.py
[2025-06-21T20:28:44.670+0000] {processor.py:830} INFO - Processing file /home/airflow/.local/lib/python3.10/site-packages/airflow/example_dags/example_time_delta_sensor_async.py for tasks to queue
[2025-06-21T20:28:44.671+0000] {logging_mixin.py:188} INFO - [2025-06-21T20:28:44.671+0000] {dagbag.py:538} INFO - Filling up the DagBag from /home/airflow/.local/lib/python3.10/site-packages/airflow/example_dags/example_time_delta_sensor_async.py
[2025-06-21T20:28:44.674+0000] {processor.py:840} INFO - DAG(s) 'example_time_delta_sensor_async' retrieved from /home/airflow/.local/lib/python3.10/site-packages/airflow/example_dags/example_time_delta_sensor_async.py
[2025-06-21T20:28:44.688+0000] {logging_mixin.py:188} INFO - [2025-06-21T20:28:44.688+0000] {dag.py:3036} INFO - Sync 1 DAGs
[2025-06-21T20:28:44.700+0000] {logging_mixin.py:188} INFO - [2025-06-21T20:28:44.699+0000] {dag.py:3823} INFO - Setting next_dagrun for example_time_delta_sensor_async to None, run_after=None
[2025-06-21T20:28:44.709+0000] {processor.py:183} INFO - Processing /home/airflow/.local/lib/python3.10/site-packages/airflow/example_dags/example_time_delta_sensor_async.py took 0.044 seconds
[2025-06-21T20:29:15.404+0000] {processor.py:161} INFO - Started process (PID=674) to work on /home/airflow/.local/lib/python3.10/site-packages/airflow/example_dags/example_time_delta_sensor_async.py
[2025-06-21T20:29:15.405+0000] {processor.py:830} INFO - Processing file /home/airflow/.local/lib/python3.10/site-packages/airflow/example_dags/example_time_delta_sensor_async.py for tasks to queue
[2025-06-21T20:29:15.406+0000] {logging_mixin.py:188} INFO - [2025-06-21T20:29:15.406+0000] {dagbag.py:538} INFO - Filling up the DagBag from /home/airflow/.local/lib/python3.10/site-packages/airflow/example_dags/example_time_delta_sensor_async.py
[2025-06-21T20:29:15.410+0000] {processor.py:840} INFO - DAG(s) 'example_time_delta_sensor_async' retrieved from /home/airflow/.local/lib/python3.10/site-packages/airflow/example_dags/example_time_delta_sensor_async.py
[2025-06-21T20:29:15.421+0000] {logging_mixin.py:188} INFO - [2025-06-21T20:29:15.420+0000] {dag.py:3036} INFO - Sync 1 DAGs
[2025-06-21T20:29:15.426+0000] {logging_mixin.py:188} INFO - [2025-06-21T20:29:15.426+0000] {dag.py:3823} INFO - Setting next_dagrun for example_time_delta_sensor_async to None, run_after=None
[2025-06-21T20:29:15.433+0000] {processor.py:183} INFO - Processing /home/airflow/.local/lib/python3.10/site-packages/airflow/example_dags/example_time_delta_sensor_async.py took 0.030 seconds
[2025-06-21T20:29:46.114+0000] {processor.py:161} INFO - Started process (PID=729) to work on /home/airflow/.local/lib/python3.10/site-packages/airflow/example_dags/example_time_delta_sensor_async.py
[2025-06-21T20:29:46.114+0000] {processor.py:830} INFO - Processing file /home/airflow/.local/lib/python3.10/site-packages/airflow/example_dags/example_time_delta_sensor_async.py for tasks to queue
[2025-06-21T20:29:46.115+0000] {logging_mixin.py:188} INFO - [2025-06-21T20:29:46.115+0000] {dagbag.py:538} INFO - Filling up the DagBag from /home/airflow/.local/lib/python3.10/site-packages/airflow/example_dags/example_time_delta_sensor_async.py
[2025-06-21T20:29:46.117+0000] {processor.py:840} INFO - DAG(s) 'example_time_delta_sensor_async' retrieved from /home/airflow/.local/lib/python3.10/site-packages/airflow/example_dags/example_time_delta_sensor_async.py
[2025-06-21T20:29:46.125+0000] {logging_mixin.py:188} INFO - [2025-06-21T20:29:46.125+0000] {dag.py:3036} INFO - Sync 1 DAGs
[2025-06-21T20:29:46.130+0000] {logging_mixin.py:188} INFO - [2025-06-21T20:29:46.130+0000] {dag.py:3823} INFO - Setting next_dagrun for example_time_delta_sensor_async to None, run_after=None
[2025-06-21T20:29:46.137+0000] {processor.py:183} INFO - Processing /home/airflow/.local/lib/python3.10/site-packages/airflow/example_dags/example_time_delta_sensor_async.py took 0.025 seconds
[2025-06-21T20:30:16.814+0000] {processor.py:161} INFO - Started process (PID=784) to work on /home/airflow/.local/lib/python3.10/site-packages/airflow/example_dags/example_time_delta_sensor_async.py
[2025-06-21T20:30:16.815+0000] {processor.py:830} INFO - Processing file /home/airflow/.local/lib/python3.10/site-packages/airflow/example_dags/example_time_delta_sensor_async.py for tasks to queue
[2025-06-21T20:30:16.816+0000] {logging_mixin.py:188} INFO - [2025-06-21T20:30:16.816+0000] {dagbag.py:538} INFO - Filling up the DagBag from /home/airflow/.local/lib/python3.10/site-packages/airflow/example_dags/example_time_delta_sensor_async.py
[2025-06-21T20:30:16.818+0000] {processor.py:840} INFO - DAG(s) 'example_time_delta_sensor_async' retrieved from /home/airflow/.local/lib/python3.10/site-packages/airflow/example_dags/example_time_delta_sensor_async.py
[2025-06-21T20:30:16.828+0000] {logging_mixin.py:188} INFO - [2025-06-21T20:30:16.827+0000] {dag.py:3036} INFO - Sync 1 DAGs
[2025-06-21T20:30:16.832+0000] {logging_mixin.py:188} INFO - [2025-06-21T20:30:16.832+0000] {dag.py:3823} INFO - Setting next_dagrun for example_time_delta_sensor_async to None, run_after=None
[2025-06-21T20:30:16.840+0000] {processor.py:183} INFO - Processing /home/airflow/.local/lib/python3.10/site-packages/airflow/example_dags/example_time_delta_sensor_async.py took 0.027 seconds
[2025-06-21T20:30:47.425+0000] {processor.py:161} INFO - Started process (PID=839) to work on /home/airflow/.local/lib/python3.10/site-packages/airflow/example_dags/example_time_delta_sensor_async.py
[2025-06-21T20:30:47.426+0000] {processor.py:830} INFO - Processing file /home/airflow/.local/lib/python3.10/site-packages/airflow/example_dags/example_time_delta_sensor_async.py for tasks to queue
[2025-06-21T20:30:47.426+0000] {logging_mixin.py:188} INFO - [2025-06-21T20:30:47.426+0000] {dagbag.py:538} INFO - Filling up the DagBag from /home/airflow/.local/lib/python3.10/site-packages/airflow/example_dags/example_time_delta_sensor_async.py
[2025-06-21T20:30:47.429+0000] {processor.py:840} INFO - DAG(s) 'example_time_delta_sensor_async' retrieved from /home/airflow/.local/lib/python3.10/site-packages/airflow/example_dags/example_time_delta_sensor_async.py
[2025-06-21T20:30:47.437+0000] {logging_mixin.py:188} INFO - [2025-06-21T20:30:47.437+0000] {dag.py:3036} INFO - Sync 1 DAGs
[2025-06-21T20:30:47.442+0000] {logging_mixin.py:188} INFO - [2025-06-21T20:30:47.442+0000] {dag.py:3823} INFO - Setting next_dagrun for example_time_delta_sensor_async to None, run_after=None
[2025-06-21T20:30:47.448+0000] {processor.py:183} INFO - Processing /home/airflow/.local/lib/python3.10/site-packages/airflow/example_dags/example_time_delta_sensor_async.py took 0.025 seconds
[2025-06-21T20:31:18.122+0000] {processor.py:161} INFO - Started process (PID=894) to work on /home/airflow/.local/lib/python3.10/site-packages/airflow/example_dags/example_time_delta_sensor_async.py
[2025-06-21T20:31:18.123+0000] {processor.py:830} INFO - Processing file /home/airflow/.local/lib/python3.10/site-packages/airflow/example_dags/example_time_delta_sensor_async.py for tasks to queue
[2025-06-21T20:31:18.124+0000] {logging_mixin.py:188} INFO - [2025-06-21T20:31:18.124+0000] {dagbag.py:538} INFO - Filling up the DagBag from /home/airflow/.local/lib/python3.10/site-packages/airflow/example_dags/example_time_delta_sensor_async.py
[2025-06-21T20:31:18.126+0000] {processor.py:840} INFO - DAG(s) 'example_time_delta_sensor_async' retrieved from /home/airflow/.local/lib/python3.10/site-packages/airflow/example_dags/example_time_delta_sensor_async.py
[2025-06-21T20:31:18.138+0000] {logging_mixin.py:188} INFO - [2025-06-21T20:31:18.138+0000] {dag.py:3036} INFO - Sync 1 DAGs
[2025-06-21T20:31:18.146+0000] {logging_mixin.py:188} INFO - [2025-06-21T20:31:18.146+0000] {dag.py:3823} INFO - Setting next_dagrun for example_time_delta_sensor_async to None, run_after=None
[2025-06-21T20:31:18.156+0000] {processor.py:183} INFO - Processing /home/airflow/.local/lib/python3.10/site-packages/airflow/example_dags/example_time_delta_sensor_async.py took 0.036 seconds
[2025-06-21T20:32:18.732+0000] {processor.py:161} INFO - Started process (PID=66) to work on /home/airflow/.local/lib/python3.10/site-packages/airflow/example_dags/example_time_delta_sensor_async.py
[2025-06-21T20:32:18.733+0000] {processor.py:830} INFO - Processing file /home/airflow/.local/lib/python3.10/site-packages/airflow/example_dags/example_time_delta_sensor_async.py for tasks to queue
[2025-06-21T20:32:18.739+0000] {logging_mixin.py:188} INFO - [2025-06-21T20:32:18.738+0000] {dagbag.py:538} INFO - Filling up the DagBag from /home/airflow/.local/lib/python3.10/site-packages/airflow/example_dags/example_time_delta_sensor_async.py
[2025-06-21T20:32:18.746+0000] {processor.py:840} INFO - DAG(s) 'example_time_delta_sensor_async' retrieved from /home/airflow/.local/lib/python3.10/site-packages/airflow/example_dags/example_time_delta_sensor_async.py
[2025-06-21T20:32:18.765+0000] {logging_mixin.py:188} INFO - [2025-06-21T20:32:18.765+0000] {dag.py:3036} INFO - Sync 1 DAGs
[2025-06-21T20:32:18.783+0000] {logging_mixin.py:188} INFO - [2025-06-21T20:32:18.783+0000] {dag.py:3823} INFO - Setting next_dagrun for example_time_delta_sensor_async to None, run_after=None
[2025-06-21T20:32:18.801+0000] {processor.py:183} INFO - Processing /home/airflow/.local/lib/python3.10/site-packages/airflow/example_dags/example_time_delta_sensor_async.py took 0.072 seconds
[2025-06-21T20:32:49.537+0000] {processor.py:161} INFO - Started process (PID=121) to work on /home/airflow/.local/lib/python3.10/site-packages/airflow/example_dags/example_time_delta_sensor_async.py
[2025-06-21T20:32:49.538+0000] {processor.py:830} INFO - Processing file /home/airflow/.local/lib/python3.10/site-packages/airflow/example_dags/example_time_delta_sensor_async.py for tasks to queue
[2025-06-21T20:32:49.539+0000] {logging_mixin.py:188} INFO - [2025-06-21T20:32:49.539+0000] {dagbag.py:538} INFO - Filling up the DagBag from /home/airflow/.local/lib/python3.10/site-packages/airflow/example_dags/example_time_delta_sensor_async.py
[2025-06-21T20:32:49.542+0000] {processor.py:840} INFO - DAG(s) 'example_time_delta_sensor_async' retrieved from /home/airflow/.local/lib/python3.10/site-packages/airflow/example_dags/example_time_delta_sensor_async.py
[2025-06-21T20:32:49.592+0000] {logging_mixin.py:188} INFO - [2025-06-21T20:32:49.592+0000] {dag.py:3036} INFO - Sync 1 DAGs
[2025-06-21T20:32:49.597+0000] {logging_mixin.py:188} INFO - [2025-06-21T20:32:49.597+0000] {dag.py:3823} INFO - Setting next_dagrun for example_time_delta_sensor_async to None, run_after=None
[2025-06-21T20:32:49.610+0000] {processor.py:183} INFO - Processing /home/airflow/.local/lib/python3.10/site-packages/airflow/example_dags/example_time_delta_sensor_async.py took 0.075 seconds
[2025-06-21T20:33:52.968+0000] {processor.py:161} INFO - Started process (PID=65) to work on /home/airflow/.local/lib/python3.10/site-packages/airflow/example_dags/example_time_delta_sensor_async.py
[2025-06-21T20:33:52.972+0000] {processor.py:830} INFO - Processing file /home/airflow/.local/lib/python3.10/site-packages/airflow/example_dags/example_time_delta_sensor_async.py for tasks to queue
[2025-06-21T20:33:52.979+0000] {logging_mixin.py:188} INFO - [2025-06-21T20:33:52.978+0000] {dagbag.py:538} INFO - Filling up the DagBag from /home/airflow/.local/lib/python3.10/site-packages/airflow/example_dags/example_time_delta_sensor_async.py
[2025-06-21T20:33:52.983+0000] {processor.py:840} INFO - DAG(s) 'example_time_delta_sensor_async' retrieved from /home/airflow/.local/lib/python3.10/site-packages/airflow/example_dags/example_time_delta_sensor_async.py
[2025-06-21T20:33:53.001+0000] {logging_mixin.py:188} INFO - [2025-06-21T20:33:53.000+0000] {dag.py:3036} INFO - Sync 1 DAGs
[2025-06-21T20:33:53.022+0000] {logging_mixin.py:188} INFO - [2025-06-21T20:33:53.021+0000] {dag.py:3823} INFO - Setting next_dagrun for example_time_delta_sensor_async to None, run_after=None
[2025-06-21T20:33:53.051+0000] {processor.py:183} INFO - Processing /home/airflow/.local/lib/python3.10/site-packages/airflow/example_dags/example_time_delta_sensor_async.py took 0.091 seconds
[2025-06-21T20:34:23.296+0000] {processor.py:161} INFO - Started process (PID=120) to work on /home/airflow/.local/lib/python3.10/site-packages/airflow/example_dags/example_time_delta_sensor_async.py
[2025-06-21T20:34:23.297+0000] {processor.py:830} INFO - Processing file /home/airflow/.local/lib/python3.10/site-packages/airflow/example_dags/example_time_delta_sensor_async.py for tasks to queue
[2025-06-21T20:34:23.298+0000] {logging_mixin.py:188} INFO - [2025-06-21T20:34:23.298+0000] {dagbag.py:538} INFO - Filling up the DagBag from /home/airflow/.local/lib/python3.10/site-packages/airflow/example_dags/example_time_delta_sensor_async.py
[2025-06-21T20:34:23.300+0000] {processor.py:840} INFO - DAG(s) 'example_time_delta_sensor_async' retrieved from /home/airflow/.local/lib/python3.10/site-packages/airflow/example_dags/example_time_delta_sensor_async.py
[2025-06-21T20:34:23.349+0000] {logging_mixin.py:188} INFO - [2025-06-21T20:34:23.349+0000] {dag.py:3036} INFO - Sync 1 DAGs
[2025-06-21T20:34:23.354+0000] {logging_mixin.py:188} INFO - [2025-06-21T20:34:23.354+0000] {dag.py:3823} INFO - Setting next_dagrun for example_time_delta_sensor_async to None, run_after=None
[2025-06-21T20:34:23.366+0000] {processor.py:183} INFO - Processing /home/airflow/.local/lib/python3.10/site-packages/airflow/example_dags/example_time_delta_sensor_async.py took 0.072 seconds
[2025-06-21T20:34:53.622+0000] {processor.py:161} INFO - Started process (PID=175) to work on /home/airflow/.local/lib/python3.10/site-packages/airflow/example_dags/example_time_delta_sensor_async.py
[2025-06-21T20:34:53.623+0000] {processor.py:830} INFO - Processing file /home/airflow/.local/lib/python3.10/site-packages/airflow/example_dags/example_time_delta_sensor_async.py for tasks to queue
[2025-06-21T20:34:53.624+0000] {logging_mixin.py:188} INFO - [2025-06-21T20:34:53.624+0000] {dagbag.py:538} INFO - Filling up the DagBag from /home/airflow/.local/lib/python3.10/site-packages/airflow/example_dags/example_time_delta_sensor_async.py
[2025-06-21T20:34:53.630+0000] {processor.py:840} INFO - DAG(s) 'example_time_delta_sensor_async' retrieved from /home/airflow/.local/lib/python3.10/site-packages/airflow/example_dags/example_time_delta_sensor_async.py
[2025-06-21T20:34:53.651+0000] {logging_mixin.py:188} INFO - [2025-06-21T20:34:53.651+0000] {dag.py:3036} INFO - Sync 1 DAGs
[2025-06-21T20:34:53.661+0000] {logging_mixin.py:188} INFO - [2025-06-21T20:34:53.661+0000] {dag.py:3823} INFO - Setting next_dagrun for example_time_delta_sensor_async to None, run_after=None
[2025-06-21T20:34:53.678+0000] {processor.py:183} INFO - Processing /home/airflow/.local/lib/python3.10/site-packages/airflow/example_dags/example_time_delta_sensor_async.py took 0.059 seconds
[2025-06-21T20:35:24.440+0000] {processor.py:161} INFO - Started process (PID=236) to work on /home/airflow/.local/lib/python3.10/site-packages/airflow/example_dags/example_time_delta_sensor_async.py
[2025-06-21T20:35:24.440+0000] {processor.py:830} INFO - Processing file /home/airflow/.local/lib/python3.10/site-packages/airflow/example_dags/example_time_delta_sensor_async.py for tasks to queue
[2025-06-21T20:35:24.441+0000] {logging_mixin.py:188} INFO - [2025-06-21T20:35:24.441+0000] {dagbag.py:538} INFO - Filling up the DagBag from /home/airflow/.local/lib/python3.10/site-packages/airflow/example_dags/example_time_delta_sensor_async.py
[2025-06-21T20:35:24.445+0000] {processor.py:840} INFO - DAG(s) 'example_time_delta_sensor_async' retrieved from /home/airflow/.local/lib/python3.10/site-packages/airflow/example_dags/example_time_delta_sensor_async.py
[2025-06-21T20:35:24.458+0000] {logging_mixin.py:188} INFO - [2025-06-21T20:35:24.458+0000] {dag.py:3036} INFO - Sync 1 DAGs
[2025-06-21T20:35:24.464+0000] {logging_mixin.py:188} INFO - [2025-06-21T20:35:24.464+0000] {dag.py:3823} INFO - Setting next_dagrun for example_time_delta_sensor_async to None, run_after=None
[2025-06-21T20:35:24.472+0000] {processor.py:183} INFO - Processing /home/airflow/.local/lib/python3.10/site-packages/airflow/example_dags/example_time_delta_sensor_async.py took 0.034 seconds
