[2025-06-21T20:15:02.391+0000] {processor.py:161} INFO - Started process (PID=68) to work on /home/airflow/.local/lib/python3.10/site-packages/airflow/example_dags/example_task_group.py
[2025-06-21T20:15:02.393+0000] {processor.py:830} INFO - Processing file /home/airflow/.local/lib/python3.10/site-packages/airflow/example_dags/example_task_group.py for tasks to queue
[2025-06-21T20:15:02.394+0000] {logging_mixin.py:188} INFO - [2025-06-21T20:15:02.394+0000] {dagbag.py:538} INFO - Filling up the DagBag from /home/airflow/.local/lib/python3.10/site-packages/airflow/example_dags/example_task_group.py
[2025-06-21T20:15:02.402+0000] {processor.py:840} INFO - DAG(s) 'example_task_group' retrieved from /home/airflow/.local/lib/python3.10/site-packages/airflow/example_dags/example_task_group.py
[2025-06-21T20:15:02.416+0000] {logging_mixin.py:188} INFO - [2025-06-21T20:15:02.416+0000] {dag.py:3036} INFO - Sync 1 DAGs
[2025-06-21T20:15:02.451+0000] {logging_mixin.py:188} INFO - [2025-06-21T20:15:02.451+0000] {dag.py:3823} INFO - Setting next_dagrun for example_task_group to 2025-06-20 00:00:00+00:00, run_after=2025-06-21 00:00:00+00:00
[2025-06-21T20:15:02.460+0000] {processor.py:183} INFO - Processing /home/airflow/.local/lib/python3.10/site-packages/airflow/example_dags/example_task_group.py took 0.074 seconds
[2025-06-21T20:15:33.508+0000] {processor.py:161} INFO - Started process (PID=123) to work on /home/airflow/.local/lib/python3.10/site-packages/airflow/example_dags/example_task_group.py
[2025-06-21T20:15:33.509+0000] {processor.py:830} INFO - Processing file /home/airflow/.local/lib/python3.10/site-packages/airflow/example_dags/example_task_group.py for tasks to queue
[2025-06-21T20:15:33.510+0000] {logging_mixin.py:188} INFO - [2025-06-21T20:15:33.510+0000] {dagbag.py:538} INFO - Filling up the DagBag from /home/airflow/.local/lib/python3.10/site-packages/airflow/example_dags/example_task_group.py
[2025-06-21T20:15:33.513+0000] {processor.py:840} INFO - DAG(s) 'example_task_group' retrieved from /home/airflow/.local/lib/python3.10/site-packages/airflow/example_dags/example_task_group.py
[2025-06-21T20:15:33.560+0000] {logging_mixin.py:188} INFO - [2025-06-21T20:15:33.560+0000] {dag.py:3036} INFO - Sync 1 DAGs
[2025-06-21T20:15:33.569+0000] {logging_mixin.py:188} INFO - [2025-06-21T20:15:33.569+0000] {dag.py:3823} INFO - Setting next_dagrun for example_task_group to 2025-06-20 00:00:00+00:00, run_after=2025-06-21 00:00:00+00:00
[2025-06-21T20:15:33.577+0000] {processor.py:183} INFO - Processing /home/airflow/.local/lib/python3.10/site-packages/airflow/example_dags/example_task_group.py took 0.070 seconds
[2025-06-21T20:16:04.097+0000] {processor.py:161} INFO - Started process (PID=178) to work on /home/airflow/.local/lib/python3.10/site-packages/airflow/example_dags/example_task_group.py
[2025-06-21T20:16:04.098+0000] {processor.py:830} INFO - Processing file /home/airflow/.local/lib/python3.10/site-packages/airflow/example_dags/example_task_group.py for tasks to queue
[2025-06-21T20:16:04.101+0000] {logging_mixin.py:188} INFO - [2025-06-21T20:16:04.100+0000] {dagbag.py:538} INFO - Filling up the DagBag from /home/airflow/.local/lib/python3.10/site-packages/airflow/example_dags/example_task_group.py
[2025-06-21T20:16:04.109+0000] {processor.py:840} INFO - DAG(s) 'example_task_group' retrieved from /home/airflow/.local/lib/python3.10/site-packages/airflow/example_dags/example_task_group.py
[2025-06-21T20:16:04.126+0000] {logging_mixin.py:188} INFO - [2025-06-21T20:16:04.126+0000] {dag.py:3036} INFO - Sync 1 DAGs
[2025-06-21T20:16:04.139+0000] {logging_mixin.py:188} INFO - [2025-06-21T20:16:04.139+0000] {dag.py:3823} INFO - Setting next_dagrun for example_task_group to 2025-06-20 00:00:00+00:00, run_after=2025-06-21 00:00:00+00:00
[2025-06-21T20:16:04.156+0000] {processor.py:183} INFO - Processing /home/airflow/.local/lib/python3.10/site-packages/airflow/example_dags/example_task_group.py took 0.062 seconds
[2025-06-21T20:16:34.559+0000] {processor.py:161} INFO - Started process (PID=232) to work on /home/airflow/.local/lib/python3.10/site-packages/airflow/example_dags/example_task_group.py
[2025-06-21T20:16:34.561+0000] {processor.py:830} INFO - Processing file /home/airflow/.local/lib/python3.10/site-packages/airflow/example_dags/example_task_group.py for tasks to queue
[2025-06-21T20:16:34.563+0000] {logging_mixin.py:188} INFO - [2025-06-21T20:16:34.563+0000] {dagbag.py:538} INFO - Filling up the DagBag from /home/airflow/.local/lib/python3.10/site-packages/airflow/example_dags/example_task_group.py
[2025-06-21T20:16:34.569+0000] {processor.py:840} INFO - DAG(s) 'example_task_group' retrieved from /home/airflow/.local/lib/python3.10/site-packages/airflow/example_dags/example_task_group.py
[2025-06-21T20:16:34.598+0000] {logging_mixin.py:188} INFO - [2025-06-21T20:16:34.598+0000] {dag.py:3036} INFO - Sync 1 DAGs
[2025-06-21T20:16:34.654+0000] {logging_mixin.py:188} INFO - [2025-06-21T20:16:34.653+0000] {dag.py:3823} INFO - Setting next_dagrun for example_task_group to 2025-06-20 00:00:00+00:00, run_after=2025-06-21 00:00:00+00:00
[2025-06-21T20:16:34.688+0000] {processor.py:183} INFO - Processing /home/airflow/.local/lib/python3.10/site-packages/airflow/example_dags/example_task_group.py took 0.133 seconds
[2025-06-21T20:17:05.399+0000] {processor.py:161} INFO - Started process (PID=293) to work on /home/airflow/.local/lib/python3.10/site-packages/airflow/example_dags/example_task_group.py
[2025-06-21T20:17:05.399+0000] {processor.py:830} INFO - Processing file /home/airflow/.local/lib/python3.10/site-packages/airflow/example_dags/example_task_group.py for tasks to queue
[2025-06-21T20:17:05.400+0000] {logging_mixin.py:188} INFO - [2025-06-21T20:17:05.400+0000] {dagbag.py:538} INFO - Filling up the DagBag from /home/airflow/.local/lib/python3.10/site-packages/airflow/example_dags/example_task_group.py
[2025-06-21T20:17:05.403+0000] {processor.py:840} INFO - DAG(s) 'example_task_group' retrieved from /home/airflow/.local/lib/python3.10/site-packages/airflow/example_dags/example_task_group.py
[2025-06-21T20:17:05.416+0000] {logging_mixin.py:188} INFO - [2025-06-21T20:17:05.416+0000] {dag.py:3036} INFO - Sync 1 DAGs
[2025-06-21T20:17:05.427+0000] {logging_mixin.py:188} INFO - [2025-06-21T20:17:05.427+0000] {dag.py:3823} INFO - Setting next_dagrun for example_task_group to 2025-06-20 00:00:00+00:00, run_after=2025-06-21 00:00:00+00:00
[2025-06-21T20:17:05.434+0000] {processor.py:183} INFO - Processing /home/airflow/.local/lib/python3.10/site-packages/airflow/example_dags/example_task_group.py took 0.038 seconds
[2025-06-21T20:17:36.424+0000] {processor.py:161} INFO - Started process (PID=348) to work on /home/airflow/.local/lib/python3.10/site-packages/airflow/example_dags/example_task_group.py
[2025-06-21T20:17:36.424+0000] {processor.py:830} INFO - Processing file /home/airflow/.local/lib/python3.10/site-packages/airflow/example_dags/example_task_group.py for tasks to queue
[2025-06-21T20:17:36.428+0000] {logging_mixin.py:188} INFO - [2025-06-21T20:17:36.427+0000] {dagbag.py:538} INFO - Filling up the DagBag from /home/airflow/.local/lib/python3.10/site-packages/airflow/example_dags/example_task_group.py
[2025-06-21T20:17:36.433+0000] {processor.py:840} INFO - DAG(s) 'example_task_group' retrieved from /home/airflow/.local/lib/python3.10/site-packages/airflow/example_dags/example_task_group.py
[2025-06-21T20:17:36.447+0000] {logging_mixin.py:188} INFO - [2025-06-21T20:17:36.447+0000] {dag.py:3036} INFO - Sync 1 DAGs
[2025-06-21T20:17:36.458+0000] {logging_mixin.py:188} INFO - [2025-06-21T20:17:36.458+0000] {dag.py:3823} INFO - Setting next_dagrun for example_task_group to 2025-06-20 00:00:00+00:00, run_after=2025-06-21 00:00:00+00:00
[2025-06-21T20:17:36.469+0000] {processor.py:183} INFO - Processing /home/airflow/.local/lib/python3.10/site-packages/airflow/example_dags/example_task_group.py took 0.047 seconds
[2025-06-21T20:18:06.512+0000] {processor.py:161} INFO - Started process (PID=402) to work on /home/airflow/.local/lib/python3.10/site-packages/airflow/example_dags/example_task_group.py
[2025-06-21T20:18:06.513+0000] {processor.py:830} INFO - Processing file /home/airflow/.local/lib/python3.10/site-packages/airflow/example_dags/example_task_group.py for tasks to queue
[2025-06-21T20:18:06.517+0000] {logging_mixin.py:188} INFO - [2025-06-21T20:18:06.517+0000] {dagbag.py:538} INFO - Filling up the DagBag from /home/airflow/.local/lib/python3.10/site-packages/airflow/example_dags/example_task_group.py
[2025-06-21T20:18:06.520+0000] {processor.py:840} INFO - DAG(s) 'example_task_group' retrieved from /home/airflow/.local/lib/python3.10/site-packages/airflow/example_dags/example_task_group.py
[2025-06-21T20:18:06.530+0000] {logging_mixin.py:188} INFO - [2025-06-21T20:18:06.530+0000] {dag.py:3036} INFO - Sync 1 DAGs
[2025-06-21T20:18:06.539+0000] {logging_mixin.py:188} INFO - [2025-06-21T20:18:06.539+0000] {dag.py:3823} INFO - Setting next_dagrun for example_task_group to 2025-06-20 00:00:00+00:00, run_after=2025-06-21 00:00:00+00:00
[2025-06-21T20:18:06.546+0000] {processor.py:183} INFO - Processing /home/airflow/.local/lib/python3.10/site-packages/airflow/example_dags/example_task_group.py took 0.036 seconds
[2025-06-21T20:18:37.015+0000] {processor.py:161} INFO - Started process (PID=457) to work on /home/airflow/.local/lib/python3.10/site-packages/airflow/example_dags/example_task_group.py
[2025-06-21T20:18:37.016+0000] {processor.py:830} INFO - Processing file /home/airflow/.local/lib/python3.10/site-packages/airflow/example_dags/example_task_group.py for tasks to queue
[2025-06-21T20:18:37.017+0000] {logging_mixin.py:188} INFO - [2025-06-21T20:18:37.017+0000] {dagbag.py:538} INFO - Filling up the DagBag from /home/airflow/.local/lib/python3.10/site-packages/airflow/example_dags/example_task_group.py
[2025-06-21T20:18:37.021+0000] {processor.py:840} INFO - DAG(s) 'example_task_group' retrieved from /home/airflow/.local/lib/python3.10/site-packages/airflow/example_dags/example_task_group.py
[2025-06-21T20:18:37.030+0000] {logging_mixin.py:188} INFO - [2025-06-21T20:18:37.030+0000] {dag.py:3036} INFO - Sync 1 DAGs
[2025-06-21T20:18:37.040+0000] {logging_mixin.py:188} INFO - [2025-06-21T20:18:37.040+0000] {dag.py:3823} INFO - Setting next_dagrun for example_task_group to 2025-06-20 00:00:00+00:00, run_after=2025-06-21 00:00:00+00:00
[2025-06-21T20:18:37.051+0000] {processor.py:183} INFO - Processing /home/airflow/.local/lib/python3.10/site-packages/airflow/example_dags/example_task_group.py took 0.037 seconds
