[2025-06-21T20:15:01.141+0000] {processor.py:161} INFO - Started process (PID=30) to work on /home/airflow/.local/lib/python3.10/site-packages/airflow/example_dags/example_short_circuit_decorator.py
[2025-06-21T20:15:01.142+0000] {processor.py:830} INFO - Processing file /home/airflow/.local/lib/python3.10/site-packages/airflow/example_dags/example_short_circuit_decorator.py for tasks to queue
[2025-06-21T20:15:01.143+0000] {logging_mixin.py:188} INFO - [2025-06-21T20:15:01.143+0000] {dagbag.py:538} INFO - Filling up the DagBag from /home/airflow/.local/lib/python3.10/site-packages/airflow/example_dags/example_short_circuit_decorator.py
[2025-06-21T20:15:01.149+0000] {processor.py:840} INFO - DAG(s) 'example_short_circuit_decorator' retrieved from /home/airflow/.local/lib/python3.10/site-packages/airflow/example_dags/example_short_circuit_decorator.py
[2025-06-21T20:15:01.155+0000] {logging_mixin.py:188} INFO - [2025-06-21T20:15:01.155+0000] {dag.py:3036} INFO - Sync 1 DAGs
[2025-06-21T20:15:01.166+0000] {logging_mixin.py:188} INFO - [2025-06-21T20:15:01.166+0000] {dag.py:3823} INFO - Setting next_dagrun for example_short_circuit_decorator to 2025-06-20 00:00:00+00:00, run_after=2025-06-21 00:00:00+00:00
[2025-06-21T20:15:01.173+0000] {processor.py:183} INFO - Processing /home/airflow/.local/lib/python3.10/site-packages/airflow/example_dags/example_short_circuit_decorator.py took 0.034 seconds
[2025-06-21T20:15:31.745+0000] {processor.py:161} INFO - Started process (PID=85) to work on /home/airflow/.local/lib/python3.10/site-packages/airflow/example_dags/example_short_circuit_decorator.py
[2025-06-21T20:15:31.745+0000] {processor.py:830} INFO - Processing file /home/airflow/.local/lib/python3.10/site-packages/airflow/example_dags/example_short_circuit_decorator.py for tasks to queue
[2025-06-21T20:15:31.746+0000] {logging_mixin.py:188} INFO - [2025-06-21T20:15:31.746+0000] {dagbag.py:538} INFO - Filling up the DagBag from /home/airflow/.local/lib/python3.10/site-packages/airflow/example_dags/example_short_circuit_decorator.py
[2025-06-21T20:15:31.751+0000] {processor.py:840} INFO - DAG(s) 'example_short_circuit_decorator' retrieved from /home/airflow/.local/lib/python3.10/site-packages/airflow/example_dags/example_short_circuit_decorator.py
[2025-06-21T20:15:31.805+0000] {logging_mixin.py:188} INFO - [2025-06-21T20:15:31.805+0000] {dag.py:3036} INFO - Sync 1 DAGs
[2025-06-21T20:15:31.817+0000] {logging_mixin.py:188} INFO - [2025-06-21T20:15:31.817+0000] {dag.py:3823} INFO - Setting next_dagrun for example_short_circuit_decorator to 2025-06-20 00:00:00+00:00, run_after=2025-06-21 00:00:00+00:00
[2025-06-21T20:15:31.830+0000] {processor.py:183} INFO - Processing /home/airflow/.local/lib/python3.10/site-packages/airflow/example_dags/example_short_circuit_decorator.py took 0.087 seconds
[2025-06-21T20:16:02.174+0000] {processor.py:161} INFO - Started process (PID=140) to work on /home/airflow/.local/lib/python3.10/site-packages/airflow/example_dags/example_short_circuit_decorator.py
[2025-06-21T20:16:02.175+0000] {processor.py:830} INFO - Processing file /home/airflow/.local/lib/python3.10/site-packages/airflow/example_dags/example_short_circuit_decorator.py for tasks to queue
[2025-06-21T20:16:02.178+0000] {logging_mixin.py:188} INFO - [2025-06-21T20:16:02.177+0000] {dagbag.py:538} INFO - Filling up the DagBag from /home/airflow/.local/lib/python3.10/site-packages/airflow/example_dags/example_short_circuit_decorator.py
[2025-06-21T20:16:02.187+0000] {processor.py:840} INFO - DAG(s) 'example_short_circuit_decorator' retrieved from /home/airflow/.local/lib/python3.10/site-packages/airflow/example_dags/example_short_circuit_decorator.py
[2025-06-21T20:16:02.223+0000] {logging_mixin.py:188} INFO - [2025-06-21T20:16:02.223+0000] {dag.py:3036} INFO - Sync 1 DAGs
[2025-06-21T20:16:02.246+0000] {logging_mixin.py:188} INFO - [2025-06-21T20:16:02.246+0000] {dag.py:3823} INFO - Setting next_dagrun for example_short_circuit_decorator to 2025-06-20 00:00:00+00:00, run_after=2025-06-21 00:00:00+00:00
[2025-06-21T20:16:02.269+0000] {processor.py:183} INFO - Processing /home/airflow/.local/lib/python3.10/site-packages/airflow/example_dags/example_short_circuit_decorator.py took 0.101 seconds
[2025-06-21T20:16:32.701+0000] {processor.py:161} INFO - Started process (PID=194) to work on /home/airflow/.local/lib/python3.10/site-packages/airflow/example_dags/example_short_circuit_decorator.py
[2025-06-21T20:16:32.701+0000] {processor.py:830} INFO - Processing file /home/airflow/.local/lib/python3.10/site-packages/airflow/example_dags/example_short_circuit_decorator.py for tasks to queue
[2025-06-21T20:16:32.702+0000] {logging_mixin.py:188} INFO - [2025-06-21T20:16:32.702+0000] {dagbag.py:538} INFO - Filling up the DagBag from /home/airflow/.local/lib/python3.10/site-packages/airflow/example_dags/example_short_circuit_decorator.py
[2025-06-21T20:16:32.707+0000] {processor.py:840} INFO - DAG(s) 'example_short_circuit_decorator' retrieved from /home/airflow/.local/lib/python3.10/site-packages/airflow/example_dags/example_short_circuit_decorator.py
[2025-06-21T20:16:32.717+0000] {logging_mixin.py:188} INFO - [2025-06-21T20:16:32.717+0000] {dag.py:3036} INFO - Sync 1 DAGs
[2025-06-21T20:16:32.725+0000] {logging_mixin.py:188} INFO - [2025-06-21T20:16:32.725+0000] {dag.py:3823} INFO - Setting next_dagrun for example_short_circuit_decorator to 2025-06-20 00:00:00+00:00, run_after=2025-06-21 00:00:00+00:00
[2025-06-21T20:16:32.733+0000] {processor.py:183} INFO - Processing /home/airflow/.local/lib/python3.10/site-packages/airflow/example_dags/example_short_circuit_decorator.py took 0.035 seconds
[2025-06-21T20:17:03.274+0000] {processor.py:161} INFO - Started process (PID=249) to work on /home/airflow/.local/lib/python3.10/site-packages/airflow/example_dags/example_short_circuit_decorator.py
[2025-06-21T20:17:03.274+0000] {processor.py:830} INFO - Processing file /home/airflow/.local/lib/python3.10/site-packages/airflow/example_dags/example_short_circuit_decorator.py for tasks to queue
[2025-06-21T20:17:03.275+0000] {logging_mixin.py:188} INFO - [2025-06-21T20:17:03.275+0000] {dagbag.py:538} INFO - Filling up the DagBag from /home/airflow/.local/lib/python3.10/site-packages/airflow/example_dags/example_short_circuit_decorator.py
[2025-06-21T20:17:03.280+0000] {processor.py:840} INFO - DAG(s) 'example_short_circuit_decorator' retrieved from /home/airflow/.local/lib/python3.10/site-packages/airflow/example_dags/example_short_circuit_decorator.py
[2025-06-21T20:17:03.293+0000] {logging_mixin.py:188} INFO - [2025-06-21T20:17:03.293+0000] {dag.py:3036} INFO - Sync 1 DAGs
[2025-06-21T20:17:03.302+0000] {logging_mixin.py:188} INFO - [2025-06-21T20:17:03.302+0000] {dag.py:3823} INFO - Setting next_dagrun for example_short_circuit_decorator to 2025-06-20 00:00:00+00:00, run_after=2025-06-21 00:00:00+00:00
[2025-06-21T20:17:03.315+0000] {processor.py:183} INFO - Processing /home/airflow/.local/lib/python3.10/site-packages/airflow/example_dags/example_short_circuit_decorator.py took 0.043 seconds
[2025-06-21T20:17:33.943+0000] {processor.py:161} INFO - Started process (PID=304) to work on /home/airflow/.local/lib/python3.10/site-packages/airflow/example_dags/example_short_circuit_decorator.py
[2025-06-21T20:17:33.944+0000] {processor.py:830} INFO - Processing file /home/airflow/.local/lib/python3.10/site-packages/airflow/example_dags/example_short_circuit_decorator.py for tasks to queue
[2025-06-21T20:17:33.945+0000] {logging_mixin.py:188} INFO - [2025-06-21T20:17:33.945+0000] {dagbag.py:538} INFO - Filling up the DagBag from /home/airflow/.local/lib/python3.10/site-packages/airflow/example_dags/example_short_circuit_decorator.py
[2025-06-21T20:17:33.950+0000] {processor.py:840} INFO - DAG(s) 'example_short_circuit_decorator' retrieved from /home/airflow/.local/lib/python3.10/site-packages/airflow/example_dags/example_short_circuit_decorator.py
[2025-06-21T20:17:33.963+0000] {logging_mixin.py:188} INFO - [2025-06-21T20:17:33.963+0000] {dag.py:3036} INFO - Sync 1 DAGs
[2025-06-21T20:17:33.977+0000] {logging_mixin.py:188} INFO - [2025-06-21T20:17:33.977+0000] {dag.py:3823} INFO - Setting next_dagrun for example_short_circuit_decorator to 2025-06-20 00:00:00+00:00, run_after=2025-06-21 00:00:00+00:00
[2025-06-21T20:17:34.041+0000] {processor.py:183} INFO - Processing /home/airflow/.local/lib/python3.10/site-packages/airflow/example_dags/example_short_circuit_decorator.py took 0.100 seconds
[2025-06-21T20:18:04.195+0000] {processor.py:161} INFO - Started process (PID=359) to work on /home/airflow/.local/lib/python3.10/site-packages/airflow/example_dags/example_short_circuit_decorator.py
[2025-06-21T20:18:04.196+0000] {processor.py:830} INFO - Processing file /home/airflow/.local/lib/python3.10/site-packages/airflow/example_dags/example_short_circuit_decorator.py for tasks to queue
[2025-06-21T20:18:04.197+0000] {logging_mixin.py:188} INFO - [2025-06-21T20:18:04.197+0000] {dagbag.py:538} INFO - Filling up the DagBag from /home/airflow/.local/lib/python3.10/site-packages/airflow/example_dags/example_short_circuit_decorator.py
[2025-06-21T20:18:04.202+0000] {processor.py:840} INFO - DAG(s) 'example_short_circuit_decorator' retrieved from /home/airflow/.local/lib/python3.10/site-packages/airflow/example_dags/example_short_circuit_decorator.py
[2025-06-21T20:18:04.215+0000] {logging_mixin.py:188} INFO - [2025-06-21T20:18:04.215+0000] {dag.py:3036} INFO - Sync 1 DAGs
[2025-06-21T20:18:04.229+0000] {logging_mixin.py:188} INFO - [2025-06-21T20:18:04.229+0000] {dag.py:3823} INFO - Setting next_dagrun for example_short_circuit_decorator to 2025-06-20 00:00:00+00:00, run_after=2025-06-21 00:00:00+00:00
[2025-06-21T20:18:04.241+0000] {processor.py:183} INFO - Processing /home/airflow/.local/lib/python3.10/site-packages/airflow/example_dags/example_short_circuit_decorator.py took 0.047 seconds
[2025-06-21T20:18:34.997+0000] {processor.py:161} INFO - Started process (PID=419) to work on /home/airflow/.local/lib/python3.10/site-packages/airflow/example_dags/example_short_circuit_decorator.py
[2025-06-21T20:18:34.998+0000] {processor.py:830} INFO - Processing file /home/airflow/.local/lib/python3.10/site-packages/airflow/example_dags/example_short_circuit_decorator.py for tasks to queue
[2025-06-21T20:18:34.999+0000] {logging_mixin.py:188} INFO - [2025-06-21T20:18:34.999+0000] {dagbag.py:538} INFO - Filling up the DagBag from /home/airflow/.local/lib/python3.10/site-packages/airflow/example_dags/example_short_circuit_decorator.py
[2025-06-21T20:18:35.004+0000] {processor.py:840} INFO - DAG(s) 'example_short_circuit_decorator' retrieved from /home/airflow/.local/lib/python3.10/site-packages/airflow/example_dags/example_short_circuit_decorator.py
[2025-06-21T20:18:35.012+0000] {logging_mixin.py:188} INFO - [2025-06-21T20:18:35.012+0000] {dag.py:3036} INFO - Sync 1 DAGs
[2025-06-21T20:18:35.023+0000] {logging_mixin.py:188} INFO - [2025-06-21T20:18:35.023+0000] {dag.py:3823} INFO - Setting next_dagrun for example_short_circuit_decorator to 2025-06-20 00:00:00+00:00, run_after=2025-06-21 00:00:00+00:00
[2025-06-21T20:18:35.033+0000] {processor.py:183} INFO - Processing /home/airflow/.local/lib/python3.10/site-packages/airflow/example_dags/example_short_circuit_decorator.py took 0.038 seconds
