[2025-06-21T20:15:01.902+0000] {processor.py:161} INFO - Started process (PID=54) to work on /home/airflow/.local/lib/python3.10/site-packages/airflow/example_dags/example_datasets.py
[2025-06-21T20:15:01.906+0000] {processor.py:830} INFO - Processing file /home/airflow/.local/lib/python3.10/site-packages/airflow/example_dags/example_datasets.py for tasks to queue
[2025-06-21T20:15:01.907+0000] {logging_mixin.py:188} INFO - [2025-06-21T20:15:01.907+0000] {dagbag.py:538} INFO - Filling up the DagBag from /home/airflow/.local/lib/python3.10/site-packages/airflow/example_dags/example_datasets.py
[2025-06-21T20:15:01.914+0000] {processor.py:840} INFO - DAG(s) 'dataset_consumes_1_never_scheduled', 'dataset_consumes_1', 'dataset_produces_2', 'dataset_consumes_unknown_never_scheduled', 'dataset_produces_1', 'dataset_consumes_1_and_2' retrieved from /home/airflow/.local/lib/python3.10/site-packages/airflow/example_dags/example_datasets.py
[2025-06-21T20:15:01.922+0000] {logging_mixin.py:188} INFO - [2025-06-21T20:15:01.922+0000] {dag.py:3036} INFO - Sync 6 DAGs
[2025-06-21T20:15:01.937+0000] {logging_mixin.py:188} INFO - [2025-06-21T20:15:01.936+0000] {dag.py:3823} INFO - Setting next_dagrun for dataset_consumes_1 to None, run_after=None
[2025-06-21T20:15:01.940+0000] {logging_mixin.py:188} INFO - [2025-06-21T20:15:01.939+0000] {dag.py:3823} INFO - Setting next_dagrun for dataset_consumes_1_and_2 to None, run_after=None
[2025-06-21T20:15:01.941+0000] {logging_mixin.py:188} INFO - [2025-06-21T20:15:01.941+0000] {dag.py:3823} INFO - Setting next_dagrun for dataset_consumes_1_never_scheduled to None, run_after=None
[2025-06-21T20:15:01.942+0000] {logging_mixin.py:188} INFO - [2025-06-21T20:15:01.942+0000] {dag.py:3823} INFO - Setting next_dagrun for dataset_consumes_unknown_never_scheduled to None, run_after=None
[2025-06-21T20:15:01.944+0000] {logging_mixin.py:188} INFO - [2025-06-21T20:15:01.944+0000] {dag.py:3823} INFO - Setting next_dagrun for dataset_produces_1 to 2025-06-20 00:00:00+00:00, run_after=2025-06-21 00:00:00+00:00
[2025-06-21T20:15:01.945+0000] {logging_mixin.py:188} INFO - [2025-06-21T20:15:01.945+0000] {dag.py:3823} INFO - Setting next_dagrun for dataset_produces_2 to None, run_after=None
[2025-06-21T20:15:01.962+0000] {processor.py:183} INFO - Processing /home/airflow/.local/lib/python3.10/site-packages/airflow/example_dags/example_datasets.py took 0.062 seconds
[2025-06-21T20:15:32.846+0000] {processor.py:161} INFO - Started process (PID=109) to work on /home/airflow/.local/lib/python3.10/site-packages/airflow/example_dags/example_datasets.py
[2025-06-21T20:15:32.846+0000] {processor.py:830} INFO - Processing file /home/airflow/.local/lib/python3.10/site-packages/airflow/example_dags/example_datasets.py for tasks to queue
[2025-06-21T20:15:32.847+0000] {logging_mixin.py:188} INFO - [2025-06-21T20:15:32.847+0000] {dagbag.py:538} INFO - Filling up the DagBag from /home/airflow/.local/lib/python3.10/site-packages/airflow/example_dags/example_datasets.py
[2025-06-21T20:15:32.854+0000] {processor.py:840} INFO - DAG(s) 'dataset_consumes_1', 'dataset_produces_2', 'dataset_produces_1', 'dataset_consumes_1_and_2', 'dataset_consumes_unknown_never_scheduled', 'dataset_consumes_1_never_scheduled' retrieved from /home/airflow/.local/lib/python3.10/site-packages/airflow/example_dags/example_datasets.py
[2025-06-21T20:15:32.923+0000] {logging_mixin.py:188} INFO - [2025-06-21T20:15:32.923+0000] {dag.py:3036} INFO - Sync 6 DAGs
[2025-06-21T20:15:32.936+0000] {logging_mixin.py:188} INFO - [2025-06-21T20:15:32.936+0000] {dag.py:3823} INFO - Setting next_dagrun for dataset_consumes_1 to None, run_after=None
[2025-06-21T20:15:32.937+0000] {logging_mixin.py:188} INFO - [2025-06-21T20:15:32.937+0000] {dag.py:3823} INFO - Setting next_dagrun for dataset_consumes_1_and_2 to None, run_after=None
[2025-06-21T20:15:32.938+0000] {logging_mixin.py:188} INFO - [2025-06-21T20:15:32.938+0000] {dag.py:3823} INFO - Setting next_dagrun for dataset_consumes_1_never_scheduled to None, run_after=None
[2025-06-21T20:15:32.939+0000] {logging_mixin.py:188} INFO - [2025-06-21T20:15:32.939+0000] {dag.py:3823} INFO - Setting next_dagrun for dataset_consumes_unknown_never_scheduled to None, run_after=None
[2025-06-21T20:15:32.940+0000] {logging_mixin.py:188} INFO - [2025-06-21T20:15:32.940+0000] {dag.py:3823} INFO - Setting next_dagrun for dataset_produces_1 to 2025-06-20 00:00:00+00:00, run_after=2025-06-21 00:00:00+00:00
[2025-06-21T20:15:32.945+0000] {logging_mixin.py:188} INFO - [2025-06-21T20:15:32.945+0000] {dag.py:3823} INFO - Setting next_dagrun for dataset_produces_2 to None, run_after=None
[2025-06-21T20:15:32.960+0000] {processor.py:183} INFO - Processing /home/airflow/.local/lib/python3.10/site-packages/airflow/example_dags/example_datasets.py took 0.116 seconds
[2025-06-21T20:16:03.445+0000] {processor.py:161} INFO - Started process (PID=164) to work on /home/airflow/.local/lib/python3.10/site-packages/airflow/example_dags/example_datasets.py
[2025-06-21T20:16:03.449+0000] {processor.py:830} INFO - Processing file /home/airflow/.local/lib/python3.10/site-packages/airflow/example_dags/example_datasets.py for tasks to queue
[2025-06-21T20:16:03.450+0000] {logging_mixin.py:188} INFO - [2025-06-21T20:16:03.450+0000] {dagbag.py:538} INFO - Filling up the DagBag from /home/airflow/.local/lib/python3.10/site-packages/airflow/example_dags/example_datasets.py
[2025-06-21T20:16:03.457+0000] {processor.py:840} INFO - DAG(s) 'dataset_consumes_1_never_scheduled', 'dataset_consumes_1_and_2', 'dataset_consumes_1', 'dataset_produces_1', 'dataset_produces_2', 'dataset_consumes_unknown_never_scheduled' retrieved from /home/airflow/.local/lib/python3.10/site-packages/airflow/example_dags/example_datasets.py
[2025-06-21T20:16:03.484+0000] {logging_mixin.py:188} INFO - [2025-06-21T20:16:03.484+0000] {dag.py:3036} INFO - Sync 6 DAGs
[2025-06-21T20:16:03.501+0000] {logging_mixin.py:188} INFO - [2025-06-21T20:16:03.501+0000] {dag.py:3823} INFO - Setting next_dagrun for dataset_consumes_1 to None, run_after=None
[2025-06-21T20:16:03.504+0000] {logging_mixin.py:188} INFO - [2025-06-21T20:16:03.504+0000] {dag.py:3823} INFO - Setting next_dagrun for dataset_consumes_1_and_2 to None, run_after=None
[2025-06-21T20:16:03.505+0000] {logging_mixin.py:188} INFO - [2025-06-21T20:16:03.505+0000] {dag.py:3823} INFO - Setting next_dagrun for dataset_consumes_1_never_scheduled to None, run_after=None
[2025-06-21T20:16:03.506+0000] {logging_mixin.py:188} INFO - [2025-06-21T20:16:03.506+0000] {dag.py:3823} INFO - Setting next_dagrun for dataset_consumes_unknown_never_scheduled to None, run_after=None
[2025-06-21T20:16:03.509+0000] {logging_mixin.py:188} INFO - [2025-06-21T20:16:03.509+0000] {dag.py:3823} INFO - Setting next_dagrun for dataset_produces_1 to 2025-06-20 00:00:00+00:00, run_after=2025-06-21 00:00:00+00:00
[2025-06-21T20:16:03.513+0000] {logging_mixin.py:188} INFO - [2025-06-21T20:16:03.513+0000] {dag.py:3823} INFO - Setting next_dagrun for dataset_produces_2 to None, run_after=None
[2025-06-21T20:16:03.539+0000] {processor.py:183} INFO - Processing /home/airflow/.local/lib/python3.10/site-packages/airflow/example_dags/example_datasets.py took 0.098 seconds
[2025-06-21T20:16:33.577+0000] {processor.py:161} INFO - Started process (PID=219) to work on /home/airflow/.local/lib/python3.10/site-packages/airflow/example_dags/example_datasets.py
[2025-06-21T20:16:33.577+0000] {processor.py:830} INFO - Processing file /home/airflow/.local/lib/python3.10/site-packages/airflow/example_dags/example_datasets.py for tasks to queue
[2025-06-21T20:16:33.578+0000] {logging_mixin.py:188} INFO - [2025-06-21T20:16:33.578+0000] {dagbag.py:538} INFO - Filling up the DagBag from /home/airflow/.local/lib/python3.10/site-packages/airflow/example_dags/example_datasets.py
[2025-06-21T20:16:33.583+0000] {processor.py:840} INFO - DAG(s) 'dataset_produces_1', 'dataset_consumes_1_and_2', 'dataset_consumes_1_never_scheduled', 'dataset_consumes_unknown_never_scheduled', 'dataset_consumes_1', 'dataset_produces_2' retrieved from /home/airflow/.local/lib/python3.10/site-packages/airflow/example_dags/example_datasets.py
[2025-06-21T20:16:33.598+0000] {logging_mixin.py:188} INFO - [2025-06-21T20:16:33.598+0000] {dag.py:3036} INFO - Sync 6 DAGs
[2025-06-21T20:16:33.607+0000] {logging_mixin.py:188} INFO - [2025-06-21T20:16:33.607+0000] {dag.py:3823} INFO - Setting next_dagrun for dataset_consumes_1 to None, run_after=None
[2025-06-21T20:16:33.608+0000] {logging_mixin.py:188} INFO - [2025-06-21T20:16:33.608+0000] {dag.py:3823} INFO - Setting next_dagrun for dataset_consumes_1_and_2 to None, run_after=None
[2025-06-21T20:16:33.609+0000] {logging_mixin.py:188} INFO - [2025-06-21T20:16:33.609+0000] {dag.py:3823} INFO - Setting next_dagrun for dataset_consumes_1_never_scheduled to None, run_after=None
[2025-06-21T20:16:33.609+0000] {logging_mixin.py:188} INFO - [2025-06-21T20:16:33.609+0000] {dag.py:3823} INFO - Setting next_dagrun for dataset_consumes_unknown_never_scheduled to None, run_after=None
[2025-06-21T20:16:33.610+0000] {logging_mixin.py:188} INFO - [2025-06-21T20:16:33.610+0000] {dag.py:3823} INFO - Setting next_dagrun for dataset_produces_1 to 2025-06-20 00:00:00+00:00, run_after=2025-06-21 00:00:00+00:00
[2025-06-21T20:16:33.611+0000] {logging_mixin.py:188} INFO - [2025-06-21T20:16:33.611+0000] {dag.py:3823} INFO - Setting next_dagrun for dataset_produces_2 to None, run_after=None
[2025-06-21T20:16:33.624+0000] {processor.py:183} INFO - Processing /home/airflow/.local/lib/python3.10/site-packages/airflow/example_dags/example_datasets.py took 0.049 seconds
[2025-06-21T20:17:03.947+0000] {processor.py:161} INFO - Started process (PID=273) to work on /home/airflow/.local/lib/python3.10/site-packages/airflow/example_dags/example_datasets.py
[2025-06-21T20:17:03.949+0000] {processor.py:830} INFO - Processing file /home/airflow/.local/lib/python3.10/site-packages/airflow/example_dags/example_datasets.py for tasks to queue
[2025-06-21T20:17:03.951+0000] {logging_mixin.py:188} INFO - [2025-06-21T20:17:03.951+0000] {dagbag.py:538} INFO - Filling up the DagBag from /home/airflow/.local/lib/python3.10/site-packages/airflow/example_dags/example_datasets.py
[2025-06-21T20:17:03.955+0000] {processor.py:840} INFO - DAG(s) 'dataset_consumes_1', 'dataset_produces_2', 'dataset_produces_1', 'dataset_consumes_1_and_2', 'dataset_consumes_1_never_scheduled', 'dataset_consumes_unknown_never_scheduled' retrieved from /home/airflow/.local/lib/python3.10/site-packages/airflow/example_dags/example_datasets.py
[2025-06-21T20:17:03.978+0000] {logging_mixin.py:188} INFO - [2025-06-21T20:17:03.978+0000] {dag.py:3036} INFO - Sync 6 DAGs
[2025-06-21T20:17:03.988+0000] {logging_mixin.py:188} INFO - [2025-06-21T20:17:03.988+0000] {dag.py:3823} INFO - Setting next_dagrun for dataset_consumes_1 to None, run_after=None
[2025-06-21T20:17:03.991+0000] {logging_mixin.py:188} INFO - [2025-06-21T20:17:03.991+0000] {dag.py:3823} INFO - Setting next_dagrun for dataset_consumes_1_and_2 to None, run_after=None
[2025-06-21T20:17:03.992+0000] {logging_mixin.py:188} INFO - [2025-06-21T20:17:03.991+0000] {dag.py:3823} INFO - Setting next_dagrun for dataset_consumes_1_never_scheduled to None, run_after=None
[2025-06-21T20:17:03.992+0000] {logging_mixin.py:188} INFO - [2025-06-21T20:17:03.992+0000] {dag.py:3823} INFO - Setting next_dagrun for dataset_consumes_unknown_never_scheduled to None, run_after=None
[2025-06-21T20:17:03.993+0000] {logging_mixin.py:188} INFO - [2025-06-21T20:17:03.993+0000] {dag.py:3823} INFO - Setting next_dagrun for dataset_produces_1 to 2025-06-20 00:00:00+00:00, run_after=2025-06-21 00:00:00+00:00
[2025-06-21T20:17:03.993+0000] {logging_mixin.py:188} INFO - [2025-06-21T20:17:03.993+0000] {dag.py:3823} INFO - Setting next_dagrun for dataset_produces_2 to None, run_after=None
[2025-06-21T20:17:04.005+0000] {processor.py:183} INFO - Processing /home/airflow/.local/lib/python3.10/site-packages/airflow/example_dags/example_datasets.py took 0.061 seconds
[2025-06-21T20:17:34.815+0000] {processor.py:161} INFO - Started process (PID=328) to work on /home/airflow/.local/lib/python3.10/site-packages/airflow/example_dags/example_datasets.py
[2025-06-21T20:17:34.816+0000] {processor.py:830} INFO - Processing file /home/airflow/.local/lib/python3.10/site-packages/airflow/example_dags/example_datasets.py for tasks to queue
[2025-06-21T20:17:34.819+0000] {logging_mixin.py:188} INFO - [2025-06-21T20:17:34.818+0000] {dagbag.py:538} INFO - Filling up the DagBag from /home/airflow/.local/lib/python3.10/site-packages/airflow/example_dags/example_datasets.py
[2025-06-21T20:17:34.824+0000] {processor.py:840} INFO - DAG(s) 'dataset_consumes_1_never_scheduled', 'dataset_produces_2', 'dataset_consumes_1_and_2', 'dataset_consumes_unknown_never_scheduled', 'dataset_consumes_1', 'dataset_produces_1' retrieved from /home/airflow/.local/lib/python3.10/site-packages/airflow/example_dags/example_datasets.py
[2025-06-21T20:17:34.841+0000] {logging_mixin.py:188} INFO - [2025-06-21T20:17:34.841+0000] {dag.py:3036} INFO - Sync 6 DAGs
[2025-06-21T20:17:34.856+0000] {logging_mixin.py:188} INFO - [2025-06-21T20:17:34.855+0000] {dag.py:3823} INFO - Setting next_dagrun for dataset_consumes_1 to None, run_after=None
[2025-06-21T20:17:34.857+0000] {logging_mixin.py:188} INFO - [2025-06-21T20:17:34.857+0000] {dag.py:3823} INFO - Setting next_dagrun for dataset_consumes_1_and_2 to None, run_after=None
[2025-06-21T20:17:34.858+0000] {logging_mixin.py:188} INFO - [2025-06-21T20:17:34.858+0000] {dag.py:3823} INFO - Setting next_dagrun for dataset_consumes_1_never_scheduled to None, run_after=None
[2025-06-21T20:17:34.859+0000] {logging_mixin.py:188} INFO - [2025-06-21T20:17:34.858+0000] {dag.py:3823} INFO - Setting next_dagrun for dataset_consumes_unknown_never_scheduled to None, run_after=None
[2025-06-21T20:17:34.860+0000] {logging_mixin.py:188} INFO - [2025-06-21T20:17:34.860+0000] {dag.py:3823} INFO - Setting next_dagrun for dataset_produces_1 to 2025-06-20 00:00:00+00:00, run_after=2025-06-21 00:00:00+00:00
[2025-06-21T20:17:34.860+0000] {logging_mixin.py:188} INFO - [2025-06-21T20:17:34.860+0000] {dag.py:3823} INFO - Setting next_dagrun for dataset_produces_2 to None, run_after=None
[2025-06-21T20:17:34.875+0000] {processor.py:183} INFO - Processing /home/airflow/.local/lib/python3.10/site-packages/airflow/example_dags/example_datasets.py took 0.064 seconds
[2025-06-21T20:18:04.954+0000] {processor.py:161} INFO - Started process (PID=388) to work on /home/airflow/.local/lib/python3.10/site-packages/airflow/example_dags/example_datasets.py
[2025-06-21T20:18:04.955+0000] {processor.py:830} INFO - Processing file /home/airflow/.local/lib/python3.10/site-packages/airflow/example_dags/example_datasets.py for tasks to queue
[2025-06-21T20:18:04.957+0000] {logging_mixin.py:188} INFO - [2025-06-21T20:18:04.956+0000] {dagbag.py:538} INFO - Filling up the DagBag from /home/airflow/.local/lib/python3.10/site-packages/airflow/example_dags/example_datasets.py
[2025-06-21T20:18:04.963+0000] {processor.py:840} INFO - DAG(s) 'dataset_consumes_1_never_scheduled', 'dataset_consumes_1_and_2', 'dataset_produces_1', 'dataset_consumes_unknown_never_scheduled', 'dataset_produces_2', 'dataset_consumes_1' retrieved from /home/airflow/.local/lib/python3.10/site-packages/airflow/example_dags/example_datasets.py
[2025-06-21T20:18:04.984+0000] {logging_mixin.py:188} INFO - [2025-06-21T20:18:04.983+0000] {dag.py:3036} INFO - Sync 6 DAGs
[2025-06-21T20:18:04.995+0000] {logging_mixin.py:188} INFO - [2025-06-21T20:18:04.995+0000] {dag.py:3823} INFO - Setting next_dagrun for dataset_consumes_1 to None, run_after=None
[2025-06-21T20:18:04.997+0000] {logging_mixin.py:188} INFO - [2025-06-21T20:18:04.997+0000] {dag.py:3823} INFO - Setting next_dagrun for dataset_consumes_1_and_2 to None, run_after=None
[2025-06-21T20:18:04.999+0000] {logging_mixin.py:188} INFO - [2025-06-21T20:18:04.999+0000] {dag.py:3823} INFO - Setting next_dagrun for dataset_consumes_1_never_scheduled to None, run_after=None
[2025-06-21T20:18:05.000+0000] {logging_mixin.py:188} INFO - [2025-06-21T20:18:05.000+0000] {dag.py:3823} INFO - Setting next_dagrun for dataset_consumes_unknown_never_scheduled to None, run_after=None
[2025-06-21T20:18:05.002+0000] {logging_mixin.py:188} INFO - [2025-06-21T20:18:05.002+0000] {dag.py:3823} INFO - Setting next_dagrun for dataset_produces_1 to 2025-06-20 00:00:00+00:00, run_after=2025-06-21 00:00:00+00:00
[2025-06-21T20:18:05.005+0000] {logging_mixin.py:188} INFO - [2025-06-21T20:18:05.005+0000] {dag.py:3823} INFO - Setting next_dagrun for dataset_produces_2 to None, run_after=None
[2025-06-21T20:18:05.020+0000] {processor.py:183} INFO - Processing /home/airflow/.local/lib/python3.10/site-packages/airflow/example_dags/example_datasets.py took 0.067 seconds
[2025-06-21T20:18:35.592+0000] {processor.py:161} INFO - Started process (PID=443) to work on /home/airflow/.local/lib/python3.10/site-packages/airflow/example_dags/example_datasets.py
[2025-06-21T20:18:35.594+0000] {processor.py:830} INFO - Processing file /home/airflow/.local/lib/python3.10/site-packages/airflow/example_dags/example_datasets.py for tasks to queue
[2025-06-21T20:18:35.595+0000] {logging_mixin.py:188} INFO - [2025-06-21T20:18:35.595+0000] {dagbag.py:538} INFO - Filling up the DagBag from /home/airflow/.local/lib/python3.10/site-packages/airflow/example_dags/example_datasets.py
[2025-06-21T20:18:35.604+0000] {processor.py:840} INFO - DAG(s) 'dataset_consumes_1', 'dataset_produces_2', 'dataset_consumes_1_never_scheduled', 'dataset_consumes_1_and_2', 'dataset_consumes_unknown_never_scheduled', 'dataset_produces_1' retrieved from /home/airflow/.local/lib/python3.10/site-packages/airflow/example_dags/example_datasets.py
[2025-06-21T20:18:35.614+0000] {logging_mixin.py:188} INFO - [2025-06-21T20:18:35.614+0000] {dag.py:3036} INFO - Sync 6 DAGs
[2025-06-21T20:18:35.625+0000] {logging_mixin.py:188} INFO - [2025-06-21T20:18:35.625+0000] {dag.py:3823} INFO - Setting next_dagrun for dataset_consumes_1 to None, run_after=None
[2025-06-21T20:18:35.628+0000] {logging_mixin.py:188} INFO - [2025-06-21T20:18:35.628+0000] {dag.py:3823} INFO - Setting next_dagrun for dataset_consumes_1_and_2 to None, run_after=None
[2025-06-21T20:18:35.630+0000] {logging_mixin.py:188} INFO - [2025-06-21T20:18:35.630+0000] {dag.py:3823} INFO - Setting next_dagrun for dataset_consumes_1_never_scheduled to None, run_after=None
[2025-06-21T20:18:35.631+0000] {logging_mixin.py:188} INFO - [2025-06-21T20:18:35.631+0000] {dag.py:3823} INFO - Setting next_dagrun for dataset_consumes_unknown_never_scheduled to None, run_after=None
[2025-06-21T20:18:35.632+0000] {logging_mixin.py:188} INFO - [2025-06-21T20:18:35.632+0000] {dag.py:3823} INFO - Setting next_dagrun for dataset_produces_1 to 2025-06-20 00:00:00+00:00, run_after=2025-06-21 00:00:00+00:00
[2025-06-21T20:18:35.633+0000] {logging_mixin.py:188} INFO - [2025-06-21T20:18:35.633+0000] {dag.py:3823} INFO - Setting next_dagrun for dataset_produces_2 to None, run_after=None
[2025-06-21T20:18:35.649+0000] {processor.py:183} INFO - Processing /home/airflow/.local/lib/python3.10/site-packages/airflow/example_dags/example_datasets.py took 0.058 seconds
[2025-06-21T20:23:37.740+0000] {processor.py:161} INFO - Started process (PID=54) to work on /home/airflow/.local/lib/python3.10/site-packages/airflow/example_dags/example_datasets.py
[2025-06-21T20:23:37.740+0000] {processor.py:830} INFO - Processing file /home/airflow/.local/lib/python3.10/site-packages/airflow/example_dags/example_datasets.py for tasks to queue
[2025-06-21T20:23:37.742+0000] {logging_mixin.py:188} INFO - [2025-06-21T20:23:37.742+0000] {dagbag.py:538} INFO - Filling up the DagBag from /home/airflow/.local/lib/python3.10/site-packages/airflow/example_dags/example_datasets.py
[2025-06-21T20:23:37.749+0000] {processor.py:840} INFO - DAG(s) 'dataset_consumes_1', 'dataset_produces_2', 'dataset_consumes_1_never_scheduled', 'dataset_consumes_1_and_2', 'dataset_consumes_unknown_never_scheduled', 'dataset_produces_1' retrieved from /home/airflow/.local/lib/python3.10/site-packages/airflow/example_dags/example_datasets.py
[2025-06-21T20:23:37.760+0000] {logging_mixin.py:188} INFO - [2025-06-21T20:23:37.760+0000] {dag.py:3036} INFO - Sync 6 DAGs
[2025-06-21T20:23:37.774+0000] {logging_mixin.py:188} INFO - [2025-06-21T20:23:37.774+0000] {dag.py:3823} INFO - Setting next_dagrun for dataset_consumes_1 to None, run_after=None
[2025-06-21T20:23:37.777+0000] {logging_mixin.py:188} INFO - [2025-06-21T20:23:37.777+0000] {dag.py:3823} INFO - Setting next_dagrun for dataset_consumes_1_and_2 to None, run_after=None
[2025-06-21T20:23:37.778+0000] {logging_mixin.py:188} INFO - [2025-06-21T20:23:37.777+0000] {dag.py:3823} INFO - Setting next_dagrun for dataset_consumes_1_never_scheduled to None, run_after=None
[2025-06-21T20:23:37.778+0000] {logging_mixin.py:188} INFO - [2025-06-21T20:23:37.778+0000] {dag.py:3823} INFO - Setting next_dagrun for dataset_consumes_unknown_never_scheduled to None, run_after=None
[2025-06-21T20:23:37.780+0000] {logging_mixin.py:188} INFO - [2025-06-21T20:23:37.780+0000] {dag.py:3823} INFO - Setting next_dagrun for dataset_produces_1 to 2025-06-20 00:00:00+00:00, run_after=2025-06-21 00:00:00+00:00
[2025-06-21T20:23:37.781+0000] {logging_mixin.py:188} INFO - [2025-06-21T20:23:37.781+0000] {dag.py:3823} INFO - Setting next_dagrun for dataset_produces_2 to None, run_after=None
[2025-06-21T20:23:37.796+0000] {processor.py:183} INFO - Processing /home/airflow/.local/lib/python3.10/site-packages/airflow/example_dags/example_datasets.py took 0.058 seconds
[2025-06-21T20:24:08.787+0000] {processor.py:161} INFO - Started process (PID=109) to work on /home/airflow/.local/lib/python3.10/site-packages/airflow/example_dags/example_datasets.py
[2025-06-21T20:24:08.787+0000] {processor.py:830} INFO - Processing file /home/airflow/.local/lib/python3.10/site-packages/airflow/example_dags/example_datasets.py for tasks to queue
[2025-06-21T20:24:08.788+0000] {logging_mixin.py:188} INFO - [2025-06-21T20:24:08.788+0000] {dagbag.py:538} INFO - Filling up the DagBag from /home/airflow/.local/lib/python3.10/site-packages/airflow/example_dags/example_datasets.py
[2025-06-21T20:24:08.792+0000] {processor.py:840} INFO - DAG(s) 'dataset_consumes_1_never_scheduled', 'dataset_produces_2', 'dataset_consumes_1_and_2', 'dataset_consumes_1', 'dataset_consumes_unknown_never_scheduled', 'dataset_produces_1' retrieved from /home/airflow/.local/lib/python3.10/site-packages/airflow/example_dags/example_datasets.py
[2025-06-21T20:24:08.871+0000] {logging_mixin.py:188} INFO - [2025-06-21T20:24:08.871+0000] {dag.py:3036} INFO - Sync 6 DAGs
[2025-06-21T20:24:08.880+0000] {logging_mixin.py:188} INFO - [2025-06-21T20:24:08.879+0000] {dag.py:3823} INFO - Setting next_dagrun for dataset_consumes_1 to None, run_after=None
[2025-06-21T20:24:08.883+0000] {logging_mixin.py:188} INFO - [2025-06-21T20:24:08.883+0000] {dag.py:3823} INFO - Setting next_dagrun for dataset_consumes_1_and_2 to None, run_after=None
[2025-06-21T20:24:08.884+0000] {logging_mixin.py:188} INFO - [2025-06-21T20:24:08.884+0000] {dag.py:3823} INFO - Setting next_dagrun for dataset_consumes_1_never_scheduled to None, run_after=None
[2025-06-21T20:24:08.886+0000] {logging_mixin.py:188} INFO - [2025-06-21T20:24:08.886+0000] {dag.py:3823} INFO - Setting next_dagrun for dataset_consumes_unknown_never_scheduled to None, run_after=None
[2025-06-21T20:24:08.887+0000] {logging_mixin.py:188} INFO - [2025-06-21T20:24:08.887+0000] {dag.py:3823} INFO - Setting next_dagrun for dataset_produces_1 to 2025-06-20 00:00:00+00:00, run_after=2025-06-21 00:00:00+00:00
[2025-06-21T20:24:08.889+0000] {logging_mixin.py:188} INFO - [2025-06-21T20:24:08.889+0000] {dag.py:3823} INFO - Setting next_dagrun for dataset_produces_2 to None, run_after=None
[2025-06-21T20:24:08.908+0000] {processor.py:183} INFO - Processing /home/airflow/.local/lib/python3.10/site-packages/airflow/example_dags/example_datasets.py took 0.123 seconds
[2025-06-21T20:24:38.949+0000] {processor.py:161} INFO - Started process (PID=164) to work on /home/airflow/.local/lib/python3.10/site-packages/airflow/example_dags/example_datasets.py
[2025-06-21T20:24:38.950+0000] {processor.py:830} INFO - Processing file /home/airflow/.local/lib/python3.10/site-packages/airflow/example_dags/example_datasets.py for tasks to queue
[2025-06-21T20:24:38.952+0000] {logging_mixin.py:188} INFO - [2025-06-21T20:24:38.951+0000] {dagbag.py:538} INFO - Filling up the DagBag from /home/airflow/.local/lib/python3.10/site-packages/airflow/example_dags/example_datasets.py
[2025-06-21T20:24:38.957+0000] {processor.py:840} INFO - DAG(s) 'dataset_produces_1', 'dataset_consumes_1', 'dataset_consumes_unknown_never_scheduled', 'dataset_consumes_1_and_2', 'dataset_consumes_1_never_scheduled', 'dataset_produces_2' retrieved from /home/airflow/.local/lib/python3.10/site-packages/airflow/example_dags/example_datasets.py
[2025-06-21T20:24:38.978+0000] {logging_mixin.py:188} INFO - [2025-06-21T20:24:38.978+0000] {dag.py:3036} INFO - Sync 6 DAGs
[2025-06-21T20:24:38.990+0000] {logging_mixin.py:188} INFO - [2025-06-21T20:24:38.990+0000] {dag.py:3823} INFO - Setting next_dagrun for dataset_consumes_1 to None, run_after=None
[2025-06-21T20:24:38.994+0000] {logging_mixin.py:188} INFO - [2025-06-21T20:24:38.994+0000] {dag.py:3823} INFO - Setting next_dagrun for dataset_consumes_1_and_2 to None, run_after=None
[2025-06-21T20:24:38.995+0000] {logging_mixin.py:188} INFO - [2025-06-21T20:24:38.995+0000] {dag.py:3823} INFO - Setting next_dagrun for dataset_consumes_1_never_scheduled to None, run_after=None
[2025-06-21T20:24:38.996+0000] {logging_mixin.py:188} INFO - [2025-06-21T20:24:38.996+0000] {dag.py:3823} INFO - Setting next_dagrun for dataset_consumes_unknown_never_scheduled to None, run_after=None
[2025-06-21T20:24:38.997+0000] {logging_mixin.py:188} INFO - [2025-06-21T20:24:38.997+0000] {dag.py:3823} INFO - Setting next_dagrun for dataset_produces_1 to 2025-06-20 00:00:00+00:00, run_after=2025-06-21 00:00:00+00:00
[2025-06-21T20:24:38.999+0000] {logging_mixin.py:188} INFO - [2025-06-21T20:24:38.999+0000] {dag.py:3823} INFO - Setting next_dagrun for dataset_produces_2 to None, run_after=None
[2025-06-21T20:24:39.016+0000] {processor.py:183} INFO - Processing /home/airflow/.local/lib/python3.10/site-packages/airflow/example_dags/example_datasets.py took 0.069 seconds
[2025-06-21T20:25:09.860+0000] {processor.py:161} INFO - Started process (PID=218) to work on /home/airflow/.local/lib/python3.10/site-packages/airflow/example_dags/example_datasets.py
[2025-06-21T20:25:09.861+0000] {processor.py:830} INFO - Processing file /home/airflow/.local/lib/python3.10/site-packages/airflow/example_dags/example_datasets.py for tasks to queue
[2025-06-21T20:25:09.862+0000] {logging_mixin.py:188} INFO - [2025-06-21T20:25:09.862+0000] {dagbag.py:538} INFO - Filling up the DagBag from /home/airflow/.local/lib/python3.10/site-packages/airflow/example_dags/example_datasets.py
[2025-06-21T20:25:09.868+0000] {processor.py:840} INFO - DAG(s) 'dataset_consumes_1_and_2', 'dataset_produces_2', 'dataset_consumes_1', 'dataset_produces_1', 'dataset_consumes_1_never_scheduled', 'dataset_consumes_unknown_never_scheduled' retrieved from /home/airflow/.local/lib/python3.10/site-packages/airflow/example_dags/example_datasets.py
[2025-06-21T20:25:09.897+0000] {logging_mixin.py:188} INFO - [2025-06-21T20:25:09.897+0000] {dag.py:3036} INFO - Sync 6 DAGs
[2025-06-21T20:25:09.911+0000] {logging_mixin.py:188} INFO - [2025-06-21T20:25:09.911+0000] {dag.py:3823} INFO - Setting next_dagrun for dataset_consumes_1 to None, run_after=None
[2025-06-21T20:25:09.913+0000] {logging_mixin.py:188} INFO - [2025-06-21T20:25:09.913+0000] {dag.py:3823} INFO - Setting next_dagrun for dataset_consumes_1_and_2 to None, run_after=None
[2025-06-21T20:25:09.914+0000] {logging_mixin.py:188} INFO - [2025-06-21T20:25:09.914+0000] {dag.py:3823} INFO - Setting next_dagrun for dataset_consumes_1_never_scheduled to None, run_after=None
[2025-06-21T20:25:09.917+0000] {logging_mixin.py:188} INFO - [2025-06-21T20:25:09.917+0000] {dag.py:3823} INFO - Setting next_dagrun for dataset_consumes_unknown_never_scheduled to None, run_after=None
[2025-06-21T20:25:09.920+0000] {logging_mixin.py:188} INFO - [2025-06-21T20:25:09.920+0000] {dag.py:3823} INFO - Setting next_dagrun for dataset_produces_1 to 2025-06-20 00:00:00+00:00, run_after=2025-06-21 00:00:00+00:00
[2025-06-21T20:25:09.921+0000] {logging_mixin.py:188} INFO - [2025-06-21T20:25:09.921+0000] {dag.py:3823} INFO - Setting next_dagrun for dataset_produces_2 to None, run_after=None
[2025-06-21T20:25:09.936+0000] {processor.py:183} INFO - Processing /home/airflow/.local/lib/python3.10/site-packages/airflow/example_dags/example_datasets.py took 0.079 seconds
[2025-06-21T20:25:40.920+0000] {processor.py:161} INFO - Started process (PID=278) to work on /home/airflow/.local/lib/python3.10/site-packages/airflow/example_dags/example_datasets.py
[2025-06-21T20:25:40.921+0000] {processor.py:830} INFO - Processing file /home/airflow/.local/lib/python3.10/site-packages/airflow/example_dags/example_datasets.py for tasks to queue
[2025-06-21T20:25:40.923+0000] {logging_mixin.py:188} INFO - [2025-06-21T20:25:40.922+0000] {dagbag.py:538} INFO - Filling up the DagBag from /home/airflow/.local/lib/python3.10/site-packages/airflow/example_dags/example_datasets.py
[2025-06-21T20:25:40.928+0000] {processor.py:840} INFO - DAG(s) 'dataset_consumes_1', 'dataset_consumes_1_and_2', 'dataset_consumes_unknown_never_scheduled', 'dataset_produces_2', 'dataset_consumes_1_never_scheduled', 'dataset_produces_1' retrieved from /home/airflow/.local/lib/python3.10/site-packages/airflow/example_dags/example_datasets.py
[2025-06-21T20:25:40.944+0000] {logging_mixin.py:188} INFO - [2025-06-21T20:25:40.944+0000] {dag.py:3036} INFO - Sync 6 DAGs
[2025-06-21T20:25:40.954+0000] {logging_mixin.py:188} INFO - [2025-06-21T20:25:40.954+0000] {dag.py:3823} INFO - Setting next_dagrun for dataset_consumes_1 to None, run_after=None
[2025-06-21T20:25:40.956+0000] {logging_mixin.py:188} INFO - [2025-06-21T20:25:40.956+0000] {dag.py:3823} INFO - Setting next_dagrun for dataset_consumes_1_and_2 to None, run_after=None
[2025-06-21T20:25:40.957+0000] {logging_mixin.py:188} INFO - [2025-06-21T20:25:40.956+0000] {dag.py:3823} INFO - Setting next_dagrun for dataset_consumes_1_never_scheduled to None, run_after=None
[2025-06-21T20:25:40.957+0000] {logging_mixin.py:188} INFO - [2025-06-21T20:25:40.957+0000] {dag.py:3823} INFO - Setting next_dagrun for dataset_consumes_unknown_never_scheduled to None, run_after=None
[2025-06-21T20:25:40.958+0000] {logging_mixin.py:188} INFO - [2025-06-21T20:25:40.958+0000] {dag.py:3823} INFO - Setting next_dagrun for dataset_produces_1 to 2025-06-20 00:00:00+00:00, run_after=2025-06-21 00:00:00+00:00
[2025-06-21T20:25:40.959+0000] {logging_mixin.py:188} INFO - [2025-06-21T20:25:40.959+0000] {dag.py:3823} INFO - Setting next_dagrun for dataset_produces_2 to None, run_after=None
[2025-06-21T20:25:40.972+0000] {processor.py:183} INFO - Processing /home/airflow/.local/lib/python3.10/site-packages/airflow/example_dags/example_datasets.py took 0.055 seconds
[2025-06-21T20:26:11.910+0000] {processor.py:161} INFO - Started process (PID=333) to work on /home/airflow/.local/lib/python3.10/site-packages/airflow/example_dags/example_datasets.py
[2025-06-21T20:26:11.910+0000] {processor.py:830} INFO - Processing file /home/airflow/.local/lib/python3.10/site-packages/airflow/example_dags/example_datasets.py for tasks to queue
[2025-06-21T20:26:11.911+0000] {logging_mixin.py:188} INFO - [2025-06-21T20:26:11.911+0000] {dagbag.py:538} INFO - Filling up the DagBag from /home/airflow/.local/lib/python3.10/site-packages/airflow/example_dags/example_datasets.py
[2025-06-21T20:26:11.916+0000] {processor.py:840} INFO - DAG(s) 'dataset_consumes_1_never_scheduled', 'dataset_consumes_1_and_2', 'dataset_produces_2', 'dataset_consumes_unknown_never_scheduled', 'dataset_consumes_1', 'dataset_produces_1' retrieved from /home/airflow/.local/lib/python3.10/site-packages/airflow/example_dags/example_datasets.py
[2025-06-21T20:26:11.940+0000] {logging_mixin.py:188} INFO - [2025-06-21T20:26:11.939+0000] {dag.py:3036} INFO - Sync 6 DAGs
[2025-06-21T20:26:11.952+0000] {logging_mixin.py:188} INFO - [2025-06-21T20:26:11.951+0000] {dag.py:3823} INFO - Setting next_dagrun for dataset_consumes_1 to None, run_after=None
[2025-06-21T20:26:11.955+0000] {logging_mixin.py:188} INFO - [2025-06-21T20:26:11.955+0000] {dag.py:3823} INFO - Setting next_dagrun for dataset_consumes_1_and_2 to None, run_after=None
[2025-06-21T20:26:11.956+0000] {logging_mixin.py:188} INFO - [2025-06-21T20:26:11.956+0000] {dag.py:3823} INFO - Setting next_dagrun for dataset_consumes_1_never_scheduled to None, run_after=None
[2025-06-21T20:26:11.957+0000] {logging_mixin.py:188} INFO - [2025-06-21T20:26:11.957+0000] {dag.py:3823} INFO - Setting next_dagrun for dataset_consumes_unknown_never_scheduled to None, run_after=None
[2025-06-21T20:26:11.958+0000] {logging_mixin.py:188} INFO - [2025-06-21T20:26:11.958+0000] {dag.py:3823} INFO - Setting next_dagrun for dataset_produces_1 to 2025-06-20 00:00:00+00:00, run_after=2025-06-21 00:00:00+00:00
[2025-06-21T20:26:11.958+0000] {logging_mixin.py:188} INFO - [2025-06-21T20:26:11.958+0000] {dag.py:3823} INFO - Setting next_dagrun for dataset_produces_2 to None, run_after=None
[2025-06-21T20:26:11.976+0000] {processor.py:183} INFO - Processing /home/airflow/.local/lib/python3.10/site-packages/airflow/example_dags/example_datasets.py took 0.068 seconds
[2025-06-21T20:26:42.724+0000] {processor.py:161} INFO - Started process (PID=388) to work on /home/airflow/.local/lib/python3.10/site-packages/airflow/example_dags/example_datasets.py
[2025-06-21T20:26:42.724+0000] {processor.py:830} INFO - Processing file /home/airflow/.local/lib/python3.10/site-packages/airflow/example_dags/example_datasets.py for tasks to queue
[2025-06-21T20:26:42.726+0000] {logging_mixin.py:188} INFO - [2025-06-21T20:26:42.725+0000] {dagbag.py:538} INFO - Filling up the DagBag from /home/airflow/.local/lib/python3.10/site-packages/airflow/example_dags/example_datasets.py
[2025-06-21T20:26:42.732+0000] {processor.py:840} INFO - DAG(s) 'dataset_consumes_1_and_2', 'dataset_consumes_1_never_scheduled', 'dataset_consumes_unknown_never_scheduled', 'dataset_consumes_1', 'dataset_produces_2', 'dataset_produces_1' retrieved from /home/airflow/.local/lib/python3.10/site-packages/airflow/example_dags/example_datasets.py
[2025-06-21T20:26:42.758+0000] {logging_mixin.py:188} INFO - [2025-06-21T20:26:42.758+0000] {dag.py:3036} INFO - Sync 6 DAGs
[2025-06-21T20:26:42.774+0000] {logging_mixin.py:188} INFO - [2025-06-21T20:26:42.773+0000] {dag.py:3823} INFO - Setting next_dagrun for dataset_consumes_1 to None, run_after=None
[2025-06-21T20:26:42.780+0000] {logging_mixin.py:188} INFO - [2025-06-21T20:26:42.779+0000] {dag.py:3823} INFO - Setting next_dagrun for dataset_consumes_1_and_2 to None, run_after=None
[2025-06-21T20:26:42.781+0000] {logging_mixin.py:188} INFO - [2025-06-21T20:26:42.781+0000] {dag.py:3823} INFO - Setting next_dagrun for dataset_consumes_1_never_scheduled to None, run_after=None
[2025-06-21T20:26:42.783+0000] {logging_mixin.py:188} INFO - [2025-06-21T20:26:42.783+0000] {dag.py:3823} INFO - Setting next_dagrun for dataset_consumes_unknown_never_scheduled to None, run_after=None
[2025-06-21T20:26:42.785+0000] {logging_mixin.py:188} INFO - [2025-06-21T20:26:42.785+0000] {dag.py:3823} INFO - Setting next_dagrun for dataset_produces_1 to 2025-06-20 00:00:00+00:00, run_after=2025-06-21 00:00:00+00:00
[2025-06-21T20:26:42.786+0000] {logging_mixin.py:188} INFO - [2025-06-21T20:26:42.786+0000] {dag.py:3823} INFO - Setting next_dagrun for dataset_produces_2 to None, run_after=None
[2025-06-21T20:26:42.803+0000] {processor.py:183} INFO - Processing /home/airflow/.local/lib/python3.10/site-packages/airflow/example_dags/example_datasets.py took 0.082 seconds
[2025-06-21T20:27:12.858+0000] {processor.py:161} INFO - Started process (PID=444) to work on /home/airflow/.local/lib/python3.10/site-packages/airflow/example_dags/example_datasets.py
[2025-06-21T20:27:12.859+0000] {processor.py:830} INFO - Processing file /home/airflow/.local/lib/python3.10/site-packages/airflow/example_dags/example_datasets.py for tasks to queue
[2025-06-21T20:27:12.860+0000] {logging_mixin.py:188} INFO - [2025-06-21T20:27:12.860+0000] {dagbag.py:538} INFO - Filling up the DagBag from /home/airflow/.local/lib/python3.10/site-packages/airflow/example_dags/example_datasets.py
[2025-06-21T20:27:12.865+0000] {processor.py:840} INFO - DAG(s) 'dataset_consumes_1_and_2', 'dataset_consumes_1', 'dataset_consumes_unknown_never_scheduled', 'dataset_consumes_1_never_scheduled', 'dataset_produces_2', 'dataset_produces_1' retrieved from /home/airflow/.local/lib/python3.10/site-packages/airflow/example_dags/example_datasets.py
[2025-06-21T20:27:12.878+0000] {logging_mixin.py:188} INFO - [2025-06-21T20:27:12.878+0000] {dag.py:3036} INFO - Sync 6 DAGs
[2025-06-21T20:27:12.887+0000] {logging_mixin.py:188} INFO - [2025-06-21T20:27:12.887+0000] {dag.py:3823} INFO - Setting next_dagrun for dataset_consumes_1 to None, run_after=None
[2025-06-21T20:27:12.889+0000] {logging_mixin.py:188} INFO - [2025-06-21T20:27:12.888+0000] {dag.py:3823} INFO - Setting next_dagrun for dataset_consumes_1_and_2 to None, run_after=None
[2025-06-21T20:27:12.889+0000] {logging_mixin.py:188} INFO - [2025-06-21T20:27:12.889+0000] {dag.py:3823} INFO - Setting next_dagrun for dataset_consumes_1_never_scheduled to None, run_after=None
[2025-06-21T20:27:12.890+0000] {logging_mixin.py:188} INFO - [2025-06-21T20:27:12.890+0000] {dag.py:3823} INFO - Setting next_dagrun for dataset_consumes_unknown_never_scheduled to None, run_after=None
[2025-06-21T20:27:12.891+0000] {logging_mixin.py:188} INFO - [2025-06-21T20:27:12.891+0000] {dag.py:3823} INFO - Setting next_dagrun for dataset_produces_1 to 2025-06-20 00:00:00+00:00, run_after=2025-06-21 00:00:00+00:00
[2025-06-21T20:27:12.891+0000] {logging_mixin.py:188} INFO - [2025-06-21T20:27:12.891+0000] {dag.py:3823} INFO - Setting next_dagrun for dataset_produces_2 to None, run_after=None
[2025-06-21T20:27:12.903+0000] {processor.py:183} INFO - Processing /home/airflow/.local/lib/python3.10/site-packages/airflow/example_dags/example_datasets.py took 0.046 seconds
[2025-06-21T20:27:42.915+0000] {processor.py:161} INFO - Started process (PID=499) to work on /home/airflow/.local/lib/python3.10/site-packages/airflow/example_dags/example_datasets.py
[2025-06-21T20:27:42.916+0000] {processor.py:830} INFO - Processing file /home/airflow/.local/lib/python3.10/site-packages/airflow/example_dags/example_datasets.py for tasks to queue
[2025-06-21T20:27:42.917+0000] {logging_mixin.py:188} INFO - [2025-06-21T20:27:42.916+0000] {dagbag.py:538} INFO - Filling up the DagBag from /home/airflow/.local/lib/python3.10/site-packages/airflow/example_dags/example_datasets.py
[2025-06-21T20:27:42.921+0000] {processor.py:840} INFO - DAG(s) 'dataset_consumes_1_never_scheduled', 'dataset_produces_2', 'dataset_produces_1', 'dataset_consumes_unknown_never_scheduled', 'dataset_consumes_1', 'dataset_consumes_1_and_2' retrieved from /home/airflow/.local/lib/python3.10/site-packages/airflow/example_dags/example_datasets.py
[2025-06-21T20:27:42.936+0000] {logging_mixin.py:188} INFO - [2025-06-21T20:27:42.936+0000] {dag.py:3036} INFO - Sync 6 DAGs
[2025-06-21T20:27:42.946+0000] {logging_mixin.py:188} INFO - [2025-06-21T20:27:42.946+0000] {dag.py:3823} INFO - Setting next_dagrun for dataset_consumes_1 to None, run_after=None
[2025-06-21T20:27:42.947+0000] {logging_mixin.py:188} INFO - [2025-06-21T20:27:42.947+0000] {dag.py:3823} INFO - Setting next_dagrun for dataset_consumes_1_and_2 to None, run_after=None
[2025-06-21T20:27:42.948+0000] {logging_mixin.py:188} INFO - [2025-06-21T20:27:42.948+0000] {dag.py:3823} INFO - Setting next_dagrun for dataset_consumes_1_never_scheduled to None, run_after=None
[2025-06-21T20:27:42.948+0000] {logging_mixin.py:188} INFO - [2025-06-21T20:27:42.948+0000] {dag.py:3823} INFO - Setting next_dagrun for dataset_consumes_unknown_never_scheduled to None, run_after=None
[2025-06-21T20:27:42.950+0000] {logging_mixin.py:188} INFO - [2025-06-21T20:27:42.950+0000] {dag.py:3823} INFO - Setting next_dagrun for dataset_produces_1 to 2025-06-20 00:00:00+00:00, run_after=2025-06-21 00:00:00+00:00
[2025-06-21T20:27:42.950+0000] {logging_mixin.py:188} INFO - [2025-06-21T20:27:42.950+0000] {dag.py:3823} INFO - Setting next_dagrun for dataset_produces_2 to None, run_after=None
[2025-06-21T20:27:42.963+0000] {processor.py:183} INFO - Processing /home/airflow/.local/lib/python3.10/site-packages/airflow/example_dags/example_datasets.py took 0.050 seconds
[2025-06-21T20:28:13.598+0000] {processor.py:161} INFO - Started process (PID=553) to work on /home/airflow/.local/lib/python3.10/site-packages/airflow/example_dags/example_datasets.py
[2025-06-21T20:28:13.598+0000] {processor.py:830} INFO - Processing file /home/airflow/.local/lib/python3.10/site-packages/airflow/example_dags/example_datasets.py for tasks to queue
[2025-06-21T20:28:13.599+0000] {logging_mixin.py:188} INFO - [2025-06-21T20:28:13.599+0000] {dagbag.py:538} INFO - Filling up the DagBag from /home/airflow/.local/lib/python3.10/site-packages/airflow/example_dags/example_datasets.py
[2025-06-21T20:28:13.603+0000] {processor.py:840} INFO - DAG(s) 'dataset_consumes_1', 'dataset_produces_2', 'dataset_consumes_1_never_scheduled', 'dataset_produces_1', 'dataset_consumes_unknown_never_scheduled', 'dataset_consumes_1_and_2' retrieved from /home/airflow/.local/lib/python3.10/site-packages/airflow/example_dags/example_datasets.py
[2025-06-21T20:28:13.617+0000] {logging_mixin.py:188} INFO - [2025-06-21T20:28:13.617+0000] {dag.py:3036} INFO - Sync 6 DAGs
[2025-06-21T20:28:13.625+0000] {logging_mixin.py:188} INFO - [2025-06-21T20:28:13.625+0000] {dag.py:3823} INFO - Setting next_dagrun for dataset_consumes_1 to None, run_after=None
[2025-06-21T20:28:13.627+0000] {logging_mixin.py:188} INFO - [2025-06-21T20:28:13.626+0000] {dag.py:3823} INFO - Setting next_dagrun for dataset_consumes_1_and_2 to None, run_after=None
[2025-06-21T20:28:13.627+0000] {logging_mixin.py:188} INFO - [2025-06-21T20:28:13.627+0000] {dag.py:3823} INFO - Setting next_dagrun for dataset_consumes_1_never_scheduled to None, run_after=None
[2025-06-21T20:28:13.628+0000] {logging_mixin.py:188} INFO - [2025-06-21T20:28:13.627+0000] {dag.py:3823} INFO - Setting next_dagrun for dataset_consumes_unknown_never_scheduled to None, run_after=None
[2025-06-21T20:28:13.629+0000] {logging_mixin.py:188} INFO - [2025-06-21T20:28:13.628+0000] {dag.py:3823} INFO - Setting next_dagrun for dataset_produces_1 to 2025-06-20 00:00:00+00:00, run_after=2025-06-21 00:00:00+00:00
[2025-06-21T20:28:13.629+0000] {logging_mixin.py:188} INFO - [2025-06-21T20:28:13.629+0000] {dag.py:3823} INFO - Setting next_dagrun for dataset_produces_2 to None, run_after=None
[2025-06-21T20:28:13.640+0000] {processor.py:183} INFO - Processing /home/airflow/.local/lib/python3.10/site-packages/airflow/example_dags/example_datasets.py took 0.044 seconds
[2025-06-21T20:28:44.367+0000] {processor.py:161} INFO - Started process (PID=608) to work on /home/airflow/.local/lib/python3.10/site-packages/airflow/example_dags/example_datasets.py
[2025-06-21T20:28:44.370+0000] {processor.py:830} INFO - Processing file /home/airflow/.local/lib/python3.10/site-packages/airflow/example_dags/example_datasets.py for tasks to queue
[2025-06-21T20:28:44.371+0000] {logging_mixin.py:188} INFO - [2025-06-21T20:28:44.371+0000] {dagbag.py:538} INFO - Filling up the DagBag from /home/airflow/.local/lib/python3.10/site-packages/airflow/example_dags/example_datasets.py
[2025-06-21T20:28:44.376+0000] {processor.py:840} INFO - DAG(s) 'dataset_consumes_1_never_scheduled', 'dataset_consumes_1', 'dataset_consumes_1_and_2', 'dataset_produces_1', 'dataset_consumes_unknown_never_scheduled', 'dataset_produces_2' retrieved from /home/airflow/.local/lib/python3.10/site-packages/airflow/example_dags/example_datasets.py
[2025-06-21T20:28:44.391+0000] {logging_mixin.py:188} INFO - [2025-06-21T20:28:44.391+0000] {dag.py:3036} INFO - Sync 6 DAGs
[2025-06-21T20:28:44.402+0000] {logging_mixin.py:188} INFO - [2025-06-21T20:28:44.402+0000] {dag.py:3823} INFO - Setting next_dagrun for dataset_consumes_1 to None, run_after=None
[2025-06-21T20:28:44.405+0000] {logging_mixin.py:188} INFO - [2025-06-21T20:28:44.405+0000] {dag.py:3823} INFO - Setting next_dagrun for dataset_consumes_1_and_2 to None, run_after=None
[2025-06-21T20:28:44.406+0000] {logging_mixin.py:188} INFO - [2025-06-21T20:28:44.405+0000] {dag.py:3823} INFO - Setting next_dagrun for dataset_consumes_1_never_scheduled to None, run_after=None
[2025-06-21T20:28:44.406+0000] {logging_mixin.py:188} INFO - [2025-06-21T20:28:44.406+0000] {dag.py:3823} INFO - Setting next_dagrun for dataset_consumes_unknown_never_scheduled to None, run_after=None
[2025-06-21T20:28:44.407+0000] {logging_mixin.py:188} INFO - [2025-06-21T20:28:44.407+0000] {dag.py:3823} INFO - Setting next_dagrun for dataset_produces_1 to 2025-06-20 00:00:00+00:00, run_after=2025-06-21 00:00:00+00:00
[2025-06-21T20:28:44.409+0000] {logging_mixin.py:188} INFO - [2025-06-21T20:28:44.409+0000] {dag.py:3823} INFO - Setting next_dagrun for dataset_produces_2 to None, run_after=None
[2025-06-21T20:28:44.424+0000] {processor.py:183} INFO - Processing /home/airflow/.local/lib/python3.10/site-packages/airflow/example_dags/example_datasets.py took 0.058 seconds
[2025-06-21T20:29:15.085+0000] {processor.py:161} INFO - Started process (PID=663) to work on /home/airflow/.local/lib/python3.10/site-packages/airflow/example_dags/example_datasets.py
[2025-06-21T20:29:15.087+0000] {processor.py:830} INFO - Processing file /home/airflow/.local/lib/python3.10/site-packages/airflow/example_dags/example_datasets.py for tasks to queue
[2025-06-21T20:29:15.089+0000] {logging_mixin.py:188} INFO - [2025-06-21T20:29:15.089+0000] {dagbag.py:538} INFO - Filling up the DagBag from /home/airflow/.local/lib/python3.10/site-packages/airflow/example_dags/example_datasets.py
[2025-06-21T20:29:15.097+0000] {processor.py:840} INFO - DAG(s) 'dataset_produces_2', 'dataset_consumes_unknown_never_scheduled', 'dataset_consumes_1', 'dataset_consumes_1_and_2', 'dataset_produces_1', 'dataset_consumes_1_never_scheduled' retrieved from /home/airflow/.local/lib/python3.10/site-packages/airflow/example_dags/example_datasets.py
[2025-06-21T20:29:15.114+0000] {logging_mixin.py:188} INFO - [2025-06-21T20:29:15.114+0000] {dag.py:3036} INFO - Sync 6 DAGs
[2025-06-21T20:29:15.125+0000] {logging_mixin.py:188} INFO - [2025-06-21T20:29:15.125+0000] {dag.py:3823} INFO - Setting next_dagrun for dataset_consumes_1 to None, run_after=None
[2025-06-21T20:29:15.127+0000] {logging_mixin.py:188} INFO - [2025-06-21T20:29:15.127+0000] {dag.py:3823} INFO - Setting next_dagrun for dataset_consumes_1_and_2 to None, run_after=None
[2025-06-21T20:29:15.128+0000] {logging_mixin.py:188} INFO - [2025-06-21T20:29:15.128+0000] {dag.py:3823} INFO - Setting next_dagrun for dataset_consumes_1_never_scheduled to None, run_after=None
[2025-06-21T20:29:15.129+0000] {logging_mixin.py:188} INFO - [2025-06-21T20:29:15.129+0000] {dag.py:3823} INFO - Setting next_dagrun for dataset_consumes_unknown_never_scheduled to None, run_after=None
[2025-06-21T20:29:15.130+0000] {logging_mixin.py:188} INFO - [2025-06-21T20:29:15.130+0000] {dag.py:3823} INFO - Setting next_dagrun for dataset_produces_1 to 2025-06-20 00:00:00+00:00, run_after=2025-06-21 00:00:00+00:00
[2025-06-21T20:29:15.130+0000] {logging_mixin.py:188} INFO - [2025-06-21T20:29:15.130+0000] {dag.py:3823} INFO - Setting next_dagrun for dataset_produces_2 to None, run_after=None
[2025-06-21T20:29:15.143+0000] {processor.py:183} INFO - Processing /home/airflow/.local/lib/python3.10/site-packages/airflow/example_dags/example_datasets.py took 0.060 seconds
[2025-06-21T20:29:45.825+0000] {processor.py:161} INFO - Started process (PID=718) to work on /home/airflow/.local/lib/python3.10/site-packages/airflow/example_dags/example_datasets.py
[2025-06-21T20:29:45.826+0000] {processor.py:830} INFO - Processing file /home/airflow/.local/lib/python3.10/site-packages/airflow/example_dags/example_datasets.py for tasks to queue
[2025-06-21T20:29:45.827+0000] {logging_mixin.py:188} INFO - [2025-06-21T20:29:45.827+0000] {dagbag.py:538} INFO - Filling up the DagBag from /home/airflow/.local/lib/python3.10/site-packages/airflow/example_dags/example_datasets.py
[2025-06-21T20:29:45.831+0000] {processor.py:840} INFO - DAG(s) 'dataset_consumes_1_never_scheduled', 'dataset_consumes_1', 'dataset_consumes_unknown_never_scheduled', 'dataset_consumes_1_and_2', 'dataset_produces_1', 'dataset_produces_2' retrieved from /home/airflow/.local/lib/python3.10/site-packages/airflow/example_dags/example_datasets.py
[2025-06-21T20:29:45.848+0000] {logging_mixin.py:188} INFO - [2025-06-21T20:29:45.848+0000] {dag.py:3036} INFO - Sync 6 DAGs
[2025-06-21T20:29:45.859+0000] {logging_mixin.py:188} INFO - [2025-06-21T20:29:45.859+0000] {dag.py:3823} INFO - Setting next_dagrun for dataset_consumes_1 to None, run_after=None
[2025-06-21T20:29:45.860+0000] {logging_mixin.py:188} INFO - [2025-06-21T20:29:45.860+0000] {dag.py:3823} INFO - Setting next_dagrun for dataset_consumes_1_and_2 to None, run_after=None
[2025-06-21T20:29:45.863+0000] {logging_mixin.py:188} INFO - [2025-06-21T20:29:45.863+0000] {dag.py:3823} INFO - Setting next_dagrun for dataset_consumes_1_never_scheduled to None, run_after=None
[2025-06-21T20:29:45.863+0000] {logging_mixin.py:188} INFO - [2025-06-21T20:29:45.863+0000] {dag.py:3823} INFO - Setting next_dagrun for dataset_consumes_unknown_never_scheduled to None, run_after=None
[2025-06-21T20:29:45.864+0000] {logging_mixin.py:188} INFO - [2025-06-21T20:29:45.864+0000] {dag.py:3823} INFO - Setting next_dagrun for dataset_produces_1 to 2025-06-20 00:00:00+00:00, run_after=2025-06-21 00:00:00+00:00
[2025-06-21T20:29:45.865+0000] {logging_mixin.py:188} INFO - [2025-06-21T20:29:45.865+0000] {dag.py:3823} INFO - Setting next_dagrun for dataset_produces_2 to None, run_after=None
[2025-06-21T20:29:45.879+0000] {processor.py:183} INFO - Processing /home/airflow/.local/lib/python3.10/site-packages/airflow/example_dags/example_datasets.py took 0.055 seconds
[2025-06-21T20:30:16.533+0000] {processor.py:161} INFO - Started process (PID=773) to work on /home/airflow/.local/lib/python3.10/site-packages/airflow/example_dags/example_datasets.py
[2025-06-21T20:30:16.534+0000] {processor.py:830} INFO - Processing file /home/airflow/.local/lib/python3.10/site-packages/airflow/example_dags/example_datasets.py for tasks to queue
[2025-06-21T20:30:16.535+0000] {logging_mixin.py:188} INFO - [2025-06-21T20:30:16.535+0000] {dagbag.py:538} INFO - Filling up the DagBag from /home/airflow/.local/lib/python3.10/site-packages/airflow/example_dags/example_datasets.py
[2025-06-21T20:30:16.539+0000] {processor.py:840} INFO - DAG(s) 'dataset_consumes_1', 'dataset_consumes_unknown_never_scheduled', 'dataset_produces_2', 'dataset_consumes_1_and_2', 'dataset_produces_1', 'dataset_consumes_1_never_scheduled' retrieved from /home/airflow/.local/lib/python3.10/site-packages/airflow/example_dags/example_datasets.py
[2025-06-21T20:30:16.558+0000] {logging_mixin.py:188} INFO - [2025-06-21T20:30:16.557+0000] {dag.py:3036} INFO - Sync 6 DAGs
[2025-06-21T20:30:16.567+0000] {logging_mixin.py:188} INFO - [2025-06-21T20:30:16.566+0000] {dag.py:3823} INFO - Setting next_dagrun for dataset_consumes_1 to None, run_after=None
[2025-06-21T20:30:16.569+0000] {logging_mixin.py:188} INFO - [2025-06-21T20:30:16.568+0000] {dag.py:3823} INFO - Setting next_dagrun for dataset_consumes_1_and_2 to None, run_after=None
[2025-06-21T20:30:16.571+0000] {logging_mixin.py:188} INFO - [2025-06-21T20:30:16.571+0000] {dag.py:3823} INFO - Setting next_dagrun for dataset_consumes_1_never_scheduled to None, run_after=None
[2025-06-21T20:30:16.571+0000] {logging_mixin.py:188} INFO - [2025-06-21T20:30:16.571+0000] {dag.py:3823} INFO - Setting next_dagrun for dataset_consumes_unknown_never_scheduled to None, run_after=None
[2025-06-21T20:30:16.573+0000] {logging_mixin.py:188} INFO - [2025-06-21T20:30:16.572+0000] {dag.py:3823} INFO - Setting next_dagrun for dataset_produces_1 to 2025-06-20 00:00:00+00:00, run_after=2025-06-21 00:00:00+00:00
[2025-06-21T20:30:16.573+0000] {logging_mixin.py:188} INFO - [2025-06-21T20:30:16.573+0000] {dag.py:3823} INFO - Setting next_dagrun for dataset_produces_2 to None, run_after=None
[2025-06-21T20:30:16.594+0000] {processor.py:183} INFO - Processing /home/airflow/.local/lib/python3.10/site-packages/airflow/example_dags/example_datasets.py took 0.062 seconds
[2025-06-21T20:30:47.137+0000] {processor.py:161} INFO - Started process (PID=828) to work on /home/airflow/.local/lib/python3.10/site-packages/airflow/example_dags/example_datasets.py
[2025-06-21T20:30:47.138+0000] {processor.py:830} INFO - Processing file /home/airflow/.local/lib/python3.10/site-packages/airflow/example_dags/example_datasets.py for tasks to queue
[2025-06-21T20:30:47.139+0000] {logging_mixin.py:188} INFO - [2025-06-21T20:30:47.139+0000] {dagbag.py:538} INFO - Filling up the DagBag from /home/airflow/.local/lib/python3.10/site-packages/airflow/example_dags/example_datasets.py
[2025-06-21T20:30:47.144+0000] {processor.py:840} INFO - DAG(s) 'dataset_consumes_unknown_never_scheduled', 'dataset_consumes_1', 'dataset_consumes_1_never_scheduled', 'dataset_consumes_1_and_2', 'dataset_produces_2', 'dataset_produces_1' retrieved from /home/airflow/.local/lib/python3.10/site-packages/airflow/example_dags/example_datasets.py
[2025-06-21T20:30:47.159+0000] {logging_mixin.py:188} INFO - [2025-06-21T20:30:47.159+0000] {dag.py:3036} INFO - Sync 6 DAGs
[2025-06-21T20:30:47.169+0000] {logging_mixin.py:188} INFO - [2025-06-21T20:30:47.169+0000] {dag.py:3823} INFO - Setting next_dagrun for dataset_consumes_1 to None, run_after=None
[2025-06-21T20:30:47.171+0000] {logging_mixin.py:188} INFO - [2025-06-21T20:30:47.171+0000] {dag.py:3823} INFO - Setting next_dagrun for dataset_consumes_1_and_2 to None, run_after=None
[2025-06-21T20:30:47.172+0000] {logging_mixin.py:188} INFO - [2025-06-21T20:30:47.172+0000] {dag.py:3823} INFO - Setting next_dagrun for dataset_consumes_1_never_scheduled to None, run_after=None
[2025-06-21T20:30:47.173+0000] {logging_mixin.py:188} INFO - [2025-06-21T20:30:47.173+0000] {dag.py:3823} INFO - Setting next_dagrun for dataset_consumes_unknown_never_scheduled to None, run_after=None
[2025-06-21T20:30:47.174+0000] {logging_mixin.py:188} INFO - [2025-06-21T20:30:47.174+0000] {dag.py:3823} INFO - Setting next_dagrun for dataset_produces_1 to 2025-06-20 00:00:00+00:00, run_after=2025-06-21 00:00:00+00:00
[2025-06-21T20:30:47.176+0000] {logging_mixin.py:188} INFO - [2025-06-21T20:30:47.176+0000] {dag.py:3823} INFO - Setting next_dagrun for dataset_produces_2 to None, run_after=None
[2025-06-21T20:30:47.189+0000] {processor.py:183} INFO - Processing /home/airflow/.local/lib/python3.10/site-packages/airflow/example_dags/example_datasets.py took 0.055 seconds
[2025-06-21T20:31:17.762+0000] {processor.py:161} INFO - Started process (PID=883) to work on /home/airflow/.local/lib/python3.10/site-packages/airflow/example_dags/example_datasets.py
[2025-06-21T20:31:17.762+0000] {processor.py:830} INFO - Processing file /home/airflow/.local/lib/python3.10/site-packages/airflow/example_dags/example_datasets.py for tasks to queue
[2025-06-21T20:31:17.763+0000] {logging_mixin.py:188} INFO - [2025-06-21T20:31:17.763+0000] {dagbag.py:538} INFO - Filling up the DagBag from /home/airflow/.local/lib/python3.10/site-packages/airflow/example_dags/example_datasets.py
[2025-06-21T20:31:17.767+0000] {processor.py:840} INFO - DAG(s) 'dataset_consumes_1', 'dataset_consumes_1_never_scheduled', 'dataset_produces_1', 'dataset_consumes_unknown_never_scheduled', 'dataset_produces_2', 'dataset_consumes_1_and_2' retrieved from /home/airflow/.local/lib/python3.10/site-packages/airflow/example_dags/example_datasets.py
[2025-06-21T20:31:17.781+0000] {logging_mixin.py:188} INFO - [2025-06-21T20:31:17.781+0000] {dag.py:3036} INFO - Sync 6 DAGs
[2025-06-21T20:31:17.790+0000] {logging_mixin.py:188} INFO - [2025-06-21T20:31:17.790+0000] {dag.py:3823} INFO - Setting next_dagrun for dataset_consumes_1 to None, run_after=None
[2025-06-21T20:31:17.791+0000] {logging_mixin.py:188} INFO - [2025-06-21T20:31:17.791+0000] {dag.py:3823} INFO - Setting next_dagrun for dataset_consumes_1_and_2 to None, run_after=None
[2025-06-21T20:31:17.792+0000] {logging_mixin.py:188} INFO - [2025-06-21T20:31:17.792+0000] {dag.py:3823} INFO - Setting next_dagrun for dataset_consumes_1_never_scheduled to None, run_after=None
[2025-06-21T20:31:17.792+0000] {logging_mixin.py:188} INFO - [2025-06-21T20:31:17.792+0000] {dag.py:3823} INFO - Setting next_dagrun for dataset_consumes_unknown_never_scheduled to None, run_after=None
[2025-06-21T20:31:17.793+0000] {logging_mixin.py:188} INFO - [2025-06-21T20:31:17.793+0000] {dag.py:3823} INFO - Setting next_dagrun for dataset_produces_1 to 2025-06-20 00:00:00+00:00, run_after=2025-06-21 00:00:00+00:00
[2025-06-21T20:31:17.794+0000] {logging_mixin.py:188} INFO - [2025-06-21T20:31:17.794+0000] {dag.py:3823} INFO - Setting next_dagrun for dataset_produces_2 to None, run_after=None
[2025-06-21T20:31:17.805+0000] {processor.py:183} INFO - Processing /home/airflow/.local/lib/python3.10/site-packages/airflow/example_dags/example_datasets.py took 0.045 seconds
[2025-06-21T20:32:18.287+0000] {processor.py:161} INFO - Started process (PID=55) to work on /home/airflow/.local/lib/python3.10/site-packages/airflow/example_dags/example_datasets.py
[2025-06-21T20:32:18.287+0000] {processor.py:830} INFO - Processing file /home/airflow/.local/lib/python3.10/site-packages/airflow/example_dags/example_datasets.py for tasks to queue
[2025-06-21T20:32:18.290+0000] {logging_mixin.py:188} INFO - [2025-06-21T20:32:18.289+0000] {dagbag.py:538} INFO - Filling up the DagBag from /home/airflow/.local/lib/python3.10/site-packages/airflow/example_dags/example_datasets.py
[2025-06-21T20:32:18.297+0000] {processor.py:840} INFO - DAG(s) 'dataset_consumes_1_never_scheduled', 'dataset_produces_2', 'dataset_produces_1', 'dataset_consumes_1_and_2', 'dataset_consumes_1', 'dataset_consumes_unknown_never_scheduled' retrieved from /home/airflow/.local/lib/python3.10/site-packages/airflow/example_dags/example_datasets.py
[2025-06-21T20:32:18.304+0000] {logging_mixin.py:188} INFO - [2025-06-21T20:32:18.304+0000] {dag.py:3036} INFO - Sync 6 DAGs
[2025-06-21T20:32:18.315+0000] {logging_mixin.py:188} INFO - [2025-06-21T20:32:18.315+0000] {dag.py:3823} INFO - Setting next_dagrun for dataset_consumes_1 to None, run_after=None
[2025-06-21T20:32:18.316+0000] {logging_mixin.py:188} INFO - [2025-06-21T20:32:18.316+0000] {dag.py:3823} INFO - Setting next_dagrun for dataset_consumes_1_and_2 to None, run_after=None
[2025-06-21T20:32:18.317+0000] {logging_mixin.py:188} INFO - [2025-06-21T20:32:18.317+0000] {dag.py:3823} INFO - Setting next_dagrun for dataset_consumes_1_never_scheduled to None, run_after=None
[2025-06-21T20:32:18.318+0000] {logging_mixin.py:188} INFO - [2025-06-21T20:32:18.317+0000] {dag.py:3823} INFO - Setting next_dagrun for dataset_consumes_unknown_never_scheduled to None, run_after=None
[2025-06-21T20:32:18.319+0000] {logging_mixin.py:188} INFO - [2025-06-21T20:32:18.319+0000] {dag.py:3823} INFO - Setting next_dagrun for dataset_produces_1 to 2025-06-20 00:00:00+00:00, run_after=2025-06-21 00:00:00+00:00
[2025-06-21T20:32:18.319+0000] {logging_mixin.py:188} INFO - [2025-06-21T20:32:18.319+0000] {dag.py:3823} INFO - Setting next_dagrun for dataset_produces_2 to None, run_after=None
[2025-06-21T20:32:18.331+0000] {processor.py:183} INFO - Processing /home/airflow/.local/lib/python3.10/site-packages/airflow/example_dags/example_datasets.py took 0.046 seconds
[2025-06-21T20:32:48.961+0000] {processor.py:161} INFO - Started process (PID=110) to work on /home/airflow/.local/lib/python3.10/site-packages/airflow/example_dags/example_datasets.py
[2025-06-21T20:32:48.963+0000] {processor.py:830} INFO - Processing file /home/airflow/.local/lib/python3.10/site-packages/airflow/example_dags/example_datasets.py for tasks to queue
[2025-06-21T20:32:48.964+0000] {logging_mixin.py:188} INFO - [2025-06-21T20:32:48.963+0000] {dagbag.py:538} INFO - Filling up the DagBag from /home/airflow/.local/lib/python3.10/site-packages/airflow/example_dags/example_datasets.py
[2025-06-21T20:32:48.968+0000] {processor.py:840} INFO - DAG(s) 'dataset_consumes_unknown_never_scheduled', 'dataset_produces_2', 'dataset_produces_1', 'dataset_consumes_1', 'dataset_consumes_1_never_scheduled', 'dataset_consumes_1_and_2' retrieved from /home/airflow/.local/lib/python3.10/site-packages/airflow/example_dags/example_datasets.py
[2025-06-21T20:32:49.035+0000] {logging_mixin.py:188} INFO - [2025-06-21T20:32:49.035+0000] {dag.py:3036} INFO - Sync 6 DAGs
[2025-06-21T20:32:49.046+0000] {logging_mixin.py:188} INFO - [2025-06-21T20:32:49.046+0000] {dag.py:3823} INFO - Setting next_dagrun for dataset_consumes_1 to None, run_after=None
[2025-06-21T20:32:49.049+0000] {logging_mixin.py:188} INFO - [2025-06-21T20:32:49.049+0000] {dag.py:3823} INFO - Setting next_dagrun for dataset_consumes_1_and_2 to None, run_after=None
[2025-06-21T20:32:49.050+0000] {logging_mixin.py:188} INFO - [2025-06-21T20:32:49.050+0000] {dag.py:3823} INFO - Setting next_dagrun for dataset_consumes_1_never_scheduled to None, run_after=None
[2025-06-21T20:32:49.052+0000] {logging_mixin.py:188} INFO - [2025-06-21T20:32:49.052+0000] {dag.py:3823} INFO - Setting next_dagrun for dataset_consumes_unknown_never_scheduled to None, run_after=None
[2025-06-21T20:32:49.053+0000] {logging_mixin.py:188} INFO - [2025-06-21T20:32:49.053+0000] {dag.py:3823} INFO - Setting next_dagrun for dataset_produces_1 to 2025-06-20 00:00:00+00:00, run_after=2025-06-21 00:00:00+00:00
[2025-06-21T20:32:49.054+0000] {logging_mixin.py:188} INFO - [2025-06-21T20:32:49.054+0000] {dag.py:3823} INFO - Setting next_dagrun for dataset_produces_2 to None, run_after=None
[2025-06-21T20:32:49.068+0000] {processor.py:183} INFO - Processing /home/airflow/.local/lib/python3.10/site-packages/airflow/example_dags/example_datasets.py took 0.108 seconds
[2025-06-21T20:33:52.431+0000] {processor.py:161} INFO - Started process (PID=54) to work on /home/airflow/.local/lib/python3.10/site-packages/airflow/example_dags/example_datasets.py
[2025-06-21T20:33:52.433+0000] {processor.py:830} INFO - Processing file /home/airflow/.local/lib/python3.10/site-packages/airflow/example_dags/example_datasets.py for tasks to queue
[2025-06-21T20:33:52.437+0000] {logging_mixin.py:188} INFO - [2025-06-21T20:33:52.437+0000] {dagbag.py:538} INFO - Filling up the DagBag from /home/airflow/.local/lib/python3.10/site-packages/airflow/example_dags/example_datasets.py
[2025-06-21T20:33:52.447+0000] {processor.py:840} INFO - DAG(s) 'dataset_consumes_1_and_2', 'dataset_consumes_unknown_never_scheduled', 'dataset_consumes_1_never_scheduled', 'dataset_produces_1', 'dataset_produces_2', 'dataset_consumes_1' retrieved from /home/airflow/.local/lib/python3.10/site-packages/airflow/example_dags/example_datasets.py
[2025-06-21T20:33:52.456+0000] {logging_mixin.py:188} INFO - [2025-06-21T20:33:52.456+0000] {dag.py:3036} INFO - Sync 6 DAGs
[2025-06-21T20:33:52.471+0000] {logging_mixin.py:188} INFO - [2025-06-21T20:33:52.471+0000] {dag.py:3823} INFO - Setting next_dagrun for dataset_consumes_1 to None, run_after=None
[2025-06-21T20:33:52.473+0000] {logging_mixin.py:188} INFO - [2025-06-21T20:33:52.473+0000] {dag.py:3823} INFO - Setting next_dagrun for dataset_consumes_1_and_2 to None, run_after=None
[2025-06-21T20:33:52.475+0000] {logging_mixin.py:188} INFO - [2025-06-21T20:33:52.474+0000] {dag.py:3823} INFO - Setting next_dagrun for dataset_consumes_1_never_scheduled to None, run_after=None
[2025-06-21T20:33:52.476+0000] {logging_mixin.py:188} INFO - [2025-06-21T20:33:52.476+0000] {dag.py:3823} INFO - Setting next_dagrun for dataset_consumes_unknown_never_scheduled to None, run_after=None
[2025-06-21T20:33:52.477+0000] {logging_mixin.py:188} INFO - [2025-06-21T20:33:52.477+0000] {dag.py:3823} INFO - Setting next_dagrun for dataset_produces_1 to 2025-06-20 00:00:00+00:00, run_after=2025-06-21 00:00:00+00:00
[2025-06-21T20:33:52.478+0000] {logging_mixin.py:188} INFO - [2025-06-21T20:33:52.478+0000] {dag.py:3823} INFO - Setting next_dagrun for dataset_produces_2 to None, run_after=None
[2025-06-21T20:33:52.518+0000] {processor.py:183} INFO - Processing /home/airflow/.local/lib/python3.10/site-packages/airflow/example_dags/example_datasets.py took 0.091 seconds
[2025-06-21T20:34:22.779+0000] {processor.py:161} INFO - Started process (PID=109) to work on /home/airflow/.local/lib/python3.10/site-packages/airflow/example_dags/example_datasets.py
[2025-06-21T20:34:22.780+0000] {processor.py:830} INFO - Processing file /home/airflow/.local/lib/python3.10/site-packages/airflow/example_dags/example_datasets.py for tasks to queue
[2025-06-21T20:34:22.781+0000] {logging_mixin.py:188} INFO - [2025-06-21T20:34:22.781+0000] {dagbag.py:538} INFO - Filling up the DagBag from /home/airflow/.local/lib/python3.10/site-packages/airflow/example_dags/example_datasets.py
[2025-06-21T20:34:22.786+0000] {processor.py:840} INFO - DAG(s) 'dataset_produces_1', 'dataset_consumes_unknown_never_scheduled', 'dataset_consumes_1', 'dataset_consumes_1_and_2', 'dataset_produces_2', 'dataset_consumes_1_never_scheduled' retrieved from /home/airflow/.local/lib/python3.10/site-packages/airflow/example_dags/example_datasets.py
[2025-06-21T20:34:22.870+0000] {logging_mixin.py:188} INFO - [2025-06-21T20:34:22.870+0000] {dag.py:3036} INFO - Sync 6 DAGs
[2025-06-21T20:34:22.879+0000] {logging_mixin.py:188} INFO - [2025-06-21T20:34:22.879+0000] {dag.py:3823} INFO - Setting next_dagrun for dataset_consumes_1 to None, run_after=None
[2025-06-21T20:34:22.881+0000] {logging_mixin.py:188} INFO - [2025-06-21T20:34:22.881+0000] {dag.py:3823} INFO - Setting next_dagrun for dataset_consumes_1_and_2 to None, run_after=None
[2025-06-21T20:34:22.884+0000] {logging_mixin.py:188} INFO - [2025-06-21T20:34:22.884+0000] {dag.py:3823} INFO - Setting next_dagrun for dataset_consumes_1_never_scheduled to None, run_after=None
[2025-06-21T20:34:22.885+0000] {logging_mixin.py:188} INFO - [2025-06-21T20:34:22.885+0000] {dag.py:3823} INFO - Setting next_dagrun for dataset_consumes_unknown_never_scheduled to None, run_after=None
[2025-06-21T20:34:22.886+0000] {logging_mixin.py:188} INFO - [2025-06-21T20:34:22.886+0000] {dag.py:3823} INFO - Setting next_dagrun for dataset_produces_1 to 2025-06-20 00:00:00+00:00, run_after=2025-06-21 00:00:00+00:00
[2025-06-21T20:34:22.887+0000] {logging_mixin.py:188} INFO - [2025-06-21T20:34:22.887+0000] {dag.py:3823} INFO - Setting next_dagrun for dataset_produces_2 to None, run_after=None
[2025-06-21T20:34:22.906+0000] {processor.py:183} INFO - Processing /home/airflow/.local/lib/python3.10/site-packages/airflow/example_dags/example_datasets.py took 0.129 seconds
[2025-06-21T20:34:53.053+0000] {processor.py:161} INFO - Started process (PID=164) to work on /home/airflow/.local/lib/python3.10/site-packages/airflow/example_dags/example_datasets.py
[2025-06-21T20:34:53.054+0000] {processor.py:830} INFO - Processing file /home/airflow/.local/lib/python3.10/site-packages/airflow/example_dags/example_datasets.py for tasks to queue
[2025-06-21T20:34:53.055+0000] {logging_mixin.py:188} INFO - [2025-06-21T20:34:53.055+0000] {dagbag.py:538} INFO - Filling up the DagBag from /home/airflow/.local/lib/python3.10/site-packages/airflow/example_dags/example_datasets.py
[2025-06-21T20:34:53.064+0000] {processor.py:840} INFO - DAG(s) 'dataset_consumes_1_never_scheduled', 'dataset_consumes_1_and_2', 'dataset_consumes_unknown_never_scheduled', 'dataset_consumes_1', 'dataset_produces_2', 'dataset_produces_1' retrieved from /home/airflow/.local/lib/python3.10/site-packages/airflow/example_dags/example_datasets.py
[2025-06-21T20:34:53.094+0000] {logging_mixin.py:188} INFO - [2025-06-21T20:34:53.094+0000] {dag.py:3036} INFO - Sync 6 DAGs
[2025-06-21T20:34:53.117+0000] {logging_mixin.py:188} INFO - [2025-06-21T20:34:53.117+0000] {dag.py:3823} INFO - Setting next_dagrun for dataset_consumes_1 to None, run_after=None
[2025-06-21T20:34:53.124+0000] {logging_mixin.py:188} INFO - [2025-06-21T20:34:53.124+0000] {dag.py:3823} INFO - Setting next_dagrun for dataset_consumes_1_and_2 to None, run_after=None
[2025-06-21T20:34:53.128+0000] {logging_mixin.py:188} INFO - [2025-06-21T20:34:53.128+0000] {dag.py:3823} INFO - Setting next_dagrun for dataset_consumes_1_never_scheduled to None, run_after=None
[2025-06-21T20:34:53.131+0000] {logging_mixin.py:188} INFO - [2025-06-21T20:34:53.130+0000] {dag.py:3823} INFO - Setting next_dagrun for dataset_consumes_unknown_never_scheduled to None, run_after=None
[2025-06-21T20:34:53.134+0000] {logging_mixin.py:188} INFO - [2025-06-21T20:34:53.134+0000] {dag.py:3823} INFO - Setting next_dagrun for dataset_produces_1 to 2025-06-20 00:00:00+00:00, run_after=2025-06-21 00:00:00+00:00
[2025-06-21T20:34:53.137+0000] {logging_mixin.py:188} INFO - [2025-06-21T20:34:53.136+0000] {dag.py:3823} INFO - Setting next_dagrun for dataset_produces_2 to None, run_after=None
[2025-06-21T20:34:53.175+0000] {processor.py:183} INFO - Processing /home/airflow/.local/lib/python3.10/site-packages/airflow/example_dags/example_datasets.py took 0.124 seconds
[2025-06-21T20:35:24.096+0000] {processor.py:161} INFO - Started process (PID=219) to work on /home/airflow/.local/lib/python3.10/site-packages/airflow/example_dags/example_datasets.py
[2025-06-21T20:35:24.099+0000] {processor.py:830} INFO - Processing file /home/airflow/.local/lib/python3.10/site-packages/airflow/example_dags/example_datasets.py for tasks to queue
[2025-06-21T20:35:24.100+0000] {logging_mixin.py:188} INFO - [2025-06-21T20:35:24.100+0000] {dagbag.py:538} INFO - Filling up the DagBag from /home/airflow/.local/lib/python3.10/site-packages/airflow/example_dags/example_datasets.py
[2025-06-21T20:35:24.105+0000] {processor.py:840} INFO - DAG(s) 'dataset_consumes_1_never_scheduled', 'dataset_consumes_1', 'dataset_consumes_unknown_never_scheduled', 'dataset_consumes_1_and_2', 'dataset_produces_1', 'dataset_produces_2' retrieved from /home/airflow/.local/lib/python3.10/site-packages/airflow/example_dags/example_datasets.py
[2025-06-21T20:35:24.128+0000] {logging_mixin.py:188} INFO - [2025-06-21T20:35:24.128+0000] {dag.py:3036} INFO - Sync 6 DAGs
[2025-06-21T20:35:24.140+0000] {logging_mixin.py:188} INFO - [2025-06-21T20:35:24.140+0000] {dag.py:3823} INFO - Setting next_dagrun for dataset_consumes_1 to None, run_after=None
[2025-06-21T20:35:24.142+0000] {logging_mixin.py:188} INFO - [2025-06-21T20:35:24.142+0000] {dag.py:3823} INFO - Setting next_dagrun for dataset_consumes_1_and_2 to None, run_after=None
[2025-06-21T20:35:24.142+0000] {logging_mixin.py:188} INFO - [2025-06-21T20:35:24.142+0000] {dag.py:3823} INFO - Setting next_dagrun for dataset_consumes_1_never_scheduled to None, run_after=None
[2025-06-21T20:35:24.143+0000] {logging_mixin.py:188} INFO - [2025-06-21T20:35:24.143+0000] {dag.py:3823} INFO - Setting next_dagrun for dataset_consumes_unknown_never_scheduled to None, run_after=None
[2025-06-21T20:35:24.144+0000] {logging_mixin.py:188} INFO - [2025-06-21T20:35:24.144+0000] {dag.py:3823} INFO - Setting next_dagrun for dataset_produces_1 to 2025-06-20 00:00:00+00:00, run_after=2025-06-21 00:00:00+00:00
[2025-06-21T20:35:24.144+0000] {logging_mixin.py:188} INFO - [2025-06-21T20:35:24.144+0000] {dag.py:3823} INFO - Setting next_dagrun for dataset_produces_2 to None, run_after=None
[2025-06-21T20:35:24.158+0000] {processor.py:183} INFO - Processing /home/airflow/.local/lib/python3.10/site-packages/airflow/example_dags/example_datasets.py took 0.063 seconds
