[2025-06-21T20:15:01.771+0000] {processor.py:161} INFO - Started process (PID=50) to work on /home/airflow/.local/lib/python3.10/site-packages/airflow/example_dags/example_skip_dag.py
[2025-06-21T20:15:01.772+0000] {processor.py:830} INFO - Processing file /home/airflow/.local/lib/python3.10/site-packages/airflow/example_dags/example_skip_dag.py for tasks to queue
[2025-06-21T20:15:01.775+0000] {logging_mixin.py:188} INFO - [2025-06-21T20:15:01.775+0000] {dagbag.py:538} INFO - Filling up the DagBag from /home/airflow/.local/lib/python3.10/site-packages/airflow/example_dags/example_skip_dag.py
[2025-06-21T20:15:01.781+0000] {processor.py:840} INFO - DAG(s) 'example_skip_dag' retrieved from /home/airflow/.local/lib/python3.10/site-packages/airflow/example_dags/example_skip_dag.py
[2025-06-21T20:15:01.789+0000] {logging_mixin.py:188} INFO - [2025-06-21T20:15:01.789+0000] {dag.py:3036} INFO - Sync 1 DAGs
[2025-06-21T20:15:01.808+0000] {logging_mixin.py:188} INFO - [2025-06-21T20:15:01.808+0000] {dag.py:3823} INFO - Setting next_dagrun for example_skip_dag to 2025-06-20 00:00:00+00:00, run_after=2025-06-21 00:00:00+00:00
[2025-06-21T20:15:01.821+0000] {processor.py:183} INFO - Processing /home/airflow/.local/lib/python3.10/site-packages/airflow/example_dags/example_skip_dag.py took 0.051 seconds
[2025-06-21T20:15:32.682+0000] {processor.py:161} INFO - Started process (PID=105) to work on /home/airflow/.local/lib/python3.10/site-packages/airflow/example_dags/example_skip_dag.py
[2025-06-21T20:15:32.682+0000] {processor.py:830} INFO - Processing file /home/airflow/.local/lib/python3.10/site-packages/airflow/example_dags/example_skip_dag.py for tasks to queue
[2025-06-21T20:15:32.683+0000] {logging_mixin.py:188} INFO - [2025-06-21T20:15:32.683+0000] {dagbag.py:538} INFO - Filling up the DagBag from /home/airflow/.local/lib/python3.10/site-packages/airflow/example_dags/example_skip_dag.py
[2025-06-21T20:15:32.687+0000] {processor.py:840} INFO - DAG(s) 'example_skip_dag' retrieved from /home/airflow/.local/lib/python3.10/site-packages/airflow/example_dags/example_skip_dag.py
[2025-06-21T20:15:32.732+0000] {logging_mixin.py:188} INFO - [2025-06-21T20:15:32.732+0000] {dag.py:3036} INFO - Sync 1 DAGs
[2025-06-21T20:15:32.740+0000] {logging_mixin.py:188} INFO - [2025-06-21T20:15:32.740+0000] {dag.py:3823} INFO - Setting next_dagrun for example_skip_dag to 2025-06-20 00:00:00+00:00, run_after=2025-06-21 00:00:00+00:00
[2025-06-21T20:15:32.747+0000] {processor.py:183} INFO - Processing /home/airflow/.local/lib/python3.10/site-packages/airflow/example_dags/example_skip_dag.py took 0.067 seconds
[2025-06-21T20:16:03.279+0000] {processor.py:161} INFO - Started process (PID=160) to work on /home/airflow/.local/lib/python3.10/site-packages/airflow/example_dags/example_skip_dag.py
[2025-06-21T20:16:03.280+0000] {processor.py:830} INFO - Processing file /home/airflow/.local/lib/python3.10/site-packages/airflow/example_dags/example_skip_dag.py for tasks to queue
[2025-06-21T20:16:03.281+0000] {logging_mixin.py:188} INFO - [2025-06-21T20:16:03.281+0000] {dagbag.py:538} INFO - Filling up the DagBag from /home/airflow/.local/lib/python3.10/site-packages/airflow/example_dags/example_skip_dag.py
[2025-06-21T20:16:03.285+0000] {processor.py:840} INFO - DAG(s) 'example_skip_dag' retrieved from /home/airflow/.local/lib/python3.10/site-packages/airflow/example_dags/example_skip_dag.py
[2025-06-21T20:16:03.303+0000] {logging_mixin.py:188} INFO - [2025-06-21T20:16:03.303+0000] {dag.py:3036} INFO - Sync 1 DAGs
[2025-06-21T20:16:03.315+0000] {logging_mixin.py:188} INFO - [2025-06-21T20:16:03.315+0000] {dag.py:3823} INFO - Setting next_dagrun for example_skip_dag to 2025-06-20 00:00:00+00:00, run_after=2025-06-21 00:00:00+00:00
[2025-06-21T20:16:03.337+0000] {processor.py:183} INFO - Processing /home/airflow/.local/lib/python3.10/site-packages/airflow/example_dags/example_skip_dag.py took 0.060 seconds
[2025-06-21T20:16:33.359+0000] {processor.py:161} INFO - Started process (PID=214) to work on /home/airflow/.local/lib/python3.10/site-packages/airflow/example_dags/example_skip_dag.py
[2025-06-21T20:16:33.360+0000] {processor.py:830} INFO - Processing file /home/airflow/.local/lib/python3.10/site-packages/airflow/example_dags/example_skip_dag.py for tasks to queue
[2025-06-21T20:16:33.361+0000] {logging_mixin.py:188} INFO - [2025-06-21T20:16:33.361+0000] {dagbag.py:538} INFO - Filling up the DagBag from /home/airflow/.local/lib/python3.10/site-packages/airflow/example_dags/example_skip_dag.py
[2025-06-21T20:16:33.365+0000] {processor.py:840} INFO - DAG(s) 'example_skip_dag' retrieved from /home/airflow/.local/lib/python3.10/site-packages/airflow/example_dags/example_skip_dag.py
[2025-06-21T20:16:33.374+0000] {logging_mixin.py:188} INFO - [2025-06-21T20:16:33.374+0000] {dag.py:3036} INFO - Sync 1 DAGs
[2025-06-21T20:16:33.384+0000] {logging_mixin.py:188} INFO - [2025-06-21T20:16:33.384+0000] {dag.py:3823} INFO - Setting next_dagrun for example_skip_dag to 2025-06-20 00:00:00+00:00, run_after=2025-06-21 00:00:00+00:00
[2025-06-21T20:16:33.391+0000] {processor.py:183} INFO - Processing /home/airflow/.local/lib/python3.10/site-packages/airflow/example_dags/example_skip_dag.py took 0.033 seconds
[2025-06-21T20:17:03.833+0000] {processor.py:161} INFO - Started process (PID=269) to work on /home/airflow/.local/lib/python3.10/site-packages/airflow/example_dags/example_skip_dag.py
[2025-06-21T20:17:03.834+0000] {processor.py:830} INFO - Processing file /home/airflow/.local/lib/python3.10/site-packages/airflow/example_dags/example_skip_dag.py for tasks to queue
[2025-06-21T20:17:03.835+0000] {logging_mixin.py:188} INFO - [2025-06-21T20:17:03.835+0000] {dagbag.py:538} INFO - Filling up the DagBag from /home/airflow/.local/lib/python3.10/site-packages/airflow/example_dags/example_skip_dag.py
[2025-06-21T20:17:03.840+0000] {processor.py:840} INFO - DAG(s) 'example_skip_dag' retrieved from /home/airflow/.local/lib/python3.10/site-packages/airflow/example_dags/example_skip_dag.py
[2025-06-21T20:17:03.858+0000] {logging_mixin.py:188} INFO - [2025-06-21T20:17:03.858+0000] {dag.py:3036} INFO - Sync 1 DAGs
[2025-06-21T20:17:03.875+0000] {logging_mixin.py:188} INFO - [2025-06-21T20:17:03.875+0000] {dag.py:3823} INFO - Setting next_dagrun for example_skip_dag to 2025-06-20 00:00:00+00:00, run_after=2025-06-21 00:00:00+00:00
[2025-06-21T20:17:03.893+0000] {processor.py:183} INFO - Processing /home/airflow/.local/lib/python3.10/site-packages/airflow/example_dags/example_skip_dag.py took 0.062 seconds
[2025-06-21T20:17:34.646+0000] {processor.py:161} INFO - Started process (PID=324) to work on /home/airflow/.local/lib/python3.10/site-packages/airflow/example_dags/example_skip_dag.py
[2025-06-21T20:17:34.647+0000] {processor.py:830} INFO - Processing file /home/airflow/.local/lib/python3.10/site-packages/airflow/example_dags/example_skip_dag.py for tasks to queue
[2025-06-21T20:17:34.648+0000] {logging_mixin.py:188} INFO - [2025-06-21T20:17:34.648+0000] {dagbag.py:538} INFO - Filling up the DagBag from /home/airflow/.local/lib/python3.10/site-packages/airflow/example_dags/example_skip_dag.py
[2025-06-21T20:17:34.651+0000] {processor.py:840} INFO - DAG(s) 'example_skip_dag' retrieved from /home/airflow/.local/lib/python3.10/site-packages/airflow/example_dags/example_skip_dag.py
[2025-06-21T20:17:34.662+0000] {logging_mixin.py:188} INFO - [2025-06-21T20:17:34.662+0000] {dag.py:3036} INFO - Sync 1 DAGs
[2025-06-21T20:17:34.672+0000] {logging_mixin.py:188} INFO - [2025-06-21T20:17:34.672+0000] {dag.py:3823} INFO - Setting next_dagrun for example_skip_dag to 2025-06-20 00:00:00+00:00, run_after=2025-06-21 00:00:00+00:00
[2025-06-21T20:17:34.683+0000] {processor.py:183} INFO - Processing /home/airflow/.local/lib/python3.10/site-packages/airflow/example_dags/example_skip_dag.py took 0.038 seconds
[2025-06-21T20:18:04.836+0000] {processor.py:161} INFO - Started process (PID=379) to work on /home/airflow/.local/lib/python3.10/site-packages/airflow/example_dags/example_skip_dag.py
[2025-06-21T20:18:04.836+0000] {processor.py:830} INFO - Processing file /home/airflow/.local/lib/python3.10/site-packages/airflow/example_dags/example_skip_dag.py for tasks to queue
[2025-06-21T20:18:04.837+0000] {logging_mixin.py:188} INFO - [2025-06-21T20:18:04.837+0000] {dagbag.py:538} INFO - Filling up the DagBag from /home/airflow/.local/lib/python3.10/site-packages/airflow/example_dags/example_skip_dag.py
[2025-06-21T20:18:04.840+0000] {processor.py:840} INFO - DAG(s) 'example_skip_dag' retrieved from /home/airflow/.local/lib/python3.10/site-packages/airflow/example_dags/example_skip_dag.py
[2025-06-21T20:18:04.851+0000] {logging_mixin.py:188} INFO - [2025-06-21T20:18:04.851+0000] {dag.py:3036} INFO - Sync 1 DAGs
[2025-06-21T20:18:04.863+0000] {logging_mixin.py:188} INFO - [2025-06-21T20:18:04.863+0000] {dag.py:3823} INFO - Setting next_dagrun for example_skip_dag to 2025-06-20 00:00:00+00:00, run_after=2025-06-21 00:00:00+00:00
[2025-06-21T20:18:04.877+0000] {processor.py:183} INFO - Processing /home/airflow/.local/lib/python3.10/site-packages/airflow/example_dags/example_skip_dag.py took 0.043 seconds
[2025-06-21T20:18:35.503+0000] {processor.py:161} INFO - Started process (PID=439) to work on /home/airflow/.local/lib/python3.10/site-packages/airflow/example_dags/example_skip_dag.py
[2025-06-21T20:18:35.504+0000] {processor.py:830} INFO - Processing file /home/airflow/.local/lib/python3.10/site-packages/airflow/example_dags/example_skip_dag.py for tasks to queue
[2025-06-21T20:18:35.505+0000] {logging_mixin.py:188} INFO - [2025-06-21T20:18:35.505+0000] {dagbag.py:538} INFO - Filling up the DagBag from /home/airflow/.local/lib/python3.10/site-packages/airflow/example_dags/example_skip_dag.py
[2025-06-21T20:18:35.508+0000] {processor.py:840} INFO - DAG(s) 'example_skip_dag' retrieved from /home/airflow/.local/lib/python3.10/site-packages/airflow/example_dags/example_skip_dag.py
[2025-06-21T20:18:35.515+0000] {logging_mixin.py:188} INFO - [2025-06-21T20:18:35.515+0000] {dag.py:3036} INFO - Sync 1 DAGs
[2025-06-21T20:18:35.526+0000] {logging_mixin.py:188} INFO - [2025-06-21T20:18:35.526+0000] {dag.py:3823} INFO - Setting next_dagrun for example_skip_dag to 2025-06-20 00:00:00+00:00, run_after=2025-06-21 00:00:00+00:00
[2025-06-21T20:18:35.534+0000] {processor.py:183} INFO - Processing /home/airflow/.local/lib/python3.10/site-packages/airflow/example_dags/example_skip_dag.py took 0.033 seconds
[2025-06-21T20:23:37.616+0000] {processor.py:161} INFO - Started process (PID=50) to work on /home/airflow/.local/lib/python3.10/site-packages/airflow/example_dags/example_skip_dag.py
[2025-06-21T20:23:37.618+0000] {processor.py:830} INFO - Processing file /home/airflow/.local/lib/python3.10/site-packages/airflow/example_dags/example_skip_dag.py for tasks to queue
[2025-06-21T20:23:37.619+0000] {logging_mixin.py:188} INFO - [2025-06-21T20:23:37.619+0000] {dagbag.py:538} INFO - Filling up the DagBag from /home/airflow/.local/lib/python3.10/site-packages/airflow/example_dags/example_skip_dag.py
[2025-06-21T20:23:37.627+0000] {processor.py:840} INFO - DAG(s) 'example_skip_dag' retrieved from /home/airflow/.local/lib/python3.10/site-packages/airflow/example_dags/example_skip_dag.py
[2025-06-21T20:23:37.634+0000] {logging_mixin.py:188} INFO - [2025-06-21T20:23:37.634+0000] {dag.py:3036} INFO - Sync 1 DAGs
[2025-06-21T20:23:37.648+0000] {logging_mixin.py:188} INFO - [2025-06-21T20:23:37.648+0000] {dag.py:3823} INFO - Setting next_dagrun for example_skip_dag to 2025-06-20 00:00:00+00:00, run_after=2025-06-21 00:00:00+00:00
[2025-06-21T20:23:37.669+0000] {processor.py:183} INFO - Processing /home/airflow/.local/lib/python3.10/site-packages/airflow/example_dags/example_skip_dag.py took 0.054 seconds
[2025-06-21T20:24:08.612+0000] {processor.py:161} INFO - Started process (PID=105) to work on /home/airflow/.local/lib/python3.10/site-packages/airflow/example_dags/example_skip_dag.py
[2025-06-21T20:24:08.612+0000] {processor.py:830} INFO - Processing file /home/airflow/.local/lib/python3.10/site-packages/airflow/example_dags/example_skip_dag.py for tasks to queue
[2025-06-21T20:24:08.613+0000] {logging_mixin.py:188} INFO - [2025-06-21T20:24:08.613+0000] {dagbag.py:538} INFO - Filling up the DagBag from /home/airflow/.local/lib/python3.10/site-packages/airflow/example_dags/example_skip_dag.py
[2025-06-21T20:24:08.616+0000] {processor.py:840} INFO - DAG(s) 'example_skip_dag' retrieved from /home/airflow/.local/lib/python3.10/site-packages/airflow/example_dags/example_skip_dag.py
[2025-06-21T20:24:08.661+0000] {logging_mixin.py:188} INFO - [2025-06-21T20:24:08.661+0000] {dag.py:3036} INFO - Sync 1 DAGs
[2025-06-21T20:24:08.674+0000] {logging_mixin.py:188} INFO - [2025-06-21T20:24:08.674+0000] {dag.py:3823} INFO - Setting next_dagrun for example_skip_dag to 2025-06-20 00:00:00+00:00, run_after=2025-06-21 00:00:00+00:00
[2025-06-21T20:24:08.690+0000] {processor.py:183} INFO - Processing /home/airflow/.local/lib/python3.10/site-packages/airflow/example_dags/example_skip_dag.py took 0.079 seconds
[2025-06-21T20:24:38.792+0000] {processor.py:161} INFO - Started process (PID=160) to work on /home/airflow/.local/lib/python3.10/site-packages/airflow/example_dags/example_skip_dag.py
[2025-06-21T20:24:38.792+0000] {processor.py:830} INFO - Processing file /home/airflow/.local/lib/python3.10/site-packages/airflow/example_dags/example_skip_dag.py for tasks to queue
[2025-06-21T20:24:38.794+0000] {logging_mixin.py:188} INFO - [2025-06-21T20:24:38.794+0000] {dagbag.py:538} INFO - Filling up the DagBag from /home/airflow/.local/lib/python3.10/site-packages/airflow/example_dags/example_skip_dag.py
[2025-06-21T20:24:38.801+0000] {processor.py:840} INFO - DAG(s) 'example_skip_dag' retrieved from /home/airflow/.local/lib/python3.10/site-packages/airflow/example_dags/example_skip_dag.py
[2025-06-21T20:24:38.816+0000] {logging_mixin.py:188} INFO - [2025-06-21T20:24:38.816+0000] {dag.py:3036} INFO - Sync 1 DAGs
[2025-06-21T20:24:38.832+0000] {logging_mixin.py:188} INFO - [2025-06-21T20:24:38.831+0000] {dag.py:3823} INFO - Setting next_dagrun for example_skip_dag to 2025-06-20 00:00:00+00:00, run_after=2025-06-21 00:00:00+00:00
[2025-06-21T20:24:38.867+0000] {processor.py:183} INFO - Processing /home/airflow/.local/lib/python3.10/site-packages/airflow/example_dags/example_skip_dag.py took 0.078 seconds
[2025-06-21T20:25:09.733+0000] {processor.py:161} INFO - Started process (PID=214) to work on /home/airflow/.local/lib/python3.10/site-packages/airflow/example_dags/example_skip_dag.py
[2025-06-21T20:25:09.734+0000] {processor.py:830} INFO - Processing file /home/airflow/.local/lib/python3.10/site-packages/airflow/example_dags/example_skip_dag.py for tasks to queue
[2025-06-21T20:25:09.734+0000] {logging_mixin.py:188} INFO - [2025-06-21T20:25:09.734+0000] {dagbag.py:538} INFO - Filling up the DagBag from /home/airflow/.local/lib/python3.10/site-packages/airflow/example_dags/example_skip_dag.py
[2025-06-21T20:25:09.738+0000] {processor.py:840} INFO - DAG(s) 'example_skip_dag' retrieved from /home/airflow/.local/lib/python3.10/site-packages/airflow/example_dags/example_skip_dag.py
[2025-06-21T20:25:09.752+0000] {logging_mixin.py:188} INFO - [2025-06-21T20:25:09.751+0000] {dag.py:3036} INFO - Sync 1 DAGs
[2025-06-21T20:25:09.763+0000] {logging_mixin.py:188} INFO - [2025-06-21T20:25:09.763+0000] {dag.py:3823} INFO - Setting next_dagrun for example_skip_dag to 2025-06-20 00:00:00+00:00, run_after=2025-06-21 00:00:00+00:00
[2025-06-21T20:25:09.776+0000] {processor.py:183} INFO - Processing /home/airflow/.local/lib/python3.10/site-packages/airflow/example_dags/example_skip_dag.py took 0.045 seconds
[2025-06-21T20:25:40.779+0000] {processor.py:161} INFO - Started process (PID=274) to work on /home/airflow/.local/lib/python3.10/site-packages/airflow/example_dags/example_skip_dag.py
[2025-06-21T20:25:40.790+0000] {processor.py:830} INFO - Processing file /home/airflow/.local/lib/python3.10/site-packages/airflow/example_dags/example_skip_dag.py for tasks to queue
[2025-06-21T20:25:40.792+0000] {logging_mixin.py:188} INFO - [2025-06-21T20:25:40.792+0000] {dagbag.py:538} INFO - Filling up the DagBag from /home/airflow/.local/lib/python3.10/site-packages/airflow/example_dags/example_skip_dag.py
[2025-06-21T20:25:40.797+0000] {processor.py:840} INFO - DAG(s) 'example_skip_dag' retrieved from /home/airflow/.local/lib/python3.10/site-packages/airflow/example_dags/example_skip_dag.py
[2025-06-21T20:25:40.815+0000] {logging_mixin.py:188} INFO - [2025-06-21T20:25:40.815+0000] {dag.py:3036} INFO - Sync 1 DAGs
[2025-06-21T20:25:40.829+0000] {logging_mixin.py:188} INFO - [2025-06-21T20:25:40.829+0000] {dag.py:3823} INFO - Setting next_dagrun for example_skip_dag to 2025-06-20 00:00:00+00:00, run_after=2025-06-21 00:00:00+00:00
[2025-06-21T20:25:40.843+0000] {processor.py:183} INFO - Processing /home/airflow/.local/lib/python3.10/site-packages/airflow/example_dags/example_skip_dag.py took 0.074 seconds
[2025-06-21T20:26:11.749+0000] {processor.py:161} INFO - Started process (PID=329) to work on /home/airflow/.local/lib/python3.10/site-packages/airflow/example_dags/example_skip_dag.py
[2025-06-21T20:26:11.751+0000] {processor.py:830} INFO - Processing file /home/airflow/.local/lib/python3.10/site-packages/airflow/example_dags/example_skip_dag.py for tasks to queue
[2025-06-21T20:26:11.753+0000] {logging_mixin.py:188} INFO - [2025-06-21T20:26:11.753+0000] {dagbag.py:538} INFO - Filling up the DagBag from /home/airflow/.local/lib/python3.10/site-packages/airflow/example_dags/example_skip_dag.py
[2025-06-21T20:26:11.759+0000] {processor.py:840} INFO - DAG(s) 'example_skip_dag' retrieved from /home/airflow/.local/lib/python3.10/site-packages/airflow/example_dags/example_skip_dag.py
[2025-06-21T20:26:11.773+0000] {logging_mixin.py:188} INFO - [2025-06-21T20:26:11.773+0000] {dag.py:3036} INFO - Sync 1 DAGs
[2025-06-21T20:26:11.786+0000] {logging_mixin.py:188} INFO - [2025-06-21T20:26:11.785+0000] {dag.py:3823} INFO - Setting next_dagrun for example_skip_dag to 2025-06-20 00:00:00+00:00, run_after=2025-06-21 00:00:00+00:00
[2025-06-21T20:26:11.798+0000] {processor.py:183} INFO - Processing /home/airflow/.local/lib/python3.10/site-packages/airflow/example_dags/example_skip_dag.py took 0.052 seconds
[2025-06-21T20:26:42.519+0000] {processor.py:161} INFO - Started process (PID=384) to work on /home/airflow/.local/lib/python3.10/site-packages/airflow/example_dags/example_skip_dag.py
[2025-06-21T20:26:42.520+0000] {processor.py:830} INFO - Processing file /home/airflow/.local/lib/python3.10/site-packages/airflow/example_dags/example_skip_dag.py for tasks to queue
[2025-06-21T20:26:42.523+0000] {logging_mixin.py:188} INFO - [2025-06-21T20:26:42.522+0000] {dagbag.py:538} INFO - Filling up the DagBag from /home/airflow/.local/lib/python3.10/site-packages/airflow/example_dags/example_skip_dag.py
[2025-06-21T20:26:42.530+0000] {processor.py:840} INFO - DAG(s) 'example_skip_dag' retrieved from /home/airflow/.local/lib/python3.10/site-packages/airflow/example_dags/example_skip_dag.py
[2025-06-21T20:26:42.548+0000] {logging_mixin.py:188} INFO - [2025-06-21T20:26:42.548+0000] {dag.py:3036} INFO - Sync 1 DAGs
[2025-06-21T20:26:42.561+0000] {logging_mixin.py:188} INFO - [2025-06-21T20:26:42.561+0000] {dag.py:3823} INFO - Setting next_dagrun for example_skip_dag to 2025-06-20 00:00:00+00:00, run_after=2025-06-21 00:00:00+00:00
[2025-06-21T20:26:42.580+0000] {processor.py:183} INFO - Processing /home/airflow/.local/lib/python3.10/site-packages/airflow/example_dags/example_skip_dag.py took 0.065 seconds
[2025-06-21T20:27:12.636+0000] {processor.py:161} INFO - Started process (PID=439) to work on /home/airflow/.local/lib/python3.10/site-packages/airflow/example_dags/example_skip_dag.py
[2025-06-21T20:27:12.637+0000] {processor.py:830} INFO - Processing file /home/airflow/.local/lib/python3.10/site-packages/airflow/example_dags/example_skip_dag.py for tasks to queue
[2025-06-21T20:27:12.639+0000] {logging_mixin.py:188} INFO - [2025-06-21T20:27:12.638+0000] {dagbag.py:538} INFO - Filling up the DagBag from /home/airflow/.local/lib/python3.10/site-packages/airflow/example_dags/example_skip_dag.py
[2025-06-21T20:27:12.644+0000] {processor.py:840} INFO - DAG(s) 'example_skip_dag' retrieved from /home/airflow/.local/lib/python3.10/site-packages/airflow/example_dags/example_skip_dag.py
[2025-06-21T20:27:12.663+0000] {logging_mixin.py:188} INFO - [2025-06-21T20:27:12.662+0000] {dag.py:3036} INFO - Sync 1 DAGs
[2025-06-21T20:27:12.677+0000] {logging_mixin.py:188} INFO - [2025-06-21T20:27:12.677+0000] {dag.py:3823} INFO - Setting next_dagrun for example_skip_dag to 2025-06-20 00:00:00+00:00, run_after=2025-06-21 00:00:00+00:00
[2025-06-21T20:27:12.687+0000] {processor.py:183} INFO - Processing /home/airflow/.local/lib/python3.10/site-packages/airflow/example_dags/example_skip_dag.py took 0.055 seconds
[2025-06-21T20:27:42.705+0000] {processor.py:161} INFO - Started process (PID=494) to work on /home/airflow/.local/lib/python3.10/site-packages/airflow/example_dags/example_skip_dag.py
[2025-06-21T20:27:42.707+0000] {processor.py:830} INFO - Processing file /home/airflow/.local/lib/python3.10/site-packages/airflow/example_dags/example_skip_dag.py for tasks to queue
[2025-06-21T20:27:42.709+0000] {logging_mixin.py:188} INFO - [2025-06-21T20:27:42.709+0000] {dagbag.py:538} INFO - Filling up the DagBag from /home/airflow/.local/lib/python3.10/site-packages/airflow/example_dags/example_skip_dag.py
[2025-06-21T20:27:42.713+0000] {processor.py:840} INFO - DAG(s) 'example_skip_dag' retrieved from /home/airflow/.local/lib/python3.10/site-packages/airflow/example_dags/example_skip_dag.py
[2025-06-21T20:27:42.727+0000] {logging_mixin.py:188} INFO - [2025-06-21T20:27:42.727+0000] {dag.py:3036} INFO - Sync 1 DAGs
[2025-06-21T20:27:42.737+0000] {logging_mixin.py:188} INFO - [2025-06-21T20:27:42.737+0000] {dag.py:3823} INFO - Setting next_dagrun for example_skip_dag to 2025-06-20 00:00:00+00:00, run_after=2025-06-21 00:00:00+00:00
[2025-06-21T20:27:42.747+0000] {processor.py:183} INFO - Processing /home/airflow/.local/lib/python3.10/site-packages/airflow/example_dags/example_skip_dag.py took 0.044 seconds
[2025-06-21T20:28:13.503+0000] {processor.py:161} INFO - Started process (PID=549) to work on /home/airflow/.local/lib/python3.10/site-packages/airflow/example_dags/example_skip_dag.py
[2025-06-21T20:28:13.504+0000] {processor.py:830} INFO - Processing file /home/airflow/.local/lib/python3.10/site-packages/airflow/example_dags/example_skip_dag.py for tasks to queue
[2025-06-21T20:28:13.505+0000] {logging_mixin.py:188} INFO - [2025-06-21T20:28:13.504+0000] {dagbag.py:538} INFO - Filling up the DagBag from /home/airflow/.local/lib/python3.10/site-packages/airflow/example_dags/example_skip_dag.py
[2025-06-21T20:28:13.508+0000] {processor.py:840} INFO - DAG(s) 'example_skip_dag' retrieved from /home/airflow/.local/lib/python3.10/site-packages/airflow/example_dags/example_skip_dag.py
[2025-06-21T20:28:13.520+0000] {logging_mixin.py:188} INFO - [2025-06-21T20:28:13.520+0000] {dag.py:3036} INFO - Sync 1 DAGs
[2025-06-21T20:28:13.531+0000] {logging_mixin.py:188} INFO - [2025-06-21T20:28:13.531+0000] {dag.py:3823} INFO - Setting next_dagrun for example_skip_dag to 2025-06-20 00:00:00+00:00, run_after=2025-06-21 00:00:00+00:00
[2025-06-21T20:28:13.539+0000] {processor.py:183} INFO - Processing /home/airflow/.local/lib/python3.10/site-packages/airflow/example_dags/example_skip_dag.py took 0.038 seconds
[2025-06-21T20:28:44.261+0000] {processor.py:161} INFO - Started process (PID=604) to work on /home/airflow/.local/lib/python3.10/site-packages/airflow/example_dags/example_skip_dag.py
[2025-06-21T20:28:44.263+0000] {processor.py:830} INFO - Processing file /home/airflow/.local/lib/python3.10/site-packages/airflow/example_dags/example_skip_dag.py for tasks to queue
[2025-06-21T20:28:44.264+0000] {logging_mixin.py:188} INFO - [2025-06-21T20:28:44.264+0000] {dagbag.py:538} INFO - Filling up the DagBag from /home/airflow/.local/lib/python3.10/site-packages/airflow/example_dags/example_skip_dag.py
[2025-06-21T20:28:44.268+0000] {processor.py:840} INFO - DAG(s) 'example_skip_dag' retrieved from /home/airflow/.local/lib/python3.10/site-packages/airflow/example_dags/example_skip_dag.py
[2025-06-21T20:28:44.279+0000] {logging_mixin.py:188} INFO - [2025-06-21T20:28:44.279+0000] {dag.py:3036} INFO - Sync 1 DAGs
[2025-06-21T20:28:44.290+0000] {logging_mixin.py:188} INFO - [2025-06-21T20:28:44.290+0000] {dag.py:3823} INFO - Setting next_dagrun for example_skip_dag to 2025-06-20 00:00:00+00:00, run_after=2025-06-21 00:00:00+00:00
[2025-06-21T20:28:44.304+0000] {processor.py:183} INFO - Processing /home/airflow/.local/lib/python3.10/site-packages/airflow/example_dags/example_skip_dag.py took 0.045 seconds
[2025-06-21T20:29:14.980+0000] {processor.py:161} INFO - Started process (PID=659) to work on /home/airflow/.local/lib/python3.10/site-packages/airflow/example_dags/example_skip_dag.py
[2025-06-21T20:29:14.981+0000] {processor.py:830} INFO - Processing file /home/airflow/.local/lib/python3.10/site-packages/airflow/example_dags/example_skip_dag.py for tasks to queue
[2025-06-21T20:29:14.982+0000] {logging_mixin.py:188} INFO - [2025-06-21T20:29:14.982+0000] {dagbag.py:538} INFO - Filling up the DagBag from /home/airflow/.local/lib/python3.10/site-packages/airflow/example_dags/example_skip_dag.py
[2025-06-21T20:29:14.986+0000] {processor.py:840} INFO - DAG(s) 'example_skip_dag' retrieved from /home/airflow/.local/lib/python3.10/site-packages/airflow/example_dags/example_skip_dag.py
[2025-06-21T20:29:15.000+0000] {logging_mixin.py:188} INFO - [2025-06-21T20:29:15.000+0000] {dag.py:3036} INFO - Sync 1 DAGs
[2025-06-21T20:29:15.016+0000] {logging_mixin.py:188} INFO - [2025-06-21T20:29:15.016+0000] {dag.py:3823} INFO - Setting next_dagrun for example_skip_dag to 2025-06-20 00:00:00+00:00, run_after=2025-06-21 00:00:00+00:00
[2025-06-21T20:29:15.030+0000] {processor.py:183} INFO - Processing /home/airflow/.local/lib/python3.10/site-packages/airflow/example_dags/example_skip_dag.py took 0.051 seconds
[2025-06-21T20:29:45.729+0000] {processor.py:161} INFO - Started process (PID=714) to work on /home/airflow/.local/lib/python3.10/site-packages/airflow/example_dags/example_skip_dag.py
[2025-06-21T20:29:45.729+0000] {processor.py:830} INFO - Processing file /home/airflow/.local/lib/python3.10/site-packages/airflow/example_dags/example_skip_dag.py for tasks to queue
[2025-06-21T20:29:45.730+0000] {logging_mixin.py:188} INFO - [2025-06-21T20:29:45.730+0000] {dagbag.py:538} INFO - Filling up the DagBag from /home/airflow/.local/lib/python3.10/site-packages/airflow/example_dags/example_skip_dag.py
[2025-06-21T20:29:45.733+0000] {processor.py:840} INFO - DAG(s) 'example_skip_dag' retrieved from /home/airflow/.local/lib/python3.10/site-packages/airflow/example_dags/example_skip_dag.py
[2025-06-21T20:29:45.745+0000] {logging_mixin.py:188} INFO - [2025-06-21T20:29:45.745+0000] {dag.py:3036} INFO - Sync 1 DAGs
[2025-06-21T20:29:45.755+0000] {logging_mixin.py:188} INFO - [2025-06-21T20:29:45.755+0000] {dag.py:3823} INFO - Setting next_dagrun for example_skip_dag to 2025-06-20 00:00:00+00:00, run_after=2025-06-21 00:00:00+00:00
[2025-06-21T20:29:45.763+0000] {processor.py:183} INFO - Processing /home/airflow/.local/lib/python3.10/site-packages/airflow/example_dags/example_skip_dag.py took 0.036 seconds
[2025-06-21T20:30:16.408+0000] {processor.py:161} INFO - Started process (PID=769) to work on /home/airflow/.local/lib/python3.10/site-packages/airflow/example_dags/example_skip_dag.py
[2025-06-21T20:30:16.409+0000] {processor.py:830} INFO - Processing file /home/airflow/.local/lib/python3.10/site-packages/airflow/example_dags/example_skip_dag.py for tasks to queue
[2025-06-21T20:30:16.409+0000] {logging_mixin.py:188} INFO - [2025-06-21T20:30:16.409+0000] {dagbag.py:538} INFO - Filling up the DagBag from /home/airflow/.local/lib/python3.10/site-packages/airflow/example_dags/example_skip_dag.py
[2025-06-21T20:30:16.412+0000] {processor.py:840} INFO - DAG(s) 'example_skip_dag' retrieved from /home/airflow/.local/lib/python3.10/site-packages/airflow/example_dags/example_skip_dag.py
[2025-06-21T20:30:16.421+0000] {logging_mixin.py:188} INFO - [2025-06-21T20:30:16.421+0000] {dag.py:3036} INFO - Sync 1 DAGs
[2025-06-21T20:30:16.430+0000] {logging_mixin.py:188} INFO - [2025-06-21T20:30:16.430+0000] {dag.py:3823} INFO - Setting next_dagrun for example_skip_dag to 2025-06-20 00:00:00+00:00, run_after=2025-06-21 00:00:00+00:00
[2025-06-21T20:30:16.437+0000] {processor.py:183} INFO - Processing /home/airflow/.local/lib/python3.10/site-packages/airflow/example_dags/example_skip_dag.py took 0.030 seconds
[2025-06-21T20:30:47.040+0000] {processor.py:161} INFO - Started process (PID=824) to work on /home/airflow/.local/lib/python3.10/site-packages/airflow/example_dags/example_skip_dag.py
[2025-06-21T20:30:47.041+0000] {processor.py:830} INFO - Processing file /home/airflow/.local/lib/python3.10/site-packages/airflow/example_dags/example_skip_dag.py for tasks to queue
[2025-06-21T20:30:47.042+0000] {logging_mixin.py:188} INFO - [2025-06-21T20:30:47.041+0000] {dagbag.py:538} INFO - Filling up the DagBag from /home/airflow/.local/lib/python3.10/site-packages/airflow/example_dags/example_skip_dag.py
[2025-06-21T20:30:47.045+0000] {processor.py:840} INFO - DAG(s) 'example_skip_dag' retrieved from /home/airflow/.local/lib/python3.10/site-packages/airflow/example_dags/example_skip_dag.py
[2025-06-21T20:30:47.056+0000] {logging_mixin.py:188} INFO - [2025-06-21T20:30:47.056+0000] {dag.py:3036} INFO - Sync 1 DAGs
[2025-06-21T20:30:47.066+0000] {logging_mixin.py:188} INFO - [2025-06-21T20:30:47.066+0000] {dag.py:3823} INFO - Setting next_dagrun for example_skip_dag to 2025-06-20 00:00:00+00:00, run_after=2025-06-21 00:00:00+00:00
[2025-06-21T20:30:47.075+0000] {processor.py:183} INFO - Processing /home/airflow/.local/lib/python3.10/site-packages/airflow/example_dags/example_skip_dag.py took 0.036 seconds
[2025-06-21T20:31:17.655+0000] {processor.py:161} INFO - Started process (PID=879) to work on /home/airflow/.local/lib/python3.10/site-packages/airflow/example_dags/example_skip_dag.py
[2025-06-21T20:31:17.655+0000] {processor.py:830} INFO - Processing file /home/airflow/.local/lib/python3.10/site-packages/airflow/example_dags/example_skip_dag.py for tasks to queue
[2025-06-21T20:31:17.656+0000] {logging_mixin.py:188} INFO - [2025-06-21T20:31:17.656+0000] {dagbag.py:538} INFO - Filling up the DagBag from /home/airflow/.local/lib/python3.10/site-packages/airflow/example_dags/example_skip_dag.py
[2025-06-21T20:31:17.659+0000] {processor.py:840} INFO - DAG(s) 'example_skip_dag' retrieved from /home/airflow/.local/lib/python3.10/site-packages/airflow/example_dags/example_skip_dag.py
[2025-06-21T20:31:17.674+0000] {logging_mixin.py:188} INFO - [2025-06-21T20:31:17.674+0000] {dag.py:3036} INFO - Sync 1 DAGs
[2025-06-21T20:31:17.686+0000] {logging_mixin.py:188} INFO - [2025-06-21T20:31:17.686+0000] {dag.py:3823} INFO - Setting next_dagrun for example_skip_dag to 2025-06-20 00:00:00+00:00, run_after=2025-06-21 00:00:00+00:00
[2025-06-21T20:31:17.696+0000] {processor.py:183} INFO - Processing /home/airflow/.local/lib/python3.10/site-packages/airflow/example_dags/example_skip_dag.py took 0.043 seconds
[2025-06-21T20:32:18.161+0000] {processor.py:161} INFO - Started process (PID=51) to work on /home/airflow/.local/lib/python3.10/site-packages/airflow/example_dags/example_skip_dag.py
[2025-06-21T20:32:18.164+0000] {processor.py:830} INFO - Processing file /home/airflow/.local/lib/python3.10/site-packages/airflow/example_dags/example_skip_dag.py for tasks to queue
[2025-06-21T20:32:18.166+0000] {logging_mixin.py:188} INFO - [2025-06-21T20:32:18.166+0000] {dagbag.py:538} INFO - Filling up the DagBag from /home/airflow/.local/lib/python3.10/site-packages/airflow/example_dags/example_skip_dag.py
[2025-06-21T20:32:18.173+0000] {processor.py:840} INFO - DAG(s) 'example_skip_dag' retrieved from /home/airflow/.local/lib/python3.10/site-packages/airflow/example_dags/example_skip_dag.py
[2025-06-21T20:32:18.182+0000] {logging_mixin.py:188} INFO - [2025-06-21T20:32:18.182+0000] {dag.py:3036} INFO - Sync 1 DAGs
[2025-06-21T20:32:18.199+0000] {logging_mixin.py:188} INFO - [2025-06-21T20:32:18.198+0000] {dag.py:3823} INFO - Setting next_dagrun for example_skip_dag to 2025-06-20 00:00:00+00:00, run_after=2025-06-21 00:00:00+00:00
[2025-06-21T20:32:18.212+0000] {processor.py:183} INFO - Processing /home/airflow/.local/lib/python3.10/site-packages/airflow/example_dags/example_skip_dag.py took 0.054 seconds
[2025-06-21T20:32:48.702+0000] {processor.py:161} INFO - Started process (PID=106) to work on /home/airflow/.local/lib/python3.10/site-packages/airflow/example_dags/example_skip_dag.py
[2025-06-21T20:32:48.703+0000] {processor.py:830} INFO - Processing file /home/airflow/.local/lib/python3.10/site-packages/airflow/example_dags/example_skip_dag.py for tasks to queue
[2025-06-21T20:32:48.704+0000] {logging_mixin.py:188} INFO - [2025-06-21T20:32:48.704+0000] {dagbag.py:538} INFO - Filling up the DagBag from /home/airflow/.local/lib/python3.10/site-packages/airflow/example_dags/example_skip_dag.py
[2025-06-21T20:32:48.709+0000] {processor.py:840} INFO - DAG(s) 'example_skip_dag' retrieved from /home/airflow/.local/lib/python3.10/site-packages/airflow/example_dags/example_skip_dag.py
[2025-06-21T20:32:48.810+0000] {logging_mixin.py:188} INFO - [2025-06-21T20:32:48.810+0000] {dag.py:3036} INFO - Sync 1 DAGs
[2025-06-21T20:32:48.823+0000] {logging_mixin.py:188} INFO - [2025-06-21T20:32:48.823+0000] {dag.py:3823} INFO - Setting next_dagrun for example_skip_dag to 2025-06-20 00:00:00+00:00, run_after=2025-06-21 00:00:00+00:00
[2025-06-21T20:32:48.836+0000] {processor.py:183} INFO - Processing /home/airflow/.local/lib/python3.10/site-packages/airflow/example_dags/example_skip_dag.py took 0.138 seconds
[2025-06-21T20:33:52.261+0000] {processor.py:161} INFO - Started process (PID=50) to work on /home/airflow/.local/lib/python3.10/site-packages/airflow/example_dags/example_skip_dag.py
[2025-06-21T20:33:52.263+0000] {processor.py:830} INFO - Processing file /home/airflow/.local/lib/python3.10/site-packages/airflow/example_dags/example_skip_dag.py for tasks to queue
[2025-06-21T20:33:52.264+0000] {logging_mixin.py:188} INFO - [2025-06-21T20:33:52.264+0000] {dagbag.py:538} INFO - Filling up the DagBag from /home/airflow/.local/lib/python3.10/site-packages/airflow/example_dags/example_skip_dag.py
[2025-06-21T20:33:52.271+0000] {processor.py:840} INFO - DAG(s) 'example_skip_dag' retrieved from /home/airflow/.local/lib/python3.10/site-packages/airflow/example_dags/example_skip_dag.py
[2025-06-21T20:33:52.283+0000] {logging_mixin.py:188} INFO - [2025-06-21T20:33:52.283+0000] {dag.py:3036} INFO - Sync 1 DAGs
[2025-06-21T20:33:52.300+0000] {logging_mixin.py:188} INFO - [2025-06-21T20:33:52.300+0000] {dag.py:3823} INFO - Setting next_dagrun for example_skip_dag to 2025-06-20 00:00:00+00:00, run_after=2025-06-21 00:00:00+00:00
[2025-06-21T20:33:52.314+0000] {processor.py:183} INFO - Processing /home/airflow/.local/lib/python3.10/site-packages/airflow/example_dags/example_skip_dag.py took 0.056 seconds
[2025-06-21T20:34:22.603+0000] {processor.py:161} INFO - Started process (PID=105) to work on /home/airflow/.local/lib/python3.10/site-packages/airflow/example_dags/example_skip_dag.py
[2025-06-21T20:34:22.603+0000] {processor.py:830} INFO - Processing file /home/airflow/.local/lib/python3.10/site-packages/airflow/example_dags/example_skip_dag.py for tasks to queue
[2025-06-21T20:34:22.604+0000] {logging_mixin.py:188} INFO - [2025-06-21T20:34:22.604+0000] {dagbag.py:538} INFO - Filling up the DagBag from /home/airflow/.local/lib/python3.10/site-packages/airflow/example_dags/example_skip_dag.py
[2025-06-21T20:34:22.608+0000] {processor.py:840} INFO - DAG(s) 'example_skip_dag' retrieved from /home/airflow/.local/lib/python3.10/site-packages/airflow/example_dags/example_skip_dag.py
[2025-06-21T20:34:22.652+0000] {logging_mixin.py:188} INFO - [2025-06-21T20:34:22.652+0000] {dag.py:3036} INFO - Sync 1 DAGs
[2025-06-21T20:34:22.664+0000] {logging_mixin.py:188} INFO - [2025-06-21T20:34:22.664+0000] {dag.py:3823} INFO - Setting next_dagrun for example_skip_dag to 2025-06-20 00:00:00+00:00, run_after=2025-06-21 00:00:00+00:00
[2025-06-21T20:34:22.677+0000] {processor.py:183} INFO - Processing /home/airflow/.local/lib/python3.10/site-packages/airflow/example_dags/example_skip_dag.py took 0.076 seconds
[2025-06-21T20:34:52.889+0000] {processor.py:161} INFO - Started process (PID=160) to work on /home/airflow/.local/lib/python3.10/site-packages/airflow/example_dags/example_skip_dag.py
[2025-06-21T20:34:52.891+0000] {processor.py:830} INFO - Processing file /home/airflow/.local/lib/python3.10/site-packages/airflow/example_dags/example_skip_dag.py for tasks to queue
[2025-06-21T20:34:52.893+0000] {logging_mixin.py:188} INFO - [2025-06-21T20:34:52.893+0000] {dagbag.py:538} INFO - Filling up the DagBag from /home/airflow/.local/lib/python3.10/site-packages/airflow/example_dags/example_skip_dag.py
[2025-06-21T20:34:52.897+0000] {processor.py:840} INFO - DAG(s) 'example_skip_dag' retrieved from /home/airflow/.local/lib/python3.10/site-packages/airflow/example_dags/example_skip_dag.py
[2025-06-21T20:34:52.917+0000] {logging_mixin.py:188} INFO - [2025-06-21T20:34:52.917+0000] {dag.py:3036} INFO - Sync 1 DAGs
[2025-06-21T20:34:52.930+0000] {logging_mixin.py:188} INFO - [2025-06-21T20:34:52.930+0000] {dag.py:3823} INFO - Setting next_dagrun for example_skip_dag to 2025-06-20 00:00:00+00:00, run_after=2025-06-21 00:00:00+00:00
[2025-06-21T20:34:52.948+0000] {processor.py:183} INFO - Processing /home/airflow/.local/lib/python3.10/site-packages/airflow/example_dags/example_skip_dag.py took 0.061 seconds
[2025-06-21T20:35:22.992+0000] {processor.py:161} INFO - Started process (PID=215) to work on /home/airflow/.local/lib/python3.10/site-packages/airflow/example_dags/example_skip_dag.py
[2025-06-21T20:35:22.993+0000] {processor.py:830} INFO - Processing file /home/airflow/.local/lib/python3.10/site-packages/airflow/example_dags/example_skip_dag.py for tasks to queue
[2025-06-21T20:35:22.994+0000] {logging_mixin.py:188} INFO - [2025-06-21T20:35:22.993+0000] {dagbag.py:538} INFO - Filling up the DagBag from /home/airflow/.local/lib/python3.10/site-packages/airflow/example_dags/example_skip_dag.py
[2025-06-21T20:35:22.997+0000] {processor.py:840} INFO - DAG(s) 'example_skip_dag' retrieved from /home/airflow/.local/lib/python3.10/site-packages/airflow/example_dags/example_skip_dag.py
[2025-06-21T20:35:23.007+0000] {logging_mixin.py:188} INFO - [2025-06-21T20:35:23.007+0000] {dag.py:3036} INFO - Sync 1 DAGs
[2025-06-21T20:35:23.018+0000] {logging_mixin.py:188} INFO - [2025-06-21T20:35:23.018+0000] {dag.py:3823} INFO - Setting next_dagrun for example_skip_dag to 2025-06-20 00:00:00+00:00, run_after=2025-06-21 00:00:00+00:00
[2025-06-21T20:35:23.032+0000] {processor.py:183} INFO - Processing /home/airflow/.local/lib/python3.10/site-packages/airflow/example_dags/example_skip_dag.py took 0.042 seconds
