[2025-06-21T20:15:02.075+0000] {processor.py:161} INFO - Started process (PID=58) to work on /home/airflow/.local/lib/python3.10/site-packages/airflow/example_dags/example_xcomargs.py
[2025-06-21T20:15:02.076+0000] {processor.py:830} INFO - Processing file /home/airflow/.local/lib/python3.10/site-packages/airflow/example_dags/example_xcomargs.py for tasks to queue
[2025-06-21T20:15:02.077+0000] {logging_mixin.py:188} INFO - [2025-06-21T20:15:02.077+0000] {dagbag.py:538} INFO - Filling up the DagBag from /home/airflow/.local/lib/python3.10/site-packages/airflow/example_dags/example_xcomargs.py
[2025-06-21T20:15:02.082+0000] {processor.py:840} INFO - DAG(s) 'example_xcom_args_with_operators', 'example_xcom_args' retrieved from /home/airflow/.local/lib/python3.10/site-packages/airflow/example_dags/example_xcomargs.py
[2025-06-21T20:15:02.089+0000] {logging_mixin.py:188} INFO - [2025-06-21T20:15:02.089+0000] {dag.py:3036} INFO - Sync 2 DAGs
[2025-06-21T20:15:02.096+0000] {logging_mixin.py:188} INFO - [2025-06-21T20:15:02.096+0000] {dag.py:3823} INFO - Setting next_dagrun for example_xcom_args to None, run_after=None
[2025-06-21T20:15:02.098+0000] {logging_mixin.py:188} INFO - [2025-06-21T20:15:02.098+0000] {dag.py:3823} INFO - Setting next_dagrun for example_xcom_args_with_operators to None, run_after=None
[2025-06-21T20:15:02.106+0000] {processor.py:183} INFO - Processing /home/airflow/.local/lib/python3.10/site-packages/airflow/example_dags/example_xcomargs.py took 0.033 seconds
[2025-06-21T20:15:33.066+0000] {processor.py:161} INFO - Started process (PID=113) to work on /home/airflow/.local/lib/python3.10/site-packages/airflow/example_dags/example_xcomargs.py
[2025-06-21T20:15:33.067+0000] {processor.py:830} INFO - Processing file /home/airflow/.local/lib/python3.10/site-packages/airflow/example_dags/example_xcomargs.py for tasks to queue
[2025-06-21T20:15:33.068+0000] {logging_mixin.py:188} INFO - [2025-06-21T20:15:33.067+0000] {dagbag.py:538} INFO - Filling up the DagBag from /home/airflow/.local/lib/python3.10/site-packages/airflow/example_dags/example_xcomargs.py
[2025-06-21T20:15:33.072+0000] {processor.py:840} INFO - DAG(s) 'example_xcom_args', 'example_xcom_args_with_operators' retrieved from /home/airflow/.local/lib/python3.10/site-packages/airflow/example_dags/example_xcomargs.py
[2025-06-21T20:15:33.137+0000] {logging_mixin.py:188} INFO - [2025-06-21T20:15:33.137+0000] {dag.py:3036} INFO - Sync 2 DAGs
[2025-06-21T20:15:33.143+0000] {logging_mixin.py:188} INFO - [2025-06-21T20:15:33.143+0000] {dag.py:3823} INFO - Setting next_dagrun for example_xcom_args to None, run_after=None
[2025-06-21T20:15:33.145+0000] {logging_mixin.py:188} INFO - [2025-06-21T20:15:33.145+0000] {dag.py:3823} INFO - Setting next_dagrun for example_xcom_args_with_operators to None, run_after=None
[2025-06-21T20:15:33.152+0000] {processor.py:183} INFO - Processing /home/airflow/.local/lib/python3.10/site-packages/airflow/example_dags/example_xcomargs.py took 0.087 seconds
[2025-06-21T20:16:03.633+0000] {processor.py:161} INFO - Started process (PID=168) to work on /home/airflow/.local/lib/python3.10/site-packages/airflow/example_dags/example_xcomargs.py
[2025-06-21T20:16:03.635+0000] {processor.py:830} INFO - Processing file /home/airflow/.local/lib/python3.10/site-packages/airflow/example_dags/example_xcomargs.py for tasks to queue
[2025-06-21T20:16:03.636+0000] {logging_mixin.py:188} INFO - [2025-06-21T20:16:03.636+0000] {dagbag.py:538} INFO - Filling up the DagBag from /home/airflow/.local/lib/python3.10/site-packages/airflow/example_dags/example_xcomargs.py
[2025-06-21T20:16:03.642+0000] {processor.py:840} INFO - DAG(s) 'example_xcom_args', 'example_xcom_args_with_operators' retrieved from /home/airflow/.local/lib/python3.10/site-packages/airflow/example_dags/example_xcomargs.py
[2025-06-21T20:16:03.664+0000] {logging_mixin.py:188} INFO - [2025-06-21T20:16:03.663+0000] {dag.py:3036} INFO - Sync 2 DAGs
[2025-06-21T20:16:03.676+0000] {logging_mixin.py:188} INFO - [2025-06-21T20:16:03.676+0000] {dag.py:3823} INFO - Setting next_dagrun for example_xcom_args to None, run_after=None
[2025-06-21T20:16:03.679+0000] {logging_mixin.py:188} INFO - [2025-06-21T20:16:03.679+0000] {dag.py:3823} INFO - Setting next_dagrun for example_xcom_args_with_operators to None, run_after=None
[2025-06-21T20:16:03.697+0000] {processor.py:183} INFO - Processing /home/airflow/.local/lib/python3.10/site-packages/airflow/example_dags/example_xcomargs.py took 0.066 seconds
[2025-06-21T20:16:33.774+0000] {processor.py:161} INFO - Started process (PID=222) to work on /home/airflow/.local/lib/python3.10/site-packages/airflow/example_dags/example_xcomargs.py
[2025-06-21T20:16:33.774+0000] {processor.py:830} INFO - Processing file /home/airflow/.local/lib/python3.10/site-packages/airflow/example_dags/example_xcomargs.py for tasks to queue
[2025-06-21T20:16:33.775+0000] {logging_mixin.py:188} INFO - [2025-06-21T20:16:33.775+0000] {dagbag.py:538} INFO - Filling up the DagBag from /home/airflow/.local/lib/python3.10/site-packages/airflow/example_dags/example_xcomargs.py
[2025-06-21T20:16:33.782+0000] {processor.py:840} INFO - DAG(s) 'example_xcom_args', 'example_xcom_args_with_operators' retrieved from /home/airflow/.local/lib/python3.10/site-packages/airflow/example_dags/example_xcomargs.py
[2025-06-21T20:16:33.797+0000] {logging_mixin.py:188} INFO - [2025-06-21T20:16:33.797+0000] {dag.py:3036} INFO - Sync 2 DAGs
[2025-06-21T20:16:33.803+0000] {logging_mixin.py:188} INFO - [2025-06-21T20:16:33.803+0000] {dag.py:3823} INFO - Setting next_dagrun for example_xcom_args to None, run_after=None
[2025-06-21T20:16:33.804+0000] {logging_mixin.py:188} INFO - [2025-06-21T20:16:33.804+0000] {dag.py:3823} INFO - Setting next_dagrun for example_xcom_args_with_operators to None, run_after=None
[2025-06-21T20:16:33.811+0000] {processor.py:183} INFO - Processing /home/airflow/.local/lib/python3.10/site-packages/airflow/example_dags/example_xcomargs.py took 0.039 seconds
[2025-06-21T20:17:04.081+0000] {processor.py:161} INFO - Started process (PID=277) to work on /home/airflow/.local/lib/python3.10/site-packages/airflow/example_dags/example_xcomargs.py
[2025-06-21T20:17:04.081+0000] {processor.py:830} INFO - Processing file /home/airflow/.local/lib/python3.10/site-packages/airflow/example_dags/example_xcomargs.py for tasks to queue
[2025-06-21T20:17:04.083+0000] {logging_mixin.py:188} INFO - [2025-06-21T20:17:04.083+0000] {dagbag.py:538} INFO - Filling up the DagBag from /home/airflow/.local/lib/python3.10/site-packages/airflow/example_dags/example_xcomargs.py
[2025-06-21T20:17:04.087+0000] {processor.py:840} INFO - DAG(s) 'example_xcom_args', 'example_xcom_args_with_operators' retrieved from /home/airflow/.local/lib/python3.10/site-packages/airflow/example_dags/example_xcomargs.py
[2025-06-21T20:17:04.103+0000] {logging_mixin.py:188} INFO - [2025-06-21T20:17:04.103+0000] {dag.py:3036} INFO - Sync 2 DAGs
[2025-06-21T20:17:04.109+0000] {logging_mixin.py:188} INFO - [2025-06-21T20:17:04.109+0000] {dag.py:3823} INFO - Setting next_dagrun for example_xcom_args to None, run_after=None
[2025-06-21T20:17:04.110+0000] {logging_mixin.py:188} INFO - [2025-06-21T20:17:04.110+0000] {dag.py:3823} INFO - Setting next_dagrun for example_xcom_args_with_operators to None, run_after=None
[2025-06-21T20:17:04.118+0000] {processor.py:183} INFO - Processing /home/airflow/.local/lib/python3.10/site-packages/airflow/example_dags/example_xcomargs.py took 0.040 seconds
[2025-06-21T20:17:34.967+0000] {processor.py:161} INFO - Started process (PID=338) to work on /home/airflow/.local/lib/python3.10/site-packages/airflow/example_dags/example_xcomargs.py
[2025-06-21T20:17:34.968+0000] {processor.py:830} INFO - Processing file /home/airflow/.local/lib/python3.10/site-packages/airflow/example_dags/example_xcomargs.py for tasks to queue
[2025-06-21T20:17:34.972+0000] {logging_mixin.py:188} INFO - [2025-06-21T20:17:34.972+0000] {dagbag.py:538} INFO - Filling up the DagBag from /home/airflow/.local/lib/python3.10/site-packages/airflow/example_dags/example_xcomargs.py
[2025-06-21T20:17:34.978+0000] {processor.py:840} INFO - DAG(s) 'example_xcom_args', 'example_xcom_args_with_operators' retrieved from /home/airflow/.local/lib/python3.10/site-packages/airflow/example_dags/example_xcomargs.py
[2025-06-21T20:17:34.993+0000] {logging_mixin.py:188} INFO - [2025-06-21T20:17:34.992+0000] {dag.py:3036} INFO - Sync 2 DAGs
[2025-06-21T20:17:35.001+0000] {logging_mixin.py:188} INFO - [2025-06-21T20:17:35.000+0000] {dag.py:3823} INFO - Setting next_dagrun for example_xcom_args to None, run_after=None
[2025-06-21T20:17:35.008+0000] {logging_mixin.py:188} INFO - [2025-06-21T20:17:35.007+0000] {dag.py:3823} INFO - Setting next_dagrun for example_xcom_args_with_operators to None, run_after=None
[2025-06-21T20:17:35.018+0000] {processor.py:183} INFO - Processing /home/airflow/.local/lib/python3.10/site-packages/airflow/example_dags/example_xcomargs.py took 0.053 seconds
[2025-06-21T20:18:05.094+0000] {processor.py:161} INFO - Started process (PID=392) to work on /home/airflow/.local/lib/python3.10/site-packages/airflow/example_dags/example_xcomargs.py
[2025-06-21T20:18:05.097+0000] {processor.py:830} INFO - Processing file /home/airflow/.local/lib/python3.10/site-packages/airflow/example_dags/example_xcomargs.py for tasks to queue
[2025-06-21T20:18:05.098+0000] {logging_mixin.py:188} INFO - [2025-06-21T20:18:05.098+0000] {dagbag.py:538} INFO - Filling up the DagBag from /home/airflow/.local/lib/python3.10/site-packages/airflow/example_dags/example_xcomargs.py
[2025-06-21T20:18:05.102+0000] {processor.py:840} INFO - DAG(s) 'example_xcom_args', 'example_xcom_args_with_operators' retrieved from /home/airflow/.local/lib/python3.10/site-packages/airflow/example_dags/example_xcomargs.py
[2025-06-21T20:18:05.118+0000] {logging_mixin.py:188} INFO - [2025-06-21T20:18:05.118+0000] {dag.py:3036} INFO - Sync 2 DAGs
[2025-06-21T20:18:05.124+0000] {logging_mixin.py:188} INFO - [2025-06-21T20:18:05.124+0000] {dag.py:3823} INFO - Setting next_dagrun for example_xcom_args to None, run_after=None
[2025-06-21T20:18:05.126+0000] {logging_mixin.py:188} INFO - [2025-06-21T20:18:05.126+0000] {dag.py:3823} INFO - Setting next_dagrun for example_xcom_args_with_operators to None, run_after=None
[2025-06-21T20:18:05.134+0000] {processor.py:183} INFO - Processing /home/airflow/.local/lib/python3.10/site-packages/airflow/example_dags/example_xcomargs.py took 0.042 seconds
[2025-06-21T20:18:35.710+0000] {processor.py:161} INFO - Started process (PID=447) to work on /home/airflow/.local/lib/python3.10/site-packages/airflow/example_dags/example_xcomargs.py
[2025-06-21T20:18:35.710+0000] {processor.py:830} INFO - Processing file /home/airflow/.local/lib/python3.10/site-packages/airflow/example_dags/example_xcomargs.py for tasks to queue
[2025-06-21T20:18:35.711+0000] {logging_mixin.py:188} INFO - [2025-06-21T20:18:35.711+0000] {dagbag.py:538} INFO - Filling up the DagBag from /home/airflow/.local/lib/python3.10/site-packages/airflow/example_dags/example_xcomargs.py
[2025-06-21T20:18:35.716+0000] {processor.py:840} INFO - DAG(s) 'example_xcom_args', 'example_xcom_args_with_operators' retrieved from /home/airflow/.local/lib/python3.10/site-packages/airflow/example_dags/example_xcomargs.py
[2025-06-21T20:18:35.722+0000] {logging_mixin.py:188} INFO - [2025-06-21T20:18:35.722+0000] {dag.py:3036} INFO - Sync 2 DAGs
[2025-06-21T20:18:35.729+0000] {logging_mixin.py:188} INFO - [2025-06-21T20:18:35.728+0000] {dag.py:3823} INFO - Setting next_dagrun for example_xcom_args to None, run_after=None
[2025-06-21T20:18:35.731+0000] {logging_mixin.py:188} INFO - [2025-06-21T20:18:35.731+0000] {dag.py:3823} INFO - Setting next_dagrun for example_xcom_args_with_operators to None, run_after=None
[2025-06-21T20:18:35.739+0000] {processor.py:183} INFO - Processing /home/airflow/.local/lib/python3.10/site-packages/airflow/example_dags/example_xcomargs.py took 0.031 seconds
[2025-06-21T20:23:37.916+0000] {processor.py:161} INFO - Started process (PID=58) to work on /home/airflow/.local/lib/python3.10/site-packages/airflow/example_dags/example_xcomargs.py
[2025-06-21T20:23:37.917+0000] {processor.py:830} INFO - Processing file /home/airflow/.local/lib/python3.10/site-packages/airflow/example_dags/example_xcomargs.py for tasks to queue
[2025-06-21T20:23:37.919+0000] {logging_mixin.py:188} INFO - [2025-06-21T20:23:37.918+0000] {dagbag.py:538} INFO - Filling up the DagBag from /home/airflow/.local/lib/python3.10/site-packages/airflow/example_dags/example_xcomargs.py
[2025-06-21T20:23:37.924+0000] {processor.py:840} INFO - DAG(s) 'example_xcom_args_with_operators', 'example_xcom_args' retrieved from /home/airflow/.local/lib/python3.10/site-packages/airflow/example_dags/example_xcomargs.py
[2025-06-21T20:23:37.933+0000] {logging_mixin.py:188} INFO - [2025-06-21T20:23:37.933+0000] {dag.py:3036} INFO - Sync 2 DAGs
[2025-06-21T20:23:37.940+0000] {logging_mixin.py:188} INFO - [2025-06-21T20:23:37.940+0000] {dag.py:3823} INFO - Setting next_dagrun for example_xcom_args to None, run_after=None
[2025-06-21T20:23:37.947+0000] {logging_mixin.py:188} INFO - [2025-06-21T20:23:37.947+0000] {dag.py:3823} INFO - Setting next_dagrun for example_xcom_args_with_operators to None, run_after=None
[2025-06-21T20:23:37.958+0000] {processor.py:183} INFO - Processing /home/airflow/.local/lib/python3.10/site-packages/airflow/example_dags/example_xcomargs.py took 0.044 seconds
[2025-06-21T20:24:09.022+0000] {processor.py:161} INFO - Started process (PID=113) to work on /home/airflow/.local/lib/python3.10/site-packages/airflow/example_dags/example_xcomargs.py
[2025-06-21T20:24:09.022+0000] {processor.py:830} INFO - Processing file /home/airflow/.local/lib/python3.10/site-packages/airflow/example_dags/example_xcomargs.py for tasks to queue
[2025-06-21T20:24:09.023+0000] {logging_mixin.py:188} INFO - [2025-06-21T20:24:09.023+0000] {dagbag.py:538} INFO - Filling up the DagBag from /home/airflow/.local/lib/python3.10/site-packages/airflow/example_dags/example_xcomargs.py
[2025-06-21T20:24:09.027+0000] {processor.py:840} INFO - DAG(s) 'example_xcom_args_with_operators', 'example_xcom_args' retrieved from /home/airflow/.local/lib/python3.10/site-packages/airflow/example_dags/example_xcomargs.py
[2025-06-21T20:24:09.086+0000] {logging_mixin.py:188} INFO - [2025-06-21T20:24:09.086+0000] {dag.py:3036} INFO - Sync 2 DAGs
[2025-06-21T20:24:09.091+0000] {logging_mixin.py:188} INFO - [2025-06-21T20:24:09.091+0000] {dag.py:3823} INFO - Setting next_dagrun for example_xcom_args to None, run_after=None
[2025-06-21T20:24:09.092+0000] {logging_mixin.py:188} INFO - [2025-06-21T20:24:09.092+0000] {dag.py:3823} INFO - Setting next_dagrun for example_xcom_args_with_operators to None, run_after=None
[2025-06-21T20:24:09.101+0000] {processor.py:183} INFO - Processing /home/airflow/.local/lib/python3.10/site-packages/airflow/example_dags/example_xcomargs.py took 0.081 seconds
[2025-06-21T20:24:40.117+0000] {processor.py:161} INFO - Started process (PID=168) to work on /home/airflow/.local/lib/python3.10/site-packages/airflow/example_dags/example_xcomargs.py
[2025-06-21T20:24:40.119+0000] {processor.py:830} INFO - Processing file /home/airflow/.local/lib/python3.10/site-packages/airflow/example_dags/example_xcomargs.py for tasks to queue
[2025-06-21T20:24:40.121+0000] {logging_mixin.py:188} INFO - [2025-06-21T20:24:40.121+0000] {dagbag.py:538} INFO - Filling up the DagBag from /home/airflow/.local/lib/python3.10/site-packages/airflow/example_dags/example_xcomargs.py
[2025-06-21T20:24:40.127+0000] {processor.py:840} INFO - DAG(s) 'example_xcom_args', 'example_xcom_args_with_operators' retrieved from /home/airflow/.local/lib/python3.10/site-packages/airflow/example_dags/example_xcomargs.py
[2025-06-21T20:24:40.148+0000] {logging_mixin.py:188} INFO - [2025-06-21T20:24:40.148+0000] {dag.py:3036} INFO - Sync 2 DAGs
[2025-06-21T20:24:40.157+0000] {logging_mixin.py:188} INFO - [2025-06-21T20:24:40.157+0000] {dag.py:3823} INFO - Setting next_dagrun for example_xcom_args to None, run_after=None
[2025-06-21T20:24:40.159+0000] {logging_mixin.py:188} INFO - [2025-06-21T20:24:40.159+0000] {dag.py:3823} INFO - Setting next_dagrun for example_xcom_args_with_operators to None, run_after=None
[2025-06-21T20:24:40.170+0000] {processor.py:183} INFO - Processing /home/airflow/.local/lib/python3.10/site-packages/airflow/example_dags/example_xcomargs.py took 0.057 seconds
[2025-06-21T20:25:11.013+0000] {processor.py:161} INFO - Started process (PID=228) to work on /home/airflow/.local/lib/python3.10/site-packages/airflow/example_dags/example_xcomargs.py
[2025-06-21T20:25:11.014+0000] {processor.py:830} INFO - Processing file /home/airflow/.local/lib/python3.10/site-packages/airflow/example_dags/example_xcomargs.py for tasks to queue
[2025-06-21T20:25:11.015+0000] {logging_mixin.py:188} INFO - [2025-06-21T20:25:11.015+0000] {dagbag.py:538} INFO - Filling up the DagBag from /home/airflow/.local/lib/python3.10/site-packages/airflow/example_dags/example_xcomargs.py
[2025-06-21T20:25:11.020+0000] {processor.py:840} INFO - DAG(s) 'example_xcom_args', 'example_xcom_args_with_operators' retrieved from /home/airflow/.local/lib/python3.10/site-packages/airflow/example_dags/example_xcomargs.py
[2025-06-21T20:25:11.034+0000] {logging_mixin.py:188} INFO - [2025-06-21T20:25:11.034+0000] {dag.py:3036} INFO - Sync 2 DAGs
[2025-06-21T20:25:11.044+0000] {logging_mixin.py:188} INFO - [2025-06-21T20:25:11.044+0000] {dag.py:3823} INFO - Setting next_dagrun for example_xcom_args to None, run_after=None
[2025-06-21T20:25:11.047+0000] {logging_mixin.py:188} INFO - [2025-06-21T20:25:11.047+0000] {dag.py:3823} INFO - Setting next_dagrun for example_xcom_args_with_operators to None, run_after=None
[2025-06-21T20:25:11.056+0000] {processor.py:183} INFO - Processing /home/airflow/.local/lib/python3.10/site-packages/airflow/example_dags/example_xcomargs.py took 0.046 seconds
[2025-06-21T20:25:41.098+0000] {processor.py:161} INFO - Started process (PID=282) to work on /home/airflow/.local/lib/python3.10/site-packages/airflow/example_dags/example_xcomargs.py
[2025-06-21T20:25:41.099+0000] {processor.py:830} INFO - Processing file /home/airflow/.local/lib/python3.10/site-packages/airflow/example_dags/example_xcomargs.py for tasks to queue
[2025-06-21T20:25:41.100+0000] {logging_mixin.py:188} INFO - [2025-06-21T20:25:41.099+0000] {dagbag.py:538} INFO - Filling up the DagBag from /home/airflow/.local/lib/python3.10/site-packages/airflow/example_dags/example_xcomargs.py
[2025-06-21T20:25:41.105+0000] {processor.py:840} INFO - DAG(s) 'example_xcom_args', 'example_xcom_args_with_operators' retrieved from /home/airflow/.local/lib/python3.10/site-packages/airflow/example_dags/example_xcomargs.py
[2025-06-21T20:25:41.118+0000] {logging_mixin.py:188} INFO - [2025-06-21T20:25:41.118+0000] {dag.py:3036} INFO - Sync 2 DAGs
[2025-06-21T20:25:41.124+0000] {logging_mixin.py:188} INFO - [2025-06-21T20:25:41.124+0000] {dag.py:3823} INFO - Setting next_dagrun for example_xcom_args to None, run_after=None
[2025-06-21T20:25:41.126+0000] {logging_mixin.py:188} INFO - [2025-06-21T20:25:41.126+0000] {dag.py:3823} INFO - Setting next_dagrun for example_xcom_args_with_operators to None, run_after=None
[2025-06-21T20:25:41.137+0000] {processor.py:183} INFO - Processing /home/airflow/.local/lib/python3.10/site-packages/airflow/example_dags/example_xcomargs.py took 0.041 seconds
[2025-06-21T20:26:12.024+0000] {processor.py:161} INFO - Started process (PID=337) to work on /home/airflow/.local/lib/python3.10/site-packages/airflow/example_dags/example_xcomargs.py
[2025-06-21T20:26:12.024+0000] {processor.py:830} INFO - Processing file /home/airflow/.local/lib/python3.10/site-packages/airflow/example_dags/example_xcomargs.py for tasks to queue
[2025-06-21T20:26:12.025+0000] {logging_mixin.py:188} INFO - [2025-06-21T20:26:12.025+0000] {dagbag.py:538} INFO - Filling up the DagBag from /home/airflow/.local/lib/python3.10/site-packages/airflow/example_dags/example_xcomargs.py
[2025-06-21T20:26:12.031+0000] {processor.py:840} INFO - DAG(s) 'example_xcom_args_with_operators', 'example_xcom_args' retrieved from /home/airflow/.local/lib/python3.10/site-packages/airflow/example_dags/example_xcomargs.py
[2025-06-21T20:26:12.046+0000] {logging_mixin.py:188} INFO - [2025-06-21T20:26:12.046+0000] {dag.py:3036} INFO - Sync 2 DAGs
[2025-06-21T20:26:12.054+0000] {logging_mixin.py:188} INFO - [2025-06-21T20:26:12.053+0000] {dag.py:3823} INFO - Setting next_dagrun for example_xcom_args to None, run_after=None
[2025-06-21T20:26:12.055+0000] {logging_mixin.py:188} INFO - [2025-06-21T20:26:12.055+0000] {dag.py:3823} INFO - Setting next_dagrun for example_xcom_args_with_operators to None, run_after=None
[2025-06-21T20:26:12.063+0000] {processor.py:183} INFO - Processing /home/airflow/.local/lib/python3.10/site-packages/airflow/example_dags/example_xcomargs.py took 0.041 seconds
[2025-06-21T20:26:42.901+0000] {processor.py:161} INFO - Started process (PID=392) to work on /home/airflow/.local/lib/python3.10/site-packages/airflow/example_dags/example_xcomargs.py
[2025-06-21T20:26:42.902+0000] {processor.py:830} INFO - Processing file /home/airflow/.local/lib/python3.10/site-packages/airflow/example_dags/example_xcomargs.py for tasks to queue
[2025-06-21T20:26:42.905+0000] {logging_mixin.py:188} INFO - [2025-06-21T20:26:42.905+0000] {dagbag.py:538} INFO - Filling up the DagBag from /home/airflow/.local/lib/python3.10/site-packages/airflow/example_dags/example_xcomargs.py
[2025-06-21T20:26:42.912+0000] {processor.py:840} INFO - DAG(s) 'example_xcom_args_with_operators', 'example_xcom_args' retrieved from /home/airflow/.local/lib/python3.10/site-packages/airflow/example_dags/example_xcomargs.py
[2025-06-21T20:26:42.926+0000] {logging_mixin.py:188} INFO - [2025-06-21T20:26:42.926+0000] {dag.py:3036} INFO - Sync 2 DAGs
[2025-06-21T20:26:42.934+0000] {logging_mixin.py:188} INFO - [2025-06-21T20:26:42.934+0000] {dag.py:3823} INFO - Setting next_dagrun for example_xcom_args to None, run_after=None
[2025-06-21T20:26:42.936+0000] {logging_mixin.py:188} INFO - [2025-06-21T20:26:42.936+0000] {dag.py:3823} INFO - Setting next_dagrun for example_xcom_args_with_operators to None, run_after=None
[2025-06-21T20:26:42.945+0000] {processor.py:183} INFO - Processing /home/airflow/.local/lib/python3.10/site-packages/airflow/example_dags/example_xcomargs.py took 0.046 seconds
[2025-06-21T20:27:12.966+0000] {processor.py:161} INFO - Started process (PID=447) to work on /home/airflow/.local/lib/python3.10/site-packages/airflow/example_dags/example_xcomargs.py
[2025-06-21T20:27:12.969+0000] {processor.py:830} INFO - Processing file /home/airflow/.local/lib/python3.10/site-packages/airflow/example_dags/example_xcomargs.py for tasks to queue
[2025-06-21T20:27:12.971+0000] {logging_mixin.py:188} INFO - [2025-06-21T20:27:12.970+0000] {dagbag.py:538} INFO - Filling up the DagBag from /home/airflow/.local/lib/python3.10/site-packages/airflow/example_dags/example_xcomargs.py
[2025-06-21T20:27:12.975+0000] {processor.py:840} INFO - DAG(s) 'example_xcom_args_with_operators', 'example_xcom_args' retrieved from /home/airflow/.local/lib/python3.10/site-packages/airflow/example_dags/example_xcomargs.py
[2025-06-21T20:27:12.988+0000] {logging_mixin.py:188} INFO - [2025-06-21T20:27:12.988+0000] {dag.py:3036} INFO - Sync 2 DAGs
[2025-06-21T20:27:12.994+0000] {logging_mixin.py:188} INFO - [2025-06-21T20:27:12.993+0000] {dag.py:3823} INFO - Setting next_dagrun for example_xcom_args to None, run_after=None
[2025-06-21T20:27:12.996+0000] {logging_mixin.py:188} INFO - [2025-06-21T20:27:12.996+0000] {dag.py:3823} INFO - Setting next_dagrun for example_xcom_args_with_operators to None, run_after=None
[2025-06-21T20:27:13.004+0000] {processor.py:183} INFO - Processing /home/airflow/.local/lib/python3.10/site-packages/airflow/example_dags/example_xcomargs.py took 0.040 seconds
[2025-06-21T20:27:43.026+0000] {processor.py:161} INFO - Started process (PID=502) to work on /home/airflow/.local/lib/python3.10/site-packages/airflow/example_dags/example_xcomargs.py
[2025-06-21T20:27:43.029+0000] {processor.py:830} INFO - Processing file /home/airflow/.local/lib/python3.10/site-packages/airflow/example_dags/example_xcomargs.py for tasks to queue
[2025-06-21T20:27:43.031+0000] {logging_mixin.py:188} INFO - [2025-06-21T20:27:43.031+0000] {dagbag.py:538} INFO - Filling up the DagBag from /home/airflow/.local/lib/python3.10/site-packages/airflow/example_dags/example_xcomargs.py
[2025-06-21T20:27:43.036+0000] {processor.py:840} INFO - DAG(s) 'example_xcom_args', 'example_xcom_args_with_operators' retrieved from /home/airflow/.local/lib/python3.10/site-packages/airflow/example_dags/example_xcomargs.py
[2025-06-21T20:27:43.054+0000] {logging_mixin.py:188} INFO - [2025-06-21T20:27:43.054+0000] {dag.py:3036} INFO - Sync 2 DAGs
[2025-06-21T20:27:43.059+0000] {logging_mixin.py:188} INFO - [2025-06-21T20:27:43.059+0000] {dag.py:3823} INFO - Setting next_dagrun for example_xcom_args to None, run_after=None
[2025-06-21T20:27:43.061+0000] {logging_mixin.py:188} INFO - [2025-06-21T20:27:43.061+0000] {dag.py:3823} INFO - Setting next_dagrun for example_xcom_args_with_operators to None, run_after=None
[2025-06-21T20:27:43.071+0000] {processor.py:183} INFO - Processing /home/airflow/.local/lib/python3.10/site-packages/airflow/example_dags/example_xcomargs.py took 0.046 seconds
[2025-06-21T20:28:13.715+0000] {processor.py:161} INFO - Started process (PID=557) to work on /home/airflow/.local/lib/python3.10/site-packages/airflow/example_dags/example_xcomargs.py
[2025-06-21T20:28:13.717+0000] {processor.py:830} INFO - Processing file /home/airflow/.local/lib/python3.10/site-packages/airflow/example_dags/example_xcomargs.py for tasks to queue
[2025-06-21T20:28:13.718+0000] {logging_mixin.py:188} INFO - [2025-06-21T20:28:13.718+0000] {dagbag.py:538} INFO - Filling up the DagBag from /home/airflow/.local/lib/python3.10/site-packages/airflow/example_dags/example_xcomargs.py
[2025-06-21T20:28:13.722+0000] {processor.py:840} INFO - DAG(s) 'example_xcom_args', 'example_xcom_args_with_operators' retrieved from /home/airflow/.local/lib/python3.10/site-packages/airflow/example_dags/example_xcomargs.py
[2025-06-21T20:28:13.734+0000] {logging_mixin.py:188} INFO - [2025-06-21T20:28:13.734+0000] {dag.py:3036} INFO - Sync 2 DAGs
[2025-06-21T20:28:13.740+0000] {logging_mixin.py:188} INFO - [2025-06-21T20:28:13.740+0000] {dag.py:3823} INFO - Setting next_dagrun for example_xcom_args to None, run_after=None
[2025-06-21T20:28:13.742+0000] {logging_mixin.py:188} INFO - [2025-06-21T20:28:13.742+0000] {dag.py:3823} INFO - Setting next_dagrun for example_xcom_args_with_operators to None, run_after=None
[2025-06-21T20:28:13.750+0000] {processor.py:183} INFO - Processing /home/airflow/.local/lib/python3.10/site-packages/airflow/example_dags/example_xcomargs.py took 0.036 seconds
[2025-06-21T20:28:44.488+0000] {processor.py:161} INFO - Started process (PID=612) to work on /home/airflow/.local/lib/python3.10/site-packages/airflow/example_dags/example_xcomargs.py
[2025-06-21T20:28:44.491+0000] {processor.py:830} INFO - Processing file /home/airflow/.local/lib/python3.10/site-packages/airflow/example_dags/example_xcomargs.py for tasks to queue
[2025-06-21T20:28:44.493+0000] {logging_mixin.py:188} INFO - [2025-06-21T20:28:44.493+0000] {dagbag.py:538} INFO - Filling up the DagBag from /home/airflow/.local/lib/python3.10/site-packages/airflow/example_dags/example_xcomargs.py
[2025-06-21T20:28:44.497+0000] {processor.py:840} INFO - DAG(s) 'example_xcom_args_with_operators', 'example_xcom_args' retrieved from /home/airflow/.local/lib/python3.10/site-packages/airflow/example_dags/example_xcomargs.py
[2025-06-21T20:28:44.510+0000] {logging_mixin.py:188} INFO - [2025-06-21T20:28:44.509+0000] {dag.py:3036} INFO - Sync 2 DAGs
[2025-06-21T20:28:44.516+0000] {logging_mixin.py:188} INFO - [2025-06-21T20:28:44.516+0000] {dag.py:3823} INFO - Setting next_dagrun for example_xcom_args to None, run_after=None
[2025-06-21T20:28:44.518+0000] {logging_mixin.py:188} INFO - [2025-06-21T20:28:44.518+0000] {dag.py:3823} INFO - Setting next_dagrun for example_xcom_args_with_operators to None, run_after=None
[2025-06-21T20:28:44.525+0000] {processor.py:183} INFO - Processing /home/airflow/.local/lib/python3.10/site-packages/airflow/example_dags/example_xcomargs.py took 0.039 seconds
[2025-06-21T20:29:15.214+0000] {processor.py:161} INFO - Started process (PID=667) to work on /home/airflow/.local/lib/python3.10/site-packages/airflow/example_dags/example_xcomargs.py
[2025-06-21T20:29:15.215+0000] {processor.py:830} INFO - Processing file /home/airflow/.local/lib/python3.10/site-packages/airflow/example_dags/example_xcomargs.py for tasks to queue
[2025-06-21T20:29:15.217+0000] {logging_mixin.py:188} INFO - [2025-06-21T20:29:15.217+0000] {dagbag.py:538} INFO - Filling up the DagBag from /home/airflow/.local/lib/python3.10/site-packages/airflow/example_dags/example_xcomargs.py
[2025-06-21T20:29:15.222+0000] {processor.py:840} INFO - DAG(s) 'example_xcom_args_with_operators', 'example_xcom_args' retrieved from /home/airflow/.local/lib/python3.10/site-packages/airflow/example_dags/example_xcomargs.py
[2025-06-21T20:29:15.235+0000] {logging_mixin.py:188} INFO - [2025-06-21T20:29:15.235+0000] {dag.py:3036} INFO - Sync 2 DAGs
[2025-06-21T20:29:15.240+0000] {logging_mixin.py:188} INFO - [2025-06-21T20:29:15.240+0000] {dag.py:3823} INFO - Setting next_dagrun for example_xcom_args to None, run_after=None
[2025-06-21T20:29:15.241+0000] {logging_mixin.py:188} INFO - [2025-06-21T20:29:15.241+0000] {dag.py:3823} INFO - Setting next_dagrun for example_xcom_args_with_operators to None, run_after=None
[2025-06-21T20:29:15.250+0000] {processor.py:183} INFO - Processing /home/airflow/.local/lib/python3.10/site-packages/airflow/example_dags/example_xcomargs.py took 0.038 seconds
[2025-06-21T20:29:45.923+0000] {processor.py:161} INFO - Started process (PID=722) to work on /home/airflow/.local/lib/python3.10/site-packages/airflow/example_dags/example_xcomargs.py
[2025-06-21T20:29:45.923+0000] {processor.py:830} INFO - Processing file /home/airflow/.local/lib/python3.10/site-packages/airflow/example_dags/example_xcomargs.py for tasks to queue
[2025-06-21T20:29:45.924+0000] {logging_mixin.py:188} INFO - [2025-06-21T20:29:45.924+0000] {dagbag.py:538} INFO - Filling up the DagBag from /home/airflow/.local/lib/python3.10/site-packages/airflow/example_dags/example_xcomargs.py
[2025-06-21T20:29:45.930+0000] {processor.py:840} INFO - DAG(s) 'example_xcom_args', 'example_xcom_args_with_operators' retrieved from /home/airflow/.local/lib/python3.10/site-packages/airflow/example_dags/example_xcomargs.py
[2025-06-21T20:29:45.942+0000] {logging_mixin.py:188} INFO - [2025-06-21T20:29:45.941+0000] {dag.py:3036} INFO - Sync 2 DAGs
[2025-06-21T20:29:45.948+0000] {logging_mixin.py:188} INFO - [2025-06-21T20:29:45.948+0000] {dag.py:3823} INFO - Setting next_dagrun for example_xcom_args to None, run_after=None
[2025-06-21T20:29:45.950+0000] {logging_mixin.py:188} INFO - [2025-06-21T20:29:45.950+0000] {dag.py:3823} INFO - Setting next_dagrun for example_xcom_args_with_operators to None, run_after=None
[2025-06-21T20:29:45.956+0000] {processor.py:183} INFO - Processing /home/airflow/.local/lib/python3.10/site-packages/airflow/example_dags/example_xcomargs.py took 0.035 seconds
[2025-06-21T20:30:16.637+0000] {processor.py:161} INFO - Started process (PID=777) to work on /home/airflow/.local/lib/python3.10/site-packages/airflow/example_dags/example_xcomargs.py
[2025-06-21T20:30:16.638+0000] {processor.py:830} INFO - Processing file /home/airflow/.local/lib/python3.10/site-packages/airflow/example_dags/example_xcomargs.py for tasks to queue
[2025-06-21T20:30:16.639+0000] {logging_mixin.py:188} INFO - [2025-06-21T20:30:16.639+0000] {dagbag.py:538} INFO - Filling up the DagBag from /home/airflow/.local/lib/python3.10/site-packages/airflow/example_dags/example_xcomargs.py
[2025-06-21T20:30:16.644+0000] {processor.py:840} INFO - DAG(s) 'example_xcom_args_with_operators', 'example_xcom_args' retrieved from /home/airflow/.local/lib/python3.10/site-packages/airflow/example_dags/example_xcomargs.py
[2025-06-21T20:30:16.656+0000] {logging_mixin.py:188} INFO - [2025-06-21T20:30:16.656+0000] {dag.py:3036} INFO - Sync 2 DAGs
[2025-06-21T20:30:16.662+0000] {logging_mixin.py:188} INFO - [2025-06-21T20:30:16.662+0000] {dag.py:3823} INFO - Setting next_dagrun for example_xcom_args to None, run_after=None
[2025-06-21T20:30:16.664+0000] {logging_mixin.py:188} INFO - [2025-06-21T20:30:16.664+0000] {dag.py:3823} INFO - Setting next_dagrun for example_xcom_args_with_operators to None, run_after=None
[2025-06-21T20:30:16.670+0000] {processor.py:183} INFO - Processing /home/airflow/.local/lib/python3.10/site-packages/airflow/example_dags/example_xcomargs.py took 0.035 seconds
[2025-06-21T20:30:47.239+0000] {processor.py:161} INFO - Started process (PID=832) to work on /home/airflow/.local/lib/python3.10/site-packages/airflow/example_dags/example_xcomargs.py
[2025-06-21T20:30:47.240+0000] {processor.py:830} INFO - Processing file /home/airflow/.local/lib/python3.10/site-packages/airflow/example_dags/example_xcomargs.py for tasks to queue
[2025-06-21T20:30:47.241+0000] {logging_mixin.py:188} INFO - [2025-06-21T20:30:47.241+0000] {dagbag.py:538} INFO - Filling up the DagBag from /home/airflow/.local/lib/python3.10/site-packages/airflow/example_dags/example_xcomargs.py
[2025-06-21T20:30:47.247+0000] {processor.py:840} INFO - DAG(s) 'example_xcom_args_with_operators', 'example_xcom_args' retrieved from /home/airflow/.local/lib/python3.10/site-packages/airflow/example_dags/example_xcomargs.py
[2025-06-21T20:30:47.260+0000] {logging_mixin.py:188} INFO - [2025-06-21T20:30:47.260+0000] {dag.py:3036} INFO - Sync 2 DAGs
[2025-06-21T20:30:47.265+0000] {logging_mixin.py:188} INFO - [2025-06-21T20:30:47.265+0000] {dag.py:3823} INFO - Setting next_dagrun for example_xcom_args to None, run_after=None
[2025-06-21T20:30:47.267+0000] {logging_mixin.py:188} INFO - [2025-06-21T20:30:47.267+0000] {dag.py:3823} INFO - Setting next_dagrun for example_xcom_args_with_operators to None, run_after=None
[2025-06-21T20:30:47.274+0000] {processor.py:183} INFO - Processing /home/airflow/.local/lib/python3.10/site-packages/airflow/example_dags/example_xcomargs.py took 0.037 seconds
[2025-06-21T20:31:17.911+0000] {processor.py:161} INFO - Started process (PID=887) to work on /home/airflow/.local/lib/python3.10/site-packages/airflow/example_dags/example_xcomargs.py
[2025-06-21T20:31:17.912+0000] {processor.py:830} INFO - Processing file /home/airflow/.local/lib/python3.10/site-packages/airflow/example_dags/example_xcomargs.py for tasks to queue
[2025-06-21T20:31:17.914+0000] {logging_mixin.py:188} INFO - [2025-06-21T20:31:17.914+0000] {dagbag.py:538} INFO - Filling up the DagBag from /home/airflow/.local/lib/python3.10/site-packages/airflow/example_dags/example_xcomargs.py
[2025-06-21T20:31:17.921+0000] {processor.py:840} INFO - DAG(s) 'example_xcom_args', 'example_xcom_args_with_operators' retrieved from /home/airflow/.local/lib/python3.10/site-packages/airflow/example_dags/example_xcomargs.py
[2025-06-21T20:31:17.936+0000] {logging_mixin.py:188} INFO - [2025-06-21T20:31:17.936+0000] {dag.py:3036} INFO - Sync 2 DAGs
[2025-06-21T20:31:17.943+0000] {logging_mixin.py:188} INFO - [2025-06-21T20:31:17.943+0000] {dag.py:3823} INFO - Setting next_dagrun for example_xcom_args to None, run_after=None
[2025-06-21T20:31:17.946+0000] {logging_mixin.py:188} INFO - [2025-06-21T20:31:17.946+0000] {dag.py:3823} INFO - Setting next_dagrun for example_xcom_args_with_operators to None, run_after=None
[2025-06-21T20:31:17.954+0000] {processor.py:183} INFO - Processing /home/airflow/.local/lib/python3.10/site-packages/airflow/example_dags/example_xcomargs.py took 0.047 seconds
[2025-06-21T20:32:18.518+0000] {processor.py:161} INFO - Started process (PID=59) to work on /home/airflow/.local/lib/python3.10/site-packages/airflow/example_dags/example_xcomargs.py
[2025-06-21T20:32:18.519+0000] {processor.py:830} INFO - Processing file /home/airflow/.local/lib/python3.10/site-packages/airflow/example_dags/example_xcomargs.py for tasks to queue
[2025-06-21T20:32:18.520+0000] {logging_mixin.py:188} INFO - [2025-06-21T20:32:18.520+0000] {dagbag.py:538} INFO - Filling up the DagBag from /home/airflow/.local/lib/python3.10/site-packages/airflow/example_dags/example_xcomargs.py
[2025-06-21T20:32:18.526+0000] {processor.py:840} INFO - DAG(s) 'example_xcom_args', 'example_xcom_args_with_operators' retrieved from /home/airflow/.local/lib/python3.10/site-packages/airflow/example_dags/example_xcomargs.py
[2025-06-21T20:32:18.538+0000] {logging_mixin.py:188} INFO - [2025-06-21T20:32:18.538+0000] {dag.py:3036} INFO - Sync 2 DAGs
[2025-06-21T20:32:18.544+0000] {logging_mixin.py:188} INFO - [2025-06-21T20:32:18.544+0000] {dag.py:3823} INFO - Setting next_dagrun for example_xcom_args to None, run_after=None
[2025-06-21T20:32:18.546+0000] {logging_mixin.py:188} INFO - [2025-06-21T20:32:18.546+0000] {dag.py:3823} INFO - Setting next_dagrun for example_xcom_args_with_operators to None, run_after=None
[2025-06-21T20:32:18.557+0000] {processor.py:183} INFO - Processing /home/airflow/.local/lib/python3.10/site-packages/airflow/example_dags/example_xcomargs.py took 0.042 seconds
[2025-06-21T20:32:49.201+0000] {processor.py:161} INFO - Started process (PID=114) to work on /home/airflow/.local/lib/python3.10/site-packages/airflow/example_dags/example_xcomargs.py
[2025-06-21T20:32:49.202+0000] {processor.py:830} INFO - Processing file /home/airflow/.local/lib/python3.10/site-packages/airflow/example_dags/example_xcomargs.py for tasks to queue
[2025-06-21T20:32:49.204+0000] {logging_mixin.py:188} INFO - [2025-06-21T20:32:49.204+0000] {dagbag.py:538} INFO - Filling up the DagBag from /home/airflow/.local/lib/python3.10/site-packages/airflow/example_dags/example_xcomargs.py
[2025-06-21T20:32:49.209+0000] {processor.py:840} INFO - DAG(s) 'example_xcom_args_with_operators', 'example_xcom_args' retrieved from /home/airflow/.local/lib/python3.10/site-packages/airflow/example_dags/example_xcomargs.py
[2025-06-21T20:32:49.275+0000] {logging_mixin.py:188} INFO - [2025-06-21T20:32:49.275+0000] {dag.py:3036} INFO - Sync 2 DAGs
[2025-06-21T20:32:49.283+0000] {logging_mixin.py:188} INFO - [2025-06-21T20:32:49.283+0000] {dag.py:3823} INFO - Setting next_dagrun for example_xcom_args to None, run_after=None
[2025-06-21T20:32:49.285+0000] {logging_mixin.py:188} INFO - [2025-06-21T20:32:49.285+0000] {dag.py:3823} INFO - Setting next_dagrun for example_xcom_args_with_operators to None, run_after=None
[2025-06-21T20:32:49.296+0000] {processor.py:183} INFO - Processing /home/airflow/.local/lib/python3.10/site-packages/airflow/example_dags/example_xcomargs.py took 0.097 seconds
[2025-06-21T20:33:52.667+0000] {processor.py:161} INFO - Started process (PID=58) to work on /home/airflow/.local/lib/python3.10/site-packages/airflow/example_dags/example_xcomargs.py
[2025-06-21T20:33:52.668+0000] {processor.py:830} INFO - Processing file /home/airflow/.local/lib/python3.10/site-packages/airflow/example_dags/example_xcomargs.py for tasks to queue
[2025-06-21T20:33:52.672+0000] {logging_mixin.py:188} INFO - [2025-06-21T20:33:52.671+0000] {dagbag.py:538} INFO - Filling up the DagBag from /home/airflow/.local/lib/python3.10/site-packages/airflow/example_dags/example_xcomargs.py
[2025-06-21T20:33:52.677+0000] {processor.py:840} INFO - DAG(s) 'example_xcom_args_with_operators', 'example_xcom_args' retrieved from /home/airflow/.local/lib/python3.10/site-packages/airflow/example_dags/example_xcomargs.py
[2025-06-21T20:33:52.684+0000] {logging_mixin.py:188} INFO - [2025-06-21T20:33:52.684+0000] {dag.py:3036} INFO - Sync 2 DAGs
[2025-06-21T20:33:52.691+0000] {logging_mixin.py:188} INFO - [2025-06-21T20:33:52.691+0000] {dag.py:3823} INFO - Setting next_dagrun for example_xcom_args to None, run_after=None
[2025-06-21T20:33:52.698+0000] {logging_mixin.py:188} INFO - [2025-06-21T20:33:52.698+0000] {dag.py:3823} INFO - Setting next_dagrun for example_xcom_args_with_operators to None, run_after=None
[2025-06-21T20:33:52.714+0000] {processor.py:183} INFO - Processing /home/airflow/.local/lib/python3.10/site-packages/airflow/example_dags/example_xcomargs.py took 0.048 seconds
[2025-06-21T20:34:22.985+0000] {processor.py:161} INFO - Started process (PID=113) to work on /home/airflow/.local/lib/python3.10/site-packages/airflow/example_dags/example_xcomargs.py
[2025-06-21T20:34:22.986+0000] {processor.py:830} INFO - Processing file /home/airflow/.local/lib/python3.10/site-packages/airflow/example_dags/example_xcomargs.py for tasks to queue
[2025-06-21T20:34:22.987+0000] {logging_mixin.py:188} INFO - [2025-06-21T20:34:22.987+0000] {dagbag.py:538} INFO - Filling up the DagBag from /home/airflow/.local/lib/python3.10/site-packages/airflow/example_dags/example_xcomargs.py
[2025-06-21T20:34:22.992+0000] {processor.py:840} INFO - DAG(s) 'example_xcom_args', 'example_xcom_args_with_operators' retrieved from /home/airflow/.local/lib/python3.10/site-packages/airflow/example_dags/example_xcomargs.py
[2025-06-21T20:34:23.058+0000] {logging_mixin.py:188} INFO - [2025-06-21T20:34:23.058+0000] {dag.py:3036} INFO - Sync 2 DAGs
[2025-06-21T20:34:23.067+0000] {logging_mixin.py:188} INFO - [2025-06-21T20:34:23.066+0000] {dag.py:3823} INFO - Setting next_dagrun for example_xcom_args to None, run_after=None
[2025-06-21T20:34:23.068+0000] {logging_mixin.py:188} INFO - [2025-06-21T20:34:23.068+0000] {dag.py:3823} INFO - Setting next_dagrun for example_xcom_args_with_operators to None, run_after=None
[2025-06-21T20:34:23.080+0000] {processor.py:183} INFO - Processing /home/airflow/.local/lib/python3.10/site-packages/airflow/example_dags/example_xcomargs.py took 0.097 seconds
[2025-06-21T20:34:53.270+0000] {processor.py:161} INFO - Started process (PID=168) to work on /home/airflow/.local/lib/python3.10/site-packages/airflow/example_dags/example_xcomargs.py
[2025-06-21T20:34:53.272+0000] {processor.py:830} INFO - Processing file /home/airflow/.local/lib/python3.10/site-packages/airflow/example_dags/example_xcomargs.py for tasks to queue
[2025-06-21T20:34:53.276+0000] {logging_mixin.py:188} INFO - [2025-06-21T20:34:53.276+0000] {dagbag.py:538} INFO - Filling up the DagBag from /home/airflow/.local/lib/python3.10/site-packages/airflow/example_dags/example_xcomargs.py
[2025-06-21T20:34:53.286+0000] {processor.py:840} INFO - DAG(s) 'example_xcom_args', 'example_xcom_args_with_operators' retrieved from /home/airflow/.local/lib/python3.10/site-packages/airflow/example_dags/example_xcomargs.py
[2025-06-21T20:34:53.317+0000] {logging_mixin.py:188} INFO - [2025-06-21T20:34:53.317+0000] {dag.py:3036} INFO - Sync 2 DAGs
[2025-06-21T20:34:53.336+0000] {logging_mixin.py:188} INFO - [2025-06-21T20:34:53.336+0000] {dag.py:3823} INFO - Setting next_dagrun for example_xcom_args to None, run_after=None
[2025-06-21T20:34:53.339+0000] {logging_mixin.py:188} INFO - [2025-06-21T20:34:53.339+0000] {dag.py:3823} INFO - Setting next_dagrun for example_xcom_args_with_operators to None, run_after=None
[2025-06-21T20:34:53.361+0000] {processor.py:183} INFO - Processing /home/airflow/.local/lib/python3.10/site-packages/airflow/example_dags/example_xcomargs.py took 0.096 seconds
[2025-06-21T20:35:24.216+0000] {processor.py:161} INFO - Started process (PID=223) to work on /home/airflow/.local/lib/python3.10/site-packages/airflow/example_dags/example_xcomargs.py
[2025-06-21T20:35:24.217+0000] {processor.py:830} INFO - Processing file /home/airflow/.local/lib/python3.10/site-packages/airflow/example_dags/example_xcomargs.py for tasks to queue
[2025-06-21T20:35:24.218+0000] {logging_mixin.py:188} INFO - [2025-06-21T20:35:24.218+0000] {dagbag.py:538} INFO - Filling up the DagBag from /home/airflow/.local/lib/python3.10/site-packages/airflow/example_dags/example_xcomargs.py
[2025-06-21T20:35:24.224+0000] {processor.py:840} INFO - DAG(s) 'example_xcom_args', 'example_xcom_args_with_operators' retrieved from /home/airflow/.local/lib/python3.10/site-packages/airflow/example_dags/example_xcomargs.py
[2025-06-21T20:35:24.238+0000] {logging_mixin.py:188} INFO - [2025-06-21T20:35:24.238+0000] {dag.py:3036} INFO - Sync 2 DAGs
[2025-06-21T20:35:24.244+0000] {logging_mixin.py:188} INFO - [2025-06-21T20:35:24.244+0000] {dag.py:3823} INFO - Setting next_dagrun for example_xcom_args to None, run_after=None
[2025-06-21T20:35:24.246+0000] {logging_mixin.py:188} INFO - [2025-06-21T20:35:24.246+0000] {dag.py:3823} INFO - Setting next_dagrun for example_xcom_args_with_operators to None, run_after=None
[2025-06-21T20:35:24.253+0000] {processor.py:183} INFO - Processing /home/airflow/.local/lib/python3.10/site-packages/airflow/example_dags/example_xcomargs.py took 0.038 seconds
