[2025-06-21T20:15:02.174+0000] {processor.py:161} INFO - Started process (PID=62) to work on /home/airflow/.local/lib/python3.10/site-packages/airflow/example_dags/example_task_group_decorator.py
[2025-06-21T20:15:02.177+0000] {processor.py:830} INFO - Processing file /home/airflow/.local/lib/python3.10/site-packages/airflow/example_dags/example_task_group_decorator.py for tasks to queue
[2025-06-21T20:15:02.178+0000] {logging_mixin.py:188} INFO - [2025-06-21T20:15:02.178+0000] {dagbag.py:538} INFO - Filling up the DagBag from /home/airflow/.local/lib/python3.10/site-packages/airflow/example_dags/example_task_group_decorator.py
[2025-06-21T20:15:02.187+0000] {processor.py:840} INFO - DAG(s) 'example_task_group_decorator' retrieved from /home/airflow/.local/lib/python3.10/site-packages/airflow/example_dags/example_task_group_decorator.py
[2025-06-21T20:15:02.195+0000] {logging_mixin.py:188} INFO - [2025-06-21T20:15:02.194+0000] {dag.py:3036} INFO - Sync 1 DAGs
[2025-06-21T20:15:02.209+0000] {logging_mixin.py:188} INFO - [2025-06-21T20:15:02.209+0000] {dag.py:3823} INFO - Setting next_dagrun for example_task_group_decorator to 2025-06-20 00:00:00+00:00, run_after=2025-06-21 00:00:00+00:00
[2025-06-21T20:15:02.220+0000] {processor.py:183} INFO - Processing /home/airflow/.local/lib/python3.10/site-packages/airflow/example_dags/example_task_group_decorator.py took 0.049 seconds
[2025-06-21T20:15:33.241+0000] {processor.py:161} INFO - Started process (PID=117) to work on /home/airflow/.local/lib/python3.10/site-packages/airflow/example_dags/example_task_group_decorator.py
[2025-06-21T20:15:33.241+0000] {processor.py:830} INFO - Processing file /home/airflow/.local/lib/python3.10/site-packages/airflow/example_dags/example_task_group_decorator.py for tasks to queue
[2025-06-21T20:15:33.242+0000] {logging_mixin.py:188} INFO - [2025-06-21T20:15:33.242+0000] {dagbag.py:538} INFO - Filling up the DagBag from /home/airflow/.local/lib/python3.10/site-packages/airflow/example_dags/example_task_group_decorator.py
[2025-06-21T20:15:33.249+0000] {processor.py:840} INFO - DAG(s) 'example_task_group_decorator' retrieved from /home/airflow/.local/lib/python3.10/site-packages/airflow/example_dags/example_task_group_decorator.py
[2025-06-21T20:15:33.300+0000] {logging_mixin.py:188} INFO - [2025-06-21T20:15:33.300+0000] {dag.py:3036} INFO - Sync 1 DAGs
[2025-06-21T20:15:33.309+0000] {logging_mixin.py:188} INFO - [2025-06-21T20:15:33.309+0000] {dag.py:3823} INFO - Setting next_dagrun for example_task_group_decorator to 2025-06-20 00:00:00+00:00, run_after=2025-06-21 00:00:00+00:00
[2025-06-21T20:15:33.322+0000] {processor.py:183} INFO - Processing /home/airflow/.local/lib/python3.10/site-packages/airflow/example_dags/example_task_group_decorator.py took 0.083 seconds
[2025-06-21T20:16:03.810+0000] {processor.py:161} INFO - Started process (PID=172) to work on /home/airflow/.local/lib/python3.10/site-packages/airflow/example_dags/example_task_group_decorator.py
[2025-06-21T20:16:03.811+0000] {processor.py:830} INFO - Processing file /home/airflow/.local/lib/python3.10/site-packages/airflow/example_dags/example_task_group_decorator.py for tasks to queue
[2025-06-21T20:16:03.814+0000] {logging_mixin.py:188} INFO - [2025-06-21T20:16:03.814+0000] {dagbag.py:538} INFO - Filling up the DagBag from /home/airflow/.local/lib/python3.10/site-packages/airflow/example_dags/example_task_group_decorator.py
[2025-06-21T20:16:03.824+0000] {processor.py:840} INFO - DAG(s) 'example_task_group_decorator' retrieved from /home/airflow/.local/lib/python3.10/site-packages/airflow/example_dags/example_task_group_decorator.py
[2025-06-21T20:16:03.846+0000] {logging_mixin.py:188} INFO - [2025-06-21T20:16:03.846+0000] {dag.py:3036} INFO - Sync 1 DAGs
[2025-06-21T20:16:03.864+0000] {logging_mixin.py:188} INFO - [2025-06-21T20:16:03.864+0000] {dag.py:3823} INFO - Setting next_dagrun for example_task_group_decorator to 2025-06-20 00:00:00+00:00, run_after=2025-06-21 00:00:00+00:00
[2025-06-21T20:16:03.874+0000] {processor.py:183} INFO - Processing /home/airflow/.local/lib/python3.10/site-packages/airflow/example_dags/example_task_group_decorator.py took 0.066 seconds
[2025-06-21T20:16:33.915+0000] {processor.py:161} INFO - Started process (PID=226) to work on /home/airflow/.local/lib/python3.10/site-packages/airflow/example_dags/example_task_group_decorator.py
[2025-06-21T20:16:33.916+0000] {processor.py:830} INFO - Processing file /home/airflow/.local/lib/python3.10/site-packages/airflow/example_dags/example_task_group_decorator.py for tasks to queue
[2025-06-21T20:16:33.917+0000] {logging_mixin.py:188} INFO - [2025-06-21T20:16:33.917+0000] {dagbag.py:538} INFO - Filling up the DagBag from /home/airflow/.local/lib/python3.10/site-packages/airflow/example_dags/example_task_group_decorator.py
[2025-06-21T20:16:33.932+0000] {processor.py:840} INFO - DAG(s) 'example_task_group_decorator' retrieved from /home/airflow/.local/lib/python3.10/site-packages/airflow/example_dags/example_task_group_decorator.py
[2025-06-21T20:16:33.958+0000] {logging_mixin.py:188} INFO - [2025-06-21T20:16:33.958+0000] {dag.py:3036} INFO - Sync 1 DAGs
[2025-06-21T20:16:33.990+0000] {logging_mixin.py:188} INFO - [2025-06-21T20:16:33.990+0000] {dag.py:3823} INFO - Setting next_dagrun for example_task_group_decorator to 2025-06-20 00:00:00+00:00, run_after=2025-06-21 00:00:00+00:00
[2025-06-21T20:16:34.044+0000] {processor.py:183} INFO - Processing /home/airflow/.local/lib/python3.10/site-packages/airflow/example_dags/example_task_group_decorator.py took 0.132 seconds
[2025-06-21T20:17:04.187+0000] {processor.py:161} INFO - Started process (PID=281) to work on /home/airflow/.local/lib/python3.10/site-packages/airflow/example_dags/example_task_group_decorator.py
[2025-06-21T20:17:04.187+0000] {processor.py:830} INFO - Processing file /home/airflow/.local/lib/python3.10/site-packages/airflow/example_dags/example_task_group_decorator.py for tasks to queue
[2025-06-21T20:17:04.188+0000] {logging_mixin.py:188} INFO - [2025-06-21T20:17:04.188+0000] {dagbag.py:538} INFO - Filling up the DagBag from /home/airflow/.local/lib/python3.10/site-packages/airflow/example_dags/example_task_group_decorator.py
[2025-06-21T20:17:04.195+0000] {processor.py:840} INFO - DAG(s) 'example_task_group_decorator' retrieved from /home/airflow/.local/lib/python3.10/site-packages/airflow/example_dags/example_task_group_decorator.py
[2025-06-21T20:17:04.212+0000] {logging_mixin.py:188} INFO - [2025-06-21T20:17:04.211+0000] {dag.py:3036} INFO - Sync 1 DAGs
[2025-06-21T20:17:04.222+0000] {logging_mixin.py:188} INFO - [2025-06-21T20:17:04.222+0000] {dag.py:3823} INFO - Setting next_dagrun for example_task_group_decorator to 2025-06-20 00:00:00+00:00, run_after=2025-06-21 00:00:00+00:00
[2025-06-21T20:17:04.234+0000] {processor.py:183} INFO - Processing /home/airflow/.local/lib/python3.10/site-packages/airflow/example_dags/example_task_group_decorator.py took 0.049 seconds
[2025-06-21T20:17:35.137+0000] {processor.py:161} INFO - Started process (PID=342) to work on /home/airflow/.local/lib/python3.10/site-packages/airflow/example_dags/example_task_group_decorator.py
[2025-06-21T20:17:35.138+0000] {processor.py:830} INFO - Processing file /home/airflow/.local/lib/python3.10/site-packages/airflow/example_dags/example_task_group_decorator.py for tasks to queue
[2025-06-21T20:17:35.141+0000] {logging_mixin.py:188} INFO - [2025-06-21T20:17:35.141+0000] {dagbag.py:538} INFO - Filling up the DagBag from /home/airflow/.local/lib/python3.10/site-packages/airflow/example_dags/example_task_group_decorator.py
[2025-06-21T20:17:35.156+0000] {processor.py:840} INFO - DAG(s) 'example_task_group_decorator' retrieved from /home/airflow/.local/lib/python3.10/site-packages/airflow/example_dags/example_task_group_decorator.py
[2025-06-21T20:17:35.175+0000] {logging_mixin.py:188} INFO - [2025-06-21T20:17:35.174+0000] {dag.py:3036} INFO - Sync 1 DAGs
[2025-06-21T20:17:35.187+0000] {logging_mixin.py:188} INFO - [2025-06-21T20:17:35.187+0000] {dag.py:3823} INFO - Setting next_dagrun for example_task_group_decorator to 2025-06-20 00:00:00+00:00, run_after=2025-06-21 00:00:00+00:00
[2025-06-21T20:17:35.199+0000] {processor.py:183} INFO - Processing /home/airflow/.local/lib/python3.10/site-packages/airflow/example_dags/example_task_group_decorator.py took 0.064 seconds
[2025-06-21T20:18:05.259+0000] {processor.py:161} INFO - Started process (PID=396) to work on /home/airflow/.local/lib/python3.10/site-packages/airflow/example_dags/example_task_group_decorator.py
[2025-06-21T20:18:05.259+0000] {processor.py:830} INFO - Processing file /home/airflow/.local/lib/python3.10/site-packages/airflow/example_dags/example_task_group_decorator.py for tasks to queue
[2025-06-21T20:18:05.260+0000] {logging_mixin.py:188} INFO - [2025-06-21T20:18:05.260+0000] {dagbag.py:538} INFO - Filling up the DagBag from /home/airflow/.local/lib/python3.10/site-packages/airflow/example_dags/example_task_group_decorator.py
[2025-06-21T20:18:05.267+0000] {processor.py:840} INFO - DAG(s) 'example_task_group_decorator' retrieved from /home/airflow/.local/lib/python3.10/site-packages/airflow/example_dags/example_task_group_decorator.py
[2025-06-21T20:18:05.278+0000] {logging_mixin.py:188} INFO - [2025-06-21T20:18:05.278+0000] {dag.py:3036} INFO - Sync 1 DAGs
[2025-06-21T20:18:05.288+0000] {logging_mixin.py:188} INFO - [2025-06-21T20:18:05.288+0000] {dag.py:3823} INFO - Setting next_dagrun for example_task_group_decorator to 2025-06-20 00:00:00+00:00, run_after=2025-06-21 00:00:00+00:00
[2025-06-21T20:18:05.295+0000] {processor.py:183} INFO - Processing /home/airflow/.local/lib/python3.10/site-packages/airflow/example_dags/example_task_group_decorator.py took 0.038 seconds
[2025-06-21T20:18:35.800+0000] {processor.py:161} INFO - Started process (PID=451) to work on /home/airflow/.local/lib/python3.10/site-packages/airflow/example_dags/example_task_group_decorator.py
[2025-06-21T20:18:35.800+0000] {processor.py:830} INFO - Processing file /home/airflow/.local/lib/python3.10/site-packages/airflow/example_dags/example_task_group_decorator.py for tasks to queue
[2025-06-21T20:18:35.802+0000] {logging_mixin.py:188} INFO - [2025-06-21T20:18:35.802+0000] {dagbag.py:538} INFO - Filling up the DagBag from /home/airflow/.local/lib/python3.10/site-packages/airflow/example_dags/example_task_group_decorator.py
[2025-06-21T20:18:35.809+0000] {processor.py:840} INFO - DAG(s) 'example_task_group_decorator' retrieved from /home/airflow/.local/lib/python3.10/site-packages/airflow/example_dags/example_task_group_decorator.py
[2025-06-21T20:18:35.816+0000] {logging_mixin.py:188} INFO - [2025-06-21T20:18:35.816+0000] {dag.py:3036} INFO - Sync 1 DAGs
[2025-06-21T20:18:35.825+0000] {logging_mixin.py:188} INFO - [2025-06-21T20:18:35.825+0000] {dag.py:3823} INFO - Setting next_dagrun for example_task_group_decorator to 2025-06-20 00:00:00+00:00, run_after=2025-06-21 00:00:00+00:00
[2025-06-21T20:18:35.835+0000] {processor.py:183} INFO - Processing /home/airflow/.local/lib/python3.10/site-packages/airflow/example_dags/example_task_group_decorator.py took 0.038 seconds
[2025-06-21T20:23:38.043+0000] {processor.py:161} INFO - Started process (PID=62) to work on /home/airflow/.local/lib/python3.10/site-packages/airflow/example_dags/example_task_group_decorator.py
[2025-06-21T20:23:38.044+0000] {processor.py:830} INFO - Processing file /home/airflow/.local/lib/python3.10/site-packages/airflow/example_dags/example_task_group_decorator.py for tasks to queue
[2025-06-21T20:23:38.045+0000] {logging_mixin.py:188} INFO - [2025-06-21T20:23:38.045+0000] {dagbag.py:538} INFO - Filling up the DagBag from /home/airflow/.local/lib/python3.10/site-packages/airflow/example_dags/example_task_group_decorator.py
[2025-06-21T20:23:38.056+0000] {processor.py:840} INFO - DAG(s) 'example_task_group_decorator' retrieved from /home/airflow/.local/lib/python3.10/site-packages/airflow/example_dags/example_task_group_decorator.py
[2025-06-21T20:23:38.062+0000] {logging_mixin.py:188} INFO - [2025-06-21T20:23:38.062+0000] {dag.py:3036} INFO - Sync 1 DAGs
[2025-06-21T20:23:38.083+0000] {logging_mixin.py:188} INFO - [2025-06-21T20:23:38.083+0000] {dag.py:3823} INFO - Setting next_dagrun for example_task_group_decorator to 2025-06-20 00:00:00+00:00, run_after=2025-06-21 00:00:00+00:00
[2025-06-21T20:23:38.104+0000] {processor.py:183} INFO - Processing /home/airflow/.local/lib/python3.10/site-packages/airflow/example_dags/example_task_group_decorator.py took 0.064 seconds
[2025-06-21T20:24:09.203+0000] {processor.py:161} INFO - Started process (PID=117) to work on /home/airflow/.local/lib/python3.10/site-packages/airflow/example_dags/example_task_group_decorator.py
[2025-06-21T20:24:09.203+0000] {processor.py:830} INFO - Processing file /home/airflow/.local/lib/python3.10/site-packages/airflow/example_dags/example_task_group_decorator.py for tasks to queue
[2025-06-21T20:24:09.204+0000] {logging_mixin.py:188} INFO - [2025-06-21T20:24:09.204+0000] {dagbag.py:538} INFO - Filling up the DagBag from /home/airflow/.local/lib/python3.10/site-packages/airflow/example_dags/example_task_group_decorator.py
[2025-06-21T20:24:09.210+0000] {processor.py:840} INFO - DAG(s) 'example_task_group_decorator' retrieved from /home/airflow/.local/lib/python3.10/site-packages/airflow/example_dags/example_task_group_decorator.py
[2025-06-21T20:24:09.268+0000] {logging_mixin.py:188} INFO - [2025-06-21T20:24:09.268+0000] {dag.py:3036} INFO - Sync 1 DAGs
[2025-06-21T20:24:09.277+0000] {logging_mixin.py:188} INFO - [2025-06-21T20:24:09.277+0000] {dag.py:3823} INFO - Setting next_dagrun for example_task_group_decorator to 2025-06-20 00:00:00+00:00, run_after=2025-06-21 00:00:00+00:00
[2025-06-21T20:24:09.286+0000] {processor.py:183} INFO - Processing /home/airflow/.local/lib/python3.10/site-packages/airflow/example_dags/example_task_group_decorator.py took 0.085 seconds
[2025-06-21T20:24:40.222+0000] {processor.py:161} INFO - Started process (PID=172) to work on /home/airflow/.local/lib/python3.10/site-packages/airflow/example_dags/example_task_group_decorator.py
[2025-06-21T20:24:40.225+0000] {processor.py:830} INFO - Processing file /home/airflow/.local/lib/python3.10/site-packages/airflow/example_dags/example_task_group_decorator.py for tasks to queue
[2025-06-21T20:24:40.226+0000] {logging_mixin.py:188} INFO - [2025-06-21T20:24:40.226+0000] {dagbag.py:538} INFO - Filling up the DagBag from /home/airflow/.local/lib/python3.10/site-packages/airflow/example_dags/example_task_group_decorator.py
[2025-06-21T20:24:40.233+0000] {processor.py:840} INFO - DAG(s) 'example_task_group_decorator' retrieved from /home/airflow/.local/lib/python3.10/site-packages/airflow/example_dags/example_task_group_decorator.py
[2025-06-21T20:24:40.251+0000] {logging_mixin.py:188} INFO - [2025-06-21T20:24:40.250+0000] {dag.py:3036} INFO - Sync 1 DAGs
[2025-06-21T20:24:40.263+0000] {logging_mixin.py:188} INFO - [2025-06-21T20:24:40.262+0000] {dag.py:3823} INFO - Setting next_dagrun for example_task_group_decorator to 2025-06-20 00:00:00+00:00, run_after=2025-06-21 00:00:00+00:00
[2025-06-21T20:24:40.272+0000] {processor.py:183} INFO - Processing /home/airflow/.local/lib/python3.10/site-packages/airflow/example_dags/example_task_group_decorator.py took 0.051 seconds
[2025-06-21T20:25:11.109+0000] {processor.py:161} INFO - Started process (PID=232) to work on /home/airflow/.local/lib/python3.10/site-packages/airflow/example_dags/example_task_group_decorator.py
[2025-06-21T20:25:11.112+0000] {processor.py:830} INFO - Processing file /home/airflow/.local/lib/python3.10/site-packages/airflow/example_dags/example_task_group_decorator.py for tasks to queue
[2025-06-21T20:25:11.113+0000] {logging_mixin.py:188} INFO - [2025-06-21T20:25:11.113+0000] {dagbag.py:538} INFO - Filling up the DagBag from /home/airflow/.local/lib/python3.10/site-packages/airflow/example_dags/example_task_group_decorator.py
[2025-06-21T20:25:11.119+0000] {processor.py:840} INFO - DAG(s) 'example_task_group_decorator' retrieved from /home/airflow/.local/lib/python3.10/site-packages/airflow/example_dags/example_task_group_decorator.py
[2025-06-21T20:25:11.135+0000] {logging_mixin.py:188} INFO - [2025-06-21T20:25:11.135+0000] {dag.py:3036} INFO - Sync 1 DAGs
[2025-06-21T20:25:11.145+0000] {logging_mixin.py:188} INFO - [2025-06-21T20:25:11.145+0000] {dag.py:3823} INFO - Setting next_dagrun for example_task_group_decorator to 2025-06-20 00:00:00+00:00, run_after=2025-06-21 00:00:00+00:00
[2025-06-21T20:25:11.157+0000] {processor.py:183} INFO - Processing /home/airflow/.local/lib/python3.10/site-packages/airflow/example_dags/example_task_group_decorator.py took 0.049 seconds
[2025-06-21T20:25:41.206+0000] {processor.py:161} INFO - Started process (PID=286) to work on /home/airflow/.local/lib/python3.10/site-packages/airflow/example_dags/example_task_group_decorator.py
[2025-06-21T20:25:41.209+0000] {processor.py:830} INFO - Processing file /home/airflow/.local/lib/python3.10/site-packages/airflow/example_dags/example_task_group_decorator.py for tasks to queue
[2025-06-21T20:25:41.210+0000] {logging_mixin.py:188} INFO - [2025-06-21T20:25:41.210+0000] {dagbag.py:538} INFO - Filling up the DagBag from /home/airflow/.local/lib/python3.10/site-packages/airflow/example_dags/example_task_group_decorator.py
[2025-06-21T20:25:41.220+0000] {processor.py:840} INFO - DAG(s) 'example_task_group_decorator' retrieved from /home/airflow/.local/lib/python3.10/site-packages/airflow/example_dags/example_task_group_decorator.py
[2025-06-21T20:25:41.234+0000] {logging_mixin.py:188} INFO - [2025-06-21T20:25:41.234+0000] {dag.py:3036} INFO - Sync 1 DAGs
[2025-06-21T20:25:41.244+0000] {logging_mixin.py:188} INFO - [2025-06-21T20:25:41.244+0000] {dag.py:3823} INFO - Setting next_dagrun for example_task_group_decorator to 2025-06-20 00:00:00+00:00, run_after=2025-06-21 00:00:00+00:00
[2025-06-21T20:25:41.257+0000] {processor.py:183} INFO - Processing /home/airflow/.local/lib/python3.10/site-packages/airflow/example_dags/example_task_group_decorator.py took 0.053 seconds
[2025-06-21T20:26:12.127+0000] {processor.py:161} INFO - Started process (PID=341) to work on /home/airflow/.local/lib/python3.10/site-packages/airflow/example_dags/example_task_group_decorator.py
[2025-06-21T20:26:12.128+0000] {processor.py:830} INFO - Processing file /home/airflow/.local/lib/python3.10/site-packages/airflow/example_dags/example_task_group_decorator.py for tasks to queue
[2025-06-21T20:26:12.131+0000] {logging_mixin.py:188} INFO - [2025-06-21T20:26:12.131+0000] {dagbag.py:538} INFO - Filling up the DagBag from /home/airflow/.local/lib/python3.10/site-packages/airflow/example_dags/example_task_group_decorator.py
[2025-06-21T20:26:12.138+0000] {processor.py:840} INFO - DAG(s) 'example_task_group_decorator' retrieved from /home/airflow/.local/lib/python3.10/site-packages/airflow/example_dags/example_task_group_decorator.py
[2025-06-21T20:26:12.152+0000] {logging_mixin.py:188} INFO - [2025-06-21T20:26:12.152+0000] {dag.py:3036} INFO - Sync 1 DAGs
[2025-06-21T20:26:12.163+0000] {logging_mixin.py:188} INFO - [2025-06-21T20:26:12.163+0000] {dag.py:3823} INFO - Setting next_dagrun for example_task_group_decorator to 2025-06-20 00:00:00+00:00, run_after=2025-06-21 00:00:00+00:00
[2025-06-21T20:26:12.173+0000] {processor.py:183} INFO - Processing /home/airflow/.local/lib/python3.10/site-packages/airflow/example_dags/example_task_group_decorator.py took 0.047 seconds
[2025-06-21T20:26:43.032+0000] {processor.py:161} INFO - Started process (PID=396) to work on /home/airflow/.local/lib/python3.10/site-packages/airflow/example_dags/example_task_group_decorator.py
[2025-06-21T20:26:43.033+0000] {processor.py:830} INFO - Processing file /home/airflow/.local/lib/python3.10/site-packages/airflow/example_dags/example_task_group_decorator.py for tasks to queue
[2025-06-21T20:26:43.034+0000] {logging_mixin.py:188} INFO - [2025-06-21T20:26:43.034+0000] {dagbag.py:538} INFO - Filling up the DagBag from /home/airflow/.local/lib/python3.10/site-packages/airflow/example_dags/example_task_group_decorator.py
[2025-06-21T20:26:43.043+0000] {processor.py:840} INFO - DAG(s) 'example_task_group_decorator' retrieved from /home/airflow/.local/lib/python3.10/site-packages/airflow/example_dags/example_task_group_decorator.py
[2025-06-21T20:26:43.057+0000] {logging_mixin.py:188} INFO - [2025-06-21T20:26:43.057+0000] {dag.py:3036} INFO - Sync 1 DAGs
[2025-06-21T20:26:43.070+0000] {logging_mixin.py:188} INFO - [2025-06-21T20:26:43.070+0000] {dag.py:3823} INFO - Setting next_dagrun for example_task_group_decorator to 2025-06-20 00:00:00+00:00, run_after=2025-06-21 00:00:00+00:00
[2025-06-21T20:26:43.079+0000] {processor.py:183} INFO - Processing /home/airflow/.local/lib/python3.10/site-packages/airflow/example_dags/example_task_group_decorator.py took 0.050 seconds
[2025-06-21T20:27:13.095+0000] {processor.py:161} INFO - Started process (PID=451) to work on /home/airflow/.local/lib/python3.10/site-packages/airflow/example_dags/example_task_group_decorator.py
[2025-06-21T20:27:13.098+0000] {processor.py:830} INFO - Processing file /home/airflow/.local/lib/python3.10/site-packages/airflow/example_dags/example_task_group_decorator.py for tasks to queue
[2025-06-21T20:27:13.100+0000] {logging_mixin.py:188} INFO - [2025-06-21T20:27:13.100+0000] {dagbag.py:538} INFO - Filling up the DagBag from /home/airflow/.local/lib/python3.10/site-packages/airflow/example_dags/example_task_group_decorator.py
[2025-06-21T20:27:13.107+0000] {processor.py:840} INFO - DAG(s) 'example_task_group_decorator' retrieved from /home/airflow/.local/lib/python3.10/site-packages/airflow/example_dags/example_task_group_decorator.py
[2025-06-21T20:27:13.119+0000] {logging_mixin.py:188} INFO - [2025-06-21T20:27:13.119+0000] {dag.py:3036} INFO - Sync 1 DAGs
[2025-06-21T20:27:13.128+0000] {logging_mixin.py:188} INFO - [2025-06-21T20:27:13.128+0000] {dag.py:3823} INFO - Setting next_dagrun for example_task_group_decorator to 2025-06-20 00:00:00+00:00, run_after=2025-06-21 00:00:00+00:00
[2025-06-21T20:27:13.137+0000] {processor.py:183} INFO - Processing /home/airflow/.local/lib/python3.10/site-packages/airflow/example_dags/example_task_group_decorator.py took 0.043 seconds
[2025-06-21T20:27:43.167+0000] {processor.py:161} INFO - Started process (PID=506) to work on /home/airflow/.local/lib/python3.10/site-packages/airflow/example_dags/example_task_group_decorator.py
[2025-06-21T20:27:43.170+0000] {processor.py:830} INFO - Processing file /home/airflow/.local/lib/python3.10/site-packages/airflow/example_dags/example_task_group_decorator.py for tasks to queue
[2025-06-21T20:27:43.171+0000] {logging_mixin.py:188} INFO - [2025-06-21T20:27:43.171+0000] {dagbag.py:538} INFO - Filling up the DagBag from /home/airflow/.local/lib/python3.10/site-packages/airflow/example_dags/example_task_group_decorator.py
[2025-06-21T20:27:43.179+0000] {processor.py:840} INFO - DAG(s) 'example_task_group_decorator' retrieved from /home/airflow/.local/lib/python3.10/site-packages/airflow/example_dags/example_task_group_decorator.py
[2025-06-21T20:27:43.193+0000] {logging_mixin.py:188} INFO - [2025-06-21T20:27:43.192+0000] {dag.py:3036} INFO - Sync 1 DAGs
[2025-06-21T20:27:43.205+0000] {logging_mixin.py:188} INFO - [2025-06-21T20:27:43.204+0000] {dag.py:3823} INFO - Setting next_dagrun for example_task_group_decorator to 2025-06-20 00:00:00+00:00, run_after=2025-06-21 00:00:00+00:00
[2025-06-21T20:27:43.214+0000] {processor.py:183} INFO - Processing /home/airflow/.local/lib/python3.10/site-packages/airflow/example_dags/example_task_group_decorator.py took 0.048 seconds
[2025-06-21T20:28:13.810+0000] {processor.py:161} INFO - Started process (PID=561) to work on /home/airflow/.local/lib/python3.10/site-packages/airflow/example_dags/example_task_group_decorator.py
[2025-06-21T20:28:13.814+0000] {processor.py:830} INFO - Processing file /home/airflow/.local/lib/python3.10/site-packages/airflow/example_dags/example_task_group_decorator.py for tasks to queue
[2025-06-21T20:28:13.815+0000] {logging_mixin.py:188} INFO - [2025-06-21T20:28:13.815+0000] {dagbag.py:538} INFO - Filling up the DagBag from /home/airflow/.local/lib/python3.10/site-packages/airflow/example_dags/example_task_group_decorator.py
[2025-06-21T20:28:13.821+0000] {processor.py:840} INFO - DAG(s) 'example_task_group_decorator' retrieved from /home/airflow/.local/lib/python3.10/site-packages/airflow/example_dags/example_task_group_decorator.py
[2025-06-21T20:28:13.833+0000] {logging_mixin.py:188} INFO - [2025-06-21T20:28:13.833+0000] {dag.py:3036} INFO - Sync 1 DAGs
[2025-06-21T20:28:13.844+0000] {logging_mixin.py:188} INFO - [2025-06-21T20:28:13.843+0000] {dag.py:3823} INFO - Setting next_dagrun for example_task_group_decorator to 2025-06-20 00:00:00+00:00, run_after=2025-06-21 00:00:00+00:00
[2025-06-21T20:28:13.850+0000] {processor.py:183} INFO - Processing /home/airflow/.local/lib/python3.10/site-packages/airflow/example_dags/example_task_group_decorator.py took 0.042 seconds
[2025-06-21T20:28:44.589+0000] {processor.py:161} INFO - Started process (PID=616) to work on /home/airflow/.local/lib/python3.10/site-packages/airflow/example_dags/example_task_group_decorator.py
[2025-06-21T20:28:44.592+0000] {processor.py:830} INFO - Processing file /home/airflow/.local/lib/python3.10/site-packages/airflow/example_dags/example_task_group_decorator.py for tasks to queue
[2025-06-21T20:28:44.593+0000] {logging_mixin.py:188} INFO - [2025-06-21T20:28:44.593+0000] {dagbag.py:538} INFO - Filling up the DagBag from /home/airflow/.local/lib/python3.10/site-packages/airflow/example_dags/example_task_group_decorator.py
[2025-06-21T20:28:44.600+0000] {processor.py:840} INFO - DAG(s) 'example_task_group_decorator' retrieved from /home/airflow/.local/lib/python3.10/site-packages/airflow/example_dags/example_task_group_decorator.py
[2025-06-21T20:28:44.612+0000] {logging_mixin.py:188} INFO - [2025-06-21T20:28:44.611+0000] {dag.py:3036} INFO - Sync 1 DAGs
[2025-06-21T20:28:44.625+0000] {logging_mixin.py:188} INFO - [2025-06-21T20:28:44.624+0000] {dag.py:3823} INFO - Setting next_dagrun for example_task_group_decorator to 2025-06-20 00:00:00+00:00, run_after=2025-06-21 00:00:00+00:00
[2025-06-21T20:28:44.635+0000] {processor.py:183} INFO - Processing /home/airflow/.local/lib/python3.10/site-packages/airflow/example_dags/example_task_group_decorator.py took 0.047 seconds
[2025-06-21T20:29:15.314+0000] {processor.py:161} INFO - Started process (PID=671) to work on /home/airflow/.local/lib/python3.10/site-packages/airflow/example_dags/example_task_group_decorator.py
[2025-06-21T20:29:15.315+0000] {processor.py:830} INFO - Processing file /home/airflow/.local/lib/python3.10/site-packages/airflow/example_dags/example_task_group_decorator.py for tasks to queue
[2025-06-21T20:29:15.317+0000] {logging_mixin.py:188} INFO - [2025-06-21T20:29:15.316+0000] {dagbag.py:538} INFO - Filling up the DagBag from /home/airflow/.local/lib/python3.10/site-packages/airflow/example_dags/example_task_group_decorator.py
[2025-06-21T20:29:15.324+0000] {processor.py:840} INFO - DAG(s) 'example_task_group_decorator' retrieved from /home/airflow/.local/lib/python3.10/site-packages/airflow/example_dags/example_task_group_decorator.py
[2025-06-21T20:29:15.338+0000] {logging_mixin.py:188} INFO - [2025-06-21T20:29:15.337+0000] {dag.py:3036} INFO - Sync 1 DAGs
[2025-06-21T20:29:15.347+0000] {logging_mixin.py:188} INFO - [2025-06-21T20:29:15.347+0000] {dag.py:3823} INFO - Setting next_dagrun for example_task_group_decorator to 2025-06-20 00:00:00+00:00, run_after=2025-06-21 00:00:00+00:00
[2025-06-21T20:29:15.357+0000] {processor.py:183} INFO - Processing /home/airflow/.local/lib/python3.10/site-packages/airflow/example_dags/example_task_group_decorator.py took 0.045 seconds
[2025-06-21T20:29:46.022+0000] {processor.py:161} INFO - Started process (PID=726) to work on /home/airflow/.local/lib/python3.10/site-packages/airflow/example_dags/example_task_group_decorator.py
[2025-06-21T20:29:46.024+0000] {processor.py:830} INFO - Processing file /home/airflow/.local/lib/python3.10/site-packages/airflow/example_dags/example_task_group_decorator.py for tasks to queue
[2025-06-21T20:29:46.025+0000] {logging_mixin.py:188} INFO - [2025-06-21T20:29:46.024+0000] {dagbag.py:538} INFO - Filling up the DagBag from /home/airflow/.local/lib/python3.10/site-packages/airflow/example_dags/example_task_group_decorator.py
[2025-06-21T20:29:46.031+0000] {processor.py:840} INFO - DAG(s) 'example_task_group_decorator' retrieved from /home/airflow/.local/lib/python3.10/site-packages/airflow/example_dags/example_task_group_decorator.py
[2025-06-21T20:29:46.042+0000] {logging_mixin.py:188} INFO - [2025-06-21T20:29:46.042+0000] {dag.py:3036} INFO - Sync 1 DAGs
[2025-06-21T20:29:46.051+0000] {logging_mixin.py:188} INFO - [2025-06-21T20:29:46.051+0000] {dag.py:3823} INFO - Setting next_dagrun for example_task_group_decorator to 2025-06-20 00:00:00+00:00, run_after=2025-06-21 00:00:00+00:00
[2025-06-21T20:29:46.058+0000] {processor.py:183} INFO - Processing /home/airflow/.local/lib/python3.10/site-packages/airflow/example_dags/example_task_group_decorator.py took 0.038 seconds
[2025-06-21T20:30:16.732+0000] {processor.py:161} INFO - Started process (PID=781) to work on /home/airflow/.local/lib/python3.10/site-packages/airflow/example_dags/example_task_group_decorator.py
[2025-06-21T20:30:16.734+0000] {processor.py:830} INFO - Processing file /home/airflow/.local/lib/python3.10/site-packages/airflow/example_dags/example_task_group_decorator.py for tasks to queue
[2025-06-21T20:30:16.735+0000] {logging_mixin.py:188} INFO - [2025-06-21T20:30:16.735+0000] {dagbag.py:538} INFO - Filling up the DagBag from /home/airflow/.local/lib/python3.10/site-packages/airflow/example_dags/example_task_group_decorator.py
[2025-06-21T20:30:16.742+0000] {processor.py:840} INFO - DAG(s) 'example_task_group_decorator' retrieved from /home/airflow/.local/lib/python3.10/site-packages/airflow/example_dags/example_task_group_decorator.py
[2025-06-21T20:30:16.755+0000] {logging_mixin.py:188} INFO - [2025-06-21T20:30:16.755+0000] {dag.py:3036} INFO - Sync 1 DAGs
[2025-06-21T20:30:16.764+0000] {logging_mixin.py:188} INFO - [2025-06-21T20:30:16.764+0000] {dag.py:3823} INFO - Setting next_dagrun for example_task_group_decorator to 2025-06-20 00:00:00+00:00, run_after=2025-06-21 00:00:00+00:00
[2025-06-21T20:30:16.774+0000] {processor.py:183} INFO - Processing /home/airflow/.local/lib/python3.10/site-packages/airflow/example_dags/example_task_group_decorator.py took 0.044 seconds
[2025-06-21T20:30:47.338+0000] {processor.py:161} INFO - Started process (PID=836) to work on /home/airflow/.local/lib/python3.10/site-packages/airflow/example_dags/example_task_group_decorator.py
[2025-06-21T20:30:47.339+0000] {processor.py:830} INFO - Processing file /home/airflow/.local/lib/python3.10/site-packages/airflow/example_dags/example_task_group_decorator.py for tasks to queue
[2025-06-21T20:30:47.340+0000] {logging_mixin.py:188} INFO - [2025-06-21T20:30:47.340+0000] {dagbag.py:538} INFO - Filling up the DagBag from /home/airflow/.local/lib/python3.10/site-packages/airflow/example_dags/example_task_group_decorator.py
[2025-06-21T20:30:47.347+0000] {processor.py:840} INFO - DAG(s) 'example_task_group_decorator' retrieved from /home/airflow/.local/lib/python3.10/site-packages/airflow/example_dags/example_task_group_decorator.py
[2025-06-21T20:30:47.360+0000] {logging_mixin.py:188} INFO - [2025-06-21T20:30:47.360+0000] {dag.py:3036} INFO - Sync 1 DAGs
[2025-06-21T20:30:47.369+0000] {logging_mixin.py:188} INFO - [2025-06-21T20:30:47.369+0000] {dag.py:3823} INFO - Setting next_dagrun for example_task_group_decorator to 2025-06-20 00:00:00+00:00, run_after=2025-06-21 00:00:00+00:00
[2025-06-21T20:30:47.376+0000] {processor.py:183} INFO - Processing /home/airflow/.local/lib/python3.10/site-packages/airflow/example_dags/example_task_group_decorator.py took 0.041 seconds
[2025-06-21T20:31:18.019+0000] {processor.py:161} INFO - Started process (PID=891) to work on /home/airflow/.local/lib/python3.10/site-packages/airflow/example_dags/example_task_group_decorator.py
[2025-06-21T20:31:18.020+0000] {processor.py:830} INFO - Processing file /home/airflow/.local/lib/python3.10/site-packages/airflow/example_dags/example_task_group_decorator.py for tasks to queue
[2025-06-21T20:31:18.021+0000] {logging_mixin.py:188} INFO - [2025-06-21T20:31:18.021+0000] {dagbag.py:538} INFO - Filling up the DagBag from /home/airflow/.local/lib/python3.10/site-packages/airflow/example_dags/example_task_group_decorator.py
[2025-06-21T20:31:18.028+0000] {processor.py:840} INFO - DAG(s) 'example_task_group_decorator' retrieved from /home/airflow/.local/lib/python3.10/site-packages/airflow/example_dags/example_task_group_decorator.py
[2025-06-21T20:31:18.040+0000] {logging_mixin.py:188} INFO - [2025-06-21T20:31:18.040+0000] {dag.py:3036} INFO - Sync 1 DAGs
[2025-06-21T20:31:18.050+0000] {logging_mixin.py:188} INFO - [2025-06-21T20:31:18.050+0000] {dag.py:3823} INFO - Setting next_dagrun for example_task_group_decorator to 2025-06-20 00:00:00+00:00, run_after=2025-06-21 00:00:00+00:00
[2025-06-21T20:31:18.061+0000] {processor.py:183} INFO - Processing /home/airflow/.local/lib/python3.10/site-packages/airflow/example_dags/example_task_group_decorator.py took 0.044 seconds
[2025-06-21T20:32:18.627+0000] {processor.py:161} INFO - Started process (PID=63) to work on /home/airflow/.local/lib/python3.10/site-packages/airflow/example_dags/example_task_group_decorator.py
[2025-06-21T20:32:18.628+0000] {processor.py:830} INFO - Processing file /home/airflow/.local/lib/python3.10/site-packages/airflow/example_dags/example_task_group_decorator.py for tasks to queue
[2025-06-21T20:32:18.630+0000] {logging_mixin.py:188} INFO - [2025-06-21T20:32:18.630+0000] {dagbag.py:538} INFO - Filling up the DagBag from /home/airflow/.local/lib/python3.10/site-packages/airflow/example_dags/example_task_group_decorator.py
[2025-06-21T20:32:18.647+0000] {processor.py:840} INFO - DAG(s) 'example_task_group_decorator' retrieved from /home/airflow/.local/lib/python3.10/site-packages/airflow/example_dags/example_task_group_decorator.py
[2025-06-21T20:32:18.668+0000] {logging_mixin.py:188} INFO - [2025-06-21T20:32:18.668+0000] {dag.py:3036} INFO - Sync 1 DAGs
[2025-06-21T20:32:18.685+0000] {logging_mixin.py:188} INFO - [2025-06-21T20:32:18.685+0000] {dag.py:3823} INFO - Setting next_dagrun for example_task_group_decorator to 2025-06-20 00:00:00+00:00, run_after=2025-06-21 00:00:00+00:00
[2025-06-21T20:32:18.701+0000] {processor.py:183} INFO - Processing /home/airflow/.local/lib/python3.10/site-packages/airflow/example_dags/example_task_group_decorator.py took 0.076 seconds
[2025-06-21T20:32:49.430+0000] {processor.py:161} INFO - Started process (PID=118) to work on /home/airflow/.local/lib/python3.10/site-packages/airflow/example_dags/example_task_group_decorator.py
[2025-06-21T20:32:49.433+0000] {processor.py:830} INFO - Processing file /home/airflow/.local/lib/python3.10/site-packages/airflow/example_dags/example_task_group_decorator.py for tasks to queue
[2025-06-21T20:32:49.434+0000] {logging_mixin.py:188} INFO - [2025-06-21T20:32:49.434+0000] {dagbag.py:538} INFO - Filling up the DagBag from /home/airflow/.local/lib/python3.10/site-packages/airflow/example_dags/example_task_group_decorator.py
[2025-06-21T20:32:49.441+0000] {processor.py:840} INFO - DAG(s) 'example_task_group_decorator' retrieved from /home/airflow/.local/lib/python3.10/site-packages/airflow/example_dags/example_task_group_decorator.py
[2025-06-21T20:32:49.490+0000] {logging_mixin.py:188} INFO - [2025-06-21T20:32:49.490+0000] {dag.py:3036} INFO - Sync 1 DAGs
[2025-06-21T20:32:49.504+0000] {logging_mixin.py:188} INFO - [2025-06-21T20:32:49.504+0000] {dag.py:3823} INFO - Setting next_dagrun for example_task_group_decorator to 2025-06-20 00:00:00+00:00, run_after=2025-06-21 00:00:00+00:00
[2025-06-21T20:32:49.518+0000] {processor.py:183} INFO - Processing /home/airflow/.local/lib/python3.10/site-packages/airflow/example_dags/example_task_group_decorator.py took 0.090 seconds
[2025-06-21T20:33:52.818+0000] {processor.py:161} INFO - Started process (PID=62) to work on /home/airflow/.local/lib/python3.10/site-packages/airflow/example_dags/example_task_group_decorator.py
[2025-06-21T20:33:52.819+0000] {processor.py:830} INFO - Processing file /home/airflow/.local/lib/python3.10/site-packages/airflow/example_dags/example_task_group_decorator.py for tasks to queue
[2025-06-21T20:33:52.821+0000] {logging_mixin.py:188} INFO - [2025-06-21T20:33:52.821+0000] {dagbag.py:538} INFO - Filling up the DagBag from /home/airflow/.local/lib/python3.10/site-packages/airflow/example_dags/example_task_group_decorator.py
[2025-06-21T20:33:52.832+0000] {processor.py:840} INFO - DAG(s) 'example_task_group_decorator' retrieved from /home/airflow/.local/lib/python3.10/site-packages/airflow/example_dags/example_task_group_decorator.py
[2025-06-21T20:33:52.847+0000] {logging_mixin.py:188} INFO - [2025-06-21T20:33:52.847+0000] {dag.py:3036} INFO - Sync 1 DAGs
[2025-06-21T20:33:52.872+0000] {logging_mixin.py:188} INFO - [2025-06-21T20:33:52.871+0000] {dag.py:3823} INFO - Setting next_dagrun for example_task_group_decorator to 2025-06-20 00:00:00+00:00, run_after=2025-06-21 00:00:00+00:00
[2025-06-21T20:33:52.894+0000] {processor.py:183} INFO - Processing /home/airflow/.local/lib/python3.10/site-packages/airflow/example_dags/example_task_group_decorator.py took 0.082 seconds
[2025-06-21T20:34:23.189+0000] {processor.py:161} INFO - Started process (PID=117) to work on /home/airflow/.local/lib/python3.10/site-packages/airflow/example_dags/example_task_group_decorator.py
[2025-06-21T20:34:23.189+0000] {processor.py:830} INFO - Processing file /home/airflow/.local/lib/python3.10/site-packages/airflow/example_dags/example_task_group_decorator.py for tasks to queue
[2025-06-21T20:34:23.190+0000] {logging_mixin.py:188} INFO - [2025-06-21T20:34:23.190+0000] {dagbag.py:538} INFO - Filling up the DagBag from /home/airflow/.local/lib/python3.10/site-packages/airflow/example_dags/example_task_group_decorator.py
[2025-06-21T20:34:23.197+0000] {processor.py:840} INFO - DAG(s) 'example_task_group_decorator' retrieved from /home/airflow/.local/lib/python3.10/site-packages/airflow/example_dags/example_task_group_decorator.py
[2025-06-21T20:34:23.252+0000] {logging_mixin.py:188} INFO - [2025-06-21T20:34:23.252+0000] {dag.py:3036} INFO - Sync 1 DAGs
[2025-06-21T20:34:23.262+0000] {logging_mixin.py:188} INFO - [2025-06-21T20:34:23.262+0000] {dag.py:3823} INFO - Setting next_dagrun for example_task_group_decorator to 2025-06-20 00:00:00+00:00, run_after=2025-06-21 00:00:00+00:00
[2025-06-21T20:34:23.277+0000] {processor.py:183} INFO - Processing /home/airflow/.local/lib/python3.10/site-packages/airflow/example_dags/example_task_group_decorator.py took 0.090 seconds
[2025-06-21T20:34:53.495+0000] {processor.py:161} INFO - Started process (PID=172) to work on /home/airflow/.local/lib/python3.10/site-packages/airflow/example_dags/example_task_group_decorator.py
[2025-06-21T20:34:53.497+0000] {processor.py:830} INFO - Processing file /home/airflow/.local/lib/python3.10/site-packages/airflow/example_dags/example_task_group_decorator.py for tasks to queue
[2025-06-21T20:34:53.502+0000] {logging_mixin.py:188} INFO - [2025-06-21T20:34:53.501+0000] {dagbag.py:538} INFO - Filling up the DagBag from /home/airflow/.local/lib/python3.10/site-packages/airflow/example_dags/example_task_group_decorator.py
[2025-06-21T20:34:53.520+0000] {processor.py:840} INFO - DAG(s) 'example_task_group_decorator' retrieved from /home/airflow/.local/lib/python3.10/site-packages/airflow/example_dags/example_task_group_decorator.py
[2025-06-21T20:34:53.548+0000] {logging_mixin.py:188} INFO - [2025-06-21T20:34:53.548+0000] {dag.py:3036} INFO - Sync 1 DAGs
[2025-06-21T20:34:53.567+0000] {logging_mixin.py:188} INFO - [2025-06-21T20:34:53.566+0000] {dag.py:3823} INFO - Setting next_dagrun for example_task_group_decorator to 2025-06-20 00:00:00+00:00, run_after=2025-06-21 00:00:00+00:00
[2025-06-21T20:34:53.582+0000] {processor.py:183} INFO - Processing /home/airflow/.local/lib/python3.10/site-packages/airflow/example_dags/example_task_group_decorator.py took 0.096 seconds
[2025-06-21T20:35:24.319+0000] {processor.py:161} INFO - Started process (PID=227) to work on /home/airflow/.local/lib/python3.10/site-packages/airflow/example_dags/example_task_group_decorator.py
[2025-06-21T20:35:24.320+0000] {processor.py:830} INFO - Processing file /home/airflow/.local/lib/python3.10/site-packages/airflow/example_dags/example_task_group_decorator.py for tasks to queue
[2025-06-21T20:35:24.321+0000] {logging_mixin.py:188} INFO - [2025-06-21T20:35:24.321+0000] {dagbag.py:538} INFO - Filling up the DagBag from /home/airflow/.local/lib/python3.10/site-packages/airflow/example_dags/example_task_group_decorator.py
[2025-06-21T20:35:24.328+0000] {processor.py:840} INFO - DAG(s) 'example_task_group_decorator' retrieved from /home/airflow/.local/lib/python3.10/site-packages/airflow/example_dags/example_task_group_decorator.py
[2025-06-21T20:35:24.346+0000] {logging_mixin.py:188} INFO - [2025-06-21T20:35:24.346+0000] {dag.py:3036} INFO - Sync 1 DAGs
[2025-06-21T20:35:24.359+0000] {logging_mixin.py:188} INFO - [2025-06-21T20:35:24.359+0000] {dag.py:3823} INFO - Setting next_dagrun for example_task_group_decorator to 2025-06-20 00:00:00+00:00, run_after=2025-06-21 00:00:00+00:00
[2025-06-21T20:35:24.369+0000] {processor.py:183} INFO - Processing /home/airflow/.local/lib/python3.10/site-packages/airflow/example_dags/example_task_group_decorator.py took 0.052 seconds
