[2025-06-21T20:15:01.356+0000] {processor.py:161} INFO - Started process (PID=37) to work on /home/airflow/.local/lib/python3.10/site-packages/airflow/example_dags/example_trigger_target_dag.py
[2025-06-21T20:15:01.357+0000] {processor.py:830} INFO - Processing file /home/airflow/.local/lib/python3.10/site-packages/airflow/example_dags/example_trigger_target_dag.py for tasks to queue
[2025-06-21T20:15:01.361+0000] {logging_mixin.py:188} INFO - [2025-06-21T20:15:01.360+0000] {dagbag.py:538} INFO - Filling up the DagBag from /home/airflow/.local/lib/python3.10/site-packages/airflow/example_dags/example_trigger_target_dag.py
[2025-06-21T20:15:01.377+0000] {processor.py:840} INFO - DAG(s) 'example_trigger_target_dag' retrieved from /home/airflow/.local/lib/python3.10/site-packages/airflow/example_dags/example_trigger_target_dag.py
[2025-06-21T20:15:01.389+0000] {logging_mixin.py:188} INFO - [2025-06-21T20:15:01.389+0000] {dag.py:3036} INFO - Sync 1 DAGs
[2025-06-21T20:15:01.397+0000] {logging_mixin.py:188} INFO - [2025-06-21T20:15:01.397+0000] {dag.py:3823} INFO - Setting next_dagrun for example_trigger_target_dag to None, run_after=None
[2025-06-21T20:15:01.407+0000] {processor.py:183} INFO - Processing /home/airflow/.local/lib/python3.10/site-packages/airflow/example_dags/example_trigger_target_dag.py took 0.061 seconds
[2025-06-21T20:15:32.129+0000] {processor.py:161} INFO - Started process (PID=92) to work on /home/airflow/.local/lib/python3.10/site-packages/airflow/example_dags/example_trigger_target_dag.py
[2025-06-21T20:15:32.129+0000] {processor.py:830} INFO - Processing file /home/airflow/.local/lib/python3.10/site-packages/airflow/example_dags/example_trigger_target_dag.py for tasks to queue
[2025-06-21T20:15:32.130+0000] {logging_mixin.py:188} INFO - [2025-06-21T20:15:32.130+0000] {dagbag.py:538} INFO - Filling up the DagBag from /home/airflow/.local/lib/python3.10/site-packages/airflow/example_dags/example_trigger_target_dag.py
[2025-06-21T20:15:32.134+0000] {processor.py:840} INFO - DAG(s) 'example_trigger_target_dag' retrieved from /home/airflow/.local/lib/python3.10/site-packages/airflow/example_dags/example_trigger_target_dag.py
[2025-06-21T20:15:32.183+0000] {logging_mixin.py:188} INFO - [2025-06-21T20:15:32.183+0000] {dag.py:3036} INFO - Sync 1 DAGs
[2025-06-21T20:15:32.190+0000] {logging_mixin.py:188} INFO - [2025-06-21T20:15:32.190+0000] {dag.py:3823} INFO - Setting next_dagrun for example_trigger_target_dag to None, run_after=None
[2025-06-21T20:15:32.199+0000] {processor.py:183} INFO - Processing /home/airflow/.local/lib/python3.10/site-packages/airflow/example_dags/example_trigger_target_dag.py took 0.073 seconds
[2025-06-21T20:16:02.592+0000] {processor.py:161} INFO - Started process (PID=147) to work on /home/airflow/.local/lib/python3.10/site-packages/airflow/example_dags/example_trigger_target_dag.py
[2025-06-21T20:16:02.593+0000] {processor.py:830} INFO - Processing file /home/airflow/.local/lib/python3.10/site-packages/airflow/example_dags/example_trigger_target_dag.py for tasks to queue
[2025-06-21T20:16:02.595+0000] {logging_mixin.py:188} INFO - [2025-06-21T20:16:02.595+0000] {dagbag.py:538} INFO - Filling up the DagBag from /home/airflow/.local/lib/python3.10/site-packages/airflow/example_dags/example_trigger_target_dag.py
[2025-06-21T20:16:02.601+0000] {processor.py:840} INFO - DAG(s) 'example_trigger_target_dag' retrieved from /home/airflow/.local/lib/python3.10/site-packages/airflow/example_dags/example_trigger_target_dag.py
[2025-06-21T20:16:02.623+0000] {logging_mixin.py:188} INFO - [2025-06-21T20:16:02.622+0000] {dag.py:3036} INFO - Sync 1 DAGs
[2025-06-21T20:16:02.633+0000] {logging_mixin.py:188} INFO - [2025-06-21T20:16:02.633+0000] {dag.py:3823} INFO - Setting next_dagrun for example_trigger_target_dag to None, run_after=None
[2025-06-21T20:16:02.652+0000] {processor.py:183} INFO - Processing /home/airflow/.local/lib/python3.10/site-packages/airflow/example_dags/example_trigger_target_dag.py took 0.065 seconds
[2025-06-21T20:16:32.901+0000] {processor.py:161} INFO - Started process (PID=201) to work on /home/airflow/.local/lib/python3.10/site-packages/airflow/example_dags/example_trigger_target_dag.py
[2025-06-21T20:16:32.902+0000] {processor.py:830} INFO - Processing file /home/airflow/.local/lib/python3.10/site-packages/airflow/example_dags/example_trigger_target_dag.py for tasks to queue
[2025-06-21T20:16:32.904+0000] {logging_mixin.py:188} INFO - [2025-06-21T20:16:32.904+0000] {dagbag.py:538} INFO - Filling up the DagBag from /home/airflow/.local/lib/python3.10/site-packages/airflow/example_dags/example_trigger_target_dag.py
[2025-06-21T20:16:32.908+0000] {processor.py:840} INFO - DAG(s) 'example_trigger_target_dag' retrieved from /home/airflow/.local/lib/python3.10/site-packages/airflow/example_dags/example_trigger_target_dag.py
[2025-06-21T20:16:32.922+0000] {logging_mixin.py:188} INFO - [2025-06-21T20:16:32.922+0000] {dag.py:3036} INFO - Sync 1 DAGs
[2025-06-21T20:16:32.932+0000] {logging_mixin.py:188} INFO - [2025-06-21T20:16:32.932+0000] {dag.py:3823} INFO - Setting next_dagrun for example_trigger_target_dag to None, run_after=None
[2025-06-21T20:16:32.942+0000] {processor.py:183} INFO - Processing /home/airflow/.local/lib/python3.10/site-packages/airflow/example_dags/example_trigger_target_dag.py took 0.043 seconds
[2025-06-21T20:17:03.470+0000] {processor.py:161} INFO - Started process (PID=256) to work on /home/airflow/.local/lib/python3.10/site-packages/airflow/example_dags/example_trigger_target_dag.py
[2025-06-21T20:17:03.470+0000] {processor.py:830} INFO - Processing file /home/airflow/.local/lib/python3.10/site-packages/airflow/example_dags/example_trigger_target_dag.py for tasks to queue
[2025-06-21T20:17:03.471+0000] {logging_mixin.py:188} INFO - [2025-06-21T20:17:03.471+0000] {dagbag.py:538} INFO - Filling up the DagBag from /home/airflow/.local/lib/python3.10/site-packages/airflow/example_dags/example_trigger_target_dag.py
[2025-06-21T20:17:03.475+0000] {processor.py:840} INFO - DAG(s) 'example_trigger_target_dag' retrieved from /home/airflow/.local/lib/python3.10/site-packages/airflow/example_dags/example_trigger_target_dag.py
[2025-06-21T20:17:03.483+0000] {logging_mixin.py:188} INFO - [2025-06-21T20:17:03.483+0000] {dag.py:3036} INFO - Sync 1 DAGs
[2025-06-21T20:17:03.489+0000] {logging_mixin.py:188} INFO - [2025-06-21T20:17:03.489+0000] {dag.py:3823} INFO - Setting next_dagrun for example_trigger_target_dag to None, run_after=None
[2025-06-21T20:17:03.502+0000] {processor.py:183} INFO - Processing /home/airflow/.local/lib/python3.10/site-packages/airflow/example_dags/example_trigger_target_dag.py took 0.034 seconds
[2025-06-21T20:17:34.280+0000] {processor.py:161} INFO - Started process (PID=311) to work on /home/airflow/.local/lib/python3.10/site-packages/airflow/example_dags/example_trigger_target_dag.py
[2025-06-21T20:17:34.281+0000] {processor.py:830} INFO - Processing file /home/airflow/.local/lib/python3.10/site-packages/airflow/example_dags/example_trigger_target_dag.py for tasks to queue
[2025-06-21T20:17:34.282+0000] {logging_mixin.py:188} INFO - [2025-06-21T20:17:34.282+0000] {dagbag.py:538} INFO - Filling up the DagBag from /home/airflow/.local/lib/python3.10/site-packages/airflow/example_dags/example_trigger_target_dag.py
[2025-06-21T20:17:34.287+0000] {processor.py:840} INFO - DAG(s) 'example_trigger_target_dag' retrieved from /home/airflow/.local/lib/python3.10/site-packages/airflow/example_dags/example_trigger_target_dag.py
[2025-06-21T20:17:34.305+0000] {logging_mixin.py:188} INFO - [2025-06-21T20:17:34.305+0000] {dag.py:3036} INFO - Sync 1 DAGs
[2025-06-21T20:17:34.314+0000] {logging_mixin.py:188} INFO - [2025-06-21T20:17:34.313+0000] {dag.py:3823} INFO - Setting next_dagrun for example_trigger_target_dag to None, run_after=None
[2025-06-21T20:17:34.326+0000] {processor.py:183} INFO - Processing /home/airflow/.local/lib/python3.10/site-packages/airflow/example_dags/example_trigger_target_dag.py took 0.049 seconds
[2025-06-21T20:18:04.403+0000] {processor.py:161} INFO - Started process (PID=366) to work on /home/airflow/.local/lib/python3.10/site-packages/airflow/example_dags/example_trigger_target_dag.py
[2025-06-21T20:18:04.411+0000] {processor.py:830} INFO - Processing file /home/airflow/.local/lib/python3.10/site-packages/airflow/example_dags/example_trigger_target_dag.py for tasks to queue
[2025-06-21T20:18:04.412+0000] {logging_mixin.py:188} INFO - [2025-06-21T20:18:04.412+0000] {dagbag.py:538} INFO - Filling up the DagBag from /home/airflow/.local/lib/python3.10/site-packages/airflow/example_dags/example_trigger_target_dag.py
[2025-06-21T20:18:04.416+0000] {processor.py:840} INFO - DAG(s) 'example_trigger_target_dag' retrieved from /home/airflow/.local/lib/python3.10/site-packages/airflow/example_dags/example_trigger_target_dag.py
[2025-06-21T20:18:04.431+0000] {logging_mixin.py:188} INFO - [2025-06-21T20:18:04.430+0000] {dag.py:3036} INFO - Sync 1 DAGs
[2025-06-21T20:18:04.436+0000] {logging_mixin.py:188} INFO - [2025-06-21T20:18:04.436+0000] {dag.py:3823} INFO - Setting next_dagrun for example_trigger_target_dag to None, run_after=None
[2025-06-21T20:18:04.449+0000] {processor.py:183} INFO - Processing /home/airflow/.local/lib/python3.10/site-packages/airflow/example_dags/example_trigger_target_dag.py took 0.050 seconds
[2025-06-21T20:18:35.193+0000] {processor.py:161} INFO - Started process (PID=426) to work on /home/airflow/.local/lib/python3.10/site-packages/airflow/example_dags/example_trigger_target_dag.py
[2025-06-21T20:18:35.193+0000] {processor.py:830} INFO - Processing file /home/airflow/.local/lib/python3.10/site-packages/airflow/example_dags/example_trigger_target_dag.py for tasks to queue
[2025-06-21T20:18:35.194+0000] {logging_mixin.py:188} INFO - [2025-06-21T20:18:35.194+0000] {dagbag.py:538} INFO - Filling up the DagBag from /home/airflow/.local/lib/python3.10/site-packages/airflow/example_dags/example_trigger_target_dag.py
[2025-06-21T20:18:35.197+0000] {processor.py:840} INFO - DAG(s) 'example_trigger_target_dag' retrieved from /home/airflow/.local/lib/python3.10/site-packages/airflow/example_dags/example_trigger_target_dag.py
[2025-06-21T20:18:35.203+0000] {logging_mixin.py:188} INFO - [2025-06-21T20:18:35.203+0000] {dag.py:3036} INFO - Sync 1 DAGs
[2025-06-21T20:18:35.208+0000] {logging_mixin.py:188} INFO - [2025-06-21T20:18:35.208+0000] {dag.py:3823} INFO - Setting next_dagrun for example_trigger_target_dag to None, run_after=None
[2025-06-21T20:18:35.216+0000] {processor.py:183} INFO - Processing /home/airflow/.local/lib/python3.10/site-packages/airflow/example_dags/example_trigger_target_dag.py took 0.025 seconds
[2025-06-21T20:23:37.196+0000] {processor.py:161} INFO - Started process (PID=37) to work on /home/airflow/.local/lib/python3.10/site-packages/airflow/example_dags/example_trigger_target_dag.py
[2025-06-21T20:23:37.197+0000] {processor.py:830} INFO - Processing file /home/airflow/.local/lib/python3.10/site-packages/airflow/example_dags/example_trigger_target_dag.py for tasks to queue
[2025-06-21T20:23:37.199+0000] {logging_mixin.py:188} INFO - [2025-06-21T20:23:37.198+0000] {dagbag.py:538} INFO - Filling up the DagBag from /home/airflow/.local/lib/python3.10/site-packages/airflow/example_dags/example_trigger_target_dag.py
[2025-06-21T20:23:37.203+0000] {processor.py:840} INFO - DAG(s) 'example_trigger_target_dag' retrieved from /home/airflow/.local/lib/python3.10/site-packages/airflow/example_dags/example_trigger_target_dag.py
[2025-06-21T20:23:37.215+0000] {logging_mixin.py:188} INFO - [2025-06-21T20:23:37.215+0000] {dag.py:3036} INFO - Sync 1 DAGs
[2025-06-21T20:23:37.223+0000] {logging_mixin.py:188} INFO - [2025-06-21T20:23:37.222+0000] {dag.py:3823} INFO - Setting next_dagrun for example_trigger_target_dag to None, run_after=None
[2025-06-21T20:23:37.237+0000] {processor.py:183} INFO - Processing /home/airflow/.local/lib/python3.10/site-packages/airflow/example_dags/example_trigger_target_dag.py took 0.043 seconds
[2025-06-21T20:24:08.074+0000] {processor.py:161} INFO - Started process (PID=92) to work on /home/airflow/.local/lib/python3.10/site-packages/airflow/example_dags/example_trigger_target_dag.py
[2025-06-21T20:24:08.075+0000] {processor.py:830} INFO - Processing file /home/airflow/.local/lib/python3.10/site-packages/airflow/example_dags/example_trigger_target_dag.py for tasks to queue
[2025-06-21T20:24:08.076+0000] {logging_mixin.py:188} INFO - [2025-06-21T20:24:08.076+0000] {dagbag.py:538} INFO - Filling up the DagBag from /home/airflow/.local/lib/python3.10/site-packages/airflow/example_dags/example_trigger_target_dag.py
[2025-06-21T20:24:08.080+0000] {processor.py:840} INFO - DAG(s) 'example_trigger_target_dag' retrieved from /home/airflow/.local/lib/python3.10/site-packages/airflow/example_dags/example_trigger_target_dag.py
[2025-06-21T20:24:08.130+0000] {logging_mixin.py:188} INFO - [2025-06-21T20:24:08.129+0000] {dag.py:3036} INFO - Sync 1 DAGs
[2025-06-21T20:24:08.134+0000] {logging_mixin.py:188} INFO - [2025-06-21T20:24:08.134+0000] {dag.py:3823} INFO - Setting next_dagrun for example_trigger_target_dag to None, run_after=None
[2025-06-21T20:24:08.141+0000] {processor.py:183} INFO - Processing /home/airflow/.local/lib/python3.10/site-packages/airflow/example_dags/example_trigger_target_dag.py took 0.069 seconds
[2025-06-21T20:24:38.238+0000] {processor.py:161} INFO - Started process (PID=147) to work on /home/airflow/.local/lib/python3.10/site-packages/airflow/example_dags/example_trigger_target_dag.py
[2025-06-21T20:24:38.239+0000] {processor.py:830} INFO - Processing file /home/airflow/.local/lib/python3.10/site-packages/airflow/example_dags/example_trigger_target_dag.py for tasks to queue
[2025-06-21T20:24:38.241+0000] {logging_mixin.py:188} INFO - [2025-06-21T20:24:38.240+0000] {dagbag.py:538} INFO - Filling up the DagBag from /home/airflow/.local/lib/python3.10/site-packages/airflow/example_dags/example_trigger_target_dag.py
[2025-06-21T20:24:38.244+0000] {processor.py:840} INFO - DAG(s) 'example_trigger_target_dag' retrieved from /home/airflow/.local/lib/python3.10/site-packages/airflow/example_dags/example_trigger_target_dag.py
[2025-06-21T20:24:38.261+0000] {logging_mixin.py:188} INFO - [2025-06-21T20:24:38.260+0000] {dag.py:3036} INFO - Sync 1 DAGs
[2025-06-21T20:24:38.267+0000] {logging_mixin.py:188} INFO - [2025-06-21T20:24:38.267+0000] {dag.py:3823} INFO - Setting next_dagrun for example_trigger_target_dag to None, run_after=None
[2025-06-21T20:24:38.281+0000] {processor.py:183} INFO - Processing /home/airflow/.local/lib/python3.10/site-packages/airflow/example_dags/example_trigger_target_dag.py took 0.045 seconds
[2025-06-21T20:25:08.359+0000] {processor.py:161} INFO - Started process (PID=201) to work on /home/airflow/.local/lib/python3.10/site-packages/airflow/example_dags/example_trigger_target_dag.py
[2025-06-21T20:25:08.360+0000] {processor.py:830} INFO - Processing file /home/airflow/.local/lib/python3.10/site-packages/airflow/example_dags/example_trigger_target_dag.py for tasks to queue
[2025-06-21T20:25:08.361+0000] {logging_mixin.py:188} INFO - [2025-06-21T20:25:08.361+0000] {dagbag.py:538} INFO - Filling up the DagBag from /home/airflow/.local/lib/python3.10/site-packages/airflow/example_dags/example_trigger_target_dag.py
[2025-06-21T20:25:08.364+0000] {processor.py:840} INFO - DAG(s) 'example_trigger_target_dag' retrieved from /home/airflow/.local/lib/python3.10/site-packages/airflow/example_dags/example_trigger_target_dag.py
[2025-06-21T20:25:08.377+0000] {logging_mixin.py:188} INFO - [2025-06-21T20:25:08.377+0000] {dag.py:3036} INFO - Sync 1 DAGs
[2025-06-21T20:25:08.382+0000] {logging_mixin.py:188} INFO - [2025-06-21T20:25:08.382+0000] {dag.py:3823} INFO - Setting next_dagrun for example_trigger_target_dag to None, run_after=None
[2025-06-21T20:25:08.390+0000] {processor.py:183} INFO - Processing /home/airflow/.local/lib/python3.10/site-packages/airflow/example_dags/example_trigger_target_dag.py took 0.033 seconds
[2025-06-21T20:25:39.229+0000] {processor.py:161} INFO - Started process (PID=256) to work on /home/airflow/.local/lib/python3.10/site-packages/airflow/example_dags/example_trigger_target_dag.py
[2025-06-21T20:25:39.230+0000] {processor.py:830} INFO - Processing file /home/airflow/.local/lib/python3.10/site-packages/airflow/example_dags/example_trigger_target_dag.py for tasks to queue
[2025-06-21T20:25:39.231+0000] {logging_mixin.py:188} INFO - [2025-06-21T20:25:39.231+0000] {dagbag.py:538} INFO - Filling up the DagBag from /home/airflow/.local/lib/python3.10/site-packages/airflow/example_dags/example_trigger_target_dag.py
[2025-06-21T20:25:39.236+0000] {processor.py:840} INFO - DAG(s) 'example_trigger_target_dag' retrieved from /home/airflow/.local/lib/python3.10/site-packages/airflow/example_dags/example_trigger_target_dag.py
[2025-06-21T20:25:39.256+0000] {logging_mixin.py:188} INFO - [2025-06-21T20:25:39.256+0000] {dag.py:3036} INFO - Sync 1 DAGs
[2025-06-21T20:25:39.263+0000] {logging_mixin.py:188} INFO - [2025-06-21T20:25:39.263+0000] {dag.py:3823} INFO - Setting next_dagrun for example_trigger_target_dag to None, run_after=None
[2025-06-21T20:25:39.282+0000] {processor.py:183} INFO - Processing /home/airflow/.local/lib/python3.10/site-packages/airflow/example_dags/example_trigger_target_dag.py took 0.054 seconds
[2025-06-21T20:26:09.373+0000] {processor.py:161} INFO - Started process (PID=310) to work on /home/airflow/.local/lib/python3.10/site-packages/airflow/example_dags/example_trigger_target_dag.py
[2025-06-21T20:26:09.374+0000] {processor.py:830} INFO - Processing file /home/airflow/.local/lib/python3.10/site-packages/airflow/example_dags/example_trigger_target_dag.py for tasks to queue
[2025-06-21T20:26:09.375+0000] {logging_mixin.py:188} INFO - [2025-06-21T20:26:09.375+0000] {dagbag.py:538} INFO - Filling up the DagBag from /home/airflow/.local/lib/python3.10/site-packages/airflow/example_dags/example_trigger_target_dag.py
[2025-06-21T20:26:09.378+0000] {processor.py:840} INFO - DAG(s) 'example_trigger_target_dag' retrieved from /home/airflow/.local/lib/python3.10/site-packages/airflow/example_dags/example_trigger_target_dag.py
[2025-06-21T20:26:09.389+0000] {logging_mixin.py:188} INFO - [2025-06-21T20:26:09.389+0000] {dag.py:3036} INFO - Sync 1 DAGs
[2025-06-21T20:26:09.395+0000] {logging_mixin.py:188} INFO - [2025-06-21T20:26:09.395+0000] {dag.py:3823} INFO - Setting next_dagrun for example_trigger_target_dag to None, run_after=None
[2025-06-21T20:26:09.402+0000] {processor.py:183} INFO - Processing /home/airflow/.local/lib/python3.10/site-packages/airflow/example_dags/example_trigger_target_dag.py took 0.031 seconds
[2025-06-21T20:26:40.151+0000] {processor.py:161} INFO - Started process (PID=365) to work on /home/airflow/.local/lib/python3.10/site-packages/airflow/example_dags/example_trigger_target_dag.py
[2025-06-21T20:26:40.151+0000] {processor.py:830} INFO - Processing file /home/airflow/.local/lib/python3.10/site-packages/airflow/example_dags/example_trigger_target_dag.py for tasks to queue
[2025-06-21T20:26:40.153+0000] {logging_mixin.py:188} INFO - [2025-06-21T20:26:40.152+0000] {dagbag.py:538} INFO - Filling up the DagBag from /home/airflow/.local/lib/python3.10/site-packages/airflow/example_dags/example_trigger_target_dag.py
[2025-06-21T20:26:40.156+0000] {processor.py:840} INFO - DAG(s) 'example_trigger_target_dag' retrieved from /home/airflow/.local/lib/python3.10/site-packages/airflow/example_dags/example_trigger_target_dag.py
[2025-06-21T20:26:40.170+0000] {logging_mixin.py:188} INFO - [2025-06-21T20:26:40.170+0000] {dag.py:3036} INFO - Sync 1 DAGs
[2025-06-21T20:26:40.179+0000] {logging_mixin.py:188} INFO - [2025-06-21T20:26:40.179+0000] {dag.py:3823} INFO - Setting next_dagrun for example_trigger_target_dag to None, run_after=None
[2025-06-21T20:26:40.190+0000] {processor.py:183} INFO - Processing /home/airflow/.local/lib/python3.10/site-packages/airflow/example_dags/example_trigger_target_dag.py took 0.041 seconds
[2025-06-21T20:27:10.239+0000] {processor.py:161} INFO - Started process (PID=420) to work on /home/airflow/.local/lib/python3.10/site-packages/airflow/example_dags/example_trigger_target_dag.py
[2025-06-21T20:27:10.240+0000] {processor.py:830} INFO - Processing file /home/airflow/.local/lib/python3.10/site-packages/airflow/example_dags/example_trigger_target_dag.py for tasks to queue
[2025-06-21T20:27:10.242+0000] {logging_mixin.py:188} INFO - [2025-06-21T20:27:10.241+0000] {dagbag.py:538} INFO - Filling up the DagBag from /home/airflow/.local/lib/python3.10/site-packages/airflow/example_dags/example_trigger_target_dag.py
[2025-06-21T20:27:10.245+0000] {processor.py:840} INFO - DAG(s) 'example_trigger_target_dag' retrieved from /home/airflow/.local/lib/python3.10/site-packages/airflow/example_dags/example_trigger_target_dag.py
[2025-06-21T20:27:10.260+0000] {logging_mixin.py:188} INFO - [2025-06-21T20:27:10.260+0000] {dag.py:3036} INFO - Sync 1 DAGs
[2025-06-21T20:27:10.267+0000] {logging_mixin.py:188} INFO - [2025-06-21T20:27:10.267+0000] {dag.py:3823} INFO - Setting next_dagrun for example_trigger_target_dag to None, run_after=None
[2025-06-21T20:27:10.306+0000] {processor.py:183} INFO - Processing /home/airflow/.local/lib/python3.10/site-packages/airflow/example_dags/example_trigger_target_dag.py took 0.069 seconds
[2025-06-21T20:27:40.323+0000] {processor.py:161} INFO - Started process (PID=475) to work on /home/airflow/.local/lib/python3.10/site-packages/airflow/example_dags/example_trigger_target_dag.py
[2025-06-21T20:27:40.324+0000] {processor.py:830} INFO - Processing file /home/airflow/.local/lib/python3.10/site-packages/airflow/example_dags/example_trigger_target_dag.py for tasks to queue
[2025-06-21T20:27:40.325+0000] {logging_mixin.py:188} INFO - [2025-06-21T20:27:40.325+0000] {dagbag.py:538} INFO - Filling up the DagBag from /home/airflow/.local/lib/python3.10/site-packages/airflow/example_dags/example_trigger_target_dag.py
[2025-06-21T20:27:40.328+0000] {processor.py:840} INFO - DAG(s) 'example_trigger_target_dag' retrieved from /home/airflow/.local/lib/python3.10/site-packages/airflow/example_dags/example_trigger_target_dag.py
[2025-06-21T20:27:40.338+0000] {logging_mixin.py:188} INFO - [2025-06-21T20:27:40.338+0000] {dag.py:3036} INFO - Sync 1 DAGs
[2025-06-21T20:27:40.346+0000] {logging_mixin.py:188} INFO - [2025-06-21T20:27:40.346+0000] {dag.py:3823} INFO - Setting next_dagrun for example_trigger_target_dag to None, run_after=None
[2025-06-21T20:27:40.354+0000] {processor.py:183} INFO - Processing /home/airflow/.local/lib/python3.10/site-packages/airflow/example_dags/example_trigger_target_dag.py took 0.034 seconds
[2025-06-21T20:28:11.064+0000] {processor.py:161} INFO - Started process (PID=536) to work on /home/airflow/.local/lib/python3.10/site-packages/airflow/example_dags/example_trigger_target_dag.py
[2025-06-21T20:28:11.066+0000] {processor.py:830} INFO - Processing file /home/airflow/.local/lib/python3.10/site-packages/airflow/example_dags/example_trigger_target_dag.py for tasks to queue
[2025-06-21T20:28:11.067+0000] {logging_mixin.py:188} INFO - [2025-06-21T20:28:11.067+0000] {dagbag.py:538} INFO - Filling up the DagBag from /home/airflow/.local/lib/python3.10/site-packages/airflow/example_dags/example_trigger_target_dag.py
[2025-06-21T20:28:11.070+0000] {processor.py:840} INFO - DAG(s) 'example_trigger_target_dag' retrieved from /home/airflow/.local/lib/python3.10/site-packages/airflow/example_dags/example_trigger_target_dag.py
[2025-06-21T20:28:11.078+0000] {logging_mixin.py:188} INFO - [2025-06-21T20:28:11.078+0000] {dag.py:3036} INFO - Sync 1 DAGs
[2025-06-21T20:28:11.083+0000] {logging_mixin.py:188} INFO - [2025-06-21T20:28:11.083+0000] {dag.py:3823} INFO - Setting next_dagrun for example_trigger_target_dag to None, run_after=None
[2025-06-21T20:28:11.091+0000] {processor.py:183} INFO - Processing /home/airflow/.local/lib/python3.10/site-packages/airflow/example_dags/example_trigger_target_dag.py took 0.029 seconds
[2025-06-21T20:28:41.809+0000] {processor.py:161} INFO - Started process (PID=591) to work on /home/airflow/.local/lib/python3.10/site-packages/airflow/example_dags/example_trigger_target_dag.py
[2025-06-21T20:28:41.810+0000] {processor.py:830} INFO - Processing file /home/airflow/.local/lib/python3.10/site-packages/airflow/example_dags/example_trigger_target_dag.py for tasks to queue
[2025-06-21T20:28:41.812+0000] {logging_mixin.py:188} INFO - [2025-06-21T20:28:41.812+0000] {dagbag.py:538} INFO - Filling up the DagBag from /home/airflow/.local/lib/python3.10/site-packages/airflow/example_dags/example_trigger_target_dag.py
[2025-06-21T20:28:41.815+0000] {processor.py:840} INFO - DAG(s) 'example_trigger_target_dag' retrieved from /home/airflow/.local/lib/python3.10/site-packages/airflow/example_dags/example_trigger_target_dag.py
[2025-06-21T20:28:41.825+0000] {logging_mixin.py:188} INFO - [2025-06-21T20:28:41.825+0000] {dag.py:3036} INFO - Sync 1 DAGs
[2025-06-21T20:28:41.831+0000] {logging_mixin.py:188} INFO - [2025-06-21T20:28:41.831+0000] {dag.py:3823} INFO - Setting next_dagrun for example_trigger_target_dag to None, run_after=None
[2025-06-21T20:28:41.838+0000] {processor.py:183} INFO - Processing /home/airflow/.local/lib/python3.10/site-packages/airflow/example_dags/example_trigger_target_dag.py took 0.030 seconds
[2025-06-21T20:29:12.533+0000] {processor.py:161} INFO - Started process (PID=646) to work on /home/airflow/.local/lib/python3.10/site-packages/airflow/example_dags/example_trigger_target_dag.py
[2025-06-21T20:29:12.534+0000] {processor.py:830} INFO - Processing file /home/airflow/.local/lib/python3.10/site-packages/airflow/example_dags/example_trigger_target_dag.py for tasks to queue
[2025-06-21T20:29:12.535+0000] {logging_mixin.py:188} INFO - [2025-06-21T20:29:12.535+0000] {dagbag.py:538} INFO - Filling up the DagBag from /home/airflow/.local/lib/python3.10/site-packages/airflow/example_dags/example_trigger_target_dag.py
[2025-06-21T20:29:12.538+0000] {processor.py:840} INFO - DAG(s) 'example_trigger_target_dag' retrieved from /home/airflow/.local/lib/python3.10/site-packages/airflow/example_dags/example_trigger_target_dag.py
[2025-06-21T20:29:12.546+0000] {logging_mixin.py:188} INFO - [2025-06-21T20:29:12.546+0000] {dag.py:3036} INFO - Sync 1 DAGs
[2025-06-21T20:29:12.551+0000] {logging_mixin.py:188} INFO - [2025-06-21T20:29:12.551+0000] {dag.py:3823} INFO - Setting next_dagrun for example_trigger_target_dag to None, run_after=None
[2025-06-21T20:29:12.563+0000] {processor.py:183} INFO - Processing /home/airflow/.local/lib/python3.10/site-packages/airflow/example_dags/example_trigger_target_dag.py took 0.032 seconds
[2025-06-21T20:29:43.334+0000] {processor.py:161} INFO - Started process (PID=701) to work on /home/airflow/.local/lib/python3.10/site-packages/airflow/example_dags/example_trigger_target_dag.py
[2025-06-21T20:29:43.335+0000] {processor.py:830} INFO - Processing file /home/airflow/.local/lib/python3.10/site-packages/airflow/example_dags/example_trigger_target_dag.py for tasks to queue
[2025-06-21T20:29:43.336+0000] {logging_mixin.py:188} INFO - [2025-06-21T20:29:43.335+0000] {dagbag.py:538} INFO - Filling up the DagBag from /home/airflow/.local/lib/python3.10/site-packages/airflow/example_dags/example_trigger_target_dag.py
[2025-06-21T20:29:43.338+0000] {processor.py:840} INFO - DAG(s) 'example_trigger_target_dag' retrieved from /home/airflow/.local/lib/python3.10/site-packages/airflow/example_dags/example_trigger_target_dag.py
[2025-06-21T20:29:43.347+0000] {logging_mixin.py:188} INFO - [2025-06-21T20:29:43.347+0000] {dag.py:3036} INFO - Sync 1 DAGs
[2025-06-21T20:29:43.352+0000] {logging_mixin.py:188} INFO - [2025-06-21T20:29:43.351+0000] {dag.py:3823} INFO - Setting next_dagrun for example_trigger_target_dag to None, run_after=None
[2025-06-21T20:29:43.359+0000] {processor.py:183} INFO - Processing /home/airflow/.local/lib/python3.10/site-packages/airflow/example_dags/example_trigger_target_dag.py took 0.027 seconds
[2025-06-21T20:30:13.946+0000] {processor.py:161} INFO - Started process (PID=756) to work on /home/airflow/.local/lib/python3.10/site-packages/airflow/example_dags/example_trigger_target_dag.py
[2025-06-21T20:30:13.947+0000] {processor.py:830} INFO - Processing file /home/airflow/.local/lib/python3.10/site-packages/airflow/example_dags/example_trigger_target_dag.py for tasks to queue
[2025-06-21T20:30:13.947+0000] {logging_mixin.py:188} INFO - [2025-06-21T20:30:13.947+0000] {dagbag.py:538} INFO - Filling up the DagBag from /home/airflow/.local/lib/python3.10/site-packages/airflow/example_dags/example_trigger_target_dag.py
[2025-06-21T20:30:13.951+0000] {processor.py:840} INFO - DAG(s) 'example_trigger_target_dag' retrieved from /home/airflow/.local/lib/python3.10/site-packages/airflow/example_dags/example_trigger_target_dag.py
[2025-06-21T20:30:13.959+0000] {logging_mixin.py:188} INFO - [2025-06-21T20:30:13.959+0000] {dag.py:3036} INFO - Sync 1 DAGs
[2025-06-21T20:30:13.964+0000] {logging_mixin.py:188} INFO - [2025-06-21T20:30:13.964+0000] {dag.py:3823} INFO - Setting next_dagrun for example_trigger_target_dag to None, run_after=None
[2025-06-21T20:30:13.971+0000] {processor.py:183} INFO - Processing /home/airflow/.local/lib/python3.10/site-packages/airflow/example_dags/example_trigger_target_dag.py took 0.027 seconds
[2025-06-21T20:30:44.666+0000] {processor.py:161} INFO - Started process (PID=811) to work on /home/airflow/.local/lib/python3.10/site-packages/airflow/example_dags/example_trigger_target_dag.py
[2025-06-21T20:30:44.666+0000] {processor.py:830} INFO - Processing file /home/airflow/.local/lib/python3.10/site-packages/airflow/example_dags/example_trigger_target_dag.py for tasks to queue
[2025-06-21T20:30:44.667+0000] {logging_mixin.py:188} INFO - [2025-06-21T20:30:44.667+0000] {dagbag.py:538} INFO - Filling up the DagBag from /home/airflow/.local/lib/python3.10/site-packages/airflow/example_dags/example_trigger_target_dag.py
[2025-06-21T20:30:44.670+0000] {processor.py:840} INFO - DAG(s) 'example_trigger_target_dag' retrieved from /home/airflow/.local/lib/python3.10/site-packages/airflow/example_dags/example_trigger_target_dag.py
[2025-06-21T20:30:44.678+0000] {logging_mixin.py:188} INFO - [2025-06-21T20:30:44.678+0000] {dag.py:3036} INFO - Sync 1 DAGs
[2025-06-21T20:30:44.683+0000] {logging_mixin.py:188} INFO - [2025-06-21T20:30:44.683+0000] {dag.py:3823} INFO - Setting next_dagrun for example_trigger_target_dag to None, run_after=None
[2025-06-21T20:30:44.690+0000] {processor.py:183} INFO - Processing /home/airflow/.local/lib/python3.10/site-packages/airflow/example_dags/example_trigger_target_dag.py took 0.026 seconds
[2025-06-21T20:31:15.233+0000] {processor.py:161} INFO - Started process (PID=866) to work on /home/airflow/.local/lib/python3.10/site-packages/airflow/example_dags/example_trigger_target_dag.py
[2025-06-21T20:31:15.234+0000] {processor.py:830} INFO - Processing file /home/airflow/.local/lib/python3.10/site-packages/airflow/example_dags/example_trigger_target_dag.py for tasks to queue
[2025-06-21T20:31:15.235+0000] {logging_mixin.py:188} INFO - [2025-06-21T20:31:15.235+0000] {dagbag.py:538} INFO - Filling up the DagBag from /home/airflow/.local/lib/python3.10/site-packages/airflow/example_dags/example_trigger_target_dag.py
[2025-06-21T20:31:15.238+0000] {processor.py:840} INFO - DAG(s) 'example_trigger_target_dag' retrieved from /home/airflow/.local/lib/python3.10/site-packages/airflow/example_dags/example_trigger_target_dag.py
[2025-06-21T20:31:15.249+0000] {logging_mixin.py:188} INFO - [2025-06-21T20:31:15.249+0000] {dag.py:3036} INFO - Sync 1 DAGs
[2025-06-21T20:31:15.254+0000] {logging_mixin.py:188} INFO - [2025-06-21T20:31:15.254+0000] {dag.py:3823} INFO - Setting next_dagrun for example_trigger_target_dag to None, run_after=None
[2025-06-21T20:31:15.261+0000] {processor.py:183} INFO - Processing /home/airflow/.local/lib/python3.10/site-packages/airflow/example_dags/example_trigger_target_dag.py took 0.030 seconds
[2025-06-21T20:32:17.736+0000] {processor.py:161} INFO - Started process (PID=38) to work on /home/airflow/.local/lib/python3.10/site-packages/airflow/example_dags/example_trigger_target_dag.py
[2025-06-21T20:32:17.738+0000] {processor.py:830} INFO - Processing file /home/airflow/.local/lib/python3.10/site-packages/airflow/example_dags/example_trigger_target_dag.py for tasks to queue
[2025-06-21T20:32:17.739+0000] {logging_mixin.py:188} INFO - [2025-06-21T20:32:17.739+0000] {dagbag.py:538} INFO - Filling up the DagBag from /home/airflow/.local/lib/python3.10/site-packages/airflow/example_dags/example_trigger_target_dag.py
[2025-06-21T20:32:17.750+0000] {processor.py:840} INFO - DAG(s) 'example_trigger_target_dag' retrieved from /home/airflow/.local/lib/python3.10/site-packages/airflow/example_dags/example_trigger_target_dag.py
[2025-06-21T20:32:17.758+0000] {logging_mixin.py:188} INFO - [2025-06-21T20:32:17.758+0000] {dag.py:3036} INFO - Sync 1 DAGs
[2025-06-21T20:32:17.765+0000] {logging_mixin.py:188} INFO - [2025-06-21T20:32:17.765+0000] {dag.py:3823} INFO - Setting next_dagrun for example_trigger_target_dag to None, run_after=None
[2025-06-21T20:32:17.783+0000] {processor.py:183} INFO - Processing /home/airflow/.local/lib/python3.10/site-packages/airflow/example_dags/example_trigger_target_dag.py took 0.049 seconds
[2025-06-21T20:32:48.034+0000] {processor.py:161} INFO - Started process (PID=93) to work on /home/airflow/.local/lib/python3.10/site-packages/airflow/example_dags/example_trigger_target_dag.py
[2025-06-21T20:32:48.035+0000] {processor.py:830} INFO - Processing file /home/airflow/.local/lib/python3.10/site-packages/airflow/example_dags/example_trigger_target_dag.py for tasks to queue
[2025-06-21T20:32:48.036+0000] {logging_mixin.py:188} INFO - [2025-06-21T20:32:48.035+0000] {dagbag.py:538} INFO - Filling up the DagBag from /home/airflow/.local/lib/python3.10/site-packages/airflow/example_dags/example_trigger_target_dag.py
[2025-06-21T20:32:48.039+0000] {processor.py:840} INFO - DAG(s) 'example_trigger_target_dag' retrieved from /home/airflow/.local/lib/python3.10/site-packages/airflow/example_dags/example_trigger_target_dag.py
[2025-06-21T20:32:48.093+0000] {logging_mixin.py:188} INFO - [2025-06-21T20:32:48.092+0000] {dag.py:3036} INFO - Sync 1 DAGs
[2025-06-21T20:32:48.099+0000] {logging_mixin.py:188} INFO - [2025-06-21T20:32:48.099+0000] {dag.py:3823} INFO - Setting next_dagrun for example_trigger_target_dag to None, run_after=None
[2025-06-21T20:32:48.114+0000] {processor.py:183} INFO - Processing /home/airflow/.local/lib/python3.10/site-packages/airflow/example_dags/example_trigger_target_dag.py took 0.082 seconds
[2025-06-21T20:33:51.733+0000] {processor.py:161} INFO - Started process (PID=37) to work on /home/airflow/.local/lib/python3.10/site-packages/airflow/example_dags/example_trigger_target_dag.py
[2025-06-21T20:33:51.734+0000] {processor.py:830} INFO - Processing file /home/airflow/.local/lib/python3.10/site-packages/airflow/example_dags/example_trigger_target_dag.py for tasks to queue
[2025-06-21T20:33:51.736+0000] {logging_mixin.py:188} INFO - [2025-06-21T20:33:51.736+0000] {dagbag.py:538} INFO - Filling up the DagBag from /home/airflow/.local/lib/python3.10/site-packages/airflow/example_dags/example_trigger_target_dag.py
[2025-06-21T20:33:51.742+0000] {processor.py:840} INFO - DAG(s) 'example_trigger_target_dag' retrieved from /home/airflow/.local/lib/python3.10/site-packages/airflow/example_dags/example_trigger_target_dag.py
[2025-06-21T20:33:51.757+0000] {logging_mixin.py:188} INFO - [2025-06-21T20:33:51.757+0000] {dag.py:3036} INFO - Sync 1 DAGs
[2025-06-21T20:33:51.766+0000] {logging_mixin.py:188} INFO - [2025-06-21T20:33:51.765+0000] {dag.py:3823} INFO - Setting next_dagrun for example_trigger_target_dag to None, run_after=None
[2025-06-21T20:33:51.782+0000] {processor.py:183} INFO - Processing /home/airflow/.local/lib/python3.10/site-packages/airflow/example_dags/example_trigger_target_dag.py took 0.051 seconds
[2025-06-21T20:34:22.001+0000] {processor.py:161} INFO - Started process (PID=92) to work on /home/airflow/.local/lib/python3.10/site-packages/airflow/example_dags/example_trigger_target_dag.py
[2025-06-21T20:34:22.002+0000] {processor.py:830} INFO - Processing file /home/airflow/.local/lib/python3.10/site-packages/airflow/example_dags/example_trigger_target_dag.py for tasks to queue
[2025-06-21T20:34:22.003+0000] {logging_mixin.py:188} INFO - [2025-06-21T20:34:22.003+0000] {dagbag.py:538} INFO - Filling up the DagBag from /home/airflow/.local/lib/python3.10/site-packages/airflow/example_dags/example_trigger_target_dag.py
[2025-06-21T20:34:22.008+0000] {processor.py:840} INFO - DAG(s) 'example_trigger_target_dag' retrieved from /home/airflow/.local/lib/python3.10/site-packages/airflow/example_dags/example_trigger_target_dag.py
[2025-06-21T20:34:22.052+0000] {logging_mixin.py:188} INFO - [2025-06-21T20:34:22.052+0000] {dag.py:3036} INFO - Sync 1 DAGs
[2025-06-21T20:34:22.061+0000] {logging_mixin.py:188} INFO - [2025-06-21T20:34:22.061+0000] {dag.py:3823} INFO - Setting next_dagrun for example_trigger_target_dag to None, run_after=None
[2025-06-21T20:34:22.069+0000] {processor.py:183} INFO - Processing /home/airflow/.local/lib/python3.10/site-packages/airflow/example_dags/example_trigger_target_dag.py took 0.071 seconds
[2025-06-21T20:34:52.368+0000] {processor.py:161} INFO - Started process (PID=147) to work on /home/airflow/.local/lib/python3.10/site-packages/airflow/example_dags/example_trigger_target_dag.py
[2025-06-21T20:34:52.369+0000] {processor.py:830} INFO - Processing file /home/airflow/.local/lib/python3.10/site-packages/airflow/example_dags/example_trigger_target_dag.py for tasks to queue
[2025-06-21T20:34:52.371+0000] {logging_mixin.py:188} INFO - [2025-06-21T20:34:52.370+0000] {dagbag.py:538} INFO - Filling up the DagBag from /home/airflow/.local/lib/python3.10/site-packages/airflow/example_dags/example_trigger_target_dag.py
[2025-06-21T20:34:52.374+0000] {processor.py:840} INFO - DAG(s) 'example_trigger_target_dag' retrieved from /home/airflow/.local/lib/python3.10/site-packages/airflow/example_dags/example_trigger_target_dag.py
[2025-06-21T20:34:52.384+0000] {logging_mixin.py:188} INFO - [2025-06-21T20:34:52.384+0000] {dag.py:3036} INFO - Sync 1 DAGs
[2025-06-21T20:34:52.390+0000] {logging_mixin.py:188} INFO - [2025-06-21T20:34:52.390+0000] {dag.py:3823} INFO - Setting next_dagrun for example_trigger_target_dag to None, run_after=None
[2025-06-21T20:34:52.405+0000] {processor.py:183} INFO - Processing /home/airflow/.local/lib/python3.10/site-packages/airflow/example_dags/example_trigger_target_dag.py took 0.039 seconds
[2025-06-21T20:35:22.651+0000] {processor.py:161} INFO - Started process (PID=202) to work on /home/airflow/.local/lib/python3.10/site-packages/airflow/example_dags/example_trigger_target_dag.py
[2025-06-21T20:35:22.653+0000] {processor.py:830} INFO - Processing file /home/airflow/.local/lib/python3.10/site-packages/airflow/example_dags/example_trigger_target_dag.py for tasks to queue
[2025-06-21T20:35:22.654+0000] {logging_mixin.py:188} INFO - [2025-06-21T20:35:22.654+0000] {dagbag.py:538} INFO - Filling up the DagBag from /home/airflow/.local/lib/python3.10/site-packages/airflow/example_dags/example_trigger_target_dag.py
[2025-06-21T20:35:22.657+0000] {processor.py:840} INFO - DAG(s) 'example_trigger_target_dag' retrieved from /home/airflow/.local/lib/python3.10/site-packages/airflow/example_dags/example_trigger_target_dag.py
[2025-06-21T20:35:22.668+0000] {logging_mixin.py:188} INFO - [2025-06-21T20:35:22.668+0000] {dag.py:3036} INFO - Sync 1 DAGs
[2025-06-21T20:35:22.675+0000] {logging_mixin.py:188} INFO - [2025-06-21T20:35:22.675+0000] {dag.py:3823} INFO - Setting next_dagrun for example_trigger_target_dag to None, run_after=None
[2025-06-21T20:35:22.686+0000] {processor.py:183} INFO - Processing /home/airflow/.local/lib/python3.10/site-packages/airflow/example_dags/example_trigger_target_dag.py took 0.037 seconds
[2025-06-21T20:35:53.367+0000] {processor.py:161} INFO - Started process (PID=257) to work on /home/airflow/.local/lib/python3.10/site-packages/airflow/example_dags/example_trigger_target_dag.py
[2025-06-21T20:35:53.369+0000] {processor.py:830} INFO - Processing file /home/airflow/.local/lib/python3.10/site-packages/airflow/example_dags/example_trigger_target_dag.py for tasks to queue
[2025-06-21T20:35:53.370+0000] {logging_mixin.py:188} INFO - [2025-06-21T20:35:53.370+0000] {dagbag.py:538} INFO - Filling up the DagBag from /home/airflow/.local/lib/python3.10/site-packages/airflow/example_dags/example_trigger_target_dag.py
[2025-06-21T20:35:53.381+0000] {processor.py:840} INFO - DAG(s) 'example_trigger_target_dag' retrieved from /home/airflow/.local/lib/python3.10/site-packages/airflow/example_dags/example_trigger_target_dag.py
[2025-06-21T20:35:53.403+0000] {logging_mixin.py:188} INFO - [2025-06-21T20:35:53.403+0000] {dag.py:3036} INFO - Sync 1 DAGs
[2025-06-21T20:35:53.410+0000] {logging_mixin.py:188} INFO - [2025-06-21T20:35:53.410+0000] {dag.py:3823} INFO - Setting next_dagrun for example_trigger_target_dag to None, run_after=None
[2025-06-21T20:35:53.420+0000] {processor.py:183} INFO - Processing /home/airflow/.local/lib/python3.10/site-packages/airflow/example_dags/example_trigger_target_dag.py took 0.056 seconds
