[2025-06-21T20:15:01.580+0000] {processor.py:161} INFO - Started process (PID=44) to work on /home/airflow/.local/lib/python3.10/site-packages/airflow/example_dags/example_sensor_decorator.py
[2025-06-21T20:15:01.581+0000] {processor.py:830} INFO - Processing file /home/airflow/.local/lib/python3.10/site-packages/airflow/example_dags/example_sensor_decorator.py for tasks to queue
[2025-06-21T20:15:01.582+0000] {logging_mixin.py:188} INFO - [2025-06-21T20:15:01.582+0000] {dagbag.py:538} INFO - Filling up the DagBag from /home/airflow/.local/lib/python3.10/site-packages/airflow/example_dags/example_sensor_decorator.py
[2025-06-21T20:15:01.586+0000] {processor.py:840} INFO - DAG(s) 'example_sensor_decorator' retrieved from /home/airflow/.local/lib/python3.10/site-packages/airflow/example_dags/example_sensor_decorator.py
[2025-06-21T20:15:01.594+0000] {logging_mixin.py:188} INFO - [2025-06-21T20:15:01.593+0000] {dag.py:3036} INFO - Sync 1 DAGs
[2025-06-21T20:15:01.602+0000] {logging_mixin.py:188} INFO - [2025-06-21T20:15:01.601+0000] {dag.py:3823} INFO - Setting next_dagrun for example_sensor_decorator to None, run_after=None
[2025-06-21T20:15:01.613+0000] {processor.py:183} INFO - Processing /home/airflow/.local/lib/python3.10/site-packages/airflow/example_dags/example_sensor_decorator.py took 0.035 seconds
[2025-06-21T20:15:32.424+0000] {processor.py:161} INFO - Started process (PID=99) to work on /home/airflow/.local/lib/python3.10/site-packages/airflow/example_dags/example_sensor_decorator.py
[2025-06-21T20:15:32.424+0000] {processor.py:830} INFO - Processing file /home/airflow/.local/lib/python3.10/site-packages/airflow/example_dags/example_sensor_decorator.py for tasks to queue
[2025-06-21T20:15:32.425+0000] {logging_mixin.py:188} INFO - [2025-06-21T20:15:32.425+0000] {dagbag.py:538} INFO - Filling up the DagBag from /home/airflow/.local/lib/python3.10/site-packages/airflow/example_dags/example_sensor_decorator.py
[2025-06-21T20:15:32.428+0000] {processor.py:840} INFO - DAG(s) 'example_sensor_decorator' retrieved from /home/airflow/.local/lib/python3.10/site-packages/airflow/example_dags/example_sensor_decorator.py
[2025-06-21T20:15:32.473+0000] {logging_mixin.py:188} INFO - [2025-06-21T20:15:32.473+0000] {dag.py:3036} INFO - Sync 1 DAGs
[2025-06-21T20:15:32.478+0000] {logging_mixin.py:188} INFO - [2025-06-21T20:15:32.478+0000] {dag.py:3823} INFO - Setting next_dagrun for example_sensor_decorator to None, run_after=None
[2025-06-21T20:15:32.488+0000] {processor.py:183} INFO - Processing /home/airflow/.local/lib/python3.10/site-packages/airflow/example_dags/example_sensor_decorator.py took 0.066 seconds
[2025-06-21T20:16:03.029+0000] {processor.py:161} INFO - Started process (PID=154) to work on /home/airflow/.local/lib/python3.10/site-packages/airflow/example_dags/example_sensor_decorator.py
[2025-06-21T20:16:03.030+0000] {processor.py:830} INFO - Processing file /home/airflow/.local/lib/python3.10/site-packages/airflow/example_dags/example_sensor_decorator.py for tasks to queue
[2025-06-21T20:16:03.033+0000] {logging_mixin.py:188} INFO - [2025-06-21T20:16:03.032+0000] {dagbag.py:538} INFO - Filling up the DagBag from /home/airflow/.local/lib/python3.10/site-packages/airflow/example_dags/example_sensor_decorator.py
[2025-06-21T20:16:03.042+0000] {processor.py:840} INFO - DAG(s) 'example_sensor_decorator' retrieved from /home/airflow/.local/lib/python3.10/site-packages/airflow/example_dags/example_sensor_decorator.py
[2025-06-21T20:16:03.065+0000] {logging_mixin.py:188} INFO - [2025-06-21T20:16:03.065+0000] {dag.py:3036} INFO - Sync 1 DAGs
[2025-06-21T20:16:03.074+0000] {logging_mixin.py:188} INFO - [2025-06-21T20:16:03.074+0000] {dag.py:3823} INFO - Setting next_dagrun for example_sensor_decorator to None, run_after=None
[2025-06-21T20:16:03.091+0000] {processor.py:183} INFO - Processing /home/airflow/.local/lib/python3.10/site-packages/airflow/example_dags/example_sensor_decorator.py took 0.066 seconds
[2025-06-21T20:16:33.124+0000] {processor.py:161} INFO - Started process (PID=208) to work on /home/airflow/.local/lib/python3.10/site-packages/airflow/example_dags/example_sensor_decorator.py
[2025-06-21T20:16:33.127+0000] {processor.py:830} INFO - Processing file /home/airflow/.local/lib/python3.10/site-packages/airflow/example_dags/example_sensor_decorator.py for tasks to queue
[2025-06-21T20:16:33.129+0000] {logging_mixin.py:188} INFO - [2025-06-21T20:16:33.129+0000] {dagbag.py:538} INFO - Filling up the DagBag from /home/airflow/.local/lib/python3.10/site-packages/airflow/example_dags/example_sensor_decorator.py
[2025-06-21T20:16:33.133+0000] {processor.py:840} INFO - DAG(s) 'example_sensor_decorator' retrieved from /home/airflow/.local/lib/python3.10/site-packages/airflow/example_dags/example_sensor_decorator.py
[2025-06-21T20:16:33.147+0000] {logging_mixin.py:188} INFO - [2025-06-21T20:16:33.147+0000] {dag.py:3036} INFO - Sync 1 DAGs
[2025-06-21T20:16:33.155+0000] {logging_mixin.py:188} INFO - [2025-06-21T20:16:33.155+0000] {dag.py:3823} INFO - Setting next_dagrun for example_sensor_decorator to None, run_after=None
[2025-06-21T20:16:33.167+0000] {processor.py:183} INFO - Processing /home/airflow/.local/lib/python3.10/site-packages/airflow/example_dags/example_sensor_decorator.py took 0.045 seconds
[2025-06-21T20:17:03.639+0000] {processor.py:161} INFO - Started process (PID=263) to work on /home/airflow/.local/lib/python3.10/site-packages/airflow/example_dags/example_sensor_decorator.py
[2025-06-21T20:17:03.639+0000] {processor.py:830} INFO - Processing file /home/airflow/.local/lib/python3.10/site-packages/airflow/example_dags/example_sensor_decorator.py for tasks to queue
[2025-06-21T20:17:03.641+0000] {logging_mixin.py:188} INFO - [2025-06-21T20:17:03.640+0000] {dagbag.py:538} INFO - Filling up the DagBag from /home/airflow/.local/lib/python3.10/site-packages/airflow/example_dags/example_sensor_decorator.py
[2025-06-21T20:17:03.644+0000] {processor.py:840} INFO - DAG(s) 'example_sensor_decorator' retrieved from /home/airflow/.local/lib/python3.10/site-packages/airflow/example_dags/example_sensor_decorator.py
[2025-06-21T20:17:03.656+0000] {logging_mixin.py:188} INFO - [2025-06-21T20:17:03.656+0000] {dag.py:3036} INFO - Sync 1 DAGs
[2025-06-21T20:17:03.661+0000] {logging_mixin.py:188} INFO - [2025-06-21T20:17:03.661+0000] {dag.py:3823} INFO - Setting next_dagrun for example_sensor_decorator to None, run_after=None
[2025-06-21T20:17:03.670+0000] {processor.py:183} INFO - Processing /home/airflow/.local/lib/python3.10/site-packages/airflow/example_dags/example_sensor_decorator.py took 0.033 seconds
[2025-06-21T20:17:34.482+0000] {processor.py:161} INFO - Started process (PID=318) to work on /home/airflow/.local/lib/python3.10/site-packages/airflow/example_dags/example_sensor_decorator.py
[2025-06-21T20:17:34.483+0000] {processor.py:830} INFO - Processing file /home/airflow/.local/lib/python3.10/site-packages/airflow/example_dags/example_sensor_decorator.py for tasks to queue
[2025-06-21T20:17:34.485+0000] {logging_mixin.py:188} INFO - [2025-06-21T20:17:34.485+0000] {dagbag.py:538} INFO - Filling up the DagBag from /home/airflow/.local/lib/python3.10/site-packages/airflow/example_dags/example_sensor_decorator.py
[2025-06-21T20:17:34.489+0000] {processor.py:840} INFO - DAG(s) 'example_sensor_decorator' retrieved from /home/airflow/.local/lib/python3.10/site-packages/airflow/example_dags/example_sensor_decorator.py
[2025-06-21T20:17:34.503+0000] {logging_mixin.py:188} INFO - [2025-06-21T20:17:34.502+0000] {dag.py:3036} INFO - Sync 1 DAGs
[2025-06-21T20:17:34.509+0000] {logging_mixin.py:188} INFO - [2025-06-21T20:17:34.509+0000] {dag.py:3823} INFO - Setting next_dagrun for example_sensor_decorator to None, run_after=None
[2025-06-21T20:17:34.518+0000] {processor.py:183} INFO - Processing /home/airflow/.local/lib/python3.10/site-packages/airflow/example_dags/example_sensor_decorator.py took 0.039 seconds
[2025-06-21T20:18:04.663+0000] {processor.py:161} INFO - Started process (PID=373) to work on /home/airflow/.local/lib/python3.10/site-packages/airflow/example_dags/example_sensor_decorator.py
[2025-06-21T20:18:04.663+0000] {processor.py:830} INFO - Processing file /home/airflow/.local/lib/python3.10/site-packages/airflow/example_dags/example_sensor_decorator.py for tasks to queue
[2025-06-21T20:18:04.665+0000] {logging_mixin.py:188} INFO - [2025-06-21T20:18:04.665+0000] {dagbag.py:538} INFO - Filling up the DagBag from /home/airflow/.local/lib/python3.10/site-packages/airflow/example_dags/example_sensor_decorator.py
[2025-06-21T20:18:04.670+0000] {processor.py:840} INFO - DAG(s) 'example_sensor_decorator' retrieved from /home/airflow/.local/lib/python3.10/site-packages/airflow/example_dags/example_sensor_decorator.py
[2025-06-21T20:18:04.690+0000] {logging_mixin.py:188} INFO - [2025-06-21T20:18:04.690+0000] {dag.py:3036} INFO - Sync 1 DAGs
[2025-06-21T20:18:04.695+0000] {logging_mixin.py:188} INFO - [2025-06-21T20:18:04.695+0000] {dag.py:3823} INFO - Setting next_dagrun for example_sensor_decorator to None, run_after=None
[2025-06-21T20:18:04.705+0000] {processor.py:183} INFO - Processing /home/airflow/.local/lib/python3.10/site-packages/airflow/example_dags/example_sensor_decorator.py took 0.045 seconds
[2025-06-21T20:18:35.365+0000] {processor.py:161} INFO - Started process (PID=433) to work on /home/airflow/.local/lib/python3.10/site-packages/airflow/example_dags/example_sensor_decorator.py
[2025-06-21T20:18:35.365+0000] {processor.py:830} INFO - Processing file /home/airflow/.local/lib/python3.10/site-packages/airflow/example_dags/example_sensor_decorator.py for tasks to queue
[2025-06-21T20:18:35.366+0000] {logging_mixin.py:188} INFO - [2025-06-21T20:18:35.366+0000] {dagbag.py:538} INFO - Filling up the DagBag from /home/airflow/.local/lib/python3.10/site-packages/airflow/example_dags/example_sensor_decorator.py
[2025-06-21T20:18:35.369+0000] {processor.py:840} INFO - DAG(s) 'example_sensor_decorator' retrieved from /home/airflow/.local/lib/python3.10/site-packages/airflow/example_dags/example_sensor_decorator.py
[2025-06-21T20:18:35.376+0000] {logging_mixin.py:188} INFO - [2025-06-21T20:18:35.376+0000] {dag.py:3036} INFO - Sync 1 DAGs
[2025-06-21T20:18:35.383+0000] {logging_mixin.py:188} INFO - [2025-06-21T20:18:35.383+0000] {dag.py:3823} INFO - Setting next_dagrun for example_sensor_decorator to None, run_after=None
[2025-06-21T20:18:35.392+0000] {processor.py:183} INFO - Processing /home/airflow/.local/lib/python3.10/site-packages/airflow/example_dags/example_sensor_decorator.py took 0.029 seconds
[2025-06-21T20:23:37.426+0000] {processor.py:161} INFO - Started process (PID=44) to work on /home/airflow/.local/lib/python3.10/site-packages/airflow/example_dags/example_sensor_decorator.py
[2025-06-21T20:23:37.427+0000] {processor.py:830} INFO - Processing file /home/airflow/.local/lib/python3.10/site-packages/airflow/example_dags/example_sensor_decorator.py for tasks to queue
[2025-06-21T20:23:37.428+0000] {logging_mixin.py:188} INFO - [2025-06-21T20:23:37.428+0000] {dagbag.py:538} INFO - Filling up the DagBag from /home/airflow/.local/lib/python3.10/site-packages/airflow/example_dags/example_sensor_decorator.py
[2025-06-21T20:23:37.433+0000] {processor.py:840} INFO - DAG(s) 'example_sensor_decorator' retrieved from /home/airflow/.local/lib/python3.10/site-packages/airflow/example_dags/example_sensor_decorator.py
[2025-06-21T20:23:37.442+0000] {logging_mixin.py:188} INFO - [2025-06-21T20:23:37.442+0000] {dag.py:3036} INFO - Sync 1 DAGs
[2025-06-21T20:23:37.452+0000] {logging_mixin.py:188} INFO - [2025-06-21T20:23:37.451+0000] {dag.py:3823} INFO - Setting next_dagrun for example_sensor_decorator to None, run_after=None
[2025-06-21T20:23:37.463+0000] {processor.py:183} INFO - Processing /home/airflow/.local/lib/python3.10/site-packages/airflow/example_dags/example_sensor_decorator.py took 0.040 seconds
[2025-06-21T20:24:08.355+0000] {processor.py:161} INFO - Started process (PID=99) to work on /home/airflow/.local/lib/python3.10/site-packages/airflow/example_dags/example_sensor_decorator.py
[2025-06-21T20:24:08.356+0000] {processor.py:830} INFO - Processing file /home/airflow/.local/lib/python3.10/site-packages/airflow/example_dags/example_sensor_decorator.py for tasks to queue
[2025-06-21T20:24:08.357+0000] {logging_mixin.py:188} INFO - [2025-06-21T20:24:08.357+0000] {dagbag.py:538} INFO - Filling up the DagBag from /home/airflow/.local/lib/python3.10/site-packages/airflow/example_dags/example_sensor_decorator.py
[2025-06-21T20:24:08.360+0000] {processor.py:840} INFO - DAG(s) 'example_sensor_decorator' retrieved from /home/airflow/.local/lib/python3.10/site-packages/airflow/example_dags/example_sensor_decorator.py
[2025-06-21T20:24:08.407+0000] {logging_mixin.py:188} INFO - [2025-06-21T20:24:08.407+0000] {dag.py:3036} INFO - Sync 1 DAGs
[2025-06-21T20:24:08.412+0000] {logging_mixin.py:188} INFO - [2025-06-21T20:24:08.411+0000] {dag.py:3823} INFO - Setting next_dagrun for example_sensor_decorator to None, run_after=None
[2025-06-21T20:24:08.419+0000] {processor.py:183} INFO - Processing /home/airflow/.local/lib/python3.10/site-packages/airflow/example_dags/example_sensor_decorator.py took 0.065 seconds
[2025-06-21T20:24:38.527+0000] {processor.py:161} INFO - Started process (PID=154) to work on /home/airflow/.local/lib/python3.10/site-packages/airflow/example_dags/example_sensor_decorator.py
[2025-06-21T20:24:38.527+0000] {processor.py:830} INFO - Processing file /home/airflow/.local/lib/python3.10/site-packages/airflow/example_dags/example_sensor_decorator.py for tasks to queue
[2025-06-21T20:24:38.528+0000] {logging_mixin.py:188} INFO - [2025-06-21T20:24:38.528+0000] {dagbag.py:538} INFO - Filling up the DagBag from /home/airflow/.local/lib/python3.10/site-packages/airflow/example_dags/example_sensor_decorator.py
[2025-06-21T20:24:38.533+0000] {processor.py:840} INFO - DAG(s) 'example_sensor_decorator' retrieved from /home/airflow/.local/lib/python3.10/site-packages/airflow/example_dags/example_sensor_decorator.py
[2025-06-21T20:24:38.553+0000] {logging_mixin.py:188} INFO - [2025-06-21T20:24:38.553+0000] {dag.py:3036} INFO - Sync 1 DAGs
[2025-06-21T20:24:38.566+0000] {logging_mixin.py:188} INFO - [2025-06-21T20:24:38.566+0000] {dag.py:3823} INFO - Setting next_dagrun for example_sensor_decorator to None, run_after=None
[2025-06-21T20:24:38.607+0000] {processor.py:183} INFO - Processing /home/airflow/.local/lib/python3.10/site-packages/airflow/example_dags/example_sensor_decorator.py took 0.082 seconds
[2025-06-21T20:25:09.559+0000] {processor.py:161} INFO - Started process (PID=208) to work on /home/airflow/.local/lib/python3.10/site-packages/airflow/example_dags/example_sensor_decorator.py
[2025-06-21T20:25:09.560+0000] {processor.py:830} INFO - Processing file /home/airflow/.local/lib/python3.10/site-packages/airflow/example_dags/example_sensor_decorator.py for tasks to queue
[2025-06-21T20:25:09.561+0000] {logging_mixin.py:188} INFO - [2025-06-21T20:25:09.561+0000] {dagbag.py:538} INFO - Filling up the DagBag from /home/airflow/.local/lib/python3.10/site-packages/airflow/example_dags/example_sensor_decorator.py
[2025-06-21T20:25:09.565+0000] {processor.py:840} INFO - DAG(s) 'example_sensor_decorator' retrieved from /home/airflow/.local/lib/python3.10/site-packages/airflow/example_dags/example_sensor_decorator.py
[2025-06-21T20:25:09.577+0000] {logging_mixin.py:188} INFO - [2025-06-21T20:25:09.577+0000] {dag.py:3036} INFO - Sync 1 DAGs
[2025-06-21T20:25:09.583+0000] {logging_mixin.py:188} INFO - [2025-06-21T20:25:09.583+0000] {dag.py:3823} INFO - Setting next_dagrun for example_sensor_decorator to None, run_after=None
[2025-06-21T20:25:09.595+0000] {processor.py:183} INFO - Processing /home/airflow/.local/lib/python3.10/site-packages/airflow/example_dags/example_sensor_decorator.py took 0.038 seconds
[2025-06-21T20:25:40.473+0000] {processor.py:161} INFO - Started process (PID=263) to work on /home/airflow/.local/lib/python3.10/site-packages/airflow/example_dags/example_sensor_decorator.py
[2025-06-21T20:25:40.474+0000] {processor.py:830} INFO - Processing file /home/airflow/.local/lib/python3.10/site-packages/airflow/example_dags/example_sensor_decorator.py for tasks to queue
[2025-06-21T20:25:40.476+0000] {logging_mixin.py:188} INFO - [2025-06-21T20:25:40.475+0000] {dagbag.py:538} INFO - Filling up the DagBag from /home/airflow/.local/lib/python3.10/site-packages/airflow/example_dags/example_sensor_decorator.py
[2025-06-21T20:25:40.480+0000] {processor.py:840} INFO - DAG(s) 'example_sensor_decorator' retrieved from /home/airflow/.local/lib/python3.10/site-packages/airflow/example_dags/example_sensor_decorator.py
[2025-06-21T20:25:40.495+0000] {logging_mixin.py:188} INFO - [2025-06-21T20:25:40.495+0000] {dag.py:3036} INFO - Sync 1 DAGs
[2025-06-21T20:25:40.503+0000] {logging_mixin.py:188} INFO - [2025-06-21T20:25:40.502+0000] {dag.py:3823} INFO - Setting next_dagrun for example_sensor_decorator to None, run_after=None
[2025-06-21T20:25:40.516+0000] {processor.py:183} INFO - Processing /home/airflow/.local/lib/python3.10/site-packages/airflow/example_dags/example_sensor_decorator.py took 0.045 seconds
[2025-06-21T20:26:10.564+0000] {processor.py:161} INFO - Started process (PID=323) to work on /home/airflow/.local/lib/python3.10/site-packages/airflow/example_dags/example_sensor_decorator.py
[2025-06-21T20:26:10.568+0000] {processor.py:830} INFO - Processing file /home/airflow/.local/lib/python3.10/site-packages/airflow/example_dags/example_sensor_decorator.py for tasks to queue
[2025-06-21T20:26:10.569+0000] {logging_mixin.py:188} INFO - [2025-06-21T20:26:10.569+0000] {dagbag.py:538} INFO - Filling up the DagBag from /home/airflow/.local/lib/python3.10/site-packages/airflow/example_dags/example_sensor_decorator.py
[2025-06-21T20:26:10.574+0000] {processor.py:840} INFO - DAG(s) 'example_sensor_decorator' retrieved from /home/airflow/.local/lib/python3.10/site-packages/airflow/example_dags/example_sensor_decorator.py
[2025-06-21T20:26:10.591+0000] {logging_mixin.py:188} INFO - [2025-06-21T20:26:10.590+0000] {dag.py:3036} INFO - Sync 1 DAGs
[2025-06-21T20:26:10.599+0000] {logging_mixin.py:188} INFO - [2025-06-21T20:26:10.599+0000] {dag.py:3823} INFO - Setting next_dagrun for example_sensor_decorator to None, run_after=None
[2025-06-21T20:26:10.611+0000] {processor.py:183} INFO - Processing /home/airflow/.local/lib/python3.10/site-packages/airflow/example_dags/example_sensor_decorator.py took 0.050 seconds
[2025-06-21T20:26:41.361+0000] {processor.py:161} INFO - Started process (PID=378) to work on /home/airflow/.local/lib/python3.10/site-packages/airflow/example_dags/example_sensor_decorator.py
[2025-06-21T20:26:41.362+0000] {processor.py:830} INFO - Processing file /home/airflow/.local/lib/python3.10/site-packages/airflow/example_dags/example_sensor_decorator.py for tasks to queue
[2025-06-21T20:26:41.363+0000] {logging_mixin.py:188} INFO - [2025-06-21T20:26:41.363+0000] {dagbag.py:538} INFO - Filling up the DagBag from /home/airflow/.local/lib/python3.10/site-packages/airflow/example_dags/example_sensor_decorator.py
[2025-06-21T20:26:41.367+0000] {processor.py:840} INFO - DAG(s) 'example_sensor_decorator' retrieved from /home/airflow/.local/lib/python3.10/site-packages/airflow/example_dags/example_sensor_decorator.py
[2025-06-21T20:26:41.379+0000] {logging_mixin.py:188} INFO - [2025-06-21T20:26:41.379+0000] {dag.py:3036} INFO - Sync 1 DAGs
[2025-06-21T20:26:41.386+0000] {logging_mixin.py:188} INFO - [2025-06-21T20:26:41.386+0000] {dag.py:3823} INFO - Setting next_dagrun for example_sensor_decorator to None, run_after=None
[2025-06-21T20:26:41.397+0000] {processor.py:183} INFO - Processing /home/airflow/.local/lib/python3.10/site-packages/airflow/example_dags/example_sensor_decorator.py took 0.038 seconds
[2025-06-21T20:27:11.481+0000] {processor.py:161} INFO - Started process (PID=433) to work on /home/airflow/.local/lib/python3.10/site-packages/airflow/example_dags/example_sensor_decorator.py
[2025-06-21T20:27:11.482+0000] {processor.py:830} INFO - Processing file /home/airflow/.local/lib/python3.10/site-packages/airflow/example_dags/example_sensor_decorator.py for tasks to queue
[2025-06-21T20:27:11.483+0000] {logging_mixin.py:188} INFO - [2025-06-21T20:27:11.483+0000] {dagbag.py:538} INFO - Filling up the DagBag from /home/airflow/.local/lib/python3.10/site-packages/airflow/example_dags/example_sensor_decorator.py
[2025-06-21T20:27:11.487+0000] {processor.py:840} INFO - DAG(s) 'example_sensor_decorator' retrieved from /home/airflow/.local/lib/python3.10/site-packages/airflow/example_dags/example_sensor_decorator.py
[2025-06-21T20:27:11.500+0000] {logging_mixin.py:188} INFO - [2025-06-21T20:27:11.500+0000] {dag.py:3036} INFO - Sync 1 DAGs
[2025-06-21T20:27:11.508+0000] {logging_mixin.py:188} INFO - [2025-06-21T20:27:11.508+0000] {dag.py:3823} INFO - Setting next_dagrun for example_sensor_decorator to None, run_after=None
[2025-06-21T20:27:11.520+0000] {processor.py:183} INFO - Processing /home/airflow/.local/lib/python3.10/site-packages/airflow/example_dags/example_sensor_decorator.py took 0.041 seconds
[2025-06-21T20:27:41.553+0000] {processor.py:161} INFO - Started process (PID=488) to work on /home/airflow/.local/lib/python3.10/site-packages/airflow/example_dags/example_sensor_decorator.py
[2025-06-21T20:27:41.553+0000] {processor.py:830} INFO - Processing file /home/airflow/.local/lib/python3.10/site-packages/airflow/example_dags/example_sensor_decorator.py for tasks to queue
[2025-06-21T20:27:41.554+0000] {logging_mixin.py:188} INFO - [2025-06-21T20:27:41.554+0000] {dagbag.py:538} INFO - Filling up the DagBag from /home/airflow/.local/lib/python3.10/site-packages/airflow/example_dags/example_sensor_decorator.py
[2025-06-21T20:27:41.557+0000] {processor.py:840} INFO - DAG(s) 'example_sensor_decorator' retrieved from /home/airflow/.local/lib/python3.10/site-packages/airflow/example_dags/example_sensor_decorator.py
[2025-06-21T20:27:41.569+0000] {logging_mixin.py:188} INFO - [2025-06-21T20:27:41.569+0000] {dag.py:3036} INFO - Sync 1 DAGs
[2025-06-21T20:27:41.575+0000] {logging_mixin.py:188} INFO - [2025-06-21T20:27:41.575+0000] {dag.py:3823} INFO - Setting next_dagrun for example_sensor_decorator to None, run_after=None
[2025-06-21T20:27:41.586+0000] {processor.py:183} INFO - Processing /home/airflow/.local/lib/python3.10/site-packages/airflow/example_dags/example_sensor_decorator.py took 0.035 seconds
[2025-06-21T20:28:12.279+0000] {processor.py:161} INFO - Started process (PID=543) to work on /home/airflow/.local/lib/python3.10/site-packages/airflow/example_dags/example_sensor_decorator.py
[2025-06-21T20:28:12.280+0000] {processor.py:830} INFO - Processing file /home/airflow/.local/lib/python3.10/site-packages/airflow/example_dags/example_sensor_decorator.py for tasks to queue
[2025-06-21T20:28:12.281+0000] {logging_mixin.py:188} INFO - [2025-06-21T20:28:12.281+0000] {dagbag.py:538} INFO - Filling up the DagBag from /home/airflow/.local/lib/python3.10/site-packages/airflow/example_dags/example_sensor_decorator.py
[2025-06-21T20:28:12.284+0000] {processor.py:840} INFO - DAG(s) 'example_sensor_decorator' retrieved from /home/airflow/.local/lib/python3.10/site-packages/airflow/example_dags/example_sensor_decorator.py
[2025-06-21T20:28:12.293+0000] {logging_mixin.py:188} INFO - [2025-06-21T20:28:12.293+0000] {dag.py:3036} INFO - Sync 1 DAGs
[2025-06-21T20:28:12.300+0000] {logging_mixin.py:188} INFO - [2025-06-21T20:28:12.300+0000] {dag.py:3823} INFO - Setting next_dagrun for example_sensor_decorator to None, run_after=None
[2025-06-21T20:28:12.309+0000] {processor.py:183} INFO - Processing /home/airflow/.local/lib/python3.10/site-packages/airflow/example_dags/example_sensor_decorator.py took 0.032 seconds
[2025-06-21T20:28:43.055+0000] {processor.py:161} INFO - Started process (PID=598) to work on /home/airflow/.local/lib/python3.10/site-packages/airflow/example_dags/example_sensor_decorator.py
[2025-06-21T20:28:43.056+0000] {processor.py:830} INFO - Processing file /home/airflow/.local/lib/python3.10/site-packages/airflow/example_dags/example_sensor_decorator.py for tasks to queue
[2025-06-21T20:28:43.057+0000] {logging_mixin.py:188} INFO - [2025-06-21T20:28:43.056+0000] {dagbag.py:538} INFO - Filling up the DagBag from /home/airflow/.local/lib/python3.10/site-packages/airflow/example_dags/example_sensor_decorator.py
[2025-06-21T20:28:43.061+0000] {processor.py:840} INFO - DAG(s) 'example_sensor_decorator' retrieved from /home/airflow/.local/lib/python3.10/site-packages/airflow/example_dags/example_sensor_decorator.py
[2025-06-21T20:28:43.074+0000] {logging_mixin.py:188} INFO - [2025-06-21T20:28:43.074+0000] {dag.py:3036} INFO - Sync 1 DAGs
[2025-06-21T20:28:43.080+0000] {logging_mixin.py:188} INFO - [2025-06-21T20:28:43.080+0000] {dag.py:3823} INFO - Setting next_dagrun for example_sensor_decorator to None, run_after=None
[2025-06-21T20:28:43.091+0000] {processor.py:183} INFO - Processing /home/airflow/.local/lib/python3.10/site-packages/airflow/example_dags/example_sensor_decorator.py took 0.039 seconds
[2025-06-21T20:29:13.753+0000] {processor.py:161} INFO - Started process (PID=653) to work on /home/airflow/.local/lib/python3.10/site-packages/airflow/example_dags/example_sensor_decorator.py
[2025-06-21T20:29:13.753+0000] {processor.py:830} INFO - Processing file /home/airflow/.local/lib/python3.10/site-packages/airflow/example_dags/example_sensor_decorator.py for tasks to queue
[2025-06-21T20:29:13.754+0000] {logging_mixin.py:188} INFO - [2025-06-21T20:29:13.754+0000] {dagbag.py:538} INFO - Filling up the DagBag from /home/airflow/.local/lib/python3.10/site-packages/airflow/example_dags/example_sensor_decorator.py
[2025-06-21T20:29:13.757+0000] {processor.py:840} INFO - DAG(s) 'example_sensor_decorator' retrieved from /home/airflow/.local/lib/python3.10/site-packages/airflow/example_dags/example_sensor_decorator.py
[2025-06-21T20:29:13.768+0000] {logging_mixin.py:188} INFO - [2025-06-21T20:29:13.768+0000] {dag.py:3036} INFO - Sync 1 DAGs
[2025-06-21T20:29:13.776+0000] {logging_mixin.py:188} INFO - [2025-06-21T20:29:13.776+0000] {dag.py:3823} INFO - Setting next_dagrun for example_sensor_decorator to None, run_after=None
[2025-06-21T20:29:13.785+0000] {processor.py:183} INFO - Processing /home/airflow/.local/lib/python3.10/site-packages/airflow/example_dags/example_sensor_decorator.py took 0.034 seconds
[2025-06-21T20:29:44.522+0000] {processor.py:161} INFO - Started process (PID=708) to work on /home/airflow/.local/lib/python3.10/site-packages/airflow/example_dags/example_sensor_decorator.py
[2025-06-21T20:29:44.523+0000] {processor.py:830} INFO - Processing file /home/airflow/.local/lib/python3.10/site-packages/airflow/example_dags/example_sensor_decorator.py for tasks to queue
[2025-06-21T20:29:44.526+0000] {logging_mixin.py:188} INFO - [2025-06-21T20:29:44.526+0000] {dagbag.py:538} INFO - Filling up the DagBag from /home/airflow/.local/lib/python3.10/site-packages/airflow/example_dags/example_sensor_decorator.py
[2025-06-21T20:29:44.529+0000] {processor.py:840} INFO - DAG(s) 'example_sensor_decorator' retrieved from /home/airflow/.local/lib/python3.10/site-packages/airflow/example_dags/example_sensor_decorator.py
[2025-06-21T20:29:44.541+0000] {logging_mixin.py:188} INFO - [2025-06-21T20:29:44.540+0000] {dag.py:3036} INFO - Sync 1 DAGs
[2025-06-21T20:29:44.546+0000] {logging_mixin.py:188} INFO - [2025-06-21T20:29:44.546+0000] {dag.py:3823} INFO - Setting next_dagrun for example_sensor_decorator to None, run_after=None
[2025-06-21T20:29:44.557+0000] {processor.py:183} INFO - Processing /home/airflow/.local/lib/python3.10/site-packages/airflow/example_dags/example_sensor_decorator.py took 0.038 seconds
[2025-06-21T20:30:15.219+0000] {processor.py:161} INFO - Started process (PID=763) to work on /home/airflow/.local/lib/python3.10/site-packages/airflow/example_dags/example_sensor_decorator.py
[2025-06-21T20:30:15.221+0000] {processor.py:830} INFO - Processing file /home/airflow/.local/lib/python3.10/site-packages/airflow/example_dags/example_sensor_decorator.py for tasks to queue
[2025-06-21T20:30:15.223+0000] {logging_mixin.py:188} INFO - [2025-06-21T20:30:15.223+0000] {dagbag.py:538} INFO - Filling up the DagBag from /home/airflow/.local/lib/python3.10/site-packages/airflow/example_dags/example_sensor_decorator.py
[2025-06-21T20:30:15.227+0000] {processor.py:840} INFO - DAG(s) 'example_sensor_decorator' retrieved from /home/airflow/.local/lib/python3.10/site-packages/airflow/example_dags/example_sensor_decorator.py
[2025-06-21T20:30:15.238+0000] {logging_mixin.py:188} INFO - [2025-06-21T20:30:15.238+0000] {dag.py:3036} INFO - Sync 1 DAGs
[2025-06-21T20:30:15.243+0000] {logging_mixin.py:188} INFO - [2025-06-21T20:30:15.243+0000] {dag.py:3823} INFO - Setting next_dagrun for example_sensor_decorator to None, run_after=None
[2025-06-21T20:30:15.259+0000] {processor.py:183} INFO - Processing /home/airflow/.local/lib/python3.10/site-packages/airflow/example_dags/example_sensor_decorator.py took 0.042 seconds
[2025-06-21T20:30:45.854+0000] {processor.py:161} INFO - Started process (PID=818) to work on /home/airflow/.local/lib/python3.10/site-packages/airflow/example_dags/example_sensor_decorator.py
[2025-06-21T20:30:45.855+0000] {processor.py:830} INFO - Processing file /home/airflow/.local/lib/python3.10/site-packages/airflow/example_dags/example_sensor_decorator.py for tasks to queue
[2025-06-21T20:30:45.856+0000] {logging_mixin.py:188} INFO - [2025-06-21T20:30:45.856+0000] {dagbag.py:538} INFO - Filling up the DagBag from /home/airflow/.local/lib/python3.10/site-packages/airflow/example_dags/example_sensor_decorator.py
[2025-06-21T20:30:45.859+0000] {processor.py:840} INFO - DAG(s) 'example_sensor_decorator' retrieved from /home/airflow/.local/lib/python3.10/site-packages/airflow/example_dags/example_sensor_decorator.py
[2025-06-21T20:30:45.868+0000] {logging_mixin.py:188} INFO - [2025-06-21T20:30:45.868+0000] {dag.py:3036} INFO - Sync 1 DAGs
[2025-06-21T20:30:45.875+0000] {logging_mixin.py:188} INFO - [2025-06-21T20:30:45.875+0000] {dag.py:3823} INFO - Setting next_dagrun for example_sensor_decorator to None, run_after=None
[2025-06-21T20:30:45.888+0000] {processor.py:183} INFO - Processing /home/airflow/.local/lib/python3.10/site-packages/airflow/example_dags/example_sensor_decorator.py took 0.035 seconds
[2025-06-21T20:31:16.408+0000] {processor.py:161} INFO - Started process (PID=873) to work on /home/airflow/.local/lib/python3.10/site-packages/airflow/example_dags/example_sensor_decorator.py
[2025-06-21T20:31:16.409+0000] {processor.py:830} INFO - Processing file /home/airflow/.local/lib/python3.10/site-packages/airflow/example_dags/example_sensor_decorator.py for tasks to queue
[2025-06-21T20:31:16.409+0000] {logging_mixin.py:188} INFO - [2025-06-21T20:31:16.409+0000] {dagbag.py:538} INFO - Filling up the DagBag from /home/airflow/.local/lib/python3.10/site-packages/airflow/example_dags/example_sensor_decorator.py
[2025-06-21T20:31:16.412+0000] {processor.py:840} INFO - DAG(s) 'example_sensor_decorator' retrieved from /home/airflow/.local/lib/python3.10/site-packages/airflow/example_dags/example_sensor_decorator.py
[2025-06-21T20:31:16.427+0000] {logging_mixin.py:188} INFO - [2025-06-21T20:31:16.427+0000] {dag.py:3036} INFO - Sync 1 DAGs
[2025-06-21T20:31:16.432+0000] {logging_mixin.py:188} INFO - [2025-06-21T20:31:16.432+0000] {dag.py:3823} INFO - Setting next_dagrun for example_sensor_decorator to None, run_after=None
[2025-06-21T20:31:16.444+0000] {processor.py:183} INFO - Processing /home/airflow/.local/lib/python3.10/site-packages/airflow/example_dags/example_sensor_decorator.py took 0.038 seconds
[2025-06-21T20:32:17.974+0000] {processor.py:161} INFO - Started process (PID=45) to work on /home/airflow/.local/lib/python3.10/site-packages/airflow/example_dags/example_sensor_decorator.py
[2025-06-21T20:32:17.978+0000] {processor.py:830} INFO - Processing file /home/airflow/.local/lib/python3.10/site-packages/airflow/example_dags/example_sensor_decorator.py for tasks to queue
[2025-06-21T20:32:17.980+0000] {logging_mixin.py:188} INFO - [2025-06-21T20:32:17.980+0000] {dagbag.py:538} INFO - Filling up the DagBag from /home/airflow/.local/lib/python3.10/site-packages/airflow/example_dags/example_sensor_decorator.py
[2025-06-21T20:32:17.986+0000] {processor.py:840} INFO - DAG(s) 'example_sensor_decorator' retrieved from /home/airflow/.local/lib/python3.10/site-packages/airflow/example_dags/example_sensor_decorator.py
[2025-06-21T20:32:17.993+0000] {logging_mixin.py:188} INFO - [2025-06-21T20:32:17.992+0000] {dag.py:3036} INFO - Sync 1 DAGs
[2025-06-21T20:32:18.000+0000] {logging_mixin.py:188} INFO - [2025-06-21T20:32:18.000+0000] {dag.py:3823} INFO - Setting next_dagrun for example_sensor_decorator to None, run_after=None
[2025-06-21T20:32:18.010+0000] {processor.py:183} INFO - Processing /home/airflow/.local/lib/python3.10/site-packages/airflow/example_dags/example_sensor_decorator.py took 0.038 seconds
[2025-06-21T20:32:48.335+0000] {processor.py:161} INFO - Started process (PID=100) to work on /home/airflow/.local/lib/python3.10/site-packages/airflow/example_dags/example_sensor_decorator.py
[2025-06-21T20:32:48.336+0000] {processor.py:830} INFO - Processing file /home/airflow/.local/lib/python3.10/site-packages/airflow/example_dags/example_sensor_decorator.py for tasks to queue
[2025-06-21T20:32:48.337+0000] {logging_mixin.py:188} INFO - [2025-06-21T20:32:48.337+0000] {dagbag.py:538} INFO - Filling up the DagBag from /home/airflow/.local/lib/python3.10/site-packages/airflow/example_dags/example_sensor_decorator.py
[2025-06-21T20:32:48.340+0000] {processor.py:840} INFO - DAG(s) 'example_sensor_decorator' retrieved from /home/airflow/.local/lib/python3.10/site-packages/airflow/example_dags/example_sensor_decorator.py
[2025-06-21T20:32:48.383+0000] {logging_mixin.py:188} INFO - [2025-06-21T20:32:48.383+0000] {dag.py:3036} INFO - Sync 1 DAGs
[2025-06-21T20:32:48.388+0000] {logging_mixin.py:188} INFO - [2025-06-21T20:32:48.388+0000] {dag.py:3823} INFO - Setting next_dagrun for example_sensor_decorator to None, run_after=None
[2025-06-21T20:32:48.400+0000] {processor.py:183} INFO - Processing /home/airflow/.local/lib/python3.10/site-packages/airflow/example_dags/example_sensor_decorator.py took 0.066 seconds
[2025-06-21T20:33:52.018+0000] {processor.py:161} INFO - Started process (PID=44) to work on /home/airflow/.local/lib/python3.10/site-packages/airflow/example_dags/example_sensor_decorator.py
[2025-06-21T20:33:52.019+0000] {processor.py:830} INFO - Processing file /home/airflow/.local/lib/python3.10/site-packages/airflow/example_dags/example_sensor_decorator.py for tasks to queue
[2025-06-21T20:33:52.021+0000] {logging_mixin.py:188} INFO - [2025-06-21T20:33:52.020+0000] {dagbag.py:538} INFO - Filling up the DagBag from /home/airflow/.local/lib/python3.10/site-packages/airflow/example_dags/example_sensor_decorator.py
[2025-06-21T20:33:52.025+0000] {processor.py:840} INFO - DAG(s) 'example_sensor_decorator' retrieved from /home/airflow/.local/lib/python3.10/site-packages/airflow/example_dags/example_sensor_decorator.py
[2025-06-21T20:33:52.038+0000] {logging_mixin.py:188} INFO - [2025-06-21T20:33:52.038+0000] {dag.py:3036} INFO - Sync 1 DAGs
[2025-06-21T20:33:52.048+0000] {logging_mixin.py:188} INFO - [2025-06-21T20:33:52.048+0000] {dag.py:3823} INFO - Setting next_dagrun for example_sensor_decorator to None, run_after=None
[2025-06-21T20:33:52.065+0000] {processor.py:183} INFO - Processing /home/airflow/.local/lib/python3.10/site-packages/airflow/example_dags/example_sensor_decorator.py took 0.049 seconds
[2025-06-21T20:34:22.271+0000] {processor.py:161} INFO - Started process (PID=99) to work on /home/airflow/.local/lib/python3.10/site-packages/airflow/example_dags/example_sensor_decorator.py
[2025-06-21T20:34:22.272+0000] {processor.py:830} INFO - Processing file /home/airflow/.local/lib/python3.10/site-packages/airflow/example_dags/example_sensor_decorator.py for tasks to queue
[2025-06-21T20:34:22.272+0000] {logging_mixin.py:188} INFO - [2025-06-21T20:34:22.272+0000] {dagbag.py:538} INFO - Filling up the DagBag from /home/airflow/.local/lib/python3.10/site-packages/airflow/example_dags/example_sensor_decorator.py
[2025-06-21T20:34:22.276+0000] {processor.py:840} INFO - DAG(s) 'example_sensor_decorator' retrieved from /home/airflow/.local/lib/python3.10/site-packages/airflow/example_dags/example_sensor_decorator.py
[2025-06-21T20:34:22.315+0000] {logging_mixin.py:188} INFO - [2025-06-21T20:34:22.315+0000] {dag.py:3036} INFO - Sync 1 DAGs
[2025-06-21T20:34:22.322+0000] {logging_mixin.py:188} INFO - [2025-06-21T20:34:22.322+0000] {dag.py:3823} INFO - Setting next_dagrun for example_sensor_decorator to None, run_after=None
[2025-06-21T20:34:22.336+0000] {processor.py:183} INFO - Processing /home/airflow/.local/lib/python3.10/site-packages/airflow/example_dags/example_sensor_decorator.py took 0.067 seconds
[2025-06-21T20:34:52.625+0000] {processor.py:161} INFO - Started process (PID=154) to work on /home/airflow/.local/lib/python3.10/site-packages/airflow/example_dags/example_sensor_decorator.py
[2025-06-21T20:34:52.629+0000] {processor.py:830} INFO - Processing file /home/airflow/.local/lib/python3.10/site-packages/airflow/example_dags/example_sensor_decorator.py for tasks to queue
[2025-06-21T20:34:52.631+0000] {logging_mixin.py:188} INFO - [2025-06-21T20:34:52.631+0000] {dagbag.py:538} INFO - Filling up the DagBag from /home/airflow/.local/lib/python3.10/site-packages/airflow/example_dags/example_sensor_decorator.py
[2025-06-21T20:34:52.636+0000] {processor.py:840} INFO - DAG(s) 'example_sensor_decorator' retrieved from /home/airflow/.local/lib/python3.10/site-packages/airflow/example_dags/example_sensor_decorator.py
[2025-06-21T20:34:52.652+0000] {logging_mixin.py:188} INFO - [2025-06-21T20:34:52.652+0000] {dag.py:3036} INFO - Sync 1 DAGs
[2025-06-21T20:34:52.663+0000] {logging_mixin.py:188} INFO - [2025-06-21T20:34:52.663+0000] {dag.py:3823} INFO - Setting next_dagrun for example_sensor_decorator to None, run_after=None
[2025-06-21T20:34:52.681+0000] {processor.py:183} INFO - Processing /home/airflow/.local/lib/python3.10/site-packages/airflow/example_dags/example_sensor_decorator.py took 0.059 seconds
[2025-06-21T20:35:22.828+0000] {processor.py:161} INFO - Started process (PID=209) to work on /home/airflow/.local/lib/python3.10/site-packages/airflow/example_dags/example_sensor_decorator.py
[2025-06-21T20:35:22.829+0000] {processor.py:830} INFO - Processing file /home/airflow/.local/lib/python3.10/site-packages/airflow/example_dags/example_sensor_decorator.py for tasks to queue
[2025-06-21T20:35:22.830+0000] {logging_mixin.py:188} INFO - [2025-06-21T20:35:22.830+0000] {dagbag.py:538} INFO - Filling up the DagBag from /home/airflow/.local/lib/python3.10/site-packages/airflow/example_dags/example_sensor_decorator.py
[2025-06-21T20:35:22.833+0000] {processor.py:840} INFO - DAG(s) 'example_sensor_decorator' retrieved from /home/airflow/.local/lib/python3.10/site-packages/airflow/example_dags/example_sensor_decorator.py
[2025-06-21T20:35:22.843+0000] {logging_mixin.py:188} INFO - [2025-06-21T20:35:22.842+0000] {dag.py:3036} INFO - Sync 1 DAGs
[2025-06-21T20:35:22.848+0000] {logging_mixin.py:188} INFO - [2025-06-21T20:35:22.848+0000] {dag.py:3823} INFO - Setting next_dagrun for example_sensor_decorator to None, run_after=None
[2025-06-21T20:35:22.863+0000] {processor.py:183} INFO - Processing /home/airflow/.local/lib/python3.10/site-packages/airflow/example_dags/example_sensor_decorator.py took 0.036 seconds
[2025-06-21T20:35:53.700+0000] {processor.py:161} INFO - Started process (PID=264) to work on /home/airflow/.local/lib/python3.10/site-packages/airflow/example_dags/example_sensor_decorator.py
[2025-06-21T20:35:53.703+0000] {processor.py:830} INFO - Processing file /home/airflow/.local/lib/python3.10/site-packages/airflow/example_dags/example_sensor_decorator.py for tasks to queue
[2025-06-21T20:35:53.709+0000] {logging_mixin.py:188} INFO - [2025-06-21T20:35:53.709+0000] {dagbag.py:538} INFO - Filling up the DagBag from /home/airflow/.local/lib/python3.10/site-packages/airflow/example_dags/example_sensor_decorator.py
[2025-06-21T20:35:53.718+0000] {processor.py:840} INFO - DAG(s) 'example_sensor_decorator' retrieved from /home/airflow/.local/lib/python3.10/site-packages/airflow/example_dags/example_sensor_decorator.py
[2025-06-21T20:35:53.735+0000] {logging_mixin.py:188} INFO - [2025-06-21T20:35:53.735+0000] {dag.py:3036} INFO - Sync 1 DAGs
[2025-06-21T20:35:53.744+0000] {logging_mixin.py:188} INFO - [2025-06-21T20:35:53.744+0000] {dag.py:3823} INFO - Setting next_dagrun for example_sensor_decorator to None, run_after=None
[2025-06-21T20:35:53.758+0000] {processor.py:183} INFO - Processing /home/airflow/.local/lib/python3.10/site-packages/airflow/example_dags/example_sensor_decorator.py took 0.060 seconds
