[2025-06-21T20:15:01.605+0000] {processor.py:161} INFO - Started process (PID=45) to work on /home/airflow/.local/lib/python3.10/site-packages/airflow/example_dags/example_external_task_marker_dag.py
[2025-06-21T20:15:01.606+0000] {processor.py:830} INFO - Processing file /home/airflow/.local/lib/python3.10/site-packages/airflow/example_dags/example_external_task_marker_dag.py for tasks to queue
[2025-06-21T20:15:01.607+0000] {logging_mixin.py:188} INFO - [2025-06-21T20:15:01.607+0000] {dagbag.py:538} INFO - Filling up the DagBag from /home/airflow/.local/lib/python3.10/site-packages/airflow/example_dags/example_external_task_marker_dag.py
[2025-06-21T20:15:01.614+0000] {processor.py:840} INFO - DAG(s) 'example_external_task_marker_child', 'example_external_task_marker_parent' retrieved from /home/airflow/.local/lib/python3.10/site-packages/airflow/example_dags/example_external_task_marker_dag.py
[2025-06-21T20:15:01.626+0000] {logging_mixin.py:188} INFO - [2025-06-21T20:15:01.626+0000] {dag.py:3036} INFO - Sync 2 DAGs
[2025-06-21T20:15:01.634+0000] {logging_mixin.py:188} INFO - [2025-06-21T20:15:01.634+0000] {dag.py:3823} INFO - Setting next_dagrun for example_external_task_marker_child to None, run_after=None
[2025-06-21T20:15:01.636+0000] {logging_mixin.py:188} INFO - [2025-06-21T20:15:01.636+0000] {dag.py:3823} INFO - Setting next_dagrun for example_external_task_marker_parent to None, run_after=None
[2025-06-21T20:15:01.646+0000] {processor.py:183} INFO - Processing /home/airflow/.local/lib/python3.10/site-packages/airflow/example_dags/example_external_task_marker_dag.py took 0.043 seconds
[2025-06-21T20:15:32.473+0000] {processor.py:161} INFO - Started process (PID=100) to work on /home/airflow/.local/lib/python3.10/site-packages/airflow/example_dags/example_external_task_marker_dag.py
[2025-06-21T20:15:32.476+0000] {processor.py:830} INFO - Processing file /home/airflow/.local/lib/python3.10/site-packages/airflow/example_dags/example_external_task_marker_dag.py for tasks to queue
[2025-06-21T20:15:32.477+0000] {logging_mixin.py:188} INFO - [2025-06-21T20:15:32.477+0000] {dagbag.py:538} INFO - Filling up the DagBag from /home/airflow/.local/lib/python3.10/site-packages/airflow/example_dags/example_external_task_marker_dag.py
[2025-06-21T20:15:32.480+0000] {processor.py:840} INFO - DAG(s) 'example_external_task_marker_child', 'example_external_task_marker_parent' retrieved from /home/airflow/.local/lib/python3.10/site-packages/airflow/example_dags/example_external_task_marker_dag.py
[2025-06-21T20:15:32.531+0000] {logging_mixin.py:188} INFO - [2025-06-21T20:15:32.531+0000] {dag.py:3036} INFO - Sync 2 DAGs
[2025-06-21T20:15:32.539+0000] {logging_mixin.py:188} INFO - [2025-06-21T20:15:32.539+0000] {dag.py:3823} INFO - Setting next_dagrun for example_external_task_marker_child to None, run_after=None
[2025-06-21T20:15:32.542+0000] {logging_mixin.py:188} INFO - [2025-06-21T20:15:32.542+0000] {dag.py:3823} INFO - Setting next_dagrun for example_external_task_marker_parent to None, run_after=None
[2025-06-21T20:15:32.550+0000] {processor.py:183} INFO - Processing /home/airflow/.local/lib/python3.10/site-packages/airflow/example_dags/example_external_task_marker_dag.py took 0.079 seconds
[2025-06-21T20:16:03.056+0000] {processor.py:161} INFO - Started process (PID=155) to work on /home/airflow/.local/lib/python3.10/site-packages/airflow/example_dags/example_external_task_marker_dag.py
[2025-06-21T20:16:03.057+0000] {processor.py:830} INFO - Processing file /home/airflow/.local/lib/python3.10/site-packages/airflow/example_dags/example_external_task_marker_dag.py for tasks to queue
[2025-06-21T20:16:03.059+0000] {logging_mixin.py:188} INFO - [2025-06-21T20:16:03.059+0000] {dagbag.py:538} INFO - Filling up the DagBag from /home/airflow/.local/lib/python3.10/site-packages/airflow/example_dags/example_external_task_marker_dag.py
[2025-06-21T20:16:03.065+0000] {processor.py:840} INFO - DAG(s) 'example_external_task_marker_child', 'example_external_task_marker_parent' retrieved from /home/airflow/.local/lib/python3.10/site-packages/airflow/example_dags/example_external_task_marker_dag.py
[2025-06-21T20:16:03.095+0000] {logging_mixin.py:188} INFO - [2025-06-21T20:16:03.094+0000] {dag.py:3036} INFO - Sync 2 DAGs
[2025-06-21T20:16:03.103+0000] {logging_mixin.py:188} INFO - [2025-06-21T20:16:03.102+0000] {dag.py:3823} INFO - Setting next_dagrun for example_external_task_marker_child to None, run_after=None
[2025-06-21T20:16:03.105+0000] {logging_mixin.py:188} INFO - [2025-06-21T20:16:03.105+0000] {dag.py:3823} INFO - Setting next_dagrun for example_external_task_marker_parent to None, run_after=None
[2025-06-21T20:16:03.118+0000] {processor.py:183} INFO - Processing /home/airflow/.local/lib/python3.10/site-packages/airflow/example_dags/example_external_task_marker_dag.py took 0.065 seconds
[2025-06-21T20:16:33.178+0000] {processor.py:161} INFO - Started process (PID=209) to work on /home/airflow/.local/lib/python3.10/site-packages/airflow/example_dags/example_external_task_marker_dag.py
[2025-06-21T20:16:33.178+0000] {processor.py:830} INFO - Processing file /home/airflow/.local/lib/python3.10/site-packages/airflow/example_dags/example_external_task_marker_dag.py for tasks to queue
[2025-06-21T20:16:33.180+0000] {logging_mixin.py:188} INFO - [2025-06-21T20:16:33.179+0000] {dagbag.py:538} INFO - Filling up the DagBag from /home/airflow/.local/lib/python3.10/site-packages/airflow/example_dags/example_external_task_marker_dag.py
[2025-06-21T20:16:33.182+0000] {processor.py:840} INFO - DAG(s) 'example_external_task_marker_child', 'example_external_task_marker_parent' retrieved from /home/airflow/.local/lib/python3.10/site-packages/airflow/example_dags/example_external_task_marker_dag.py
[2025-06-21T20:16:33.193+0000] {logging_mixin.py:188} INFO - [2025-06-21T20:16:33.193+0000] {dag.py:3036} INFO - Sync 2 DAGs
[2025-06-21T20:16:33.199+0000] {logging_mixin.py:188} INFO - [2025-06-21T20:16:33.199+0000] {dag.py:3823} INFO - Setting next_dagrun for example_external_task_marker_child to None, run_after=None
[2025-06-21T20:16:33.201+0000] {logging_mixin.py:188} INFO - [2025-06-21T20:16:33.201+0000] {dag.py:3823} INFO - Setting next_dagrun for example_external_task_marker_parent to None, run_after=None
[2025-06-21T20:16:33.212+0000] {processor.py:183} INFO - Processing /home/airflow/.local/lib/python3.10/site-packages/airflow/example_dags/example_external_task_marker_dag.py took 0.036 seconds
[2025-06-21T20:17:03.675+0000] {processor.py:161} INFO - Started process (PID=264) to work on /home/airflow/.local/lib/python3.10/site-packages/airflow/example_dags/example_external_task_marker_dag.py
[2025-06-21T20:17:03.676+0000] {processor.py:830} INFO - Processing file /home/airflow/.local/lib/python3.10/site-packages/airflow/example_dags/example_external_task_marker_dag.py for tasks to queue
[2025-06-21T20:17:03.677+0000] {logging_mixin.py:188} INFO - [2025-06-21T20:17:03.676+0000] {dagbag.py:538} INFO - Filling up the DagBag from /home/airflow/.local/lib/python3.10/site-packages/airflow/example_dags/example_external_task_marker_dag.py
[2025-06-21T20:17:03.680+0000] {processor.py:840} INFO - DAG(s) 'example_external_task_marker_parent', 'example_external_task_marker_child' retrieved from /home/airflow/.local/lib/python3.10/site-packages/airflow/example_dags/example_external_task_marker_dag.py
[2025-06-21T20:17:03.696+0000] {logging_mixin.py:188} INFO - [2025-06-21T20:17:03.696+0000] {dag.py:3036} INFO - Sync 2 DAGs
[2025-06-21T20:17:03.702+0000] {logging_mixin.py:188} INFO - [2025-06-21T20:17:03.702+0000] {dag.py:3823} INFO - Setting next_dagrun for example_external_task_marker_child to None, run_after=None
[2025-06-21T20:17:03.703+0000] {logging_mixin.py:188} INFO - [2025-06-21T20:17:03.703+0000] {dag.py:3823} INFO - Setting next_dagrun for example_external_task_marker_parent to None, run_after=None
[2025-06-21T20:17:03.715+0000] {processor.py:183} INFO - Processing /home/airflow/.local/lib/python3.10/site-packages/airflow/example_dags/example_external_task_marker_dag.py took 0.042 seconds
[2025-06-21T20:17:34.524+0000] {processor.py:161} INFO - Started process (PID=319) to work on /home/airflow/.local/lib/python3.10/site-packages/airflow/example_dags/example_external_task_marker_dag.py
[2025-06-21T20:17:34.525+0000] {processor.py:830} INFO - Processing file /home/airflow/.local/lib/python3.10/site-packages/airflow/example_dags/example_external_task_marker_dag.py for tasks to queue
[2025-06-21T20:17:34.526+0000] {logging_mixin.py:188} INFO - [2025-06-21T20:17:34.526+0000] {dagbag.py:538} INFO - Filling up the DagBag from /home/airflow/.local/lib/python3.10/site-packages/airflow/example_dags/example_external_task_marker_dag.py
[2025-06-21T20:17:34.530+0000] {processor.py:840} INFO - DAG(s) 'example_external_task_marker_child', 'example_external_task_marker_parent' retrieved from /home/airflow/.local/lib/python3.10/site-packages/airflow/example_dags/example_external_task_marker_dag.py
[2025-06-21T20:17:34.543+0000] {logging_mixin.py:188} INFO - [2025-06-21T20:17:34.543+0000] {dag.py:3036} INFO - Sync 2 DAGs
[2025-06-21T20:17:34.550+0000] {logging_mixin.py:188} INFO - [2025-06-21T20:17:34.550+0000] {dag.py:3823} INFO - Setting next_dagrun for example_external_task_marker_child to None, run_after=None
[2025-06-21T20:17:34.553+0000] {logging_mixin.py:188} INFO - [2025-06-21T20:17:34.553+0000] {dag.py:3823} INFO - Setting next_dagrun for example_external_task_marker_parent to None, run_after=None
[2025-06-21T20:17:34.561+0000] {processor.py:183} INFO - Processing /home/airflow/.local/lib/python3.10/site-packages/airflow/example_dags/example_external_task_marker_dag.py took 0.039 seconds
[2025-06-21T20:18:04.671+0000] {processor.py:161} INFO - Started process (PID=374) to work on /home/airflow/.local/lib/python3.10/site-packages/airflow/example_dags/example_external_task_marker_dag.py
[2025-06-21T20:18:04.672+0000] {processor.py:830} INFO - Processing file /home/airflow/.local/lib/python3.10/site-packages/airflow/example_dags/example_external_task_marker_dag.py for tasks to queue
[2025-06-21T20:18:04.673+0000] {logging_mixin.py:188} INFO - [2025-06-21T20:18:04.673+0000] {dagbag.py:538} INFO - Filling up the DagBag from /home/airflow/.local/lib/python3.10/site-packages/airflow/example_dags/example_external_task_marker_dag.py
[2025-06-21T20:18:04.677+0000] {processor.py:840} INFO - DAG(s) 'example_external_task_marker_parent', 'example_external_task_marker_child' retrieved from /home/airflow/.local/lib/python3.10/site-packages/airflow/example_dags/example_external_task_marker_dag.py
[2025-06-21T20:18:04.699+0000] {logging_mixin.py:188} INFO - [2025-06-21T20:18:04.699+0000] {dag.py:3036} INFO - Sync 2 DAGs
[2025-06-21T20:18:04.706+0000] {logging_mixin.py:188} INFO - [2025-06-21T20:18:04.706+0000] {dag.py:3823} INFO - Setting next_dagrun for example_external_task_marker_child to None, run_after=None
[2025-06-21T20:18:04.710+0000] {logging_mixin.py:188} INFO - [2025-06-21T20:18:04.710+0000] {dag.py:3823} INFO - Setting next_dagrun for example_external_task_marker_parent to None, run_after=None
[2025-06-21T20:18:04.718+0000] {processor.py:183} INFO - Processing /home/airflow/.local/lib/python3.10/site-packages/airflow/example_dags/example_external_task_marker_dag.py took 0.049 seconds
[2025-06-21T20:18:35.398+0000] {processor.py:161} INFO - Started process (PID=434) to work on /home/airflow/.local/lib/python3.10/site-packages/airflow/example_dags/example_external_task_marker_dag.py
[2025-06-21T20:18:35.399+0000] {processor.py:830} INFO - Processing file /home/airflow/.local/lib/python3.10/site-packages/airflow/example_dags/example_external_task_marker_dag.py for tasks to queue
[2025-06-21T20:18:35.400+0000] {logging_mixin.py:188} INFO - [2025-06-21T20:18:35.400+0000] {dagbag.py:538} INFO - Filling up the DagBag from /home/airflow/.local/lib/python3.10/site-packages/airflow/example_dags/example_external_task_marker_dag.py
[2025-06-21T20:18:35.403+0000] {processor.py:840} INFO - DAG(s) 'example_external_task_marker_child', 'example_external_task_marker_parent' retrieved from /home/airflow/.local/lib/python3.10/site-packages/airflow/example_dags/example_external_task_marker_dag.py
[2025-06-21T20:18:35.411+0000] {logging_mixin.py:188} INFO - [2025-06-21T20:18:35.411+0000] {dag.py:3036} INFO - Sync 2 DAGs
[2025-06-21T20:18:35.419+0000] {logging_mixin.py:188} INFO - [2025-06-21T20:18:35.419+0000] {dag.py:3823} INFO - Setting next_dagrun for example_external_task_marker_child to None, run_after=None
[2025-06-21T20:18:35.421+0000] {logging_mixin.py:188} INFO - [2025-06-21T20:18:35.421+0000] {dag.py:3823} INFO - Setting next_dagrun for example_external_task_marker_parent to None, run_after=None
[2025-06-21T20:18:35.431+0000] {processor.py:183} INFO - Processing /home/airflow/.local/lib/python3.10/site-packages/airflow/example_dags/example_external_task_marker_dag.py took 0.035 seconds
