[2025-06-21T20:15:02.248+0000] {processor.py:161} INFO - Started process (PID=64) to work on /home/airflow/.local/lib/python3.10/site-packages/airflow/example_dags/example_trigger_controller_dag.py
[2025-06-21T20:15:02.249+0000] {processor.py:830} INFO - Processing file /home/airflow/.local/lib/python3.10/site-packages/airflow/example_dags/example_trigger_controller_dag.py for tasks to queue
[2025-06-21T20:15:02.251+0000] {logging_mixin.py:188} INFO - [2025-06-21T20:15:02.251+0000] {dagbag.py:538} INFO - Filling up the DagBag from /home/airflow/.local/lib/python3.10/site-packages/airflow/example_dags/example_trigger_controller_dag.py
[2025-06-21T20:15:02.256+0000] {processor.py:840} INFO - DAG(s) 'example_trigger_controller_dag' retrieved from /home/airflow/.local/lib/python3.10/site-packages/airflow/example_dags/example_trigger_controller_dag.py
[2025-06-21T20:15:02.265+0000] {logging_mixin.py:188} INFO - [2025-06-21T20:15:02.265+0000] {dag.py:3036} INFO - Sync 1 DAGs
[2025-06-21T20:15:02.277+0000] {logging_mixin.py:188} INFO - [2025-06-21T20:15:02.277+0000] {dag.py:3823} INFO - Setting next_dagrun for example_trigger_controller_dag to 2021-01-01 00:00:00+00:00, run_after=2021-01-01 00:00:00+00:00
[2025-06-21T20:15:02.288+0000] {processor.py:183} INFO - Processing /home/airflow/.local/lib/python3.10/site-packages/airflow/example_dags/example_trigger_controller_dag.py took 0.042 seconds
[2025-06-21T20:15:33.334+0000] {processor.py:161} INFO - Started process (PID=119) to work on /home/airflow/.local/lib/python3.10/site-packages/airflow/example_dags/example_trigger_controller_dag.py
[2025-06-21T20:15:33.335+0000] {processor.py:830} INFO - Processing file /home/airflow/.local/lib/python3.10/site-packages/airflow/example_dags/example_trigger_controller_dag.py for tasks to queue
[2025-06-21T20:15:33.336+0000] {logging_mixin.py:188} INFO - [2025-06-21T20:15:33.336+0000] {dagbag.py:538} INFO - Filling up the DagBag from /home/airflow/.local/lib/python3.10/site-packages/airflow/example_dags/example_trigger_controller_dag.py
[2025-06-21T20:15:33.338+0000] {processor.py:840} INFO - DAG(s) 'example_trigger_controller_dag' retrieved from /home/airflow/.local/lib/python3.10/site-packages/airflow/example_dags/example_trigger_controller_dag.py
[2025-06-21T20:15:33.383+0000] {logging_mixin.py:188} INFO - [2025-06-21T20:15:33.383+0000] {dag.py:3036} INFO - Sync 1 DAGs
[2025-06-21T20:15:33.393+0000] {logging_mixin.py:188} INFO - [2025-06-21T20:15:33.393+0000] {dag.py:3823} INFO - Setting next_dagrun for example_trigger_controller_dag to 2021-01-01 00:00:00+00:00, run_after=2021-01-01 00:00:00+00:00
[2025-06-21T20:15:33.401+0000] {processor.py:183} INFO - Processing /home/airflow/.local/lib/python3.10/site-packages/airflow/example_dags/example_trigger_controller_dag.py took 0.068 seconds
[2025-06-21T20:16:03.897+0000] {processor.py:161} INFO - Started process (PID=174) to work on /home/airflow/.local/lib/python3.10/site-packages/airflow/example_dags/example_trigger_controller_dag.py
[2025-06-21T20:16:03.898+0000] {processor.py:830} INFO - Processing file /home/airflow/.local/lib/python3.10/site-packages/airflow/example_dags/example_trigger_controller_dag.py for tasks to queue
[2025-06-21T20:16:03.900+0000] {logging_mixin.py:188} INFO - [2025-06-21T20:16:03.899+0000] {dagbag.py:538} INFO - Filling up the DagBag from /home/airflow/.local/lib/python3.10/site-packages/airflow/example_dags/example_trigger_controller_dag.py
[2025-06-21T20:16:03.903+0000] {processor.py:840} INFO - DAG(s) 'example_trigger_controller_dag' retrieved from /home/airflow/.local/lib/python3.10/site-packages/airflow/example_dags/example_trigger_controller_dag.py
[2025-06-21T20:16:03.916+0000] {logging_mixin.py:188} INFO - [2025-06-21T20:16:03.916+0000] {dag.py:3036} INFO - Sync 1 DAGs
[2025-06-21T20:16:03.928+0000] {logging_mixin.py:188} INFO - [2025-06-21T20:16:03.928+0000] {dag.py:3823} INFO - Setting next_dagrun for example_trigger_controller_dag to 2021-01-01 00:00:00+00:00, run_after=2021-01-01 00:00:00+00:00
[2025-06-21T20:16:03.942+0000] {processor.py:183} INFO - Processing /home/airflow/.local/lib/python3.10/site-packages/airflow/example_dags/example_trigger_controller_dag.py took 0.048 seconds
[2025-06-21T20:16:34.088+0000] {processor.py:161} INFO - Started process (PID=228) to work on /home/airflow/.local/lib/python3.10/site-packages/airflow/example_dags/example_trigger_controller_dag.py
[2025-06-21T20:16:34.089+0000] {processor.py:830} INFO - Processing file /home/airflow/.local/lib/python3.10/site-packages/airflow/example_dags/example_trigger_controller_dag.py for tasks to queue
[2025-06-21T20:16:34.095+0000] {logging_mixin.py:188} INFO - [2025-06-21T20:16:34.094+0000] {dagbag.py:538} INFO - Filling up the DagBag from /home/airflow/.local/lib/python3.10/site-packages/airflow/example_dags/example_trigger_controller_dag.py
[2025-06-21T20:16:34.100+0000] {processor.py:840} INFO - DAG(s) 'example_trigger_controller_dag' retrieved from /home/airflow/.local/lib/python3.10/site-packages/airflow/example_dags/example_trigger_controller_dag.py
[2025-06-21T20:16:34.128+0000] {logging_mixin.py:188} INFO - [2025-06-21T20:16:34.128+0000] {dag.py:3036} INFO - Sync 1 DAGs
[2025-06-21T20:16:34.165+0000] {logging_mixin.py:188} INFO - [2025-06-21T20:16:34.164+0000] {dag.py:3823} INFO - Setting next_dagrun for example_trigger_controller_dag to 2021-01-01 00:00:00+00:00, run_after=2021-01-01 00:00:00+00:00
[2025-06-21T20:16:34.199+0000] {processor.py:183} INFO - Processing /home/airflow/.local/lib/python3.10/site-packages/airflow/example_dags/example_trigger_controller_dag.py took 0.116 seconds
[2025-06-21T20:17:04.224+0000] {processor.py:161} INFO - Started process (PID=282) to work on /home/airflow/.local/lib/python3.10/site-packages/airflow/example_dags/example_trigger_controller_dag.py
[2025-06-21T20:17:04.226+0000] {processor.py:830} INFO - Processing file /home/airflow/.local/lib/python3.10/site-packages/airflow/example_dags/example_trigger_controller_dag.py for tasks to queue
[2025-06-21T20:17:04.227+0000] {logging_mixin.py:188} INFO - [2025-06-21T20:17:04.227+0000] {dagbag.py:538} INFO - Filling up the DagBag from /home/airflow/.local/lib/python3.10/site-packages/airflow/example_dags/example_trigger_controller_dag.py
[2025-06-21T20:17:04.230+0000] {processor.py:840} INFO - DAG(s) 'example_trigger_controller_dag' retrieved from /home/airflow/.local/lib/python3.10/site-packages/airflow/example_dags/example_trigger_controller_dag.py
[2025-06-21T20:17:04.243+0000] {logging_mixin.py:188} INFO - [2025-06-21T20:17:04.243+0000] {dag.py:3036} INFO - Sync 1 DAGs
[2025-06-21T20:17:04.252+0000] {logging_mixin.py:188} INFO - [2025-06-21T20:17:04.252+0000] {dag.py:3823} INFO - Setting next_dagrun for example_trigger_controller_dag to 2021-01-01 00:00:00+00:00, run_after=2021-01-01 00:00:00+00:00
[2025-06-21T20:17:04.260+0000] {processor.py:183} INFO - Processing /home/airflow/.local/lib/python3.10/site-packages/airflow/example_dags/example_trigger_controller_dag.py took 0.037 seconds
[2025-06-21T20:17:35.222+0000] {processor.py:161} INFO - Started process (PID=344) to work on /home/airflow/.local/lib/python3.10/site-packages/airflow/example_dags/example_trigger_controller_dag.py
[2025-06-21T20:17:35.222+0000] {processor.py:830} INFO - Processing file /home/airflow/.local/lib/python3.10/site-packages/airflow/example_dags/example_trigger_controller_dag.py for tasks to queue
[2025-06-21T20:17:35.223+0000] {logging_mixin.py:188} INFO - [2025-06-21T20:17:35.223+0000] {dagbag.py:538} INFO - Filling up the DagBag from /home/airflow/.local/lib/python3.10/site-packages/airflow/example_dags/example_trigger_controller_dag.py
[2025-06-21T20:17:35.226+0000] {processor.py:840} INFO - DAG(s) 'example_trigger_controller_dag' retrieved from /home/airflow/.local/lib/python3.10/site-packages/airflow/example_dags/example_trigger_controller_dag.py
[2025-06-21T20:17:35.242+0000] {logging_mixin.py:188} INFO - [2025-06-21T20:17:35.242+0000] {dag.py:3036} INFO - Sync 1 DAGs
[2025-06-21T20:17:35.253+0000] {logging_mixin.py:188} INFO - [2025-06-21T20:17:35.253+0000] {dag.py:3823} INFO - Setting next_dagrun for example_trigger_controller_dag to 2021-01-01 00:00:00+00:00, run_after=2021-01-01 00:00:00+00:00
[2025-06-21T20:17:35.273+0000] {processor.py:183} INFO - Processing /home/airflow/.local/lib/python3.10/site-packages/airflow/example_dags/example_trigger_controller_dag.py took 0.054 seconds
[2025-06-21T20:18:05.309+0000] {processor.py:161} INFO - Started process (PID=398) to work on /home/airflow/.local/lib/python3.10/site-packages/airflow/example_dags/example_trigger_controller_dag.py
[2025-06-21T20:18:05.320+0000] {processor.py:830} INFO - Processing file /home/airflow/.local/lib/python3.10/site-packages/airflow/example_dags/example_trigger_controller_dag.py for tasks to queue
[2025-06-21T20:18:05.323+0000] {logging_mixin.py:188} INFO - [2025-06-21T20:18:05.323+0000] {dagbag.py:538} INFO - Filling up the DagBag from /home/airflow/.local/lib/python3.10/site-packages/airflow/example_dags/example_trigger_controller_dag.py
[2025-06-21T20:18:05.330+0000] {processor.py:840} INFO - DAG(s) 'example_trigger_controller_dag' retrieved from /home/airflow/.local/lib/python3.10/site-packages/airflow/example_dags/example_trigger_controller_dag.py
[2025-06-21T20:18:05.342+0000] {logging_mixin.py:188} INFO - [2025-06-21T20:18:05.342+0000] {dag.py:3036} INFO - Sync 1 DAGs
[2025-06-21T20:18:05.355+0000] {logging_mixin.py:188} INFO - [2025-06-21T20:18:05.355+0000] {dag.py:3823} INFO - Setting next_dagrun for example_trigger_controller_dag to 2021-01-01 00:00:00+00:00, run_after=2021-01-01 00:00:00+00:00
[2025-06-21T20:18:05.366+0000] {processor.py:183} INFO - Processing /home/airflow/.local/lib/python3.10/site-packages/airflow/example_dags/example_trigger_controller_dag.py took 0.058 seconds
[2025-06-21T20:18:35.849+0000] {processor.py:161} INFO - Started process (PID=453) to work on /home/airflow/.local/lib/python3.10/site-packages/airflow/example_dags/example_trigger_controller_dag.py
[2025-06-21T20:18:35.851+0000] {processor.py:830} INFO - Processing file /home/airflow/.local/lib/python3.10/site-packages/airflow/example_dags/example_trigger_controller_dag.py for tasks to queue
[2025-06-21T20:18:35.852+0000] {logging_mixin.py:188} INFO - [2025-06-21T20:18:35.852+0000] {dagbag.py:538} INFO - Filling up the DagBag from /home/airflow/.local/lib/python3.10/site-packages/airflow/example_dags/example_trigger_controller_dag.py
[2025-06-21T20:18:35.855+0000] {processor.py:840} INFO - DAG(s) 'example_trigger_controller_dag' retrieved from /home/airflow/.local/lib/python3.10/site-packages/airflow/example_dags/example_trigger_controller_dag.py
[2025-06-21T20:18:35.862+0000] {logging_mixin.py:188} INFO - [2025-06-21T20:18:35.862+0000] {dag.py:3036} INFO - Sync 1 DAGs
[2025-06-21T20:18:35.875+0000] {logging_mixin.py:188} INFO - [2025-06-21T20:18:35.875+0000] {dag.py:3823} INFO - Setting next_dagrun for example_trigger_controller_dag to 2021-01-01 00:00:00+00:00, run_after=2021-01-01 00:00:00+00:00
[2025-06-21T20:18:35.885+0000] {processor.py:183} INFO - Processing /home/airflow/.local/lib/python3.10/site-packages/airflow/example_dags/example_trigger_controller_dag.py took 0.038 seconds
[2025-06-21T20:23:38.130+0000] {processor.py:161} INFO - Started process (PID=64) to work on /home/airflow/.local/lib/python3.10/site-packages/airflow/example_dags/example_trigger_controller_dag.py
[2025-06-21T20:23:38.133+0000] {processor.py:830} INFO - Processing file /home/airflow/.local/lib/python3.10/site-packages/airflow/example_dags/example_trigger_controller_dag.py for tasks to queue
[2025-06-21T20:23:38.134+0000] {logging_mixin.py:188} INFO - [2025-06-21T20:23:38.134+0000] {dagbag.py:538} INFO - Filling up the DagBag from /home/airflow/.local/lib/python3.10/site-packages/airflow/example_dags/example_trigger_controller_dag.py
[2025-06-21T20:23:38.137+0000] {processor.py:840} INFO - DAG(s) 'example_trigger_controller_dag' retrieved from /home/airflow/.local/lib/python3.10/site-packages/airflow/example_dags/example_trigger_controller_dag.py
[2025-06-21T20:23:38.151+0000] {logging_mixin.py:188} INFO - [2025-06-21T20:23:38.151+0000] {dag.py:3036} INFO - Sync 1 DAGs
[2025-06-21T20:23:38.169+0000] {logging_mixin.py:188} INFO - [2025-06-21T20:23:38.169+0000] {dag.py:3823} INFO - Setting next_dagrun for example_trigger_controller_dag to 2021-01-01 00:00:00+00:00, run_after=2021-01-01 00:00:00+00:00
[2025-06-21T20:23:38.186+0000] {processor.py:183} INFO - Processing /home/airflow/.local/lib/python3.10/site-packages/airflow/example_dags/example_trigger_controller_dag.py took 0.058 seconds
[2025-06-21T20:24:09.297+0000] {processor.py:161} INFO - Started process (PID=119) to work on /home/airflow/.local/lib/python3.10/site-packages/airflow/example_dags/example_trigger_controller_dag.py
[2025-06-21T20:24:09.297+0000] {processor.py:830} INFO - Processing file /home/airflow/.local/lib/python3.10/site-packages/airflow/example_dags/example_trigger_controller_dag.py for tasks to queue
[2025-06-21T20:24:09.298+0000] {logging_mixin.py:188} INFO - [2025-06-21T20:24:09.298+0000] {dagbag.py:538} INFO - Filling up the DagBag from /home/airflow/.local/lib/python3.10/site-packages/airflow/example_dags/example_trigger_controller_dag.py
[2025-06-21T20:24:09.301+0000] {processor.py:840} INFO - DAG(s) 'example_trigger_controller_dag' retrieved from /home/airflow/.local/lib/python3.10/site-packages/airflow/example_dags/example_trigger_controller_dag.py
[2025-06-21T20:24:09.349+0000] {logging_mixin.py:188} INFO - [2025-06-21T20:24:09.349+0000] {dag.py:3036} INFO - Sync 1 DAGs
[2025-06-21T20:24:09.357+0000] {logging_mixin.py:188} INFO - [2025-06-21T20:24:09.357+0000] {dag.py:3823} INFO - Setting next_dagrun for example_trigger_controller_dag to 2021-01-01 00:00:00+00:00, run_after=2021-01-01 00:00:00+00:00
[2025-06-21T20:24:09.369+0000] {processor.py:183} INFO - Processing /home/airflow/.local/lib/python3.10/site-packages/airflow/example_dags/example_trigger_controller_dag.py took 0.074 seconds
[2025-06-21T20:24:40.285+0000] {processor.py:161} INFO - Started process (PID=174) to work on /home/airflow/.local/lib/python3.10/site-packages/airflow/example_dags/example_trigger_controller_dag.py
[2025-06-21T20:24:40.286+0000] {processor.py:830} INFO - Processing file /home/airflow/.local/lib/python3.10/site-packages/airflow/example_dags/example_trigger_controller_dag.py for tasks to queue
[2025-06-21T20:24:40.287+0000] {logging_mixin.py:188} INFO - [2025-06-21T20:24:40.287+0000] {dagbag.py:538} INFO - Filling up the DagBag from /home/airflow/.local/lib/python3.10/site-packages/airflow/example_dags/example_trigger_controller_dag.py
[2025-06-21T20:24:40.290+0000] {processor.py:840} INFO - DAG(s) 'example_trigger_controller_dag' retrieved from /home/airflow/.local/lib/python3.10/site-packages/airflow/example_dags/example_trigger_controller_dag.py
[2025-06-21T20:24:40.303+0000] {logging_mixin.py:188} INFO - [2025-06-21T20:24:40.303+0000] {dag.py:3036} INFO - Sync 1 DAGs
[2025-06-21T20:24:40.312+0000] {logging_mixin.py:188} INFO - [2025-06-21T20:24:40.312+0000] {dag.py:3823} INFO - Setting next_dagrun for example_trigger_controller_dag to 2021-01-01 00:00:00+00:00, run_after=2021-01-01 00:00:00+00:00
[2025-06-21T20:24:40.324+0000] {processor.py:183} INFO - Processing /home/airflow/.local/lib/python3.10/site-packages/airflow/example_dags/example_trigger_controller_dag.py took 0.042 seconds
[2025-06-21T20:25:11.171+0000] {processor.py:161} INFO - Started process (PID=234) to work on /home/airflow/.local/lib/python3.10/site-packages/airflow/example_dags/example_trigger_controller_dag.py
[2025-06-21T20:25:11.171+0000] {processor.py:830} INFO - Processing file /home/airflow/.local/lib/python3.10/site-packages/airflow/example_dags/example_trigger_controller_dag.py for tasks to queue
[2025-06-21T20:25:11.172+0000] {logging_mixin.py:188} INFO - [2025-06-21T20:25:11.172+0000] {dagbag.py:538} INFO - Filling up the DagBag from /home/airflow/.local/lib/python3.10/site-packages/airflow/example_dags/example_trigger_controller_dag.py
[2025-06-21T20:25:11.176+0000] {processor.py:840} INFO - DAG(s) 'example_trigger_controller_dag' retrieved from /home/airflow/.local/lib/python3.10/site-packages/airflow/example_dags/example_trigger_controller_dag.py
[2025-06-21T20:25:11.186+0000] {logging_mixin.py:188} INFO - [2025-06-21T20:25:11.186+0000] {dag.py:3036} INFO - Sync 1 DAGs
[2025-06-21T20:25:11.196+0000] {logging_mixin.py:188} INFO - [2025-06-21T20:25:11.196+0000] {dag.py:3823} INFO - Setting next_dagrun for example_trigger_controller_dag to 2021-01-01 00:00:00+00:00, run_after=2021-01-01 00:00:00+00:00
[2025-06-21T20:25:11.207+0000] {processor.py:183} INFO - Processing /home/airflow/.local/lib/python3.10/site-packages/airflow/example_dags/example_trigger_controller_dag.py took 0.039 seconds
[2025-06-21T20:25:41.317+0000] {processor.py:161} INFO - Started process (PID=288) to work on /home/airflow/.local/lib/python3.10/site-packages/airflow/example_dags/example_trigger_controller_dag.py
[2025-06-21T20:25:41.318+0000] {processor.py:830} INFO - Processing file /home/airflow/.local/lib/python3.10/site-packages/airflow/example_dags/example_trigger_controller_dag.py for tasks to queue
[2025-06-21T20:25:41.321+0000] {logging_mixin.py:188} INFO - [2025-06-21T20:25:41.320+0000] {dagbag.py:538} INFO - Filling up the DagBag from /home/airflow/.local/lib/python3.10/site-packages/airflow/example_dags/example_trigger_controller_dag.py
[2025-06-21T20:25:41.323+0000] {processor.py:840} INFO - DAG(s) 'example_trigger_controller_dag' retrieved from /home/airflow/.local/lib/python3.10/site-packages/airflow/example_dags/example_trigger_controller_dag.py
[2025-06-21T20:25:41.339+0000] {logging_mixin.py:188} INFO - [2025-06-21T20:25:41.339+0000] {dag.py:3036} INFO - Sync 1 DAGs
[2025-06-21T20:25:41.353+0000] {logging_mixin.py:188} INFO - [2025-06-21T20:25:41.352+0000] {dag.py:3823} INFO - Setting next_dagrun for example_trigger_controller_dag to 2021-01-01 00:00:00+00:00, run_after=2021-01-01 00:00:00+00:00
[2025-06-21T20:25:41.365+0000] {processor.py:183} INFO - Processing /home/airflow/.local/lib/python3.10/site-packages/airflow/example_dags/example_trigger_controller_dag.py took 0.050 seconds
[2025-06-21T20:26:12.186+0000] {processor.py:161} INFO - Started process (PID=343) to work on /home/airflow/.local/lib/python3.10/site-packages/airflow/example_dags/example_trigger_controller_dag.py
[2025-06-21T20:26:12.189+0000] {processor.py:830} INFO - Processing file /home/airflow/.local/lib/python3.10/site-packages/airflow/example_dags/example_trigger_controller_dag.py for tasks to queue
[2025-06-21T20:26:12.192+0000] {logging_mixin.py:188} INFO - [2025-06-21T20:26:12.191+0000] {dagbag.py:538} INFO - Filling up the DagBag from /home/airflow/.local/lib/python3.10/site-packages/airflow/example_dags/example_trigger_controller_dag.py
[2025-06-21T20:26:12.195+0000] {processor.py:840} INFO - DAG(s) 'example_trigger_controller_dag' retrieved from /home/airflow/.local/lib/python3.10/site-packages/airflow/example_dags/example_trigger_controller_dag.py
[2025-06-21T20:26:12.209+0000] {logging_mixin.py:188} INFO - [2025-06-21T20:26:12.209+0000] {dag.py:3036} INFO - Sync 1 DAGs
[2025-06-21T20:26:12.220+0000] {logging_mixin.py:188} INFO - [2025-06-21T20:26:12.220+0000] {dag.py:3823} INFO - Setting next_dagrun for example_trigger_controller_dag to 2021-01-01 00:00:00+00:00, run_after=2021-01-01 00:00:00+00:00
[2025-06-21T20:26:12.229+0000] {processor.py:183} INFO - Processing /home/airflow/.local/lib/python3.10/site-packages/airflow/example_dags/example_trigger_controller_dag.py took 0.044 seconds
[2025-06-21T20:26:43.101+0000] {processor.py:161} INFO - Started process (PID=398) to work on /home/airflow/.local/lib/python3.10/site-packages/airflow/example_dags/example_trigger_controller_dag.py
[2025-06-21T20:26:43.101+0000] {processor.py:830} INFO - Processing file /home/airflow/.local/lib/python3.10/site-packages/airflow/example_dags/example_trigger_controller_dag.py for tasks to queue
[2025-06-21T20:26:43.103+0000] {logging_mixin.py:188} INFO - [2025-06-21T20:26:43.102+0000] {dagbag.py:538} INFO - Filling up the DagBag from /home/airflow/.local/lib/python3.10/site-packages/airflow/example_dags/example_trigger_controller_dag.py
[2025-06-21T20:26:43.108+0000] {processor.py:840} INFO - DAG(s) 'example_trigger_controller_dag' retrieved from /home/airflow/.local/lib/python3.10/site-packages/airflow/example_dags/example_trigger_controller_dag.py
[2025-06-21T20:26:43.119+0000] {logging_mixin.py:188} INFO - [2025-06-21T20:26:43.119+0000] {dag.py:3036} INFO - Sync 1 DAGs
[2025-06-21T20:26:43.131+0000] {logging_mixin.py:188} INFO - [2025-06-21T20:26:43.131+0000] {dag.py:3823} INFO - Setting next_dagrun for example_trigger_controller_dag to 2021-01-01 00:00:00+00:00, run_after=2021-01-01 00:00:00+00:00
[2025-06-21T20:26:43.140+0000] {processor.py:183} INFO - Processing /home/airflow/.local/lib/python3.10/site-packages/airflow/example_dags/example_trigger_controller_dag.py took 0.042 seconds
[2025-06-21T20:27:13.190+0000] {processor.py:161} INFO - Started process (PID=453) to work on /home/airflow/.local/lib/python3.10/site-packages/airflow/example_dags/example_trigger_controller_dag.py
[2025-06-21T20:27:13.190+0000] {processor.py:830} INFO - Processing file /home/airflow/.local/lib/python3.10/site-packages/airflow/example_dags/example_trigger_controller_dag.py for tasks to queue
[2025-06-21T20:27:13.191+0000] {logging_mixin.py:188} INFO - [2025-06-21T20:27:13.191+0000] {dagbag.py:538} INFO - Filling up the DagBag from /home/airflow/.local/lib/python3.10/site-packages/airflow/example_dags/example_trigger_controller_dag.py
[2025-06-21T20:27:13.194+0000] {processor.py:840} INFO - DAG(s) 'example_trigger_controller_dag' retrieved from /home/airflow/.local/lib/python3.10/site-packages/airflow/example_dags/example_trigger_controller_dag.py
[2025-06-21T20:27:13.205+0000] {logging_mixin.py:188} INFO - [2025-06-21T20:27:13.205+0000] {dag.py:3036} INFO - Sync 1 DAGs
[2025-06-21T20:27:13.216+0000] {logging_mixin.py:188} INFO - [2025-06-21T20:27:13.216+0000] {dag.py:3823} INFO - Setting next_dagrun for example_trigger_controller_dag to 2021-01-01 00:00:00+00:00, run_after=2021-01-01 00:00:00+00:00
[2025-06-21T20:27:13.228+0000] {processor.py:183} INFO - Processing /home/airflow/.local/lib/python3.10/site-packages/airflow/example_dags/example_trigger_controller_dag.py took 0.040 seconds
[2025-06-21T20:27:43.272+0000] {processor.py:161} INFO - Started process (PID=508) to work on /home/airflow/.local/lib/python3.10/site-packages/airflow/example_dags/example_trigger_controller_dag.py
[2025-06-21T20:27:43.273+0000] {processor.py:830} INFO - Processing file /home/airflow/.local/lib/python3.10/site-packages/airflow/example_dags/example_trigger_controller_dag.py for tasks to queue
[2025-06-21T20:27:43.274+0000] {logging_mixin.py:188} INFO - [2025-06-21T20:27:43.273+0000] {dagbag.py:538} INFO - Filling up the DagBag from /home/airflow/.local/lib/python3.10/site-packages/airflow/example_dags/example_trigger_controller_dag.py
[2025-06-21T20:27:43.276+0000] {processor.py:840} INFO - DAG(s) 'example_trigger_controller_dag' retrieved from /home/airflow/.local/lib/python3.10/site-packages/airflow/example_dags/example_trigger_controller_dag.py
[2025-06-21T20:27:43.289+0000] {logging_mixin.py:188} INFO - [2025-06-21T20:27:43.289+0000] {dag.py:3036} INFO - Sync 1 DAGs
[2025-06-21T20:27:43.298+0000] {logging_mixin.py:188} INFO - [2025-06-21T20:27:43.298+0000] {dag.py:3823} INFO - Setting next_dagrun for example_trigger_controller_dag to 2021-01-01 00:00:00+00:00, run_after=2021-01-01 00:00:00+00:00
[2025-06-21T20:27:43.314+0000] {processor.py:183} INFO - Processing /home/airflow/.local/lib/python3.10/site-packages/airflow/example_dags/example_trigger_controller_dag.py took 0.043 seconds
[2025-06-21T20:28:13.862+0000] {processor.py:161} INFO - Started process (PID=563) to work on /home/airflow/.local/lib/python3.10/site-packages/airflow/example_dags/example_trigger_controller_dag.py
[2025-06-21T20:28:13.863+0000] {processor.py:830} INFO - Processing file /home/airflow/.local/lib/python3.10/site-packages/airflow/example_dags/example_trigger_controller_dag.py for tasks to queue
[2025-06-21T20:28:13.864+0000] {logging_mixin.py:188} INFO - [2025-06-21T20:28:13.864+0000] {dagbag.py:538} INFO - Filling up the DagBag from /home/airflow/.local/lib/python3.10/site-packages/airflow/example_dags/example_trigger_controller_dag.py
[2025-06-21T20:28:13.868+0000] {processor.py:840} INFO - DAG(s) 'example_trigger_controller_dag' retrieved from /home/airflow/.local/lib/python3.10/site-packages/airflow/example_dags/example_trigger_controller_dag.py
[2025-06-21T20:28:13.881+0000] {logging_mixin.py:188} INFO - [2025-06-21T20:28:13.881+0000] {dag.py:3036} INFO - Sync 1 DAGs
[2025-06-21T20:28:13.891+0000] {logging_mixin.py:188} INFO - [2025-06-21T20:28:13.891+0000] {dag.py:3823} INFO - Setting next_dagrun for example_trigger_controller_dag to 2021-01-01 00:00:00+00:00, run_after=2021-01-01 00:00:00+00:00
[2025-06-21T20:28:13.900+0000] {processor.py:183} INFO - Processing /home/airflow/.local/lib/python3.10/site-packages/airflow/example_dags/example_trigger_controller_dag.py took 0.040 seconds
[2025-06-21T20:28:44.649+0000] {processor.py:161} INFO - Started process (PID=618) to work on /home/airflow/.local/lib/python3.10/site-packages/airflow/example_dags/example_trigger_controller_dag.py
[2025-06-21T20:28:44.650+0000] {processor.py:830} INFO - Processing file /home/airflow/.local/lib/python3.10/site-packages/airflow/example_dags/example_trigger_controller_dag.py for tasks to queue
[2025-06-21T20:28:44.652+0000] {logging_mixin.py:188} INFO - [2025-06-21T20:28:44.651+0000] {dagbag.py:538} INFO - Filling up the DagBag from /home/airflow/.local/lib/python3.10/site-packages/airflow/example_dags/example_trigger_controller_dag.py
[2025-06-21T20:28:44.655+0000] {processor.py:840} INFO - DAG(s) 'example_trigger_controller_dag' retrieved from /home/airflow/.local/lib/python3.10/site-packages/airflow/example_dags/example_trigger_controller_dag.py
[2025-06-21T20:28:44.666+0000] {logging_mixin.py:188} INFO - [2025-06-21T20:28:44.666+0000] {dag.py:3036} INFO - Sync 1 DAGs
[2025-06-21T20:28:44.678+0000] {logging_mixin.py:188} INFO - [2025-06-21T20:28:44.678+0000] {dag.py:3823} INFO - Setting next_dagrun for example_trigger_controller_dag to 2021-01-01 00:00:00+00:00, run_after=2021-01-01 00:00:00+00:00
[2025-06-21T20:28:44.688+0000] {processor.py:183} INFO - Processing /home/airflow/.local/lib/python3.10/site-packages/airflow/example_dags/example_trigger_controller_dag.py took 0.041 seconds
[2025-06-21T20:29:15.371+0000] {processor.py:161} INFO - Started process (PID=673) to work on /home/airflow/.local/lib/python3.10/site-packages/airflow/example_dags/example_trigger_controller_dag.py
[2025-06-21T20:29:15.373+0000] {processor.py:830} INFO - Processing file /home/airflow/.local/lib/python3.10/site-packages/airflow/example_dags/example_trigger_controller_dag.py for tasks to queue
[2025-06-21T20:29:15.375+0000] {logging_mixin.py:188} INFO - [2025-06-21T20:29:15.375+0000] {dagbag.py:538} INFO - Filling up the DagBag from /home/airflow/.local/lib/python3.10/site-packages/airflow/example_dags/example_trigger_controller_dag.py
[2025-06-21T20:29:15.382+0000] {processor.py:840} INFO - DAG(s) 'example_trigger_controller_dag' retrieved from /home/airflow/.local/lib/python3.10/site-packages/airflow/example_dags/example_trigger_controller_dag.py
[2025-06-21T20:29:15.393+0000] {logging_mixin.py:188} INFO - [2025-06-21T20:29:15.393+0000] {dag.py:3036} INFO - Sync 1 DAGs
[2025-06-21T20:29:15.406+0000] {logging_mixin.py:188} INFO - [2025-06-21T20:29:15.406+0000] {dag.py:3823} INFO - Setting next_dagrun for example_trigger_controller_dag to 2021-01-01 00:00:00+00:00, run_after=2021-01-01 00:00:00+00:00
[2025-06-21T20:29:15.417+0000] {processor.py:183} INFO - Processing /home/airflow/.local/lib/python3.10/site-packages/airflow/example_dags/example_trigger_controller_dag.py took 0.048 seconds
[2025-06-21T20:29:46.073+0000] {processor.py:161} INFO - Started process (PID=728) to work on /home/airflow/.local/lib/python3.10/site-packages/airflow/example_dags/example_trigger_controller_dag.py
[2025-06-21T20:29:46.076+0000] {processor.py:830} INFO - Processing file /home/airflow/.local/lib/python3.10/site-packages/airflow/example_dags/example_trigger_controller_dag.py for tasks to queue
[2025-06-21T20:29:46.078+0000] {logging_mixin.py:188} INFO - [2025-06-21T20:29:46.078+0000] {dagbag.py:538} INFO - Filling up the DagBag from /home/airflow/.local/lib/python3.10/site-packages/airflow/example_dags/example_trigger_controller_dag.py
[2025-06-21T20:29:46.081+0000] {processor.py:840} INFO - DAG(s) 'example_trigger_controller_dag' retrieved from /home/airflow/.local/lib/python3.10/site-packages/airflow/example_dags/example_trigger_controller_dag.py
[2025-06-21T20:29:46.091+0000] {logging_mixin.py:188} INFO - [2025-06-21T20:29:46.091+0000] {dag.py:3036} INFO - Sync 1 DAGs
[2025-06-21T20:29:46.099+0000] {logging_mixin.py:188} INFO - [2025-06-21T20:29:46.099+0000] {dag.py:3823} INFO - Setting next_dagrun for example_trigger_controller_dag to 2021-01-01 00:00:00+00:00, run_after=2021-01-01 00:00:00+00:00
[2025-06-21T20:29:46.109+0000] {processor.py:183} INFO - Processing /home/airflow/.local/lib/python3.10/site-packages/airflow/example_dags/example_trigger_controller_dag.py took 0.038 seconds
[2025-06-21T20:30:16.784+0000] {processor.py:161} INFO - Started process (PID=783) to work on /home/airflow/.local/lib/python3.10/site-packages/airflow/example_dags/example_trigger_controller_dag.py
[2025-06-21T20:30:16.785+0000] {processor.py:830} INFO - Processing file /home/airflow/.local/lib/python3.10/site-packages/airflow/example_dags/example_trigger_controller_dag.py for tasks to queue
[2025-06-21T20:30:16.788+0000] {logging_mixin.py:188} INFO - [2025-06-21T20:30:16.787+0000] {dagbag.py:538} INFO - Filling up the DagBag from /home/airflow/.local/lib/python3.10/site-packages/airflow/example_dags/example_trigger_controller_dag.py
[2025-06-21T20:30:16.791+0000] {processor.py:840} INFO - DAG(s) 'example_trigger_controller_dag' retrieved from /home/airflow/.local/lib/python3.10/site-packages/airflow/example_dags/example_trigger_controller_dag.py
[2025-06-21T20:30:16.801+0000] {logging_mixin.py:188} INFO - [2025-06-21T20:30:16.801+0000] {dag.py:3036} INFO - Sync 1 DAGs
[2025-06-21T20:30:16.810+0000] {logging_mixin.py:188} INFO - [2025-06-21T20:30:16.810+0000] {dag.py:3823} INFO - Setting next_dagrun for example_trigger_controller_dag to 2021-01-01 00:00:00+00:00, run_after=2021-01-01 00:00:00+00:00
[2025-06-21T20:30:16.817+0000] {processor.py:183} INFO - Processing /home/airflow/.local/lib/python3.10/site-packages/airflow/example_dags/example_trigger_controller_dag.py took 0.035 seconds
[2025-06-21T20:30:47.389+0000] {processor.py:161} INFO - Started process (PID=838) to work on /home/airflow/.local/lib/python3.10/site-packages/airflow/example_dags/example_trigger_controller_dag.py
[2025-06-21T20:30:47.390+0000] {processor.py:830} INFO - Processing file /home/airflow/.local/lib/python3.10/site-packages/airflow/example_dags/example_trigger_controller_dag.py for tasks to queue
[2025-06-21T20:30:47.392+0000] {logging_mixin.py:188} INFO - [2025-06-21T20:30:47.391+0000] {dagbag.py:538} INFO - Filling up the DagBag from /home/airflow/.local/lib/python3.10/site-packages/airflow/example_dags/example_trigger_controller_dag.py
[2025-06-21T20:30:47.394+0000] {processor.py:840} INFO - DAG(s) 'example_trigger_controller_dag' retrieved from /home/airflow/.local/lib/python3.10/site-packages/airflow/example_dags/example_trigger_controller_dag.py
[2025-06-21T20:30:47.403+0000] {logging_mixin.py:188} INFO - [2025-06-21T20:30:47.403+0000] {dag.py:3036} INFO - Sync 1 DAGs
[2025-06-21T20:30:47.412+0000] {logging_mixin.py:188} INFO - [2025-06-21T20:30:47.412+0000] {dag.py:3823} INFO - Setting next_dagrun for example_trigger_controller_dag to 2021-01-01 00:00:00+00:00, run_after=2021-01-01 00:00:00+00:00
[2025-06-21T20:30:47.420+0000] {processor.py:183} INFO - Processing /home/airflow/.local/lib/python3.10/site-packages/airflow/example_dags/example_trigger_controller_dag.py took 0.032 seconds
[2025-06-21T20:31:18.119+0000] {processor.py:161} INFO - Started process (PID=893) to work on /home/airflow/.local/lib/python3.10/site-packages/airflow/example_dags/example_trigger_controller_dag.py
[2025-06-21T20:31:18.120+0000] {processor.py:830} INFO - Processing file /home/airflow/.local/lib/python3.10/site-packages/airflow/example_dags/example_trigger_controller_dag.py for tasks to queue
[2025-06-21T20:31:18.121+0000] {logging_mixin.py:188} INFO - [2025-06-21T20:31:18.121+0000] {dagbag.py:538} INFO - Filling up the DagBag from /home/airflow/.local/lib/python3.10/site-packages/airflow/example_dags/example_trigger_controller_dag.py
[2025-06-21T20:31:18.124+0000] {processor.py:840} INFO - DAG(s) 'example_trigger_controller_dag' retrieved from /home/airflow/.local/lib/python3.10/site-packages/airflow/example_dags/example_trigger_controller_dag.py
[2025-06-21T20:31:18.136+0000] {logging_mixin.py:188} INFO - [2025-06-21T20:31:18.135+0000] {dag.py:3036} INFO - Sync 1 DAGs
[2025-06-21T20:31:18.146+0000] {logging_mixin.py:188} INFO - [2025-06-21T20:31:18.146+0000] {dag.py:3823} INFO - Setting next_dagrun for example_trigger_controller_dag to 2021-01-01 00:00:00+00:00, run_after=2021-01-01 00:00:00+00:00
[2025-06-21T20:31:18.156+0000] {processor.py:183} INFO - Processing /home/airflow/.local/lib/python3.10/site-packages/airflow/example_dags/example_trigger_controller_dag.py took 0.039 seconds
[2025-06-21T20:32:18.718+0000] {processor.py:161} INFO - Started process (PID=65) to work on /home/airflow/.local/lib/python3.10/site-packages/airflow/example_dags/example_trigger_controller_dag.py
[2025-06-21T20:32:18.719+0000] {processor.py:830} INFO - Processing file /home/airflow/.local/lib/python3.10/site-packages/airflow/example_dags/example_trigger_controller_dag.py for tasks to queue
[2025-06-21T20:32:18.721+0000] {logging_mixin.py:188} INFO - [2025-06-21T20:32:18.721+0000] {dagbag.py:538} INFO - Filling up the DagBag from /home/airflow/.local/lib/python3.10/site-packages/airflow/example_dags/example_trigger_controller_dag.py
[2025-06-21T20:32:18.725+0000] {processor.py:840} INFO - DAG(s) 'example_trigger_controller_dag' retrieved from /home/airflow/.local/lib/python3.10/site-packages/airflow/example_dags/example_trigger_controller_dag.py
[2025-06-21T20:32:18.734+0000] {logging_mixin.py:188} INFO - [2025-06-21T20:32:18.734+0000] {dag.py:3036} INFO - Sync 1 DAGs
[2025-06-21T20:32:18.761+0000] {logging_mixin.py:188} INFO - [2025-06-21T20:32:18.761+0000] {dag.py:3823} INFO - Setting next_dagrun for example_trigger_controller_dag to 2021-01-01 00:00:00+00:00, run_after=2021-01-01 00:00:00+00:00
[2025-06-21T20:32:18.796+0000] {processor.py:183} INFO - Processing /home/airflow/.local/lib/python3.10/site-packages/airflow/example_dags/example_trigger_controller_dag.py took 0.080 seconds
[2025-06-21T20:32:49.531+0000] {processor.py:161} INFO - Started process (PID=120) to work on /home/airflow/.local/lib/python3.10/site-packages/airflow/example_dags/example_trigger_controller_dag.py
[2025-06-21T20:32:49.531+0000] {processor.py:830} INFO - Processing file /home/airflow/.local/lib/python3.10/site-packages/airflow/example_dags/example_trigger_controller_dag.py for tasks to queue
[2025-06-21T20:32:49.532+0000] {logging_mixin.py:188} INFO - [2025-06-21T20:32:49.532+0000] {dagbag.py:538} INFO - Filling up the DagBag from /home/airflow/.local/lib/python3.10/site-packages/airflow/example_dags/example_trigger_controller_dag.py
[2025-06-21T20:32:49.535+0000] {processor.py:840} INFO - DAG(s) 'example_trigger_controller_dag' retrieved from /home/airflow/.local/lib/python3.10/site-packages/airflow/example_dags/example_trigger_controller_dag.py
[2025-06-21T20:32:49.587+0000] {logging_mixin.py:188} INFO - [2025-06-21T20:32:49.587+0000] {dag.py:3036} INFO - Sync 1 DAGs
[2025-06-21T20:32:49.597+0000] {logging_mixin.py:188} INFO - [2025-06-21T20:32:49.597+0000] {dag.py:3823} INFO - Setting next_dagrun for example_trigger_controller_dag to 2021-01-01 00:00:00+00:00, run_after=2021-01-01 00:00:00+00:00
[2025-06-21T20:32:49.607+0000] {processor.py:183} INFO - Processing /home/airflow/.local/lib/python3.10/site-packages/airflow/example_dags/example_trigger_controller_dag.py took 0.078 seconds
[2025-06-21T20:33:52.924+0000] {processor.py:161} INFO - Started process (PID=64) to work on /home/airflow/.local/lib/python3.10/site-packages/airflow/example_dags/example_trigger_controller_dag.py
[2025-06-21T20:33:52.926+0000] {processor.py:830} INFO - Processing file /home/airflow/.local/lib/python3.10/site-packages/airflow/example_dags/example_trigger_controller_dag.py for tasks to queue
[2025-06-21T20:33:52.928+0000] {logging_mixin.py:188} INFO - [2025-06-21T20:33:52.928+0000] {dagbag.py:538} INFO - Filling up the DagBag from /home/airflow/.local/lib/python3.10/site-packages/airflow/example_dags/example_trigger_controller_dag.py
[2025-06-21T20:33:52.935+0000] {processor.py:840} INFO - DAG(s) 'example_trigger_controller_dag' retrieved from /home/airflow/.local/lib/python3.10/site-packages/airflow/example_dags/example_trigger_controller_dag.py
[2025-06-21T20:33:52.951+0000] {logging_mixin.py:188} INFO - [2025-06-21T20:33:52.951+0000] {dag.py:3036} INFO - Sync 1 DAGs
[2025-06-21T20:33:52.985+0000] {logging_mixin.py:188} INFO - [2025-06-21T20:33:52.985+0000] {dag.py:3823} INFO - Setting next_dagrun for example_trigger_controller_dag to 2021-01-01 00:00:00+00:00, run_after=2021-01-01 00:00:00+00:00
[2025-06-21T20:33:53.006+0000] {processor.py:183} INFO - Processing /home/airflow/.local/lib/python3.10/site-packages/airflow/example_dags/example_trigger_controller_dag.py took 0.085 seconds
[2025-06-21T20:34:23.290+0000] {processor.py:161} INFO - Started process (PID=119) to work on /home/airflow/.local/lib/python3.10/site-packages/airflow/example_dags/example_trigger_controller_dag.py
[2025-06-21T20:34:23.290+0000] {processor.py:830} INFO - Processing file /home/airflow/.local/lib/python3.10/site-packages/airflow/example_dags/example_trigger_controller_dag.py for tasks to queue
[2025-06-21T20:34:23.291+0000] {logging_mixin.py:188} INFO - [2025-06-21T20:34:23.291+0000] {dagbag.py:538} INFO - Filling up the DagBag from /home/airflow/.local/lib/python3.10/site-packages/airflow/example_dags/example_trigger_controller_dag.py
[2025-06-21T20:34:23.294+0000] {processor.py:840} INFO - DAG(s) 'example_trigger_controller_dag' retrieved from /home/airflow/.local/lib/python3.10/site-packages/airflow/example_dags/example_trigger_controller_dag.py
[2025-06-21T20:34:23.344+0000] {logging_mixin.py:188} INFO - [2025-06-21T20:34:23.343+0000] {dag.py:3036} INFO - Sync 1 DAGs
[2025-06-21T20:34:23.353+0000] {logging_mixin.py:188} INFO - [2025-06-21T20:34:23.353+0000] {dag.py:3823} INFO - Setting next_dagrun for example_trigger_controller_dag to 2021-01-01 00:00:00+00:00, run_after=2021-01-01 00:00:00+00:00
[2025-06-21T20:34:23.365+0000] {processor.py:183} INFO - Processing /home/airflow/.local/lib/python3.10/site-packages/airflow/example_dags/example_trigger_controller_dag.py took 0.077 seconds
[2025-06-21T20:34:53.600+0000] {processor.py:161} INFO - Started process (PID=174) to work on /home/airflow/.local/lib/python3.10/site-packages/airflow/example_dags/example_trigger_controller_dag.py
[2025-06-21T20:34:53.601+0000] {processor.py:830} INFO - Processing file /home/airflow/.local/lib/python3.10/site-packages/airflow/example_dags/example_trigger_controller_dag.py for tasks to queue
[2025-06-21T20:34:53.605+0000] {logging_mixin.py:188} INFO - [2025-06-21T20:34:53.605+0000] {dagbag.py:538} INFO - Filling up the DagBag from /home/airflow/.local/lib/python3.10/site-packages/airflow/example_dags/example_trigger_controller_dag.py
[2025-06-21T20:34:53.609+0000] {processor.py:840} INFO - DAG(s) 'example_trigger_controller_dag' retrieved from /home/airflow/.local/lib/python3.10/site-packages/airflow/example_dags/example_trigger_controller_dag.py
[2025-06-21T20:34:53.624+0000] {logging_mixin.py:188} INFO - [2025-06-21T20:34:53.624+0000] {dag.py:3036} INFO - Sync 1 DAGs
[2025-06-21T20:34:53.638+0000] {logging_mixin.py:188} INFO - [2025-06-21T20:34:53.638+0000] {dag.py:3823} INFO - Setting next_dagrun for example_trigger_controller_dag to 2021-01-01 00:00:00+00:00, run_after=2021-01-01 00:00:00+00:00
[2025-06-21T20:34:53.656+0000] {processor.py:183} INFO - Processing /home/airflow/.local/lib/python3.10/site-packages/airflow/example_dags/example_trigger_controller_dag.py took 0.059 seconds
[2025-06-21T20:35:24.384+0000] {processor.py:161} INFO - Started process (PID=235) to work on /home/airflow/.local/lib/python3.10/site-packages/airflow/example_dags/example_trigger_controller_dag.py
[2025-06-21T20:35:24.386+0000] {processor.py:830} INFO - Processing file /home/airflow/.local/lib/python3.10/site-packages/airflow/example_dags/example_trigger_controller_dag.py for tasks to queue
[2025-06-21T20:35:24.388+0000] {logging_mixin.py:188} INFO - [2025-06-21T20:35:24.388+0000] {dagbag.py:538} INFO - Filling up the DagBag from /home/airflow/.local/lib/python3.10/site-packages/airflow/example_dags/example_trigger_controller_dag.py
[2025-06-21T20:35:24.391+0000] {processor.py:840} INFO - DAG(s) 'example_trigger_controller_dag' retrieved from /home/airflow/.local/lib/python3.10/site-packages/airflow/example_dags/example_trigger_controller_dag.py
[2025-06-21T20:35:24.404+0000] {logging_mixin.py:188} INFO - [2025-06-21T20:35:24.404+0000] {dag.py:3036} INFO - Sync 1 DAGs
[2025-06-21T20:35:24.417+0000] {logging_mixin.py:188} INFO - [2025-06-21T20:35:24.416+0000] {dag.py:3823} INFO - Setting next_dagrun for example_trigger_controller_dag to 2021-01-01 00:00:00+00:00, run_after=2021-01-01 00:00:00+00:00
[2025-06-21T20:35:24.427+0000] {processor.py:183} INFO - Processing /home/airflow/.local/lib/python3.10/site-packages/airflow/example_dags/example_trigger_controller_dag.py took 0.044 seconds
