[2025-06-21T20:15:01.520+0000] {processor.py:161} INFO - Started process (PID=42) to work on /home/airflow/.local/lib/python3.10/site-packages/airflow/example_dags/tutorial.py
[2025-06-21T20:15:01.521+0000] {processor.py:830} INFO - Processing file /home/airflow/.local/lib/python3.10/site-packages/airflow/example_dags/tutorial.py for tasks to queue
[2025-06-21T20:15:01.523+0000] {logging_mixin.py:188} INFO - [2025-06-21T20:15:01.523+0000] {dagbag.py:538} INFO - Filling up the DagBag from /home/airflow/.local/lib/python3.10/site-packages/airflow/example_dags/tutorial.py
[2025-06-21T20:15:01.528+0000] {processor.py:840} INFO - DAG(s) 'tutorial' retrieved from /home/airflow/.local/lib/python3.10/site-packages/airflow/example_dags/tutorial.py
[2025-06-21T20:15:01.537+0000] {logging_mixin.py:188} INFO - [2025-06-21T20:15:01.536+0000] {dag.py:3036} INFO - Sync 1 DAGs
[2025-06-21T20:15:01.549+0000] {logging_mixin.py:188} INFO - [2025-06-21T20:15:01.549+0000] {dag.py:3823} INFO - Setting next_dagrun for tutorial to 2025-06-20 00:00:00+00:00, run_after=2025-06-21 00:00:00+00:00
[2025-06-21T20:15:01.560+0000] {processor.py:183} INFO - Processing /home/airflow/.local/lib/python3.10/site-packages/airflow/example_dags/tutorial.py took 0.042 seconds
[2025-06-21T20:15:32.336+0000] {processor.py:161} INFO - Started process (PID=97) to work on /home/airflow/.local/lib/python3.10/site-packages/airflow/example_dags/tutorial.py
[2025-06-21T20:15:32.337+0000] {processor.py:830} INFO - Processing file /home/airflow/.local/lib/python3.10/site-packages/airflow/example_dags/tutorial.py for tasks to queue
[2025-06-21T20:15:32.338+0000] {logging_mixin.py:188} INFO - [2025-06-21T20:15:32.338+0000] {dagbag.py:538} INFO - Filling up the DagBag from /home/airflow/.local/lib/python3.10/site-packages/airflow/example_dags/tutorial.py
[2025-06-21T20:15:32.340+0000] {processor.py:840} INFO - DAG(s) 'tutorial' retrieved from /home/airflow/.local/lib/python3.10/site-packages/airflow/example_dags/tutorial.py
[2025-06-21T20:15:32.387+0000] {logging_mixin.py:188} INFO - [2025-06-21T20:15:32.387+0000] {dag.py:3036} INFO - Sync 1 DAGs
[2025-06-21T20:15:32.397+0000] {logging_mixin.py:188} INFO - [2025-06-21T20:15:32.397+0000] {dag.py:3823} INFO - Setting next_dagrun for tutorial to 2025-06-20 00:00:00+00:00, run_after=2025-06-21 00:00:00+00:00
[2025-06-21T20:15:32.413+0000] {processor.py:183} INFO - Processing /home/airflow/.local/lib/python3.10/site-packages/airflow/example_dags/tutorial.py took 0.078 seconds
[2025-06-21T20:16:02.914+0000] {processor.py:161} INFO - Started process (PID=152) to work on /home/airflow/.local/lib/python3.10/site-packages/airflow/example_dags/tutorial.py
[2025-06-21T20:16:02.915+0000] {processor.py:830} INFO - Processing file /home/airflow/.local/lib/python3.10/site-packages/airflow/example_dags/tutorial.py for tasks to queue
[2025-06-21T20:16:02.918+0000] {logging_mixin.py:188} INFO - [2025-06-21T20:16:02.918+0000] {dagbag.py:538} INFO - Filling up the DagBag from /home/airflow/.local/lib/python3.10/site-packages/airflow/example_dags/tutorial.py
[2025-06-21T20:16:02.924+0000] {processor.py:840} INFO - DAG(s) 'tutorial' retrieved from /home/airflow/.local/lib/python3.10/site-packages/airflow/example_dags/tutorial.py
[2025-06-21T20:16:02.948+0000] {logging_mixin.py:188} INFO - [2025-06-21T20:16:02.947+0000] {dag.py:3036} INFO - Sync 1 DAGs
[2025-06-21T20:16:02.973+0000] {logging_mixin.py:188} INFO - [2025-06-21T20:16:02.973+0000] {dag.py:3823} INFO - Setting next_dagrun for tutorial to 2025-06-20 00:00:00+00:00, run_after=2025-06-21 00:00:00+00:00
[2025-06-21T20:16:02.999+0000] {processor.py:183} INFO - Processing /home/airflow/.local/lib/python3.10/site-packages/airflow/example_dags/tutorial.py took 0.089 seconds
[2025-06-21T20:16:33.077+0000] {processor.py:161} INFO - Started process (PID=206) to work on /home/airflow/.local/lib/python3.10/site-packages/airflow/example_dags/tutorial.py
[2025-06-21T20:16:33.077+0000] {processor.py:830} INFO - Processing file /home/airflow/.local/lib/python3.10/site-packages/airflow/example_dags/tutorial.py for tasks to queue
[2025-06-21T20:16:33.078+0000] {logging_mixin.py:188} INFO - [2025-06-21T20:16:33.078+0000] {dagbag.py:538} INFO - Filling up the DagBag from /home/airflow/.local/lib/python3.10/site-packages/airflow/example_dags/tutorial.py
[2025-06-21T20:16:33.081+0000] {processor.py:840} INFO - DAG(s) 'tutorial' retrieved from /home/airflow/.local/lib/python3.10/site-packages/airflow/example_dags/tutorial.py
[2025-06-21T20:16:33.091+0000] {logging_mixin.py:188} INFO - [2025-06-21T20:16:33.091+0000] {dag.py:3036} INFO - Sync 1 DAGs
[2025-06-21T20:16:33.103+0000] {logging_mixin.py:188} INFO - [2025-06-21T20:16:33.103+0000] {dag.py:3823} INFO - Setting next_dagrun for tutorial to 2025-06-20 00:00:00+00:00, run_after=2025-06-21 00:00:00+00:00
[2025-06-21T20:16:33.110+0000] {processor.py:183} INFO - Processing /home/airflow/.local/lib/python3.10/site-packages/airflow/example_dags/tutorial.py took 0.035 seconds
[2025-06-21T20:17:03.594+0000] {processor.py:161} INFO - Started process (PID=261) to work on /home/airflow/.local/lib/python3.10/site-packages/airflow/example_dags/tutorial.py
[2025-06-21T20:17:03.595+0000] {processor.py:830} INFO - Processing file /home/airflow/.local/lib/python3.10/site-packages/airflow/example_dags/tutorial.py for tasks to queue
[2025-06-21T20:17:03.597+0000] {logging_mixin.py:188} INFO - [2025-06-21T20:17:03.597+0000] {dagbag.py:538} INFO - Filling up the DagBag from /home/airflow/.local/lib/python3.10/site-packages/airflow/example_dags/tutorial.py
[2025-06-21T20:17:03.600+0000] {processor.py:840} INFO - DAG(s) 'tutorial' retrieved from /home/airflow/.local/lib/python3.10/site-packages/airflow/example_dags/tutorial.py
[2025-06-21T20:17:03.610+0000] {logging_mixin.py:188} INFO - [2025-06-21T20:17:03.610+0000] {dag.py:3036} INFO - Sync 1 DAGs
[2025-06-21T20:17:03.619+0000] {logging_mixin.py:188} INFO - [2025-06-21T20:17:03.619+0000] {dag.py:3823} INFO - Setting next_dagrun for tutorial to 2025-06-20 00:00:00+00:00, run_after=2025-06-21 00:00:00+00:00
[2025-06-21T20:17:03.626+0000] {processor.py:183} INFO - Processing /home/airflow/.local/lib/python3.10/site-packages/airflow/example_dags/tutorial.py took 0.034 seconds
[2025-06-21T20:17:34.424+0000] {processor.py:161} INFO - Started process (PID=316) to work on /home/airflow/.local/lib/python3.10/site-packages/airflow/example_dags/tutorial.py
[2025-06-21T20:17:34.426+0000] {processor.py:830} INFO - Processing file /home/airflow/.local/lib/python3.10/site-packages/airflow/example_dags/tutorial.py for tasks to queue
[2025-06-21T20:17:34.428+0000] {logging_mixin.py:188} INFO - [2025-06-21T20:17:34.428+0000] {dagbag.py:538} INFO - Filling up the DagBag from /home/airflow/.local/lib/python3.10/site-packages/airflow/example_dags/tutorial.py
[2025-06-21T20:17:34.433+0000] {processor.py:840} INFO - DAG(s) 'tutorial' retrieved from /home/airflow/.local/lib/python3.10/site-packages/airflow/example_dags/tutorial.py
[2025-06-21T20:17:34.444+0000] {logging_mixin.py:188} INFO - [2025-06-21T20:17:34.444+0000] {dag.py:3036} INFO - Sync 1 DAGs
[2025-06-21T20:17:34.457+0000] {logging_mixin.py:188} INFO - [2025-06-21T20:17:34.457+0000] {dag.py:3823} INFO - Setting next_dagrun for tutorial to 2025-06-20 00:00:00+00:00, run_after=2025-06-21 00:00:00+00:00
[2025-06-21T20:17:34.466+0000] {processor.py:183} INFO - Processing /home/airflow/.local/lib/python3.10/site-packages/airflow/example_dags/tutorial.py took 0.043 seconds
[2025-06-21T20:18:04.607+0000] {processor.py:161} INFO - Started process (PID=371) to work on /home/airflow/.local/lib/python3.10/site-packages/airflow/example_dags/tutorial.py
[2025-06-21T20:18:04.608+0000] {processor.py:830} INFO - Processing file /home/airflow/.local/lib/python3.10/site-packages/airflow/example_dags/tutorial.py for tasks to queue
[2025-06-21T20:18:04.609+0000] {logging_mixin.py:188} INFO - [2025-06-21T20:18:04.609+0000] {dagbag.py:538} INFO - Filling up the DagBag from /home/airflow/.local/lib/python3.10/site-packages/airflow/example_dags/tutorial.py
[2025-06-21T20:18:04.612+0000] {processor.py:840} INFO - DAG(s) 'tutorial' retrieved from /home/airflow/.local/lib/python3.10/site-packages/airflow/example_dags/tutorial.py
[2025-06-21T20:18:04.626+0000] {logging_mixin.py:188} INFO - [2025-06-21T20:18:04.626+0000] {dag.py:3036} INFO - Sync 1 DAGs
[2025-06-21T20:18:04.639+0000] {logging_mixin.py:188} INFO - [2025-06-21T20:18:04.639+0000] {dag.py:3823} INFO - Setting next_dagrun for tutorial to 2025-06-20 00:00:00+00:00, run_after=2025-06-21 00:00:00+00:00
[2025-06-21T20:18:04.650+0000] {processor.py:183} INFO - Processing /home/airflow/.local/lib/python3.10/site-packages/airflow/example_dags/tutorial.py took 0.044 seconds
[2025-06-21T20:18:35.318+0000] {processor.py:161} INFO - Started process (PID=431) to work on /home/airflow/.local/lib/python3.10/site-packages/airflow/example_dags/tutorial.py
[2025-06-21T20:18:35.320+0000] {processor.py:830} INFO - Processing file /home/airflow/.local/lib/python3.10/site-packages/airflow/example_dags/tutorial.py for tasks to queue
[2025-06-21T20:18:35.321+0000] {logging_mixin.py:188} INFO - [2025-06-21T20:18:35.321+0000] {dagbag.py:538} INFO - Filling up the DagBag from /home/airflow/.local/lib/python3.10/site-packages/airflow/example_dags/tutorial.py
[2025-06-21T20:18:35.324+0000] {processor.py:840} INFO - DAG(s) 'tutorial' retrieved from /home/airflow/.local/lib/python3.10/site-packages/airflow/example_dags/tutorial.py
[2025-06-21T20:18:35.334+0000] {logging_mixin.py:188} INFO - [2025-06-21T20:18:35.334+0000] {dag.py:3036} INFO - Sync 1 DAGs
[2025-06-21T20:18:35.344+0000] {logging_mixin.py:188} INFO - [2025-06-21T20:18:35.344+0000] {dag.py:3823} INFO - Setting next_dagrun for tutorial to 2025-06-20 00:00:00+00:00, run_after=2025-06-21 00:00:00+00:00
[2025-06-21T20:18:35.352+0000] {processor.py:183} INFO - Processing /home/airflow/.local/lib/python3.10/site-packages/airflow/example_dags/tutorial.py took 0.035 seconds
