[2025-06-21T20:15:01.979+0000] {processor.py:161} INFO - Started process (PID=55) to work on /home/airflow/.local/lib/python3.10/site-packages/airflow/example_dags/tutorial_objectstorage.py
[2025-06-21T20:15:01.980+0000] {processor.py:830} INFO - Processing file /home/airflow/.local/lib/python3.10/site-packages/airflow/example_dags/tutorial_objectstorage.py for tasks to queue
[2025-06-21T20:15:01.981+0000] {logging_mixin.py:188} INFO - [2025-06-21T20:15:01.981+0000] {dagbag.py:538} INFO - Filling up the DagBag from /home/airflow/.local/lib/python3.10/site-packages/airflow/example_dags/tutorial_objectstorage.py
[2025-06-21T20:15:01.986+0000] {processor.py:840} INFO - DAG(s) 'tutorial_objectstorage' retrieved from /home/airflow/.local/lib/python3.10/site-packages/airflow/example_dags/tutorial_objectstorage.py
[2025-06-21T20:15:01.993+0000] {logging_mixin.py:188} INFO - [2025-06-21T20:15:01.992+0000] {dag.py:3036} INFO - Sync 1 DAGs
[2025-06-21T20:15:01.999+0000] {logging_mixin.py:188} INFO - [2025-06-21T20:15:01.999+0000] {dag.py:3823} INFO - Setting next_dagrun for tutorial_objectstorage to None, run_after=None
[2025-06-21T20:15:02.007+0000] {processor.py:183} INFO - Processing /home/airflow/.local/lib/python3.10/site-packages/airflow/example_dags/tutorial_objectstorage.py took 0.029 seconds
[2025-06-21T20:15:32.921+0000] {processor.py:161} INFO - Started process (PID=110) to work on /home/airflow/.local/lib/python3.10/site-packages/airflow/example_dags/tutorial_objectstorage.py
[2025-06-21T20:15:32.921+0000] {processor.py:830} INFO - Processing file /home/airflow/.local/lib/python3.10/site-packages/airflow/example_dags/tutorial_objectstorage.py for tasks to queue
[2025-06-21T20:15:32.922+0000] {logging_mixin.py:188} INFO - [2025-06-21T20:15:32.922+0000] {dagbag.py:538} INFO - Filling up the DagBag from /home/airflow/.local/lib/python3.10/site-packages/airflow/example_dags/tutorial_objectstorage.py
[2025-06-21T20:15:32.925+0000] {processor.py:840} INFO - DAG(s) 'tutorial_objectstorage' retrieved from /home/airflow/.local/lib/python3.10/site-packages/airflow/example_dags/tutorial_objectstorage.py
[2025-06-21T20:15:32.980+0000] {logging_mixin.py:188} INFO - [2025-06-21T20:15:32.980+0000] {dag.py:3036} INFO - Sync 1 DAGs
[2025-06-21T20:15:32.985+0000] {logging_mixin.py:188} INFO - [2025-06-21T20:15:32.985+0000] {dag.py:3823} INFO - Setting next_dagrun for tutorial_objectstorage to None, run_after=None
[2025-06-21T20:15:32.998+0000] {processor.py:183} INFO - Processing /home/airflow/.local/lib/python3.10/site-packages/airflow/example_dags/tutorial_objectstorage.py took 0.079 seconds
[2025-06-21T20:16:03.465+0000] {processor.py:161} INFO - Started process (PID=165) to work on /home/airflow/.local/lib/python3.10/site-packages/airflow/example_dags/tutorial_objectstorage.py
[2025-06-21T20:16:03.467+0000] {processor.py:830} INFO - Processing file /home/airflow/.local/lib/python3.10/site-packages/airflow/example_dags/tutorial_objectstorage.py for tasks to queue
[2025-06-21T20:16:03.468+0000] {logging_mixin.py:188} INFO - [2025-06-21T20:16:03.468+0000] {dagbag.py:538} INFO - Filling up the DagBag from /home/airflow/.local/lib/python3.10/site-packages/airflow/example_dags/tutorial_objectstorage.py
[2025-06-21T20:16:03.473+0000] {processor.py:840} INFO - DAG(s) 'tutorial_objectstorage' retrieved from /home/airflow/.local/lib/python3.10/site-packages/airflow/example_dags/tutorial_objectstorage.py
[2025-06-21T20:16:03.488+0000] {logging_mixin.py:188} INFO - [2025-06-21T20:16:03.488+0000] {dag.py:3036} INFO - Sync 1 DAGs
[2025-06-21T20:16:03.495+0000] {logging_mixin.py:188} INFO - [2025-06-21T20:16:03.495+0000] {dag.py:3823} INFO - Setting next_dagrun for tutorial_objectstorage to None, run_after=None
[2025-06-21T20:16:03.509+0000] {processor.py:183} INFO - Processing /home/airflow/.local/lib/python3.10/site-packages/airflow/example_dags/tutorial_objectstorage.py took 0.048 seconds
[2025-06-21T20:16:33.539+0000] {processor.py:161} INFO - Started process (PID=218) to work on /home/airflow/.local/lib/python3.10/site-packages/airflow/example_dags/tutorial_objectstorage.py
[2025-06-21T20:16:33.539+0000] {processor.py:830} INFO - Processing file /home/airflow/.local/lib/python3.10/site-packages/airflow/example_dags/tutorial_objectstorage.py for tasks to queue
[2025-06-21T20:16:33.540+0000] {logging_mixin.py:188} INFO - [2025-06-21T20:16:33.540+0000] {dagbag.py:538} INFO - Filling up the DagBag from /home/airflow/.local/lib/python3.10/site-packages/airflow/example_dags/tutorial_objectstorage.py
[2025-06-21T20:16:33.543+0000] {processor.py:840} INFO - DAG(s) 'tutorial_objectstorage' retrieved from /home/airflow/.local/lib/python3.10/site-packages/airflow/example_dags/tutorial_objectstorage.py
[2025-06-21T20:16:33.553+0000] {logging_mixin.py:188} INFO - [2025-06-21T20:16:33.553+0000] {dag.py:3036} INFO - Sync 1 DAGs
[2025-06-21T20:16:33.558+0000] {logging_mixin.py:188} INFO - [2025-06-21T20:16:33.558+0000] {dag.py:3823} INFO - Setting next_dagrun for tutorial_objectstorage to None, run_after=None
[2025-06-21T20:16:33.566+0000] {processor.py:183} INFO - Processing /home/airflow/.local/lib/python3.10/site-packages/airflow/example_dags/tutorial_objectstorage.py took 0.029 seconds
[2025-06-21T20:17:03.999+0000] {processor.py:161} INFO - Started process (PID=274) to work on /home/airflow/.local/lib/python3.10/site-packages/airflow/example_dags/tutorial_objectstorage.py
[2025-06-21T20:17:04.000+0000] {processor.py:830} INFO - Processing file /home/airflow/.local/lib/python3.10/site-packages/airflow/example_dags/tutorial_objectstorage.py for tasks to queue
[2025-06-21T20:17:04.001+0000] {logging_mixin.py:188} INFO - [2025-06-21T20:17:04.001+0000] {dagbag.py:538} INFO - Filling up the DagBag from /home/airflow/.local/lib/python3.10/site-packages/airflow/example_dags/tutorial_objectstorage.py
[2025-06-21T20:17:04.004+0000] {processor.py:840} INFO - DAG(s) 'tutorial_objectstorage' retrieved from /home/airflow/.local/lib/python3.10/site-packages/airflow/example_dags/tutorial_objectstorage.py
[2025-06-21T20:17:04.014+0000] {logging_mixin.py:188} INFO - [2025-06-21T20:17:04.013+0000] {dag.py:3036} INFO - Sync 1 DAGs
[2025-06-21T20:17:04.019+0000] {logging_mixin.py:188} INFO - [2025-06-21T20:17:04.019+0000] {dag.py:3823} INFO - Setting next_dagrun for tutorial_objectstorage to None, run_after=None
[2025-06-21T20:17:04.033+0000] {processor.py:183} INFO - Processing /home/airflow/.local/lib/python3.10/site-packages/airflow/example_dags/tutorial_objectstorage.py took 0.035 seconds
[2025-06-21T20:17:34.888+0000] {processor.py:161} INFO - Started process (PID=335) to work on /home/airflow/.local/lib/python3.10/site-packages/airflow/example_dags/tutorial_objectstorage.py
[2025-06-21T20:17:34.889+0000] {processor.py:830} INFO - Processing file /home/airflow/.local/lib/python3.10/site-packages/airflow/example_dags/tutorial_objectstorage.py for tasks to queue
[2025-06-21T20:17:34.891+0000] {logging_mixin.py:188} INFO - [2025-06-21T20:17:34.891+0000] {dagbag.py:538} INFO - Filling up the DagBag from /home/airflow/.local/lib/python3.10/site-packages/airflow/example_dags/tutorial_objectstorage.py
[2025-06-21T20:17:34.895+0000] {processor.py:840} INFO - DAG(s) 'tutorial_objectstorage' retrieved from /home/airflow/.local/lib/python3.10/site-packages/airflow/example_dags/tutorial_objectstorage.py
[2025-06-21T20:17:34.907+0000] {logging_mixin.py:188} INFO - [2025-06-21T20:17:34.907+0000] {dag.py:3036} INFO - Sync 1 DAGs
[2025-06-21T20:17:34.914+0000] {logging_mixin.py:188} INFO - [2025-06-21T20:17:34.914+0000] {dag.py:3823} INFO - Setting next_dagrun for tutorial_objectstorage to None, run_after=None
[2025-06-21T20:17:34.925+0000] {processor.py:183} INFO - Processing /home/airflow/.local/lib/python3.10/site-packages/airflow/example_dags/tutorial_objectstorage.py took 0.039 seconds
[2025-06-21T20:18:04.982+0000] {processor.py:161} INFO - Started process (PID=389) to work on /home/airflow/.local/lib/python3.10/site-packages/airflow/example_dags/tutorial_objectstorage.py
[2025-06-21T20:18:04.982+0000] {processor.py:830} INFO - Processing file /home/airflow/.local/lib/python3.10/site-packages/airflow/example_dags/tutorial_objectstorage.py for tasks to queue
[2025-06-21T20:18:04.984+0000] {logging_mixin.py:188} INFO - [2025-06-21T20:18:04.984+0000] {dagbag.py:538} INFO - Filling up the DagBag from /home/airflow/.local/lib/python3.10/site-packages/airflow/example_dags/tutorial_objectstorage.py
[2025-06-21T20:18:04.989+0000] {processor.py:840} INFO - DAG(s) 'tutorial_objectstorage' retrieved from /home/airflow/.local/lib/python3.10/site-packages/airflow/example_dags/tutorial_objectstorage.py
[2025-06-21T20:18:05.006+0000] {logging_mixin.py:188} INFO - [2025-06-21T20:18:05.006+0000] {dag.py:3036} INFO - Sync 1 DAGs
[2025-06-21T20:18:05.012+0000] {logging_mixin.py:188} INFO - [2025-06-21T20:18:05.012+0000] {dag.py:3823} INFO - Setting next_dagrun for tutorial_objectstorage to None, run_after=None
[2025-06-21T20:18:05.023+0000] {processor.py:183} INFO - Processing /home/airflow/.local/lib/python3.10/site-packages/airflow/example_dags/tutorial_objectstorage.py took 0.044 seconds
[2025-06-21T20:18:35.624+0000] {processor.py:161} INFO - Started process (PID=444) to work on /home/airflow/.local/lib/python3.10/site-packages/airflow/example_dags/tutorial_objectstorage.py
[2025-06-21T20:18:35.625+0000] {processor.py:830} INFO - Processing file /home/airflow/.local/lib/python3.10/site-packages/airflow/example_dags/tutorial_objectstorage.py for tasks to queue
[2025-06-21T20:18:35.627+0000] {logging_mixin.py:188} INFO - [2025-06-21T20:18:35.626+0000] {dagbag.py:538} INFO - Filling up the DagBag from /home/airflow/.local/lib/python3.10/site-packages/airflow/example_dags/tutorial_objectstorage.py
[2025-06-21T20:18:35.631+0000] {processor.py:840} INFO - DAG(s) 'tutorial_objectstorage' retrieved from /home/airflow/.local/lib/python3.10/site-packages/airflow/example_dags/tutorial_objectstorage.py
[2025-06-21T20:18:35.639+0000] {logging_mixin.py:188} INFO - [2025-06-21T20:18:35.639+0000] {dag.py:3036} INFO - Sync 1 DAGs
[2025-06-21T20:18:35.646+0000] {logging_mixin.py:188} INFO - [2025-06-21T20:18:35.645+0000] {dag.py:3823} INFO - Setting next_dagrun for tutorial_objectstorage to None, run_after=None
[2025-06-21T20:18:35.655+0000] {processor.py:183} INFO - Processing /home/airflow/.local/lib/python3.10/site-packages/airflow/example_dags/tutorial_objectstorage.py took 0.033 seconds
[2025-06-21T20:23:37.811+0000] {processor.py:161} INFO - Started process (PID=55) to work on /home/airflow/.local/lib/python3.10/site-packages/airflow/example_dags/tutorial_objectstorage.py
[2025-06-21T20:23:37.812+0000] {processor.py:830} INFO - Processing file /home/airflow/.local/lib/python3.10/site-packages/airflow/example_dags/tutorial_objectstorage.py for tasks to queue
[2025-06-21T20:23:37.813+0000] {logging_mixin.py:188} INFO - [2025-06-21T20:23:37.813+0000] {dagbag.py:538} INFO - Filling up the DagBag from /home/airflow/.local/lib/python3.10/site-packages/airflow/example_dags/tutorial_objectstorage.py
[2025-06-21T20:23:37.818+0000] {processor.py:840} INFO - DAG(s) 'tutorial_objectstorage' retrieved from /home/airflow/.local/lib/python3.10/site-packages/airflow/example_dags/tutorial_objectstorage.py
[2025-06-21T20:23:37.823+0000] {logging_mixin.py:188} INFO - [2025-06-21T20:23:37.823+0000] {dag.py:3036} INFO - Sync 1 DAGs
[2025-06-21T20:23:37.829+0000] {logging_mixin.py:188} INFO - [2025-06-21T20:23:37.829+0000] {dag.py:3823} INFO - Setting next_dagrun for tutorial_objectstorage to None, run_after=None
[2025-06-21T20:23:37.836+0000] {processor.py:183} INFO - Processing /home/airflow/.local/lib/python3.10/site-packages/airflow/example_dags/tutorial_objectstorage.py took 0.027 seconds
[2025-06-21T20:24:08.845+0000] {processor.py:161} INFO - Started process (PID=110) to work on /home/airflow/.local/lib/python3.10/site-packages/airflow/example_dags/tutorial_objectstorage.py
[2025-06-21T20:24:08.846+0000] {processor.py:830} INFO - Processing file /home/airflow/.local/lib/python3.10/site-packages/airflow/example_dags/tutorial_objectstorage.py for tasks to queue
[2025-06-21T20:24:08.847+0000] {logging_mixin.py:188} INFO - [2025-06-21T20:24:08.847+0000] {dagbag.py:538} INFO - Filling up the DagBag from /home/airflow/.local/lib/python3.10/site-packages/airflow/example_dags/tutorial_objectstorage.py
[2025-06-21T20:24:08.851+0000] {processor.py:840} INFO - DAG(s) 'tutorial_objectstorage' retrieved from /home/airflow/.local/lib/python3.10/site-packages/airflow/example_dags/tutorial_objectstorage.py
[2025-06-21T20:24:08.898+0000] {logging_mixin.py:188} INFO - [2025-06-21T20:24:08.898+0000] {dag.py:3036} INFO - Sync 1 DAGs
[2025-06-21T20:24:08.903+0000] {logging_mixin.py:188} INFO - [2025-06-21T20:24:08.903+0000] {dag.py:3823} INFO - Setting next_dagrun for tutorial_objectstorage to None, run_after=None
[2025-06-21T20:24:08.915+0000] {processor.py:183} INFO - Processing /home/airflow/.local/lib/python3.10/site-packages/airflow/example_dags/tutorial_objectstorage.py took 0.072 seconds
[2025-06-21T20:24:38.969+0000] {processor.py:161} INFO - Started process (PID=165) to work on /home/airflow/.local/lib/python3.10/site-packages/airflow/example_dags/tutorial_objectstorage.py
[2025-06-21T20:24:38.970+0000] {processor.py:830} INFO - Processing file /home/airflow/.local/lib/python3.10/site-packages/airflow/example_dags/tutorial_objectstorage.py for tasks to queue
[2025-06-21T20:24:38.971+0000] {logging_mixin.py:188} INFO - [2025-06-21T20:24:38.971+0000] {dagbag.py:538} INFO - Filling up the DagBag from /home/airflow/.local/lib/python3.10/site-packages/airflow/example_dags/tutorial_objectstorage.py
[2025-06-21T20:24:38.976+0000] {processor.py:840} INFO - DAG(s) 'tutorial_objectstorage' retrieved from /home/airflow/.local/lib/python3.10/site-packages/airflow/example_dags/tutorial_objectstorage.py
[2025-06-21T20:24:38.991+0000] {logging_mixin.py:188} INFO - [2025-06-21T20:24:38.991+0000] {dag.py:3036} INFO - Sync 1 DAGs
[2025-06-21T20:24:38.997+0000] {logging_mixin.py:188} INFO - [2025-06-21T20:24:38.996+0000] {dag.py:3823} INFO - Setting next_dagrun for tutorial_objectstorage to None, run_after=None
[2025-06-21T20:24:39.009+0000] {processor.py:183} INFO - Processing /home/airflow/.local/lib/python3.10/site-packages/airflow/example_dags/tutorial_objectstorage.py took 0.042 seconds
[2025-06-21T20:25:09.874+0000] {processor.py:161} INFO - Started process (PID=219) to work on /home/airflow/.local/lib/python3.10/site-packages/airflow/example_dags/tutorial_objectstorage.py
[2025-06-21T20:25:09.875+0000] {processor.py:830} INFO - Processing file /home/airflow/.local/lib/python3.10/site-packages/airflow/example_dags/tutorial_objectstorage.py for tasks to queue
[2025-06-21T20:25:09.876+0000] {logging_mixin.py:188} INFO - [2025-06-21T20:25:09.876+0000] {dagbag.py:538} INFO - Filling up the DagBag from /home/airflow/.local/lib/python3.10/site-packages/airflow/example_dags/tutorial_objectstorage.py
[2025-06-21T20:25:09.879+0000] {processor.py:840} INFO - DAG(s) 'tutorial_objectstorage' retrieved from /home/airflow/.local/lib/python3.10/site-packages/airflow/example_dags/tutorial_objectstorage.py
[2025-06-21T20:25:09.894+0000] {logging_mixin.py:188} INFO - [2025-06-21T20:25:09.894+0000] {dag.py:3036} INFO - Sync 1 DAGs
[2025-06-21T20:25:09.901+0000] {logging_mixin.py:188} INFO - [2025-06-21T20:25:09.901+0000] {dag.py:3823} INFO - Setting next_dagrun for tutorial_objectstorage to None, run_after=None
[2025-06-21T20:25:09.915+0000] {processor.py:183} INFO - Processing /home/airflow/.local/lib/python3.10/site-packages/airflow/example_dags/tutorial_objectstorage.py took 0.044 seconds
[2025-06-21T20:25:40.984+0000] {processor.py:161} INFO - Started process (PID=279) to work on /home/airflow/.local/lib/python3.10/site-packages/airflow/example_dags/tutorial_objectstorage.py
[2025-06-21T20:25:40.985+0000] {processor.py:830} INFO - Processing file /home/airflow/.local/lib/python3.10/site-packages/airflow/example_dags/tutorial_objectstorage.py for tasks to queue
[2025-06-21T20:25:40.986+0000] {logging_mixin.py:188} INFO - [2025-06-21T20:25:40.986+0000] {dagbag.py:538} INFO - Filling up the DagBag from /home/airflow/.local/lib/python3.10/site-packages/airflow/example_dags/tutorial_objectstorage.py
[2025-06-21T20:25:40.990+0000] {processor.py:840} INFO - DAG(s) 'tutorial_objectstorage' retrieved from /home/airflow/.local/lib/python3.10/site-packages/airflow/example_dags/tutorial_objectstorage.py
[2025-06-21T20:25:41.007+0000] {logging_mixin.py:188} INFO - [2025-06-21T20:25:41.007+0000] {dag.py:3036} INFO - Sync 1 DAGs
[2025-06-21T20:25:41.014+0000] {logging_mixin.py:188} INFO - [2025-06-21T20:25:41.014+0000] {dag.py:3823} INFO - Setting next_dagrun for tutorial_objectstorage to None, run_after=None
[2025-06-21T20:25:41.024+0000] {processor.py:183} INFO - Processing /home/airflow/.local/lib/python3.10/site-packages/airflow/example_dags/tutorial_objectstorage.py took 0.042 seconds
[2025-06-21T20:26:11.913+0000] {processor.py:161} INFO - Started process (PID=334) to work on /home/airflow/.local/lib/python3.10/site-packages/airflow/example_dags/tutorial_objectstorage.py
[2025-06-21T20:26:11.915+0000] {processor.py:830} INFO - Processing file /home/airflow/.local/lib/python3.10/site-packages/airflow/example_dags/tutorial_objectstorage.py for tasks to queue
[2025-06-21T20:26:11.916+0000] {logging_mixin.py:188} INFO - [2025-06-21T20:26:11.916+0000] {dagbag.py:538} INFO - Filling up the DagBag from /home/airflow/.local/lib/python3.10/site-packages/airflow/example_dags/tutorial_objectstorage.py
[2025-06-21T20:26:11.920+0000] {processor.py:840} INFO - DAG(s) 'tutorial_objectstorage' retrieved from /home/airflow/.local/lib/python3.10/site-packages/airflow/example_dags/tutorial_objectstorage.py
[2025-06-21T20:26:11.935+0000] {logging_mixin.py:188} INFO - [2025-06-21T20:26:11.935+0000] {dag.py:3036} INFO - Sync 1 DAGs
[2025-06-21T20:26:11.941+0000] {logging_mixin.py:188} INFO - [2025-06-21T20:26:11.941+0000] {dag.py:3823} INFO - Setting next_dagrun for tutorial_objectstorage to None, run_after=None
[2025-06-21T20:26:11.953+0000] {processor.py:183} INFO - Processing /home/airflow/.local/lib/python3.10/site-packages/airflow/example_dags/tutorial_objectstorage.py took 0.041 seconds
[2025-06-21T20:26:42.728+0000] {processor.py:161} INFO - Started process (PID=389) to work on /home/airflow/.local/lib/python3.10/site-packages/airflow/example_dags/tutorial_objectstorage.py
[2025-06-21T20:26:42.730+0000] {processor.py:830} INFO - Processing file /home/airflow/.local/lib/python3.10/site-packages/airflow/example_dags/tutorial_objectstorage.py for tasks to queue
[2025-06-21T20:26:42.732+0000] {logging_mixin.py:188} INFO - [2025-06-21T20:26:42.732+0000] {dagbag.py:538} INFO - Filling up the DagBag from /home/airflow/.local/lib/python3.10/site-packages/airflow/example_dags/tutorial_objectstorage.py
[2025-06-21T20:26:42.738+0000] {processor.py:840} INFO - DAG(s) 'tutorial_objectstorage' retrieved from /home/airflow/.local/lib/python3.10/site-packages/airflow/example_dags/tutorial_objectstorage.py
[2025-06-21T20:26:42.753+0000] {logging_mixin.py:188} INFO - [2025-06-21T20:26:42.753+0000] {dag.py:3036} INFO - Sync 1 DAGs
[2025-06-21T20:26:42.761+0000] {logging_mixin.py:188} INFO - [2025-06-21T20:26:42.761+0000] {dag.py:3823} INFO - Setting next_dagrun for tutorial_objectstorage to None, run_after=None
[2025-06-21T20:26:42.781+0000] {processor.py:183} INFO - Processing /home/airflow/.local/lib/python3.10/site-packages/airflow/example_dags/tutorial_objectstorage.py took 0.055 seconds
[2025-06-21T20:27:12.823+0000] {processor.py:161} INFO - Started process (PID=443) to work on /home/airflow/.local/lib/python3.10/site-packages/airflow/example_dags/tutorial_objectstorage.py
[2025-06-21T20:27:12.823+0000] {processor.py:830} INFO - Processing file /home/airflow/.local/lib/python3.10/site-packages/airflow/example_dags/tutorial_objectstorage.py for tasks to queue
[2025-06-21T20:27:12.824+0000] {logging_mixin.py:188} INFO - [2025-06-21T20:27:12.824+0000] {dagbag.py:538} INFO - Filling up the DagBag from /home/airflow/.local/lib/python3.10/site-packages/airflow/example_dags/tutorial_objectstorage.py
[2025-06-21T20:27:12.828+0000] {processor.py:840} INFO - DAG(s) 'tutorial_objectstorage' retrieved from /home/airflow/.local/lib/python3.10/site-packages/airflow/example_dags/tutorial_objectstorage.py
[2025-06-21T20:27:12.836+0000] {logging_mixin.py:188} INFO - [2025-06-21T20:27:12.836+0000] {dag.py:3036} INFO - Sync 1 DAGs
[2025-06-21T20:27:12.841+0000] {logging_mixin.py:188} INFO - [2025-06-21T20:27:12.841+0000] {dag.py:3823} INFO - Setting next_dagrun for tutorial_objectstorage to None, run_after=None
[2025-06-21T20:27:12.848+0000] {processor.py:183} INFO - Processing /home/airflow/.local/lib/python3.10/site-packages/airflow/example_dags/tutorial_objectstorage.py took 0.027 seconds
[2025-06-21T20:27:42.867+0000] {processor.py:161} INFO - Started process (PID=498) to work on /home/airflow/.local/lib/python3.10/site-packages/airflow/example_dags/tutorial_objectstorage.py
[2025-06-21T20:27:42.868+0000] {processor.py:830} INFO - Processing file /home/airflow/.local/lib/python3.10/site-packages/airflow/example_dags/tutorial_objectstorage.py for tasks to queue
[2025-06-21T20:27:42.871+0000] {logging_mixin.py:188} INFO - [2025-06-21T20:27:42.870+0000] {dagbag.py:538} INFO - Filling up the DagBag from /home/airflow/.local/lib/python3.10/site-packages/airflow/example_dags/tutorial_objectstorage.py
[2025-06-21T20:27:42.876+0000] {processor.py:840} INFO - DAG(s) 'tutorial_objectstorage' retrieved from /home/airflow/.local/lib/python3.10/site-packages/airflow/example_dags/tutorial_objectstorage.py
[2025-06-21T20:27:42.889+0000] {logging_mixin.py:188} INFO - [2025-06-21T20:27:42.889+0000] {dag.py:3036} INFO - Sync 1 DAGs
[2025-06-21T20:27:42.896+0000] {logging_mixin.py:188} INFO - [2025-06-21T20:27:42.896+0000] {dag.py:3823} INFO - Setting next_dagrun for tutorial_objectstorage to None, run_after=None
[2025-06-21T20:27:42.907+0000] {processor.py:183} INFO - Processing /home/airflow/.local/lib/python3.10/site-packages/airflow/example_dags/tutorial_objectstorage.py took 0.043 seconds
[2025-06-21T20:28:13.650+0000] {processor.py:161} INFO - Started process (PID=554) to work on /home/airflow/.local/lib/python3.10/site-packages/airflow/example_dags/tutorial_objectstorage.py
[2025-06-21T20:28:13.650+0000] {processor.py:830} INFO - Processing file /home/airflow/.local/lib/python3.10/site-packages/airflow/example_dags/tutorial_objectstorage.py for tasks to queue
[2025-06-21T20:28:13.651+0000] {logging_mixin.py:188} INFO - [2025-06-21T20:28:13.651+0000] {dagbag.py:538} INFO - Filling up the DagBag from /home/airflow/.local/lib/python3.10/site-packages/airflow/example_dags/tutorial_objectstorage.py
[2025-06-21T20:28:13.654+0000] {processor.py:840} INFO - DAG(s) 'tutorial_objectstorage' retrieved from /home/airflow/.local/lib/python3.10/site-packages/airflow/example_dags/tutorial_objectstorage.py
[2025-06-21T20:28:13.664+0000] {logging_mixin.py:188} INFO - [2025-06-21T20:28:13.664+0000] {dag.py:3036} INFO - Sync 1 DAGs
[2025-06-21T20:28:13.670+0000] {logging_mixin.py:188} INFO - [2025-06-21T20:28:13.670+0000] {dag.py:3823} INFO - Setting next_dagrun for tutorial_objectstorage to None, run_after=None
[2025-06-21T20:28:13.678+0000] {processor.py:183} INFO - Processing /home/airflow/.local/lib/python3.10/site-packages/airflow/example_dags/tutorial_objectstorage.py took 0.030 seconds
[2025-06-21T20:28:44.381+0000] {processor.py:161} INFO - Started process (PID=609) to work on /home/airflow/.local/lib/python3.10/site-packages/airflow/example_dags/tutorial_objectstorage.py
[2025-06-21T20:28:44.382+0000] {processor.py:830} INFO - Processing file /home/airflow/.local/lib/python3.10/site-packages/airflow/example_dags/tutorial_objectstorage.py for tasks to queue
[2025-06-21T20:28:44.383+0000] {logging_mixin.py:188} INFO - [2025-06-21T20:28:44.383+0000] {dagbag.py:538} INFO - Filling up the DagBag from /home/airflow/.local/lib/python3.10/site-packages/airflow/example_dags/tutorial_objectstorage.py
[2025-06-21T20:28:44.386+0000] {processor.py:840} INFO - DAG(s) 'tutorial_objectstorage' retrieved from /home/airflow/.local/lib/python3.10/site-packages/airflow/example_dags/tutorial_objectstorage.py
[2025-06-21T20:28:44.395+0000] {logging_mixin.py:188} INFO - [2025-06-21T20:28:44.395+0000] {dag.py:3036} INFO - Sync 1 DAGs
[2025-06-21T20:28:44.401+0000] {logging_mixin.py:188} INFO - [2025-06-21T20:28:44.401+0000] {dag.py:3823} INFO - Setting next_dagrun for tutorial_objectstorage to None, run_after=None
[2025-06-21T20:28:44.412+0000] {processor.py:183} INFO - Processing /home/airflow/.local/lib/python3.10/site-packages/airflow/example_dags/tutorial_objectstorage.py took 0.033 seconds
[2025-06-21T20:29:15.131+0000] {processor.py:161} INFO - Started process (PID=664) to work on /home/airflow/.local/lib/python3.10/site-packages/airflow/example_dags/tutorial_objectstorage.py
[2025-06-21T20:29:15.131+0000] {processor.py:830} INFO - Processing file /home/airflow/.local/lib/python3.10/site-packages/airflow/example_dags/tutorial_objectstorage.py for tasks to queue
[2025-06-21T20:29:15.132+0000] {logging_mixin.py:188} INFO - [2025-06-21T20:29:15.132+0000] {dagbag.py:538} INFO - Filling up the DagBag from /home/airflow/.local/lib/python3.10/site-packages/airflow/example_dags/tutorial_objectstorage.py
[2025-06-21T20:29:15.136+0000] {processor.py:840} INFO - DAG(s) 'tutorial_objectstorage' retrieved from /home/airflow/.local/lib/python3.10/site-packages/airflow/example_dags/tutorial_objectstorage.py
[2025-06-21T20:29:15.145+0000] {logging_mixin.py:188} INFO - [2025-06-21T20:29:15.145+0000] {dag.py:3036} INFO - Sync 1 DAGs
[2025-06-21T20:29:15.151+0000] {logging_mixin.py:188} INFO - [2025-06-21T20:29:15.151+0000] {dag.py:3823} INFO - Setting next_dagrun for tutorial_objectstorage to None, run_after=None
[2025-06-21T20:29:15.160+0000] {processor.py:183} INFO - Processing /home/airflow/.local/lib/python3.10/site-packages/airflow/example_dags/tutorial_objectstorage.py took 0.032 seconds
[2025-06-21T20:29:45.833+0000] {processor.py:161} INFO - Started process (PID=719) to work on /home/airflow/.local/lib/python3.10/site-packages/airflow/example_dags/tutorial_objectstorage.py
[2025-06-21T20:29:45.834+0000] {processor.py:830} INFO - Processing file /home/airflow/.local/lib/python3.10/site-packages/airflow/example_dags/tutorial_objectstorage.py for tasks to queue
[2025-06-21T20:29:45.834+0000] {logging_mixin.py:188} INFO - [2025-06-21T20:29:45.834+0000] {dagbag.py:538} INFO - Filling up the DagBag from /home/airflow/.local/lib/python3.10/site-packages/airflow/example_dags/tutorial_objectstorage.py
[2025-06-21T20:29:45.838+0000] {processor.py:840} INFO - DAG(s) 'tutorial_objectstorage' retrieved from /home/airflow/.local/lib/python3.10/site-packages/airflow/example_dags/tutorial_objectstorage.py
[2025-06-21T20:29:45.846+0000] {logging_mixin.py:188} INFO - [2025-06-21T20:29:45.846+0000] {dag.py:3036} INFO - Sync 1 DAGs
[2025-06-21T20:29:45.851+0000] {logging_mixin.py:188} INFO - [2025-06-21T20:29:45.851+0000] {dag.py:3823} INFO - Setting next_dagrun for tutorial_objectstorage to None, run_after=None
[2025-06-21T20:29:45.860+0000] {processor.py:183} INFO - Processing /home/airflow/.local/lib/python3.10/site-packages/airflow/example_dags/tutorial_objectstorage.py took 0.029 seconds
[2025-06-21T20:30:16.536+0000] {processor.py:161} INFO - Started process (PID=774) to work on /home/airflow/.local/lib/python3.10/site-packages/airflow/example_dags/tutorial_objectstorage.py
[2025-06-21T20:30:16.538+0000] {processor.py:830} INFO - Processing file /home/airflow/.local/lib/python3.10/site-packages/airflow/example_dags/tutorial_objectstorage.py for tasks to queue
[2025-06-21T20:30:16.539+0000] {logging_mixin.py:188} INFO - [2025-06-21T20:30:16.539+0000] {dagbag.py:538} INFO - Filling up the DagBag from /home/airflow/.local/lib/python3.10/site-packages/airflow/example_dags/tutorial_objectstorage.py
[2025-06-21T20:30:16.544+0000] {processor.py:840} INFO - DAG(s) 'tutorial_objectstorage' retrieved from /home/airflow/.local/lib/python3.10/site-packages/airflow/example_dags/tutorial_objectstorage.py
[2025-06-21T20:30:16.553+0000] {logging_mixin.py:188} INFO - [2025-06-21T20:30:16.553+0000] {dag.py:3036} INFO - Sync 1 DAGs
[2025-06-21T20:30:16.559+0000] {logging_mixin.py:188} INFO - [2025-06-21T20:30:16.559+0000] {dag.py:3823} INFO - Setting next_dagrun for tutorial_objectstorage to None, run_after=None
[2025-06-21T20:30:16.567+0000] {processor.py:183} INFO - Processing /home/airflow/.local/lib/python3.10/site-packages/airflow/example_dags/tutorial_objectstorage.py took 0.033 seconds
[2025-06-21T20:30:47.146+0000] {processor.py:161} INFO - Started process (PID=829) to work on /home/airflow/.local/lib/python3.10/site-packages/airflow/example_dags/tutorial_objectstorage.py
[2025-06-21T20:30:47.146+0000] {processor.py:830} INFO - Processing file /home/airflow/.local/lib/python3.10/site-packages/airflow/example_dags/tutorial_objectstorage.py for tasks to queue
[2025-06-21T20:30:47.147+0000] {logging_mixin.py:188} INFO - [2025-06-21T20:30:47.147+0000] {dagbag.py:538} INFO - Filling up the DagBag from /home/airflow/.local/lib/python3.10/site-packages/airflow/example_dags/tutorial_objectstorage.py
[2025-06-21T20:30:47.151+0000] {processor.py:840} INFO - DAG(s) 'tutorial_objectstorage' retrieved from /home/airflow/.local/lib/python3.10/site-packages/airflow/example_dags/tutorial_objectstorage.py
[2025-06-21T20:30:47.159+0000] {logging_mixin.py:188} INFO - [2025-06-21T20:30:47.159+0000] {dag.py:3036} INFO - Sync 1 DAGs
[2025-06-21T20:30:47.166+0000] {logging_mixin.py:188} INFO - [2025-06-21T20:30:47.166+0000] {dag.py:3823} INFO - Setting next_dagrun for tutorial_objectstorage to None, run_after=None
[2025-06-21T20:30:47.176+0000] {processor.py:183} INFO - Processing /home/airflow/.local/lib/python3.10/site-packages/airflow/example_dags/tutorial_objectstorage.py took 0.032 seconds
[2025-06-21T20:31:17.815+0000] {processor.py:161} INFO - Started process (PID=884) to work on /home/airflow/.local/lib/python3.10/site-packages/airflow/example_dags/tutorial_objectstorage.py
[2025-06-21T20:31:17.816+0000] {processor.py:830} INFO - Processing file /home/airflow/.local/lib/python3.10/site-packages/airflow/example_dags/tutorial_objectstorage.py for tasks to queue
[2025-06-21T20:31:17.817+0000] {logging_mixin.py:188} INFO - [2025-06-21T20:31:17.817+0000] {dagbag.py:538} INFO - Filling up the DagBag from /home/airflow/.local/lib/python3.10/site-packages/airflow/example_dags/tutorial_objectstorage.py
[2025-06-21T20:31:17.820+0000] {processor.py:840} INFO - DAG(s) 'tutorial_objectstorage' retrieved from /home/airflow/.local/lib/python3.10/site-packages/airflow/example_dags/tutorial_objectstorage.py
[2025-06-21T20:31:17.833+0000] {logging_mixin.py:188} INFO - [2025-06-21T20:31:17.833+0000] {dag.py:3036} INFO - Sync 1 DAGs
[2025-06-21T20:31:17.838+0000] {logging_mixin.py:188} INFO - [2025-06-21T20:31:17.838+0000] {dag.py:3823} INFO - Setting next_dagrun for tutorial_objectstorage to None, run_after=None
[2025-06-21T20:31:17.846+0000] {processor.py:183} INFO - Processing /home/airflow/.local/lib/python3.10/site-packages/airflow/example_dags/tutorial_objectstorage.py took 0.033 seconds
[2025-06-21T20:32:18.396+0000] {processor.py:161} INFO - Started process (PID=56) to work on /home/airflow/.local/lib/python3.10/site-packages/airflow/example_dags/tutorial_objectstorage.py
[2025-06-21T20:32:18.398+0000] {processor.py:830} INFO - Processing file /home/airflow/.local/lib/python3.10/site-packages/airflow/example_dags/tutorial_objectstorage.py for tasks to queue
[2025-06-21T20:32:18.400+0000] {logging_mixin.py:188} INFO - [2025-06-21T20:32:18.400+0000] {dagbag.py:538} INFO - Filling up the DagBag from /home/airflow/.local/lib/python3.10/site-packages/airflow/example_dags/tutorial_objectstorage.py
[2025-06-21T20:32:18.408+0000] {processor.py:840} INFO - DAG(s) 'tutorial_objectstorage' retrieved from /home/airflow/.local/lib/python3.10/site-packages/airflow/example_dags/tutorial_objectstorage.py
[2025-06-21T20:32:18.419+0000] {logging_mixin.py:188} INFO - [2025-06-21T20:32:18.419+0000] {dag.py:3036} INFO - Sync 1 DAGs
[2025-06-21T20:32:18.430+0000] {logging_mixin.py:188} INFO - [2025-06-21T20:32:18.430+0000] {dag.py:3823} INFO - Setting next_dagrun for tutorial_objectstorage to None, run_after=None
[2025-06-21T20:32:18.444+0000] {processor.py:183} INFO - Processing /home/airflow/.local/lib/python3.10/site-packages/airflow/example_dags/tutorial_objectstorage.py took 0.050 seconds
[2025-06-21T20:32:48.982+0000] {processor.py:161} INFO - Started process (PID=111) to work on /home/airflow/.local/lib/python3.10/site-packages/airflow/example_dags/tutorial_objectstorage.py
[2025-06-21T20:32:48.983+0000] {processor.py:830} INFO - Processing file /home/airflow/.local/lib/python3.10/site-packages/airflow/example_dags/tutorial_objectstorage.py for tasks to queue
[2025-06-21T20:32:48.984+0000] {logging_mixin.py:188} INFO - [2025-06-21T20:32:48.984+0000] {dagbag.py:538} INFO - Filling up the DagBag from /home/airflow/.local/lib/python3.10/site-packages/airflow/example_dags/tutorial_objectstorage.py
[2025-06-21T20:32:48.988+0000] {processor.py:840} INFO - DAG(s) 'tutorial_objectstorage' retrieved from /home/airflow/.local/lib/python3.10/site-packages/airflow/example_dags/tutorial_objectstorage.py
[2025-06-21T20:32:49.032+0000] {logging_mixin.py:188} INFO - [2025-06-21T20:32:49.031+0000] {dag.py:3036} INFO - Sync 1 DAGs
[2025-06-21T20:32:49.036+0000] {logging_mixin.py:188} INFO - [2025-06-21T20:32:49.036+0000] {dag.py:3823} INFO - Setting next_dagrun for tutorial_objectstorage to None, run_after=None
[2025-06-21T20:32:49.048+0000] {processor.py:183} INFO - Processing /home/airflow/.local/lib/python3.10/site-packages/airflow/example_dags/tutorial_objectstorage.py took 0.068 seconds
[2025-06-21T20:33:52.528+0000] {processor.py:161} INFO - Started process (PID=55) to work on /home/airflow/.local/lib/python3.10/site-packages/airflow/example_dags/tutorial_objectstorage.py
[2025-06-21T20:33:52.529+0000] {processor.py:830} INFO - Processing file /home/airflow/.local/lib/python3.10/site-packages/airflow/example_dags/tutorial_objectstorage.py for tasks to queue
[2025-06-21T20:33:52.530+0000] {logging_mixin.py:188} INFO - [2025-06-21T20:33:52.530+0000] {dagbag.py:538} INFO - Filling up the DagBag from /home/airflow/.local/lib/python3.10/site-packages/airflow/example_dags/tutorial_objectstorage.py
[2025-06-21T20:33:52.536+0000] {processor.py:840} INFO - DAG(s) 'tutorial_objectstorage' retrieved from /home/airflow/.local/lib/python3.10/site-packages/airflow/example_dags/tutorial_objectstorage.py
[2025-06-21T20:33:52.542+0000] {logging_mixin.py:188} INFO - [2025-06-21T20:33:52.542+0000] {dag.py:3036} INFO - Sync 1 DAGs
[2025-06-21T20:33:52.550+0000] {logging_mixin.py:188} INFO - [2025-06-21T20:33:52.550+0000] {dag.py:3823} INFO - Setting next_dagrun for tutorial_objectstorage to None, run_after=None
[2025-06-21T20:33:52.562+0000] {processor.py:183} INFO - Processing /home/airflow/.local/lib/python3.10/site-packages/airflow/example_dags/tutorial_objectstorage.py took 0.035 seconds
[2025-06-21T20:34:22.804+0000] {processor.py:161} INFO - Started process (PID=110) to work on /home/airflow/.local/lib/python3.10/site-packages/airflow/example_dags/tutorial_objectstorage.py
[2025-06-21T20:34:22.805+0000] {processor.py:830} INFO - Processing file /home/airflow/.local/lib/python3.10/site-packages/airflow/example_dags/tutorial_objectstorage.py for tasks to queue
[2025-06-21T20:34:22.806+0000] {logging_mixin.py:188} INFO - [2025-06-21T20:34:22.806+0000] {dagbag.py:538} INFO - Filling up the DagBag from /home/airflow/.local/lib/python3.10/site-packages/airflow/example_dags/tutorial_objectstorage.py
[2025-06-21T20:34:22.810+0000] {processor.py:840} INFO - DAG(s) 'tutorial_objectstorage' retrieved from /home/airflow/.local/lib/python3.10/site-packages/airflow/example_dags/tutorial_objectstorage.py
[2025-06-21T20:34:22.864+0000] {logging_mixin.py:188} INFO - [2025-06-21T20:34:22.864+0000] {dag.py:3036} INFO - Sync 1 DAGs
[2025-06-21T20:34:22.868+0000] {logging_mixin.py:188} INFO - [2025-06-21T20:34:22.868+0000] {dag.py:3823} INFO - Setting next_dagrun for tutorial_objectstorage to None, run_after=None
[2025-06-21T20:34:22.881+0000] {processor.py:183} INFO - Processing /home/airflow/.local/lib/python3.10/site-packages/airflow/example_dags/tutorial_objectstorage.py took 0.080 seconds
[2025-06-21T20:34:53.087+0000] {processor.py:161} INFO - Started process (PID=165) to work on /home/airflow/.local/lib/python3.10/site-packages/airflow/example_dags/tutorial_objectstorage.py
[2025-06-21T20:34:53.088+0000] {processor.py:830} INFO - Processing file /home/airflow/.local/lib/python3.10/site-packages/airflow/example_dags/tutorial_objectstorage.py for tasks to queue
[2025-06-21T20:34:53.090+0000] {logging_mixin.py:188} INFO - [2025-06-21T20:34:53.089+0000] {dagbag.py:538} INFO - Filling up the DagBag from /home/airflow/.local/lib/python3.10/site-packages/airflow/example_dags/tutorial_objectstorage.py
[2025-06-21T20:34:53.101+0000] {processor.py:840} INFO - DAG(s) 'tutorial_objectstorage' retrieved from /home/airflow/.local/lib/python3.10/site-packages/airflow/example_dags/tutorial_objectstorage.py
[2025-06-21T20:34:53.127+0000] {logging_mixin.py:188} INFO - [2025-06-21T20:34:53.127+0000] {dag.py:3036} INFO - Sync 1 DAGs
[2025-06-21T20:34:53.136+0000] {logging_mixin.py:188} INFO - [2025-06-21T20:34:53.136+0000] {dag.py:3823} INFO - Setting next_dagrun for tutorial_objectstorage to None, run_after=None
[2025-06-21T20:34:53.162+0000] {processor.py:183} INFO - Processing /home/airflow/.local/lib/python3.10/site-packages/airflow/example_dags/tutorial_objectstorage.py took 0.077 seconds
[2025-06-21T20:35:24.096+0000] {processor.py:161} INFO - Started process (PID=220) to work on /home/airflow/.local/lib/python3.10/site-packages/airflow/example_dags/tutorial_objectstorage.py
[2025-06-21T20:35:24.098+0000] {processor.py:830} INFO - Processing file /home/airflow/.local/lib/python3.10/site-packages/airflow/example_dags/tutorial_objectstorage.py for tasks to queue
[2025-06-21T20:35:24.100+0000] {logging_mixin.py:188} INFO - [2025-06-21T20:35:24.100+0000] {dagbag.py:538} INFO - Filling up the DagBag from /home/airflow/.local/lib/python3.10/site-packages/airflow/example_dags/tutorial_objectstorage.py
[2025-06-21T20:35:24.105+0000] {processor.py:840} INFO - DAG(s) 'tutorial_objectstorage' retrieved from /home/airflow/.local/lib/python3.10/site-packages/airflow/example_dags/tutorial_objectstorage.py
[2025-06-21T20:35:24.118+0000] {logging_mixin.py:188} INFO - [2025-06-21T20:35:24.118+0000] {dag.py:3036} INFO - Sync 1 DAGs
[2025-06-21T20:35:24.125+0000] {logging_mixin.py:188} INFO - [2025-06-21T20:35:24.124+0000] {dag.py:3823} INFO - Setting next_dagrun for tutorial_objectstorage to None, run_after=None
[2025-06-21T20:35:24.137+0000] {processor.py:183} INFO - Processing /home/airflow/.local/lib/python3.10/site-packages/airflow/example_dags/tutorial_objectstorage.py took 0.043 seconds
