[2025-06-21T20:15:01.243+0000] {processor.py:161} INFO - Started process (PID=33) to work on /home/airflow/.local/lib/python3.10/site-packages/airflow/example_dags/tutorial_taskflow_api.py
[2025-06-21T20:15:01.243+0000] {processor.py:830} INFO - Processing file /home/airflow/.local/lib/python3.10/site-packages/airflow/example_dags/tutorial_taskflow_api.py for tasks to queue
[2025-06-21T20:15:01.246+0000] {logging_mixin.py:188} INFO - [2025-06-21T20:15:01.245+0000] {dagbag.py:538} INFO - Filling up the DagBag from /home/airflow/.local/lib/python3.10/site-packages/airflow/example_dags/tutorial_taskflow_api.py
[2025-06-21T20:15:01.254+0000] {processor.py:840} INFO - DAG(s) 'tutorial_taskflow_api' retrieved from /home/airflow/.local/lib/python3.10/site-packages/airflow/example_dags/tutorial_taskflow_api.py
[2025-06-21T20:15:01.263+0000] {logging_mixin.py:188} INFO - [2025-06-21T20:15:01.263+0000] {dag.py:3036} INFO - Sync 1 DAGs
[2025-06-21T20:15:01.273+0000] {logging_mixin.py:188} INFO - [2025-06-21T20:15:01.272+0000] {dag.py:3823} INFO - Setting next_dagrun for tutorial_taskflow_api to None, run_after=None
[2025-06-21T20:15:01.281+0000] {processor.py:183} INFO - Processing /home/airflow/.local/lib/python3.10/site-packages/airflow/example_dags/tutorial_taskflow_api.py took 0.041 seconds
[2025-06-21T20:15:31.933+0000] {processor.py:161} INFO - Started process (PID=88) to work on /home/airflow/.local/lib/python3.10/site-packages/airflow/example_dags/tutorial_taskflow_api.py
[2025-06-21T20:15:31.936+0000] {processor.py:830} INFO - Processing file /home/airflow/.local/lib/python3.10/site-packages/airflow/example_dags/tutorial_taskflow_api.py for tasks to queue
[2025-06-21T20:15:31.937+0000] {logging_mixin.py:188} INFO - [2025-06-21T20:15:31.937+0000] {dagbag.py:538} INFO - Filling up the DagBag from /home/airflow/.local/lib/python3.10/site-packages/airflow/example_dags/tutorial_taskflow_api.py
[2025-06-21T20:15:31.942+0000] {processor.py:840} INFO - DAG(s) 'tutorial_taskflow_api' retrieved from /home/airflow/.local/lib/python3.10/site-packages/airflow/example_dags/tutorial_taskflow_api.py
[2025-06-21T20:15:32.009+0000] {logging_mixin.py:188} INFO - [2025-06-21T20:15:32.008+0000] {dag.py:3036} INFO - Sync 1 DAGs
[2025-06-21T20:15:32.015+0000] {logging_mixin.py:188} INFO - [2025-06-21T20:15:32.014+0000] {dag.py:3823} INFO - Setting next_dagrun for tutorial_taskflow_api to None, run_after=None
[2025-06-21T20:15:32.030+0000] {processor.py:183} INFO - Processing /home/airflow/.local/lib/python3.10/site-packages/airflow/example_dags/tutorial_taskflow_api.py took 0.099 seconds
[2025-06-21T20:16:02.376+0000] {processor.py:161} INFO - Started process (PID=143) to work on /home/airflow/.local/lib/python3.10/site-packages/airflow/example_dags/tutorial_taskflow_api.py
[2025-06-21T20:16:02.379+0000] {processor.py:830} INFO - Processing file /home/airflow/.local/lib/python3.10/site-packages/airflow/example_dags/tutorial_taskflow_api.py for tasks to queue
[2025-06-21T20:16:02.381+0000] {logging_mixin.py:188} INFO - [2025-06-21T20:16:02.381+0000] {dagbag.py:538} INFO - Filling up the DagBag from /home/airflow/.local/lib/python3.10/site-packages/airflow/example_dags/tutorial_taskflow_api.py
[2025-06-21T20:16:02.390+0000] {processor.py:840} INFO - DAG(s) 'tutorial_taskflow_api' retrieved from /home/airflow/.local/lib/python3.10/site-packages/airflow/example_dags/tutorial_taskflow_api.py
[2025-06-21T20:16:02.422+0000] {logging_mixin.py:188} INFO - [2025-06-21T20:16:02.422+0000] {dag.py:3036} INFO - Sync 1 DAGs
[2025-06-21T20:16:02.434+0000] {logging_mixin.py:188} INFO - [2025-06-21T20:16:02.433+0000] {dag.py:3823} INFO - Setting next_dagrun for tutorial_taskflow_api to None, run_after=None
[2025-06-21T20:16:02.456+0000] {processor.py:183} INFO - Processing /home/airflow/.local/lib/python3.10/site-packages/airflow/example_dags/tutorial_taskflow_api.py took 0.087 seconds
[2025-06-21T20:16:32.800+0000] {processor.py:161} INFO - Started process (PID=197) to work on /home/airflow/.local/lib/python3.10/site-packages/airflow/example_dags/tutorial_taskflow_api.py
[2025-06-21T20:16:32.801+0000] {processor.py:830} INFO - Processing file /home/airflow/.local/lib/python3.10/site-packages/airflow/example_dags/tutorial_taskflow_api.py for tasks to queue
[2025-06-21T20:16:32.802+0000] {logging_mixin.py:188} INFO - [2025-06-21T20:16:32.801+0000] {dagbag.py:538} INFO - Filling up the DagBag from /home/airflow/.local/lib/python3.10/site-packages/airflow/example_dags/tutorial_taskflow_api.py
[2025-06-21T20:16:32.805+0000] {processor.py:840} INFO - DAG(s) 'tutorial_taskflow_api' retrieved from /home/airflow/.local/lib/python3.10/site-packages/airflow/example_dags/tutorial_taskflow_api.py
[2025-06-21T20:16:32.814+0000] {logging_mixin.py:188} INFO - [2025-06-21T20:16:32.814+0000] {dag.py:3036} INFO - Sync 1 DAGs
[2025-06-21T20:16:32.819+0000] {logging_mixin.py:188} INFO - [2025-06-21T20:16:32.819+0000] {dag.py:3823} INFO - Setting next_dagrun for tutorial_taskflow_api to None, run_after=None
[2025-06-21T20:16:32.826+0000] {processor.py:183} INFO - Processing /home/airflow/.local/lib/python3.10/site-packages/airflow/example_dags/tutorial_taskflow_api.py took 0.027 seconds
[2025-06-21T20:17:03.335+0000] {processor.py:161} INFO - Started process (PID=252) to work on /home/airflow/.local/lib/python3.10/site-packages/airflow/example_dags/tutorial_taskflow_api.py
[2025-06-21T20:17:03.335+0000] {processor.py:830} INFO - Processing file /home/airflow/.local/lib/python3.10/site-packages/airflow/example_dags/tutorial_taskflow_api.py for tasks to queue
[2025-06-21T20:17:03.336+0000] {logging_mixin.py:188} INFO - [2025-06-21T20:17:03.336+0000] {dagbag.py:538} INFO - Filling up the DagBag from /home/airflow/.local/lib/python3.10/site-packages/airflow/example_dags/tutorial_taskflow_api.py
[2025-06-21T20:17:03.339+0000] {processor.py:840} INFO - DAG(s) 'tutorial_taskflow_api' retrieved from /home/airflow/.local/lib/python3.10/site-packages/airflow/example_dags/tutorial_taskflow_api.py
[2025-06-21T20:17:03.357+0000] {logging_mixin.py:188} INFO - [2025-06-21T20:17:03.357+0000] {dag.py:3036} INFO - Sync 1 DAGs
[2025-06-21T20:17:03.364+0000] {logging_mixin.py:188} INFO - [2025-06-21T20:17:03.364+0000] {dag.py:3823} INFO - Setting next_dagrun for tutorial_taskflow_api to None, run_after=None
[2025-06-21T20:17:03.372+0000] {processor.py:183} INFO - Processing /home/airflow/.local/lib/python3.10/site-packages/airflow/example_dags/tutorial_taskflow_api.py took 0.039 seconds
[2025-06-21T20:17:34.121+0000] {processor.py:161} INFO - Started process (PID=307) to work on /home/airflow/.local/lib/python3.10/site-packages/airflow/example_dags/tutorial_taskflow_api.py
[2025-06-21T20:17:34.122+0000] {processor.py:830} INFO - Processing file /home/airflow/.local/lib/python3.10/site-packages/airflow/example_dags/tutorial_taskflow_api.py for tasks to queue
[2025-06-21T20:17:34.123+0000] {logging_mixin.py:188} INFO - [2025-06-21T20:17:34.123+0000] {dagbag.py:538} INFO - Filling up the DagBag from /home/airflow/.local/lib/python3.10/site-packages/airflow/example_dags/tutorial_taskflow_api.py
[2025-06-21T20:17:34.127+0000] {processor.py:840} INFO - DAG(s) 'tutorial_taskflow_api' retrieved from /home/airflow/.local/lib/python3.10/site-packages/airflow/example_dags/tutorial_taskflow_api.py
[2025-06-21T20:17:34.137+0000] {logging_mixin.py:188} INFO - [2025-06-21T20:17:34.137+0000] {dag.py:3036} INFO - Sync 1 DAGs
[2025-06-21T20:17:34.142+0000] {logging_mixin.py:188} INFO - [2025-06-21T20:17:34.142+0000] {dag.py:3823} INFO - Setting next_dagrun for tutorial_taskflow_api to None, run_after=None
[2025-06-21T20:17:34.149+0000] {processor.py:183} INFO - Processing /home/airflow/.local/lib/python3.10/site-packages/airflow/example_dags/tutorial_taskflow_api.py took 0.029 seconds
[2025-06-21T20:18:04.263+0000] {processor.py:161} INFO - Started process (PID=362) to work on /home/airflow/.local/lib/python3.10/site-packages/airflow/example_dags/tutorial_taskflow_api.py
[2025-06-21T20:18:04.264+0000] {processor.py:830} INFO - Processing file /home/airflow/.local/lib/python3.10/site-packages/airflow/example_dags/tutorial_taskflow_api.py for tasks to queue
[2025-06-21T20:18:04.265+0000] {logging_mixin.py:188} INFO - [2025-06-21T20:18:04.265+0000] {dagbag.py:538} INFO - Filling up the DagBag from /home/airflow/.local/lib/python3.10/site-packages/airflow/example_dags/tutorial_taskflow_api.py
[2025-06-21T20:18:04.268+0000] {processor.py:840} INFO - DAG(s) 'tutorial_taskflow_api' retrieved from /home/airflow/.local/lib/python3.10/site-packages/airflow/example_dags/tutorial_taskflow_api.py
[2025-06-21T20:18:04.281+0000] {logging_mixin.py:188} INFO - [2025-06-21T20:18:04.281+0000] {dag.py:3036} INFO - Sync 1 DAGs
[2025-06-21T20:18:04.287+0000] {logging_mixin.py:188} INFO - [2025-06-21T20:18:04.287+0000] {dag.py:3823} INFO - Setting next_dagrun for tutorial_taskflow_api to None, run_after=None
[2025-06-21T20:18:04.301+0000] {processor.py:183} INFO - Processing /home/airflow/.local/lib/python3.10/site-packages/airflow/example_dags/tutorial_taskflow_api.py took 0.040 seconds
[2025-06-21T20:18:35.056+0000] {processor.py:161} INFO - Started process (PID=422) to work on /home/airflow/.local/lib/python3.10/site-packages/airflow/example_dags/tutorial_taskflow_api.py
[2025-06-21T20:18:35.057+0000] {processor.py:830} INFO - Processing file /home/airflow/.local/lib/python3.10/site-packages/airflow/example_dags/tutorial_taskflow_api.py for tasks to queue
[2025-06-21T20:18:35.058+0000] {logging_mixin.py:188} INFO - [2025-06-21T20:18:35.058+0000] {dagbag.py:538} INFO - Filling up the DagBag from /home/airflow/.local/lib/python3.10/site-packages/airflow/example_dags/tutorial_taskflow_api.py
[2025-06-21T20:18:35.061+0000] {processor.py:840} INFO - DAG(s) 'tutorial_taskflow_api' retrieved from /home/airflow/.local/lib/python3.10/site-packages/airflow/example_dags/tutorial_taskflow_api.py
[2025-06-21T20:18:35.069+0000] {logging_mixin.py:188} INFO - [2025-06-21T20:18:35.069+0000] {dag.py:3036} INFO - Sync 1 DAGs
[2025-06-21T20:18:35.078+0000] {logging_mixin.py:188} INFO - [2025-06-21T20:18:35.078+0000] {dag.py:3823} INFO - Setting next_dagrun for tutorial_taskflow_api to None, run_after=None
[2025-06-21T20:18:35.090+0000] {processor.py:183} INFO - Processing /home/airflow/.local/lib/python3.10/site-packages/airflow/example_dags/tutorial_taskflow_api.py took 0.035 seconds
