[2025-06-21T20:15:01.463+0000] {processor.py:161} INFO - Started process (PID=40) to work on /home/airflow/.local/lib/python3.10/site-packages/airflow/example_dags/tutorial_taskflow_api_virtualenv.py
[2025-06-21T20:15:01.466+0000] {processor.py:830} INFO - Processing file /home/airflow/.local/lib/python3.10/site-packages/airflow/example_dags/tutorial_taskflow_api_virtualenv.py for tasks to queue
[2025-06-21T20:15:01.467+0000] {logging_mixin.py:188} INFO - [2025-06-21T20:15:01.467+0000] {dagbag.py:538} INFO - Filling up the DagBag from /home/airflow/.local/lib/python3.10/site-packages/airflow/example_dags/tutorial_taskflow_api_virtualenv.py
[2025-06-21T20:15:01.477+0000] {processor.py:840} INFO - DAG(s) 'tutorial_taskflow_api_virtualenv' retrieved from /home/airflow/.local/lib/python3.10/site-packages/airflow/example_dags/tutorial_taskflow_api_virtualenv.py
[2025-06-21T20:15:01.485+0000] {logging_mixin.py:188} INFO - [2025-06-21T20:15:01.484+0000] {dag.py:3036} INFO - Sync 1 DAGs
[2025-06-21T20:15:01.492+0000] {logging_mixin.py:188} INFO - [2025-06-21T20:15:01.491+0000] {dag.py:3823} INFO - Setting next_dagrun for tutorial_taskflow_api_virtualenv to None, run_after=None
[2025-06-21T20:15:01.501+0000] {processor.py:183} INFO - Processing /home/airflow/.local/lib/python3.10/site-packages/airflow/example_dags/tutorial_taskflow_api_virtualenv.py took 0.040 seconds
[2025-06-21T20:15:32.257+0000] {processor.py:161} INFO - Started process (PID=95) to work on /home/airflow/.local/lib/python3.10/site-packages/airflow/example_dags/tutorial_taskflow_api_virtualenv.py
[2025-06-21T20:15:32.257+0000] {processor.py:830} INFO - Processing file /home/airflow/.local/lib/python3.10/site-packages/airflow/example_dags/tutorial_taskflow_api_virtualenv.py for tasks to queue
[2025-06-21T20:15:32.258+0000] {logging_mixin.py:188} INFO - [2025-06-21T20:15:32.258+0000] {dagbag.py:538} INFO - Filling up the DagBag from /home/airflow/.local/lib/python3.10/site-packages/airflow/example_dags/tutorial_taskflow_api_virtualenv.py
[2025-06-21T20:15:32.264+0000] {processor.py:840} INFO - DAG(s) 'tutorial_taskflow_api_virtualenv' retrieved from /home/airflow/.local/lib/python3.10/site-packages/airflow/example_dags/tutorial_taskflow_api_virtualenv.py
[2025-06-21T20:15:32.314+0000] {logging_mixin.py:188} INFO - [2025-06-21T20:15:32.314+0000] {dag.py:3036} INFO - Sync 1 DAGs
[2025-06-21T20:15:32.319+0000] {logging_mixin.py:188} INFO - [2025-06-21T20:15:32.318+0000] {dag.py:3823} INFO - Setting next_dagrun for tutorial_taskflow_api_virtualenv to None, run_after=None
[2025-06-21T20:15:32.326+0000] {processor.py:183} INFO - Processing /home/airflow/.local/lib/python3.10/site-packages/airflow/example_dags/tutorial_taskflow_api_virtualenv.py took 0.071 seconds
[2025-06-21T20:16:02.789+0000] {processor.py:161} INFO - Started process (PID=150) to work on /home/airflow/.local/lib/python3.10/site-packages/airflow/example_dags/tutorial_taskflow_api_virtualenv.py
[2025-06-21T20:16:02.792+0000] {processor.py:830} INFO - Processing file /home/airflow/.local/lib/python3.10/site-packages/airflow/example_dags/tutorial_taskflow_api_virtualenv.py for tasks to queue
[2025-06-21T20:16:02.796+0000] {logging_mixin.py:188} INFO - [2025-06-21T20:16:02.795+0000] {dagbag.py:538} INFO - Filling up the DagBag from /home/airflow/.local/lib/python3.10/site-packages/airflow/example_dags/tutorial_taskflow_api_virtualenv.py
[2025-06-21T20:16:02.810+0000] {processor.py:840} INFO - DAG(s) 'tutorial_taskflow_api_virtualenv' retrieved from /home/airflow/.local/lib/python3.10/site-packages/airflow/example_dags/tutorial_taskflow_api_virtualenv.py
[2025-06-21T20:16:02.832+0000] {logging_mixin.py:188} INFO - [2025-06-21T20:16:02.832+0000] {dag.py:3036} INFO - Sync 1 DAGs
[2025-06-21T20:16:02.848+0000] {logging_mixin.py:188} INFO - [2025-06-21T20:16:02.847+0000] {dag.py:3823} INFO - Setting next_dagrun for tutorial_taskflow_api_virtualenv to None, run_after=None
[2025-06-21T20:16:02.879+0000] {processor.py:183} INFO - Processing /home/airflow/.local/lib/python3.10/site-packages/airflow/example_dags/tutorial_taskflow_api_virtualenv.py took 0.096 seconds
[2025-06-21T20:16:33.021+0000] {processor.py:161} INFO - Started process (PID=204) to work on /home/airflow/.local/lib/python3.10/site-packages/airflow/example_dags/tutorial_taskflow_api_virtualenv.py
[2025-06-21T20:16:33.022+0000] {processor.py:830} INFO - Processing file /home/airflow/.local/lib/python3.10/site-packages/airflow/example_dags/tutorial_taskflow_api_virtualenv.py for tasks to queue
[2025-06-21T20:16:33.023+0000] {logging_mixin.py:188} INFO - [2025-06-21T20:16:33.023+0000] {dagbag.py:538} INFO - Filling up the DagBag from /home/airflow/.local/lib/python3.10/site-packages/airflow/example_dags/tutorial_taskflow_api_virtualenv.py
[2025-06-21T20:16:33.028+0000] {processor.py:840} INFO - DAG(s) 'tutorial_taskflow_api_virtualenv' retrieved from /home/airflow/.local/lib/python3.10/site-packages/airflow/example_dags/tutorial_taskflow_api_virtualenv.py
[2025-06-21T20:16:33.044+0000] {logging_mixin.py:188} INFO - [2025-06-21T20:16:33.044+0000] {dag.py:3036} INFO - Sync 1 DAGs
[2025-06-21T20:16:33.051+0000] {logging_mixin.py:188} INFO - [2025-06-21T20:16:33.051+0000] {dag.py:3823} INFO - Setting next_dagrun for tutorial_taskflow_api_virtualenv to None, run_after=None
[2025-06-21T20:16:33.065+0000] {processor.py:183} INFO - Processing /home/airflow/.local/lib/python3.10/site-packages/airflow/example_dags/tutorial_taskflow_api_virtualenv.py took 0.046 seconds
[2025-06-21T20:17:03.545+0000] {processor.py:161} INFO - Started process (PID=259) to work on /home/airflow/.local/lib/python3.10/site-packages/airflow/example_dags/tutorial_taskflow_api_virtualenv.py
[2025-06-21T20:17:03.545+0000] {processor.py:830} INFO - Processing file /home/airflow/.local/lib/python3.10/site-packages/airflow/example_dags/tutorial_taskflow_api_virtualenv.py for tasks to queue
[2025-06-21T20:17:03.547+0000] {logging_mixin.py:188} INFO - [2025-06-21T20:17:03.547+0000] {dagbag.py:538} INFO - Filling up the DagBag from /home/airflow/.local/lib/python3.10/site-packages/airflow/example_dags/tutorial_taskflow_api_virtualenv.py
[2025-06-21T20:17:03.553+0000] {processor.py:840} INFO - DAG(s) 'tutorial_taskflow_api_virtualenv' retrieved from /home/airflow/.local/lib/python3.10/site-packages/airflow/example_dags/tutorial_taskflow_api_virtualenv.py
[2025-06-21T20:17:03.566+0000] {logging_mixin.py:188} INFO - [2025-06-21T20:17:03.566+0000] {dag.py:3036} INFO - Sync 1 DAGs
[2025-06-21T20:17:03.571+0000] {logging_mixin.py:188} INFO - [2025-06-21T20:17:03.571+0000] {dag.py:3823} INFO - Setting next_dagrun for tutorial_taskflow_api_virtualenv to None, run_after=None
[2025-06-21T20:17:03.579+0000] {processor.py:183} INFO - Processing /home/airflow/.local/lib/python3.10/site-packages/airflow/example_dags/tutorial_taskflow_api_virtualenv.py took 0.036 seconds
[2025-06-21T20:17:34.366+0000] {processor.py:161} INFO - Started process (PID=314) to work on /home/airflow/.local/lib/python3.10/site-packages/airflow/example_dags/tutorial_taskflow_api_virtualenv.py
[2025-06-21T20:17:34.371+0000] {processor.py:830} INFO - Processing file /home/airflow/.local/lib/python3.10/site-packages/airflow/example_dags/tutorial_taskflow_api_virtualenv.py for tasks to queue
[2025-06-21T20:17:34.372+0000] {logging_mixin.py:188} INFO - [2025-06-21T20:17:34.372+0000] {dagbag.py:538} INFO - Filling up the DagBag from /home/airflow/.local/lib/python3.10/site-packages/airflow/example_dags/tutorial_taskflow_api_virtualenv.py
[2025-06-21T20:17:34.381+0000] {processor.py:840} INFO - DAG(s) 'tutorial_taskflow_api_virtualenv' retrieved from /home/airflow/.local/lib/python3.10/site-packages/airflow/example_dags/tutorial_taskflow_api_virtualenv.py
[2025-06-21T20:17:34.394+0000] {logging_mixin.py:188} INFO - [2025-06-21T20:17:34.394+0000] {dag.py:3036} INFO - Sync 1 DAGs
[2025-06-21T20:17:34.401+0000] {logging_mixin.py:188} INFO - [2025-06-21T20:17:34.401+0000] {dag.py:3823} INFO - Setting next_dagrun for tutorial_taskflow_api_virtualenv to None, run_after=None
[2025-06-21T20:17:34.410+0000] {processor.py:183} INFO - Processing /home/airflow/.local/lib/python3.10/site-packages/airflow/example_dags/tutorial_taskflow_api_virtualenv.py took 0.046 seconds
[2025-06-21T20:18:04.531+0000] {processor.py:161} INFO - Started process (PID=369) to work on /home/airflow/.local/lib/python3.10/site-packages/airflow/example_dags/tutorial_taskflow_api_virtualenv.py
[2025-06-21T20:18:04.531+0000] {processor.py:830} INFO - Processing file /home/airflow/.local/lib/python3.10/site-packages/airflow/example_dags/tutorial_taskflow_api_virtualenv.py for tasks to queue
[2025-06-21T20:18:04.532+0000] {logging_mixin.py:188} INFO - [2025-06-21T20:18:04.532+0000] {dagbag.py:538} INFO - Filling up the DagBag from /home/airflow/.local/lib/python3.10/site-packages/airflow/example_dags/tutorial_taskflow_api_virtualenv.py
[2025-06-21T20:18:04.538+0000] {processor.py:840} INFO - DAG(s) 'tutorial_taskflow_api_virtualenv' retrieved from /home/airflow/.local/lib/python3.10/site-packages/airflow/example_dags/tutorial_taskflow_api_virtualenv.py
[2025-06-21T20:18:04.548+0000] {logging_mixin.py:188} INFO - [2025-06-21T20:18:04.548+0000] {dag.py:3036} INFO - Sync 1 DAGs
[2025-06-21T20:18:04.553+0000] {logging_mixin.py:188} INFO - [2025-06-21T20:18:04.553+0000] {dag.py:3823} INFO - Setting next_dagrun for tutorial_taskflow_api_virtualenv to None, run_after=None
[2025-06-21T20:18:04.561+0000] {processor.py:183} INFO - Processing /home/airflow/.local/lib/python3.10/site-packages/airflow/example_dags/tutorial_taskflow_api_virtualenv.py took 0.032 seconds
[2025-06-21T20:18:35.278+0000] {processor.py:161} INFO - Started process (PID=429) to work on /home/airflow/.local/lib/python3.10/site-packages/airflow/example_dags/tutorial_taskflow_api_virtualenv.py
[2025-06-21T20:18:35.279+0000] {processor.py:830} INFO - Processing file /home/airflow/.local/lib/python3.10/site-packages/airflow/example_dags/tutorial_taskflow_api_virtualenv.py for tasks to queue
[2025-06-21T20:18:35.280+0000] {logging_mixin.py:188} INFO - [2025-06-21T20:18:35.280+0000] {dagbag.py:538} INFO - Filling up the DagBag from /home/airflow/.local/lib/python3.10/site-packages/airflow/example_dags/tutorial_taskflow_api_virtualenv.py
[2025-06-21T20:18:35.285+0000] {processor.py:840} INFO - DAG(s) 'tutorial_taskflow_api_virtualenv' retrieved from /home/airflow/.local/lib/python3.10/site-packages/airflow/example_dags/tutorial_taskflow_api_virtualenv.py
[2025-06-21T20:18:35.292+0000] {logging_mixin.py:188} INFO - [2025-06-21T20:18:35.291+0000] {dag.py:3036} INFO - Sync 1 DAGs
[2025-06-21T20:18:35.298+0000] {logging_mixin.py:188} INFO - [2025-06-21T20:18:35.297+0000] {dag.py:3823} INFO - Setting next_dagrun for tutorial_taskflow_api_virtualenv to None, run_after=None
[2025-06-21T20:18:35.305+0000] {processor.py:183} INFO - Processing /home/airflow/.local/lib/python3.10/site-packages/airflow/example_dags/tutorial_taskflow_api_virtualenv.py took 0.028 seconds
