[2025-06-22T16:26:26.726+0000] {manager.py:483} INFO - Processing files using up to 2 processes at a time 
[2025-06-22T16:26:26.727+0000] {manager.py:484} INFO - Process each file at most once every 30 seconds
[2025-06-22T16:26:26.727+0000] {manager.py:485} INFO - Checking for new files in /opt/airflow/dags every 300 seconds
[2025-06-22T16:26:26.728+0000] {manager.py:821} INFO - Searching for files in /opt/airflow/dags
[2025-06-22T16:26:26.730+0000] {manager.py:824} INFO - There are 0 files in /opt/airflow/dags
[2025-06-22T16:28:18.156+0000] {manager.py:465} INFO - Exiting gracefully upon receiving signal 15
[2025-06-22T16:48:08.669+0000] {manager.py:483} INFO - Processing files using up to 2 processes at a time 
[2025-06-22T16:48:08.674+0000] {manager.py:484} INFO - Process each file at most once every 30 seconds
[2025-06-22T16:48:08.674+0000] {manager.py:485} INFO - Checking for new files in /opt/airflow/dags every 300 seconds
[2025-06-22T16:48:08.675+0000] {manager.py:821} INFO - Searching for files in /opt/airflow/dags
[2025-06-22T16:48:08.676+0000] {manager.py:824} INFO - There are 0 files in /opt/airflow/dags
[2025-06-22T16:53:09.248+0000] {manager.py:821} INFO - Searching for files in /opt/airflow/dags
[2025-06-22T16:53:09.254+0000] {manager.py:824} INFO - There are 0 files in /opt/airflow/dags
[2025-06-22T16:53:41.507+0000] {manager.py:465} INFO - Exiting gracefully upon receiving signal 15
[2025-06-22T17:06:55.523+0000] {manager.py:483} INFO - Processing files using up to 2 processes at a time 
[2025-06-22T17:06:55.523+0000] {manager.py:484} INFO - Process each file at most once every 30 seconds
[2025-06-22T17:06:55.523+0000] {manager.py:485} INFO - Checking for new files in /opt/airflow/dags every 300 seconds
[2025-06-22T17:06:55.523+0000] {manager.py:821} INFO - Searching for files in /opt/airflow/dags
[2025-06-22T17:06:55.524+0000] {manager.py:824} INFO - There are 0 files in /opt/airflow/dags
[2025-06-22T17:11:56.432+0000] {manager.py:821} INFO - Searching for files in /opt/airflow/dags
[2025-06-22T17:11:56.613+0000] {manager.py:824} INFO - There are 0 files in /opt/airflow/dags
[2025-06-22T17:16:56.426+0000] {manager.py:821} INFO - Searching for files in /opt/airflow/dags
[2025-06-22T17:16:56.433+0000] {manager.py:824} INFO - There are 0 files in /opt/airflow/dags
[2025-06-22T17:21:57.071+0000] {manager.py:821} INFO - Searching for files in /opt/airflow/dags
[2025-06-22T17:21:57.074+0000] {manager.py:824} INFO - There are 0 files in /opt/airflow/dags
[2025-06-22T17:26:57.871+0000] {manager.py:821} INFO - Searching for files in /opt/airflow/dags
[2025-06-22T17:26:57.873+0000] {manager.py:824} INFO - There are 0 files in /opt/airflow/dags
[2025-06-22T17:31:58.553+0000] {manager.py:821} INFO - Searching for files in /opt/airflow/dags
[2025-06-22T17:31:58.559+0000] {manager.py:824} INFO - There are 0 files in /opt/airflow/dags
[2025-06-22T17:36:59.080+0000] {manager.py:821} INFO - Searching for files in /opt/airflow/dags
[2025-06-22T17:36:59.091+0000] {manager.py:824} INFO - There are 1 files in /opt/airflow/dags
[2025-06-22T17:37:12.278+0000] {manager.py:997} INFO - 
================================================================================
DAG File Processing Stats

File Path                       PID    Runtime      # DAGs    # Errors  Last Runtime    Last Run               Last # of DB Queries
------------------------------  -----  ---------  --------  ----------  --------------  -------------------  ----------------------
/opt/airflow/dags/dag_teste.py                           1           0  0.55s           2025-06-22T17:36:59                      43
================================================================================
[2025-06-22T17:37:43.141+0000] {manager.py:997} INFO - 
================================================================================
DAG File Processing Stats

File Path                       PID    Runtime      # DAGs    # Errors  Last Runtime    Last Run               Last # of DB Queries
------------------------------  -----  ---------  --------  ----------  --------------  -------------------  ----------------------
/opt/airflow/dags/dag_teste.py                           1           0  0.07s           2025-06-22T17:37:30                      10
================================================================================
[2025-06-22T17:38:13.435+0000] {manager.py:997} INFO - 
================================================================================
DAG File Processing Stats

File Path                       PID    Runtime      # DAGs    # Errors  Last Runtime    Last Run               Last # of DB Queries
------------------------------  -----  ---------  --------  ----------  --------------  -------------------  ----------------------
/opt/airflow/dags/dag_teste.py                           1           0  0.06s           2025-06-22T17:38:00                      10
================================================================================
[2025-06-22T17:38:43.710+0000] {manager.py:997} INFO - 
================================================================================
DAG File Processing Stats

File Path                       PID    Runtime      # DAGs    # Errors  Last Runtime    Last Run               Last # of DB Queries
------------------------------  -----  ---------  --------  ----------  --------------  -------------------  ----------------------
/opt/airflow/dags/dag_teste.py                           1           0  0.24s           2025-06-22T17:38:20                      43
================================================================================
[2025-06-22T17:39:13.998+0000] {manager.py:997} INFO - 
================================================================================
DAG File Processing Stats

File Path                       PID    Runtime      # DAGs    # Errors  Last Runtime    Last Run               Last # of DB Queries
------------------------------  -----  ---------  --------  ----------  --------------  -------------------  ----------------------
/opt/airflow/dags/dag_teste.py                           1           0  0.15s           2025-06-22T17:38:50                      10
================================================================================
[2025-06-22T17:39:44.406+0000] {manager.py:997} INFO - 
================================================================================
DAG File Processing Stats

File Path                       PID    Runtime      # DAGs    # Errors  Last Runtime    Last Run               Last # of DB Queries
------------------------------  -----  ---------  --------  ----------  --------------  -------------------  ----------------------
/opt/airflow/dags/dag_teste.py                           1           0  0.14s           2025-06-22T17:39:21                      10
================================================================================
[2025-06-22T17:40:14.710+0000] {manager.py:997} INFO - 
================================================================================
DAG File Processing Stats

File Path                       PID    Runtime      # DAGs    # Errors  Last Runtime    Last Run               Last # of DB Queries
------------------------------  -----  ---------  --------  ----------  --------------  -------------------  ----------------------
/opt/airflow/dags/dag_teste.py                           1           0  0.15s           2025-06-22T17:39:51                      10
================================================================================
[2025-06-22T17:40:44.991+0000] {manager.py:997} INFO - 
================================================================================
DAG File Processing Stats

File Path                       PID    Runtime      # DAGs    # Errors  Last Runtime    Last Run               Last # of DB Queries
------------------------------  -----  ---------  --------  ----------  --------------  -------------------  ----------------------
/opt/airflow/dags/dag_teste.py                           1           0  0.07s           2025-06-22T17:40:21                      10
================================================================================
[2025-06-22T17:41:15.270+0000] {manager.py:997} INFO - 
================================================================================
DAG File Processing Stats

File Path                       PID    Runtime      # DAGs    # Errors  Last Runtime    Last Run               Last # of DB Queries
------------------------------  -----  ---------  --------  ----------  --------------  -------------------  ----------------------
/opt/airflow/dags/dag_teste.py                           1           0  0.06s           2025-06-22T17:40:52                      10
================================================================================
[2025-06-22T17:41:45.551+0000] {manager.py:997} INFO - 
================================================================================
DAG File Processing Stats

File Path                       PID    Runtime      # DAGs    # Errors  Last Runtime    Last Run               Last # of DB Queries
------------------------------  -----  ---------  --------  ----------  --------------  -------------------  ----------------------
/opt/airflow/dags/dag_teste.py                           1           0  0.14s           2025-06-22T17:41:22                      10
================================================================================
[2025-06-22T17:41:59.750+0000] {manager.py:821} INFO - Searching for files in /opt/airflow/dags
[2025-06-22T17:41:59.755+0000] {manager.py:824} INFO - There are 1 files in /opt/airflow/dags
[2025-06-22T17:42:15.896+0000] {manager.py:997} INFO - 
================================================================================
DAG File Processing Stats

File Path                       PID    Runtime      # DAGs    # Errors  Last Runtime    Last Run               Last # of DB Queries
------------------------------  -----  ---------  --------  ----------  --------------  -------------------  ----------------------
/opt/airflow/dags/dag_teste.py                           1           0  0.14s           2025-06-22T17:41:52                      10
================================================================================
[2025-06-22T17:42:46.211+0000] {manager.py:997} INFO - 
================================================================================
DAG File Processing Stats

File Path                       PID    Runtime      # DAGs    # Errors  Last Runtime    Last Run               Last # of DB Queries
------------------------------  -----  ---------  --------  ----------  --------------  -------------------  ----------------------
/opt/airflow/dags/dag_teste.py                           1           0  0.19s           2025-06-22T17:42:23                      10
================================================================================
[2025-06-22T17:43:16.629+0000] {manager.py:997} INFO - 
================================================================================
DAG File Processing Stats

File Path                       PID    Runtime      # DAGs    # Errors  Last Runtime    Last Run               Last # of DB Queries
------------------------------  -----  ---------  --------  ----------  --------------  -------------------  ----------------------
/opt/airflow/dags/dag_teste.py                           1           0  0.16s           2025-06-22T17:42:53                      10
================================================================================
[2025-06-22T17:43:46.901+0000] {manager.py:997} INFO - 
================================================================================
DAG File Processing Stats

File Path                       PID    Runtime      # DAGs    # Errors  Last Runtime    Last Run               Last # of DB Queries
------------------------------  -----  ---------  --------  ----------  --------------  -------------------  ----------------------
/opt/airflow/dags/dag_teste.py                           1           0  0.07s           2025-06-22T17:43:23                      10
================================================================================
[2025-06-22T17:44:17.200+0000] {manager.py:997} INFO - 
================================================================================
DAG File Processing Stats

File Path                       PID    Runtime      # DAGs    # Errors  Last Runtime    Last Run               Last # of DB Queries
------------------------------  -----  ---------  --------  ----------  --------------  -------------------  ----------------------
/opt/airflow/dags/dag_teste.py                           1           0  0.07s           2025-06-22T17:43:54                      10
================================================================================
[2025-06-22T17:44:47.475+0000] {manager.py:997} INFO - 
================================================================================
DAG File Processing Stats

File Path                       PID    Runtime      # DAGs    # Errors  Last Runtime    Last Run               Last # of DB Queries
------------------------------  -----  ---------  --------  ----------  --------------  -------------------  ----------------------
/opt/airflow/dags/dag_teste.py                           1           0  0.07s           2025-06-22T17:44:24                      10
================================================================================
[2025-06-22T17:45:17.728+0000] {manager.py:997} INFO - 
================================================================================
DAG File Processing Stats

File Path                       PID    Runtime      # DAGs    # Errors  Last Runtime    Last Run               Last # of DB Queries
------------------------------  -----  ---------  --------  ----------  --------------  -------------------  ----------------------
/opt/airflow/dags/dag_teste.py                           1           0  0.09s           2025-06-22T17:44:54                      10
================================================================================
[2025-06-22T17:45:48.004+0000] {manager.py:997} INFO - 
================================================================================
DAG File Processing Stats

File Path                       PID    Runtime      # DAGs    # Errors  Last Runtime    Last Run               Last # of DB Queries
------------------------------  -----  ---------  --------  ----------  --------------  -------------------  ----------------------
/opt/airflow/dags/dag_teste.py                           1           0  0.04s           2025-06-22T17:45:24                      10
================================================================================
[2025-06-22T17:46:18.312+0000] {manager.py:997} INFO - 
================================================================================
DAG File Processing Stats

File Path                       PID    Runtime      # DAGs    # Errors  Last Runtime    Last Run               Last # of DB Queries
------------------------------  -----  ---------  --------  ----------  --------------  -------------------  ----------------------
/opt/airflow/dags/dag_teste.py                           1           0  0.07s           2025-06-22T17:45:55                      10
================================================================================
[2025-06-22T17:46:48.624+0000] {manager.py:997} INFO - 
================================================================================
DAG File Processing Stats

File Path                       PID    Runtime      # DAGs    # Errors  Last Runtime    Last Run               Last # of DB Queries
------------------------------  -----  ---------  --------  ----------  --------------  -------------------  ----------------------
/opt/airflow/dags/dag_teste.py                           1           0  0.07s           2025-06-22T17:46:25                      10
================================================================================
[2025-06-22T17:46:59.776+0000] {manager.py:821} INFO - Searching for files in /opt/airflow/dags
[2025-06-22T17:46:59.781+0000] {manager.py:824} INFO - There are 1 files in /opt/airflow/dags
[2025-06-22T17:47:18.906+0000] {manager.py:997} INFO - 
================================================================================
DAG File Processing Stats

File Path                       PID    Runtime      # DAGs    # Errors  Last Runtime    Last Run               Last # of DB Queries
------------------------------  -----  ---------  --------  ----------  --------------  -------------------  ----------------------
/opt/airflow/dags/dag_teste.py                           1           0  0.06s           2025-06-22T17:46:55                      10
================================================================================
[2025-06-22T17:47:49.210+0000] {manager.py:997} INFO - 
================================================================================
DAG File Processing Stats

File Path                       PID    Runtime      # DAGs    # Errors  Last Runtime    Last Run               Last # of DB Queries
------------------------------  -----  ---------  --------  ----------  --------------  -------------------  ----------------------
/opt/airflow/dags/dag_teste.py                           1           0  0.07s           2025-06-22T17:47:26                      10
================================================================================
[2025-06-22T17:48:19.478+0000] {manager.py:997} INFO - 
================================================================================
DAG File Processing Stats

File Path                       PID    Runtime      # DAGs    # Errors  Last Runtime    Last Run               Last # of DB Queries
------------------------------  -----  ---------  --------  ----------  --------------  -------------------  ----------------------
/opt/airflow/dags/dag_teste.py                           1           0  0.06s           2025-06-22T17:47:56                      10
================================================================================
[2025-06-22T17:48:49.779+0000] {manager.py:997} INFO - 
================================================================================
DAG File Processing Stats

File Path                       PID    Runtime      # DAGs    # Errors  Last Runtime    Last Run               Last # of DB Queries
------------------------------  -----  ---------  --------  ----------  --------------  -------------------  ----------------------
/opt/airflow/dags/dag_teste.py                           1           0  0.07s           2025-06-22T17:48:26                      10
================================================================================
[2025-06-22T17:49:20.052+0000] {manager.py:997} INFO - 
================================================================================
DAG File Processing Stats

File Path                       PID    Runtime      # DAGs    # Errors  Last Runtime    Last Run               Last # of DB Queries
------------------------------  -----  ---------  --------  ----------  --------------  -------------------  ----------------------
/opt/airflow/dags/dag_teste.py                           1           0  0.04s           2025-06-22T17:48:56                      10
================================================================================
[2025-06-22T17:49:50.315+0000] {manager.py:997} INFO - 
================================================================================
DAG File Processing Stats

File Path                       PID    Runtime      # DAGs    # Errors  Last Runtime    Last Run               Last # of DB Queries
------------------------------  -----  ---------  --------  ----------  --------------  -------------------  ----------------------
/opt/airflow/dags/dag_teste.py                           1           0  0.06s           2025-06-22T17:49:27                      10
================================================================================
[2025-06-22T17:50:20.590+0000] {manager.py:997} INFO - 
================================================================================
DAG File Processing Stats

File Path                       PID    Runtime      # DAGs    # Errors  Last Runtime    Last Run               Last # of DB Queries
------------------------------  -----  ---------  --------  ----------  --------------  -------------------  ----------------------
/opt/airflow/dags/dag_teste.py                           1           0  0.06s           2025-06-22T17:49:57                      10
================================================================================
[2025-06-22T17:50:50.860+0000] {manager.py:997} INFO - 
================================================================================
DAG File Processing Stats

File Path                       PID    Runtime      # DAGs    # Errors  Last Runtime    Last Run               Last # of DB Queries
------------------------------  -----  ---------  --------  ----------  --------------  -------------------  ----------------------
/opt/airflow/dags/dag_teste.py                           1           0  0.08s           2025-06-22T17:50:27                      10
================================================================================
[2025-06-22T17:51:21.152+0000] {manager.py:997} INFO - 
================================================================================
DAG File Processing Stats

File Path                       PID    Runtime      # DAGs    # Errors  Last Runtime    Last Run               Last # of DB Queries
------------------------------  -----  ---------  --------  ----------  --------------  -------------------  ----------------------
/opt/airflow/dags/dag_teste.py                           1           0  0.07s           2025-06-22T17:50:57                      10
================================================================================
[2025-06-22T17:51:25.526+0000] {manager.py:465} INFO - Exiting gracefully upon receiving signal 15
[2025-06-22T17:56:34.747+0000] {manager.py:483} INFO - Processing files using up to 2 processes at a time 
[2025-06-22T17:56:34.748+0000] {manager.py:484} INFO - Process each file at most once every 30 seconds
[2025-06-22T17:56:34.748+0000] {manager.py:485} INFO - Checking for new files in /opt/airflow/dags every 300 seconds
[2025-06-22T17:56:34.749+0000] {manager.py:821} INFO - Searching for files in /opt/airflow/dags
[2025-06-22T17:56:34.755+0000] {manager.py:824} INFO - There are 1 files in /opt/airflow/dags
[2025-06-22T17:56:34.809+0000] {manager.py:997} INFO - 
================================================================================
DAG File Processing Stats

File Path                         PID  Runtime      # DAGs    # Errors  Last Runtime    Last Run      Last # of DB Queries
------------------------------  -----  ---------  --------  ----------  --------------  ----------  ----------------------
/opt/airflow/dags/dag_teste.py     49  0.02s             0           0                                                   0
================================================================================
[2025-06-22T17:57:05.002+0000] {manager.py:997} INFO - 
================================================================================
DAG File Processing Stats

File Path                       PID    Runtime      # DAGs    # Errors  Last Runtime    Last Run               Last # of DB Queries
------------------------------  -----  ---------  --------  ----------  --------------  -------------------  ----------------------
/opt/airflow/dags/dag_teste.py                           1           0  0.34s           2025-06-22T17:56:35                      43
================================================================================
[2025-06-22T17:57:35.630+0000] {manager.py:997} INFO - 
================================================================================
DAG File Processing Stats

File Path                         PID  Runtime      # DAGs    # Errors  Last Runtime    Last Run               Last # of DB Queries
------------------------------  -----  ---------  --------  ----------  --------------  -------------------  ----------------------
/opt/airflow/dags/dag_teste.py     63  0.01s             1           0  0.07s           2025-06-22T17:57:05                      10
================================================================================
[2025-06-22T17:58:05.964+0000] {manager.py:997} INFO - 
================================================================================
DAG File Processing Stats

File Path                         PID  Runtime      # DAGs    # Errors  Last Runtime    Last Run               Last # of DB Queries
------------------------------  -----  ---------  --------  ----------  --------------  -------------------  ----------------------
/opt/airflow/dags/dag_teste.py     70  0.01s             1           0  0.06s           2025-06-22T17:57:35                      10
================================================================================
[2025-06-22T17:58:36.234+0000] {manager.py:997} INFO - 
================================================================================
DAG File Processing Stats

File Path                         PID  Runtime      # DAGs    # Errors  Last Runtime    Last Run               Last # of DB Queries
------------------------------  -----  ---------  --------  ----------  --------------  -------------------  ----------------------
/opt/airflow/dags/dag_teste.py     77  0.01s             1           0  0.06s           2025-06-22T17:58:06                      10
================================================================================
[2025-06-22T17:59:06.494+0000] {manager.py:997} INFO - 
================================================================================
DAG File Processing Stats

File Path                         PID  Runtime      # DAGs    # Errors  Last Runtime    Last Run               Last # of DB Queries
------------------------------  -----  ---------  --------  ----------  --------------  -------------------  ----------------------
/opt/airflow/dags/dag_teste.py     84  0.01s             1           0  0.08s           2025-06-22T17:58:36                      10
================================================================================
[2025-06-22T17:59:36.776+0000] {manager.py:997} INFO - 
================================================================================
DAG File Processing Stats

File Path                         PID  Runtime      # DAGs    # Errors  Last Runtime    Last Run               Last # of DB Queries
------------------------------  -----  ---------  --------  ----------  --------------  -------------------  ----------------------
/opt/airflow/dags/dag_teste.py     91  0.00s             1           0  0.07s           2025-06-22T17:59:06                      10
================================================================================
[2025-06-22T18:00:07.078+0000] {manager.py:997} INFO - 
================================================================================
DAG File Processing Stats

File Path                         PID  Runtime      # DAGs    # Errors  Last Runtime    Last Run               Last # of DB Queries
------------------------------  -----  ---------  --------  ----------  --------------  -------------------  ----------------------
/opt/airflow/dags/dag_teste.py     98  0.01s             1           0  0.09s           2025-06-22T17:59:36                      10
================================================================================
[2025-06-22T18:00:37.366+0000] {manager.py:997} INFO - 
================================================================================
DAG File Processing Stats

File Path                         PID  Runtime      # DAGs    # Errors  Last Runtime    Last Run               Last # of DB Queries
------------------------------  -----  ---------  --------  ----------  --------------  -------------------  ----------------------
/opt/airflow/dags/dag_teste.py    111  0.01s             1           0  0.08s           2025-06-22T18:00:07                      10
================================================================================
[2025-06-22T18:01:07.694+0000] {manager.py:997} INFO - 
================================================================================
DAG File Processing Stats

File Path                         PID  Runtime      # DAGs    # Errors  Last Runtime    Last Run               Last # of DB Queries
------------------------------  -----  ---------  --------  ----------  --------------  -------------------  ----------------------
/opt/airflow/dags/dag_teste.py    118  0.01s             1           0  0.09s           2025-06-22T18:00:37                      10
================================================================================
[2025-06-22T18:01:34.973+0000] {manager.py:821} INFO - Searching for files in /opt/airflow/dags
[2025-06-22T18:01:34.983+0000] {manager.py:824} INFO - There are 1 files in /opt/airflow/dags
[2025-06-22T18:01:38.037+0000] {manager.py:997} INFO - 
================================================================================
DAG File Processing Stats

File Path                         PID  Runtime      # DAGs    # Errors  Last Runtime    Last Run               Last # of DB Queries
------------------------------  -----  ---------  --------  ----------  --------------  -------------------  ----------------------
/opt/airflow/dags/dag_teste.py    125  0.01s             1           0  0.08s           2025-06-22T18:01:07                      10
================================================================================
[2025-06-22T18:02:08.353+0000] {manager.py:997} INFO - 
================================================================================
DAG File Processing Stats

File Path                         PID  Runtime      # DAGs    # Errors  Last Runtime    Last Run               Last # of DB Queries
------------------------------  -----  ---------  --------  ----------  --------------  -------------------  ----------------------
/opt/airflow/dags/dag_teste.py    132  0.01s             1           0  0.08s           2025-06-22T18:01:38                      10
================================================================================
[2025-06-22T18:02:38.615+0000] {manager.py:997} INFO - 
================================================================================
DAG File Processing Stats

File Path                         PID  Runtime      # DAGs    # Errors  Last Runtime    Last Run               Last # of DB Queries
------------------------------  -----  ---------  --------  ----------  --------------  -------------------  ----------------------
/opt/airflow/dags/dag_teste.py    139  0.01s             1           0  0.20s           2025-06-22T18:02:08                      10
================================================================================
[2025-06-22T18:03:09.035+0000] {manager.py:997} INFO - 
================================================================================
DAG File Processing Stats

File Path                         PID  Runtime      # DAGs    # Errors  Last Runtime    Last Run               Last # of DB Queries
------------------------------  -----  ---------  --------  ----------  --------------  -------------------  ----------------------
/opt/airflow/dags/dag_teste.py    146  0.01s             1           0  0.15s           2025-06-22T18:02:38                      10
================================================================================
[2025-06-22T18:03:39.416+0000] {manager.py:997} INFO - 
================================================================================
DAG File Processing Stats

File Path                         PID  Runtime      # DAGs    # Errors  Last Runtime    Last Run               Last # of DB Queries
------------------------------  -----  ---------  --------  ----------  --------------  -------------------  ----------------------
/opt/airflow/dags/dag_teste.py    153  0.03s             1           0  0.07s           2025-06-22T18:03:09                      10
================================================================================
[2025-06-22T18:04:09.727+0000] {manager.py:997} INFO - 
================================================================================
DAG File Processing Stats

File Path                         PID  Runtime      # DAGs    # Errors  Last Runtime    Last Run               Last # of DB Queries
------------------------------  -----  ---------  --------  ----------  --------------  -------------------  ----------------------
/opt/airflow/dags/dag_teste.py    160  0.01s             1           0  0.17s           2025-06-22T18:03:39                      10
================================================================================
[2025-06-22T18:04:40.005+0000] {manager.py:997} INFO - 
================================================================================
DAG File Processing Stats

File Path                         PID  Runtime      # DAGs    # Errors  Last Runtime    Last Run               Last # of DB Queries
------------------------------  -----  ---------  --------  ----------  --------------  -------------------  ----------------------
/opt/airflow/dags/dag_teste.py    167  0.00s             1           0  0.07s           2025-06-22T18:04:09                      10
================================================================================
[2025-06-22T18:05:10.317+0000] {manager.py:997} INFO - 
================================================================================
DAG File Processing Stats

File Path                         PID  Runtime      # DAGs    # Errors  Last Runtime    Last Run               Last # of DB Queries
------------------------------  -----  ---------  --------  ----------  --------------  -------------------  ----------------------
/opt/airflow/dags/dag_teste.py    174  0.01s             1           0  0.07s           2025-06-22T18:04:40                      10
================================================================================
[2025-06-22T18:05:40.627+0000] {manager.py:997} INFO - 
================================================================================
DAG File Processing Stats

File Path                         PID  Runtime      # DAGs    # Errors  Last Runtime    Last Run               Last # of DB Queries
------------------------------  -----  ---------  --------  ----------  --------------  -------------------  ----------------------
/opt/airflow/dags/dag_teste.py    181  0.01s             1           0  0.23s           2025-06-22T18:05:10                      10
================================================================================
[2025-06-22T18:06:10.995+0000] {manager.py:997} INFO - 
================================================================================
DAG File Processing Stats

File Path                         PID  Runtime      # DAGs    # Errors  Last Runtime    Last Run               Last # of DB Queries
------------------------------  -----  ---------  --------  ----------  --------------  -------------------  ----------------------
/opt/airflow/dags/dag_teste.py    188  0.01s             1           0  0.17s           2025-06-22T18:05:40                      10
================================================================================
[2025-06-22T18:06:35.197+0000] {manager.py:821} INFO - Searching for files in /opt/airflow/dags
[2025-06-22T18:06:35.207+0000] {manager.py:824} INFO - There are 1 files in /opt/airflow/dags
[2025-06-22T18:06:41.305+0000] {manager.py:997} INFO - 
================================================================================
DAG File Processing Stats

File Path                       PID    Runtime      # DAGs    # Errors  Last Runtime    Last Run               Last # of DB Queries
------------------------------  -----  ---------  --------  ----------  --------------  -------------------  ----------------------
/opt/airflow/dags/dag_teste.py                           1           0  0.06s           2025-06-22T18:06:40                       9
================================================================================
[2025-06-22T18:07:11.605+0000] {manager.py:997} INFO - 
================================================================================
DAG File Processing Stats

File Path                       PID    Runtime      # DAGs    # Errors  Last Runtime    Last Run               Last # of DB Queries
------------------------------  -----  ---------  --------  ----------  --------------  -------------------  ----------------------
/opt/airflow/dags/dag_teste.py                           1           0  0.11s           2025-06-22T18:07:10                      10
================================================================================
[2025-06-22T18:07:41.956+0000] {manager.py:997} INFO - 
================================================================================
DAG File Processing Stats

File Path                       PID    Runtime      # DAGs    # Errors  Last Runtime    Last Run               Last # of DB Queries
------------------------------  -----  ---------  --------  ----------  --------------  -------------------  ----------------------
/opt/airflow/dags/dag_teste.py                           1           0  0.08s           2025-06-22T18:07:14                      10
================================================================================
[2025-06-22T18:08:12.217+0000] {manager.py:997} INFO - 
================================================================================
DAG File Processing Stats

File Path                       PID    Runtime      # DAGs    # Errors  Last Runtime    Last Run               Last # of DB Queries
------------------------------  -----  ---------  --------  ----------  --------------  -------------------  ----------------------
/opt/airflow/dags/dag_teste.py                           1           0  0.29s           2025-06-22T18:07:45                      10
================================================================================
[2025-06-22T18:08:42.841+0000] {manager.py:997} INFO - 
================================================================================
DAG File Processing Stats

File Path                       PID    Runtime      # DAGs    # Errors  Last Runtime    Last Run               Last # of DB Queries
------------------------------  -----  ---------  --------  ----------  --------------  -------------------  ----------------------
/opt/airflow/dags/dag_teste.py                           1           0  0.20s           2025-06-22T18:08:15                      10
================================================================================
[2025-06-22T18:09:13.316+0000] {manager.py:997} INFO - 
================================================================================
DAG File Processing Stats

File Path                       PID    Runtime      # DAGs    # Errors  Last Runtime    Last Run               Last # of DB Queries
------------------------------  -----  ---------  --------  ----------  --------------  -------------------  ----------------------
/opt/airflow/dags/dag_teste.py                           1           0  0.22s           2025-06-22T18:08:46                      10
================================================================================
[2025-06-22T18:09:43.577+0000] {manager.py:997} INFO - 
================================================================================
DAG File Processing Stats

File Path                       PID    Runtime      # DAGs    # Errors  Last Runtime    Last Run               Last # of DB Queries
------------------------------  -----  ---------  --------  ----------  --------------  -------------------  ----------------------
/opt/airflow/dags/dag_teste.py                           1           0  0.07s           2025-06-22T18:09:16                      10
================================================================================
[2025-06-22T18:10:13.867+0000] {manager.py:997} INFO - 
================================================================================
DAG File Processing Stats

File Path                       PID    Runtime      # DAGs    # Errors  Last Runtime    Last Run               Last # of DB Queries
------------------------------  -----  ---------  --------  ----------  --------------  -------------------  ----------------------
/opt/airflow/dags/dag_teste.py                           1           0  0.05s           2025-06-22T18:09:46                      10
================================================================================
[2025-06-22T18:10:44.183+0000] {manager.py:997} INFO - 
================================================================================
DAG File Processing Stats

File Path                       PID    Runtime      # DAGs    # Errors  Last Runtime    Last Run               Last # of DB Queries
------------------------------  -----  ---------  --------  ----------  --------------  -------------------  ----------------------
/opt/airflow/dags/dag_teste.py                           1           0  0.06s           2025-06-22T18:10:16                      10
================================================================================
[2025-06-22T18:11:14.494+0000] {manager.py:997} INFO - 
================================================================================
DAG File Processing Stats

File Path                       PID    Runtime      # DAGs    # Errors  Last Runtime    Last Run               Last # of DB Queries
------------------------------  -----  ---------  --------  ----------  --------------  -------------------  ----------------------
/opt/airflow/dags/dag_teste.py                           1           0  0.22s           2025-06-22T18:10:47                      10
================================================================================
[2025-06-22T18:11:35.872+0000] {manager.py:821} INFO - Searching for files in /opt/airflow/dags
[2025-06-22T18:11:35.879+0000] {manager.py:824} INFO - There are 1 files in /opt/airflow/dags
[2025-06-22T18:11:44.967+0000] {manager.py:997} INFO - 
================================================================================
DAG File Processing Stats

File Path                       PID    Runtime      # DAGs    # Errors  Last Runtime    Last Run               Last # of DB Queries
------------------------------  -----  ---------  --------  ----------  --------------  -------------------  ----------------------
/opt/airflow/dags/dag_teste.py                           1           0  0.19s           2025-06-22T18:11:17                      10
================================================================================
[2025-06-22T18:12:15.282+0000] {manager.py:997} INFO - 
================================================================================
DAG File Processing Stats

File Path                       PID    Runtime      # DAGs    # Errors  Last Runtime    Last Run               Last # of DB Queries
------------------------------  -----  ---------  --------  ----------  --------------  -------------------  ----------------------
/opt/airflow/dags/dag_teste.py                           1           0  0.05s           2025-06-22T18:11:48                      10
================================================================================
[2025-06-22T18:12:45.584+0000] {manager.py:997} INFO - 
================================================================================
DAG File Processing Stats

File Path                       PID    Runtime      # DAGs    # Errors  Last Runtime    Last Run               Last # of DB Queries
------------------------------  -----  ---------  --------  ----------  --------------  -------------------  ----------------------
/opt/airflow/dags/dag_teste.py                           1           0  0.07s           2025-06-22T18:12:18                      10
================================================================================
[2025-06-22T18:13:15.926+0000] {manager.py:997} INFO - 
================================================================================
DAG File Processing Stats

File Path                       PID    Runtime      # DAGs    # Errors  Last Runtime    Last Run               Last # of DB Queries
------------------------------  -----  ---------  --------  ----------  --------------  -------------------  ----------------------
/opt/airflow/dags/dag_teste.py                           1           0  0.09s           2025-06-22T18:12:48                      10
================================================================================
[2025-06-22T18:13:46.240+0000] {manager.py:997} INFO - 
================================================================================
DAG File Processing Stats

File Path                       PID    Runtime      # DAGs    # Errors  Last Runtime    Last Run               Last # of DB Queries
------------------------------  -----  ---------  --------  ----------  --------------  -------------------  ----------------------
/opt/airflow/dags/dag_teste.py                           1           0  0.10s           2025-06-22T18:13:19                      10
================================================================================
[2025-06-22T18:14:16.589+0000] {manager.py:997} INFO - 
================================================================================
DAG File Processing Stats

File Path                       PID    Runtime      # DAGs    # Errors  Last Runtime    Last Run               Last # of DB Queries
------------------------------  -----  ---------  --------  ----------  --------------  -------------------  ----------------------
/opt/airflow/dags/dag_teste.py                           1           0  0.30s           2025-06-22T18:13:49                      10
================================================================================
[2025-06-22T18:14:47.027+0000] {manager.py:997} INFO - 
================================================================================
DAG File Processing Stats

File Path                       PID    Runtime      # DAGs    # Errors  Last Runtime    Last Run               Last # of DB Queries
------------------------------  -----  ---------  --------  ----------  --------------  -------------------  ----------------------
/opt/airflow/dags/dag_teste.py                           1           0  0.33s           2025-06-22T18:14:19                      10
================================================================================
[2025-06-22T18:15:17.280+0000] {manager.py:997} INFO - 
================================================================================
DAG File Processing Stats

File Path                       PID    Runtime      # DAGs    # Errors  Last Runtime    Last Run               Last # of DB Queries
------------------------------  -----  ---------  --------  ----------  --------------  -------------------  ----------------------
/opt/airflow/dags/dag_teste.py                           1           0  0.10s           2025-06-22T18:14:50                      10
================================================================================
[2025-06-22T18:15:47.689+0000] {manager.py:997} INFO - 
================================================================================
DAG File Processing Stats

File Path                       PID    Runtime      # DAGs    # Errors  Last Runtime    Last Run               Last # of DB Queries
------------------------------  -----  ---------  --------  ----------  --------------  -------------------  ----------------------
/opt/airflow/dags/dag_teste.py                           1           0  0.09s           2025-06-22T18:15:20                      10
================================================================================
[2025-06-22T18:16:18.004+0000] {manager.py:997} INFO - 
================================================================================
DAG File Processing Stats

File Path                       PID    Runtime      # DAGs    # Errors  Last Runtime    Last Run               Last # of DB Queries
------------------------------  -----  ---------  --------  ----------  --------------  -------------------  ----------------------
/opt/airflow/dags/dag_teste.py                           1           0  0.08s           2025-06-22T18:15:50                      10
================================================================================
[2025-06-22T18:16:36.193+0000] {manager.py:821} INFO - Searching for files in /opt/airflow/dags
[2025-06-22T18:16:36.201+0000] {manager.py:824} INFO - There are 1 files in /opt/airflow/dags
[2025-06-22T18:16:40.292+0000] {manager.py:465} INFO - Exiting gracefully upon receiving signal 15
