[2025-06-21T20:15:01.015+0000] {manager.py:469} INFO - Processing files using up to 2 processes at a time 
[2025-06-21T20:15:01.017+0000] {manager.py:470} INFO - Process each file at most once every 30 seconds
[2025-06-21T20:15:01.017+0000] {manager.py:471} INFO - Checking for new files in /opt/airflow/dags every 300 seconds
[2025-06-21T20:15:01.017+0000] {manager.py:738} INFO - Searching for files in /opt/airflow/dags
[2025-06-21T20:15:01.024+0000] {manager.py:741} INFO - There are 48 files in /opt/airflow/dags
[2025-06-21T20:15:01.082+0000] {manager.py:879} INFO - 
================================================================================
DAG File Processing Stats

File Path                                                                                                                            PID  Runtime      # DAGs    # Errors  Last Runtime    Last Run
---------------------------------------------------------------------------------------------------------------------------------  -----  ---------  --------  ----------  --------------  ----------
/home/airflow/.local/lib/python3.10/site-packages/airflow/example_dags/example_setup_teardown.py                                      28  0.03s             0           0
/home/airflow/.local/lib/python3.10/site-packages/airflow/example_dags/example_sensors.py                                             29  0.02s             0           0
/home/airflow/.local/lib/python3.10/site-packages/airflow/example_dags/example_short_circuit_decorator.py                                                   0           0
/home/airflow/.local/lib/python3.10/site-packages/airflow/example_dags/example_sla_dag.py                                                                   0           0
/home/airflow/.local/lib/python3.10/site-packages/airflow/example_dags/example_latest_only_with_trigger.py                                                  0           0
/home/airflow/.local/lib/python3.10/site-packages/airflow/example_dags/tutorial_taskflow_api.py                                                             0           0
/home/airflow/.local/lib/python3.10/site-packages/airflow/example_dags/example_nested_branch_dag.py                                                         0           0
/home/airflow/.local/lib/python3.10/site-packages/airflow/example_dags/example_branch_python_dop_operator_3.py                                              0           0
/home/airflow/.local/lib/python3.10/site-packages/airflow/example_dags/example_params_ui_tutorial.py                                                        0           0
/home/airflow/.local/lib/python3.10/site-packages/airflow/example_dags/example_trigger_target_dag.py                                                        0           0
/home/airflow/.local/lib/python3.10/site-packages/airflow/example_dags/example_branch_operator.py                                                           0           0
/home/airflow/.local/lib/python3.10/site-packages/airflow/example_dags/example_passing_params_via_test_command.py                                           0           0
/home/airflow/.local/lib/python3.10/site-packages/airflow/example_dags/tutorial_taskflow_api_virtualenv.py                                                  0           0
/home/airflow/.local/lib/python3.10/site-packages/airflow/example_dags/tutorial_dag.py                                                                      0           0
/home/airflow/.local/lib/python3.10/site-packages/airflow/example_dags/tutorial.py                                                                          0           0
/home/airflow/.local/lib/python3.10/site-packages/airflow/example_dags/example_complex.py                                                                   0           0
/home/airflow/.local/lib/python3.10/site-packages/airflow/example_dags/example_sensor_decorator.py                                                          0           0
/home/airflow/.local/lib/python3.10/site-packages/airflow/example_dags/example_external_task_marker_dag.py                                                  0           0
/home/airflow/.local/lib/python3.10/site-packages/airflow/example_dags/example_branch_day_of_week_operator.py                                               0           0
/home/airflow/.local/lib/python3.10/site-packages/airflow/example_dags/example_params_trigger_ui.py                                                         0           0
/home/airflow/.local/lib/python3.10/site-packages/airflow/example_dags/example_branch_datetime_operator.py                                                  0           0
/home/airflow/.local/lib/python3.10/site-packages/airflow/example_dags/example_xcom.py                                                                      0           0
/home/airflow/.local/lib/python3.10/site-packages/airflow/example_dags/example_skip_dag.py                                                                  0           0
/home/airflow/.local/lib/python3.10/site-packages/airflow/example_dags/example_local_kubernetes_executor.py                                                 0           0
/home/airflow/.local/lib/python3.10/site-packages/airflow/example_dags/example_short_circuit_operator.py                                                    0           0
/home/airflow/.local/lib/python3.10/site-packages/airflow/example_dags/example_dynamic_task_mapping_with_no_taskflow_operators.py                           0           0
/home/airflow/.local/lib/python3.10/site-packages/airflow/example_dags/example_datasets.py                                                                  0           0
/home/airflow/.local/lib/python3.10/site-packages/airflow/example_dags/tutorial_objectstorage.py                                                            0           0
/home/airflow/.local/lib/python3.10/site-packages/airflow/example_dags/example_kubernetes_executor.py                                                       0           0
/home/airflow/.local/lib/python3.10/site-packages/airflow/example_dags/example_subdag_operator.py                                                           0           0
/home/airflow/.local/lib/python3.10/site-packages/airflow/example_dags/example_xcomargs.py                                                                  0           0
/home/airflow/.local/lib/python3.10/site-packages/airflow/example_dags/example_dynamic_task_mapping.py                                                      0           0
/home/airflow/.local/lib/python3.10/site-packages/airflow/example_dags/example_branch_labels.py                                                             0           0
/home/airflow/.local/lib/python3.10/site-packages/airflow/example_dags/example_setup_teardown_taskflow.py                                                   0           0
/home/airflow/.local/lib/python3.10/site-packages/airflow/example_dags/example_task_group_decorator.py                                                      0           0
/home/airflow/.local/lib/python3.10/site-packages/airflow/example_dags/example_branch_operator_decorator.py                                                 0           0
/home/airflow/.local/lib/python3.10/site-packages/airflow/example_dags/example_trigger_controller_dag.py                                                    0           0
/home/airflow/.local/lib/python3.10/site-packages/airflow/example_dags/example_time_delta_sensor_async.py                                                   0           0
/home/airflow/.local/lib/python3.10/site-packages/airflow/example_dags/example_dag_decorator.py                                                             0           0
/home/airflow/.local/lib/python3.10/site-packages/airflow/example_dags/example_bash_operator.py                                                             0           0
/home/airflow/.local/lib/python3.10/site-packages/airflow/example_dags/example_task_group.py                                                                0           0
/home/airflow/.local/lib/python3.10/site-packages/airflow/example_dags/example_python_operator.py                                                           0           0
/home/airflow/.local/lib/python3.10/site-packages/airflow/example_dags/example_python_decorator.py                                                          0           0
/home/airflow/.local/lib/python3.10/site-packages/airflow/example_dags/example_latest_only.py                                                               0           0
/home/airflow/.local/lib/python3.10/site-packages/airflow/example_dags/subdags/subdag.py                                                                    0           0
/home/airflow/.local/lib/python3.10/site-packages/airflow/example_dags/plugins/event_listener.py                                                            0           0
/home/airflow/.local/lib/python3.10/site-packages/airflow/example_dags/plugins/workday.py                                                                   0           0
/home/airflow/.local/lib/python3.10/site-packages/airflow/example_dags/plugins/listener_plugin.py                                                           0           0
================================================================================
[2025-06-21T20:15:31.596+0000] {manager.py:879} INFO - 
================================================================================
DAG File Processing Stats

File Path                                                                                                                            PID  Runtime      # DAGs    # Errors  Last Runtime    Last Run
---------------------------------------------------------------------------------------------------------------------------------  -----  ---------  --------  ----------  --------------  -------------------
/home/airflow/.local/lib/python3.10/site-packages/airflow/example_dags/subdags/subdag.py                                                                    0           0  0.02s           2025-06-21T20:15:02
/home/airflow/.local/lib/python3.10/site-packages/airflow/example_dags/plugins/event_listener.py                                                            0           0  0.02s           2025-06-21T20:15:02
/home/airflow/.local/lib/python3.10/site-packages/airflow/example_dags/plugins/workday.py                                                                   0           0  0.80s           2025-06-21T20:15:03
/home/airflow/.local/lib/python3.10/site-packages/airflow/example_dags/plugins/listener_plugin.py                                                           0           0  0.02s           2025-06-21T20:15:02
/home/airflow/.local/lib/python3.10/site-packages/airflow/example_dags/example_setup_teardown.py                                      83  0.00s             1           0  0.07s           2025-06-21T20:15:01
/home/airflow/.local/lib/python3.10/site-packages/airflow/example_dags/example_sensors.py                                             84  0.00s             1           0  0.08s           2025-06-21T20:15:01
/home/airflow/.local/lib/python3.10/site-packages/airflow/example_dags/example_short_circuit_decorator.py                                                   1           0  0.04s           2025-06-21T20:15:01
/home/airflow/.local/lib/python3.10/site-packages/airflow/example_dags/example_sla_dag.py                                                                   1           0  0.04s           2025-06-21T20:15:01
/home/airflow/.local/lib/python3.10/site-packages/airflow/example_dags/example_latest_only_with_trigger.py                                                  1           0  0.07s           2025-06-21T20:15:01
/home/airflow/.local/lib/python3.10/site-packages/airflow/example_dags/tutorial_taskflow_api.py                                                             1           0  0.05s           2025-06-21T20:15:01
/home/airflow/.local/lib/python3.10/site-packages/airflow/example_dags/example_nested_branch_dag.py                                                         1           0  0.06s           2025-06-21T20:15:01
/home/airflow/.local/lib/python3.10/site-packages/airflow/example_dags/example_branch_python_dop_operator_3.py                                              1           0  0.05s           2025-06-21T20:15:01
/home/airflow/.local/lib/python3.10/site-packages/airflow/example_dags/example_params_ui_tutorial.py                                                        1           0  0.06s           2025-06-21T20:15:01
/home/airflow/.local/lib/python3.10/site-packages/airflow/example_dags/example_trigger_target_dag.py                                                        1           0  0.07s           2025-06-21T20:15:01
/home/airflow/.local/lib/python3.10/site-packages/airflow/example_dags/example_branch_operator.py                                                           1           0  0.07s           2025-06-21T20:15:01
/home/airflow/.local/lib/python3.10/site-packages/airflow/example_dags/example_passing_params_via_test_command.py                                           1           0  0.05s           2025-06-21T20:15:01
/home/airflow/.local/lib/python3.10/site-packages/airflow/example_dags/tutorial_taskflow_api_virtualenv.py                                                  1           0  0.05s           2025-06-21T20:15:01
/home/airflow/.local/lib/python3.10/site-packages/airflow/example_dags/tutorial_dag.py                                                                      1           0  0.05s           2025-06-21T20:15:01
/home/airflow/.local/lib/python3.10/site-packages/airflow/example_dags/tutorial.py                                                                          1           0  0.05s           2025-06-21T20:15:01
/home/airflow/.local/lib/python3.10/site-packages/airflow/example_dags/example_complex.py                                                                   1           0  0.05s           2025-06-21T20:15:01
/home/airflow/.local/lib/python3.10/site-packages/airflow/example_dags/example_sensor_decorator.py                                                          1           0  0.05s           2025-06-21T20:15:01
/home/airflow/.local/lib/python3.10/site-packages/airflow/example_dags/example_branch_day_of_week_operator.py                                               1           0  0.08s           2025-06-21T20:15:01
/home/airflow/.local/lib/python3.10/site-packages/airflow/example_dags/example_params_trigger_ui.py                                                         1           0  0.06s           2025-06-21T20:15:01
/home/airflow/.local/lib/python3.10/site-packages/airflow/example_dags/example_xcom.py                                                                      1           0  0.06s           2025-06-21T20:15:01
/home/airflow/.local/lib/python3.10/site-packages/airflow/example_dags/example_skip_dag.py                                                                  1           0  0.06s           2025-06-21T20:15:01
/home/airflow/.local/lib/python3.10/site-packages/airflow/example_dags/example_local_kubernetes_executor.py                                                 1           0  0.06s           2025-06-21T20:15:01
/home/airflow/.local/lib/python3.10/site-packages/airflow/example_dags/example_short_circuit_operator.py                                                    1           0  0.06s           2025-06-21T20:15:01
/home/airflow/.local/lib/python3.10/site-packages/airflow/example_dags/example_dynamic_task_mapping_with_no_taskflow_operators.py                           1           0  0.06s           2025-06-21T20:15:01
/home/airflow/.local/lib/python3.10/site-packages/airflow/example_dags/tutorial_objectstorage.py                                                            1           0  0.04s           2025-06-21T20:15:02
/home/airflow/.local/lib/python3.10/site-packages/airflow/example_dags/example_kubernetes_executor.py                                                       1           0  0.05s           2025-06-21T20:15:02
/home/airflow/.local/lib/python3.10/site-packages/airflow/example_dags/example_dynamic_task_mapping.py                                                      1           0  0.04s           2025-06-21T20:15:02
/home/airflow/.local/lib/python3.10/site-packages/airflow/example_dags/example_branch_labels.py                                                             1           0  0.05s           2025-06-21T20:15:02
/home/airflow/.local/lib/python3.10/site-packages/airflow/example_dags/example_setup_teardown_taskflow.py                                                   1           0  0.05s           2025-06-21T20:15:02
/home/airflow/.local/lib/python3.10/site-packages/airflow/example_dags/example_task_group_decorator.py                                                      1           0  0.06s           2025-06-21T20:15:02
/home/airflow/.local/lib/python3.10/site-packages/airflow/example_dags/example_branch_operator_decorator.py                                                 1           0  0.07s           2025-06-21T20:15:02
/home/airflow/.local/lib/python3.10/site-packages/airflow/example_dags/example_trigger_controller_dag.py                                                    1           0  0.06s           2025-06-21T20:15:02
/home/airflow/.local/lib/python3.10/site-packages/airflow/example_dags/example_time_delta_sensor_async.py                                                   1           0  0.05s           2025-06-21T20:15:02
/home/airflow/.local/lib/python3.10/site-packages/airflow/example_dags/example_dag_decorator.py                                                             1           0  0.17s           2025-06-21T20:15:02
/home/airflow/.local/lib/python3.10/site-packages/airflow/example_dags/example_bash_operator.py                                                             1           0  0.05s           2025-06-21T20:15:02
/home/airflow/.local/lib/python3.10/site-packages/airflow/example_dags/example_task_group.py                                                                1           0  0.09s           2025-06-21T20:15:02
/home/airflow/.local/lib/python3.10/site-packages/airflow/example_dags/example_python_operator.py                                                           1           0  0.04s           2025-06-21T20:15:02
/home/airflow/.local/lib/python3.10/site-packages/airflow/example_dags/example_python_decorator.py                                                          1           0  0.05s           2025-06-21T20:15:02
/home/airflow/.local/lib/python3.10/site-packages/airflow/example_dags/example_latest_only.py                                                               1           0  0.04s           2025-06-21T20:15:02
/home/airflow/.local/lib/python3.10/site-packages/airflow/example_dags/example_external_task_marker_dag.py                                                  2           0  0.06s           2025-06-21T20:15:01
/home/airflow/.local/lib/python3.10/site-packages/airflow/example_dags/example_xcomargs.py                                                                  2           0  0.05s           2025-06-21T20:15:02
/home/airflow/.local/lib/python3.10/site-packages/airflow/example_dags/example_branch_datetime_operator.py                                                  3           0  0.05s           2025-06-21T20:15:01
/home/airflow/.local/lib/python3.10/site-packages/airflow/example_dags/example_subdag_operator.py                                                           3           0  0.06s           2025-06-21T20:15:02
/home/airflow/.local/lib/python3.10/site-packages/airflow/example_dags/example_datasets.py                                                                  6           0  0.08s           2025-06-21T20:15:01
================================================================================
[2025-06-21T20:16:02.014+0000] {manager.py:879} INFO - 
================================================================================
DAG File Processing Stats

File Path                                                                                                                            PID  Runtime      # DAGs    # Errors  Last Runtime    Last Run
---------------------------------------------------------------------------------------------------------------------------------  -----  ---------  --------  ----------  --------------  -------------------
/home/airflow/.local/lib/python3.10/site-packages/airflow/example_dags/subdags/subdag.py                                                                    0           0  0.02s           2025-06-21T20:15:33
/home/airflow/.local/lib/python3.10/site-packages/airflow/example_dags/plugins/event_listener.py                                                            0           0  0.02s           2025-06-21T20:15:33
/home/airflow/.local/lib/python3.10/site-packages/airflow/example_dags/plugins/workday.py                                                                   0           0  0.21s           2025-06-21T20:15:33
/home/airflow/.local/lib/python3.10/site-packages/airflow/example_dags/plugins/listener_plugin.py                                                           0           0  0.02s           2025-06-21T20:15:33
/home/airflow/.local/lib/python3.10/site-packages/airflow/example_dags/example_setup_teardown.py                                     138  0.01s             1           0  0.16s           2025-06-21T20:15:31
/home/airflow/.local/lib/python3.10/site-packages/airflow/example_dags/example_sensors.py                                            139  0.00s             1           0  0.14s           2025-06-21T20:15:31
/home/airflow/.local/lib/python3.10/site-packages/airflow/example_dags/example_short_circuit_decorator.py                                                   1           0  0.10s           2025-06-21T20:15:31
/home/airflow/.local/lib/python3.10/site-packages/airflow/example_dags/example_sla_dag.py                                                                   1           0  0.10s           2025-06-21T20:15:31
/home/airflow/.local/lib/python3.10/site-packages/airflow/example_dags/example_latest_only_with_trigger.py                                                  1           0  0.08s           2025-06-21T20:15:31
/home/airflow/.local/lib/python3.10/site-packages/airflow/example_dags/tutorial_taskflow_api.py                                                             1           0  0.11s           2025-06-21T20:15:32
/home/airflow/.local/lib/python3.10/site-packages/airflow/example_dags/example_nested_branch_dag.py                                                         1           0  0.11s           2025-06-21T20:15:32
/home/airflow/.local/lib/python3.10/site-packages/airflow/example_dags/example_branch_python_dop_operator_3.py                                              1           0  0.09s           2025-06-21T20:15:32
/home/airflow/.local/lib/python3.10/site-packages/airflow/example_dags/example_params_ui_tutorial.py                                                        1           0  0.10s           2025-06-21T20:15:32
/home/airflow/.local/lib/python3.10/site-packages/airflow/example_dags/example_trigger_target_dag.py                                                        1           0  0.08s           2025-06-21T20:15:32
/home/airflow/.local/lib/python3.10/site-packages/airflow/example_dags/example_branch_operator.py                                                           1           0  0.10s           2025-06-21T20:15:32
/home/airflow/.local/lib/python3.10/site-packages/airflow/example_dags/example_passing_params_via_test_command.py                                           1           0  0.09s           2025-06-21T20:15:32
/home/airflow/.local/lib/python3.10/site-packages/airflow/example_dags/tutorial_taskflow_api_virtualenv.py                                                  1           0  0.08s           2025-06-21T20:15:32
/home/airflow/.local/lib/python3.10/site-packages/airflow/example_dags/tutorial_dag.py                                                                      1           0  0.08s           2025-06-21T20:15:32
/home/airflow/.local/lib/python3.10/site-packages/airflow/example_dags/tutorial.py                                                                          1           0  0.08s           2025-06-21T20:15:32
/home/airflow/.local/lib/python3.10/site-packages/airflow/example_dags/example_complex.py                                                                   1           0  0.08s           2025-06-21T20:15:32
/home/airflow/.local/lib/python3.10/site-packages/airflow/example_dags/example_sensor_decorator.py                                                          1           0  0.08s           2025-06-21T20:15:32
/home/airflow/.local/lib/python3.10/site-packages/airflow/example_dags/example_branch_day_of_week_operator.py                                               1           0  0.08s           2025-06-21T20:15:32
/home/airflow/.local/lib/python3.10/site-packages/airflow/example_dags/example_params_trigger_ui.py                                                         1           0  0.09s           2025-06-21T20:15:32
/home/airflow/.local/lib/python3.10/site-packages/airflow/example_dags/example_xcom.py                                                                      1           0  0.09s           2025-06-21T20:15:32
/home/airflow/.local/lib/python3.10/site-packages/airflow/example_dags/example_skip_dag.py                                                                  1           0  0.07s           2025-06-21T20:15:32
/home/airflow/.local/lib/python3.10/site-packages/airflow/example_dags/example_local_kubernetes_executor.py                                                 1           0  0.09s           2025-06-21T20:15:32
/home/airflow/.local/lib/python3.10/site-packages/airflow/example_dags/example_short_circuit_operator.py                                                    1           0  0.08s           2025-06-21T20:15:32
/home/airflow/.local/lib/python3.10/site-packages/airflow/example_dags/example_dynamic_task_mapping_with_no_taskflow_operators.py                           1           0  0.08s           2025-06-21T20:15:32
/home/airflow/.local/lib/python3.10/site-packages/airflow/example_dags/tutorial_objectstorage.py                                                            1           0  0.09s           2025-06-21T20:15:33
/home/airflow/.local/lib/python3.10/site-packages/airflow/example_dags/example_kubernetes_executor.py                                                       1           0  0.09s           2025-06-21T20:15:33
/home/airflow/.local/lib/python3.10/site-packages/airflow/example_dags/example_dynamic_task_mapping.py                                                      1           0  0.08s           2025-06-21T20:15:33
/home/airflow/.local/lib/python3.10/site-packages/airflow/example_dags/example_branch_labels.py                                                             1           0  0.08s           2025-06-21T20:15:33
/home/airflow/.local/lib/python3.10/site-packages/airflow/example_dags/example_setup_teardown_taskflow.py                                                   1           0  0.10s           2025-06-21T20:15:33
/home/airflow/.local/lib/python3.10/site-packages/airflow/example_dags/example_task_group_decorator.py                                                      1           0  0.09s           2025-06-21T20:15:33
/home/airflow/.local/lib/python3.10/site-packages/airflow/example_dags/example_branch_operator_decorator.py                                                 1           0  0.10s           2025-06-21T20:15:33
/home/airflow/.local/lib/python3.10/site-packages/airflow/example_dags/example_trigger_controller_dag.py                                                    1           0  0.08s           2025-06-21T20:15:33
/home/airflow/.local/lib/python3.10/site-packages/airflow/example_dags/example_time_delta_sensor_async.py                                                   1           0  0.07s           2025-06-21T20:15:33
/home/airflow/.local/lib/python3.10/site-packages/airflow/example_dags/example_dag_decorator.py                                                             1           0  0.12s           2025-06-21T20:15:33
/home/airflow/.local/lib/python3.10/site-packages/airflow/example_dags/example_bash_operator.py                                                             1           0  0.09s           2025-06-21T20:15:33
/home/airflow/.local/lib/python3.10/site-packages/airflow/example_dags/example_task_group.py                                                                1           0  0.08s           2025-06-21T20:15:33
/home/airflow/.local/lib/python3.10/site-packages/airflow/example_dags/example_python_operator.py                                                           1           0  0.07s           2025-06-21T20:15:33
/home/airflow/.local/lib/python3.10/site-packages/airflow/example_dags/example_python_decorator.py                                                          1           0  0.07s           2025-06-21T20:15:33
/home/airflow/.local/lib/python3.10/site-packages/airflow/example_dags/example_latest_only.py                                                               1           0  0.08s           2025-06-21T20:15:33
/home/airflow/.local/lib/python3.10/site-packages/airflow/example_dags/example_external_task_marker_dag.py                                                  2           0  0.09s           2025-06-21T20:15:32
/home/airflow/.local/lib/python3.10/site-packages/airflow/example_dags/example_xcomargs.py                                                                  2           0  0.09s           2025-06-21T20:15:33
/home/airflow/.local/lib/python3.10/site-packages/airflow/example_dags/example_branch_datetime_operator.py                                                  3           0  0.10s           2025-06-21T20:15:32
/home/airflow/.local/lib/python3.10/site-packages/airflow/example_dags/example_subdag_operator.py                                                           3           0  0.11s           2025-06-21T20:15:33
/home/airflow/.local/lib/python3.10/site-packages/airflow/example_dags/example_datasets.py                                                                  6           0  0.13s           2025-06-21T20:15:32
================================================================================
[2025-06-21T20:16:32.628+0000] {manager.py:879} INFO - 
================================================================================
DAG File Processing Stats

File Path                                                                                                                            PID  Runtime      # DAGs    # Errors  Last Runtime    Last Run
---------------------------------------------------------------------------------------------------------------------------------  -----  ---------  --------  ----------  --------------  -------------------
/home/airflow/.local/lib/python3.10/site-packages/airflow/example_dags/subdags/subdag.py                                                                    0           0  0.03s           2025-06-21T20:16:04
/home/airflow/.local/lib/python3.10/site-packages/airflow/example_dags/plugins/event_listener.py                                                            0           0  0.03s           2025-06-21T20:16:04
/home/airflow/.local/lib/python3.10/site-packages/airflow/example_dags/plugins/workday.py                                                                   0           0  0.36s           2025-06-21T20:16:04
/home/airflow/.local/lib/python3.10/site-packages/airflow/example_dags/plugins/listener_plugin.py                                                           0           0  0.03s           2025-06-21T20:16:04
/home/airflow/.local/lib/python3.10/site-packages/airflow/example_dags/example_setup_teardown.py                                     192  0.02s             1           0  0.13s           2025-06-21T20:16:02
/home/airflow/.local/lib/python3.10/site-packages/airflow/example_dags/example_sensors.py                                            193  0.01s             1           0  0.15s           2025-06-21T20:16:02
/home/airflow/.local/lib/python3.10/site-packages/airflow/example_dags/example_short_circuit_decorator.py                                                   1           0  0.12s           2025-06-21T20:16:02
/home/airflow/.local/lib/python3.10/site-packages/airflow/example_dags/example_sla_dag.py                                                                   1           0  0.12s           2025-06-21T20:16:02
/home/airflow/.local/lib/python3.10/site-packages/airflow/example_dags/example_latest_only_with_trigger.py                                                  1           0  0.07s           2025-06-21T20:16:02
/home/airflow/.local/lib/python3.10/site-packages/airflow/example_dags/tutorial_taskflow_api.py                                                             1           0  0.10s           2025-06-21T20:16:02
/home/airflow/.local/lib/python3.10/site-packages/airflow/example_dags/example_nested_branch_dag.py                                                         1           0  0.10s           2025-06-21T20:16:02
/home/airflow/.local/lib/python3.10/site-packages/airflow/example_dags/example_branch_python_dop_operator_3.py                                              1           0  0.10s           2025-06-21T20:16:02
/home/airflow/.local/lib/python3.10/site-packages/airflow/example_dags/example_params_ui_tutorial.py                                                        1           0  0.13s           2025-06-21T20:16:02
/home/airflow/.local/lib/python3.10/site-packages/airflow/example_dags/example_trigger_target_dag.py                                                        1           0  0.09s           2025-06-21T20:16:02
/home/airflow/.local/lib/python3.10/site-packages/airflow/example_dags/example_branch_operator.py                                                           1           0  0.15s           2025-06-21T20:16:02
/home/airflow/.local/lib/python3.10/site-packages/airflow/example_dags/example_passing_params_via_test_command.py                                           1           0  0.13s           2025-06-21T20:16:02
/home/airflow/.local/lib/python3.10/site-packages/airflow/example_dags/tutorial_taskflow_api_virtualenv.py                                                  1           0  0.12s           2025-06-21T20:16:02
/home/airflow/.local/lib/python3.10/site-packages/airflow/example_dags/tutorial_dag.py                                                                      1           0  0.11s           2025-06-21T20:16:02
/home/airflow/.local/lib/python3.10/site-packages/airflow/example_dags/tutorial.py                                                                          1           0  0.11s           2025-06-21T20:16:03
/home/airflow/.local/lib/python3.10/site-packages/airflow/example_dags/example_complex.py                                                                   1           0  0.11s           2025-06-21T20:16:03
/home/airflow/.local/lib/python3.10/site-packages/airflow/example_dags/example_sensor_decorator.py                                                          1           0  0.08s           2025-06-21T20:16:03
/home/airflow/.local/lib/python3.10/site-packages/airflow/example_dags/example_branch_day_of_week_operator.py                                               1           0  0.08s           2025-06-21T20:16:03
/home/airflow/.local/lib/python3.10/site-packages/airflow/example_dags/example_params_trigger_ui.py                                                         1           0  0.07s           2025-06-21T20:16:03
/home/airflow/.local/lib/python3.10/site-packages/airflow/example_dags/example_xcom.py                                                                      1           0  0.07s           2025-06-21T20:16:03
/home/airflow/.local/lib/python3.10/site-packages/airflow/example_dags/example_skip_dag.py                                                                  1           0  0.07s           2025-06-21T20:16:03
/home/airflow/.local/lib/python3.10/site-packages/airflow/example_dags/example_local_kubernetes_executor.py                                                 1           0  0.08s           2025-06-21T20:16:03
/home/airflow/.local/lib/python3.10/site-packages/airflow/example_dags/example_short_circuit_operator.py                                                    1           0  0.08s           2025-06-21T20:16:03
/home/airflow/.local/lib/python3.10/site-packages/airflow/example_dags/example_dynamic_task_mapping_with_no_taskflow_operators.py                           1           0  0.08s           2025-06-21T20:16:03
/home/airflow/.local/lib/python3.10/site-packages/airflow/example_dags/tutorial_objectstorage.py                                                            1           0  0.06s           2025-06-21T20:16:03
/home/airflow/.local/lib/python3.10/site-packages/airflow/example_dags/example_kubernetes_executor.py                                                       1           0  0.09s           2025-06-21T20:16:03
/home/airflow/.local/lib/python3.10/site-packages/airflow/example_dags/example_dynamic_task_mapping.py                                                      1           0  0.09s           2025-06-21T20:16:03
/home/airflow/.local/lib/python3.10/site-packages/airflow/example_dags/example_branch_labels.py                                                             1           0  0.09s           2025-06-21T20:16:03
/home/airflow/.local/lib/python3.10/site-packages/airflow/example_dags/example_setup_teardown_taskflow.py                                                   1           0  0.08s           2025-06-21T20:16:03
/home/airflow/.local/lib/python3.10/site-packages/airflow/example_dags/example_task_group_decorator.py                                                      1           0  0.08s           2025-06-21T20:16:03
/home/airflow/.local/lib/python3.10/site-packages/airflow/example_dags/example_branch_operator_decorator.py                                                 1           0  0.07s           2025-06-21T20:16:03
/home/airflow/.local/lib/python3.10/site-packages/airflow/example_dags/example_trigger_controller_dag.py                                                    1           0  0.06s           2025-06-21T20:16:03
/home/airflow/.local/lib/python3.10/site-packages/airflow/example_dags/example_time_delta_sensor_async.py                                                   1           0  0.04s           2025-06-21T20:16:03
/home/airflow/.local/lib/python3.10/site-packages/airflow/example_dags/example_dag_decorator.py                                                             1           0  0.16s           2025-06-21T20:16:04
/home/airflow/.local/lib/python3.10/site-packages/airflow/example_dags/example_bash_operator.py                                                             1           0  0.09s           2025-06-21T20:16:04
/home/airflow/.local/lib/python3.10/site-packages/airflow/example_dags/example_task_group.py                                                                1           0  0.07s           2025-06-21T20:16:04
/home/airflow/.local/lib/python3.10/site-packages/airflow/example_dags/example_python_operator.py                                                           1           0  0.05s           2025-06-21T20:16:04
/home/airflow/.local/lib/python3.10/site-packages/airflow/example_dags/example_python_decorator.py                                                          1           0  0.08s           2025-06-21T20:16:04
/home/airflow/.local/lib/python3.10/site-packages/airflow/example_dags/example_latest_only.py                                                               1           0  0.08s           2025-06-21T20:16:04
/home/airflow/.local/lib/python3.10/site-packages/airflow/example_dags/example_external_task_marker_dag.py                                                  2           0  0.08s           2025-06-21T20:16:03
/home/airflow/.local/lib/python3.10/site-packages/airflow/example_dags/example_xcomargs.py                                                                  2           0  0.08s           2025-06-21T20:16:03
/home/airflow/.local/lib/python3.10/site-packages/airflow/example_dags/example_branch_datetime_operator.py                                                  3           0  0.08s           2025-06-21T20:16:03
/home/airflow/.local/lib/python3.10/site-packages/airflow/example_dags/example_subdag_operator.py                                                           3           0  0.13s           2025-06-21T20:16:03
/home/airflow/.local/lib/python3.10/site-packages/airflow/example_dags/example_datasets.py                                                                  6           0  0.11s           2025-06-21T20:16:03
================================================================================
[2025-06-21T20:17:03.217+0000] {manager.py:879} INFO - 
================================================================================
DAG File Processing Stats

File Path                                                                                                                            PID  Runtime      # DAGs    # Errors  Last Runtime    Last Run
---------------------------------------------------------------------------------------------------------------------------------  -----  ---------  --------  ----------  --------------  -------------------
/home/airflow/.local/lib/python3.10/site-packages/airflow/example_dags/subdags/subdag.py                                                                    0           0  0.05s           2025-06-21T20:16:34
/home/airflow/.local/lib/python3.10/site-packages/airflow/example_dags/plugins/event_listener.py                                                            0           0  0.02s           2025-06-21T20:16:34
/home/airflow/.local/lib/python3.10/site-packages/airflow/example_dags/plugins/workday.py                                                                   0           0  0.37s           2025-06-21T20:16:35
/home/airflow/.local/lib/python3.10/site-packages/airflow/example_dags/plugins/listener_plugin.py                                                           0           0  0.04s           2025-06-21T20:16:34
/home/airflow/.local/lib/python3.10/site-packages/airflow/example_dags/example_setup_teardown.py                                     247  0.01s             1           0  0.10s           2025-06-21T20:16:32
/home/airflow/.local/lib/python3.10/site-packages/airflow/example_dags/example_sensors.py                                            248  0.00s             1           0  0.08s           2025-06-21T20:16:32
/home/airflow/.local/lib/python3.10/site-packages/airflow/example_dags/example_short_circuit_decorator.py                                                   1           0  0.04s           2025-06-21T20:16:32
/home/airflow/.local/lib/python3.10/site-packages/airflow/example_dags/example_sla_dag.py                                                                   1           0  0.06s           2025-06-21T20:16:32
/home/airflow/.local/lib/python3.10/site-packages/airflow/example_dags/example_latest_only_with_trigger.py                                                  1           0  0.05s           2025-06-21T20:16:32
/home/airflow/.local/lib/python3.10/site-packages/airflow/example_dags/tutorial_taskflow_api.py                                                             1           0  0.03s           2025-06-21T20:16:32
/home/airflow/.local/lib/python3.10/site-packages/airflow/example_dags/example_nested_branch_dag.py                                                         1           0  0.05s           2025-06-21T20:16:32
/home/airflow/.local/lib/python3.10/site-packages/airflow/example_dags/example_branch_python_dop_operator_3.py                                              1           0  0.06s           2025-06-21T20:16:32
/home/airflow/.local/lib/python3.10/site-packages/airflow/example_dags/example_params_ui_tutorial.py                                                        1           0  0.07s           2025-06-21T20:16:32
/home/airflow/.local/lib/python3.10/site-packages/airflow/example_dags/example_trigger_target_dag.py                                                        1           0  0.05s           2025-06-21T20:16:32
/home/airflow/.local/lib/python3.10/site-packages/airflow/example_dags/example_branch_operator.py                                                           1           0  0.06s           2025-06-21T20:16:33
/home/airflow/.local/lib/python3.10/site-packages/airflow/example_dags/example_passing_params_via_test_command.py                                           1           0  0.06s           2025-06-21T20:16:33
/home/airflow/.local/lib/python3.10/site-packages/airflow/example_dags/tutorial_taskflow_api_virtualenv.py                                                  1           0  0.05s           2025-06-21T20:16:33
/home/airflow/.local/lib/python3.10/site-packages/airflow/example_dags/tutorial_dag.py                                                                      1           0  0.05s           2025-06-21T20:16:33
/home/airflow/.local/lib/python3.10/site-packages/airflow/example_dags/tutorial.py                                                                          1           0  0.04s           2025-06-21T20:16:33
/home/airflow/.local/lib/python3.10/site-packages/airflow/example_dags/example_complex.py                                                                   1           0  0.06s           2025-06-21T20:16:33
/home/airflow/.local/lib/python3.10/site-packages/airflow/example_dags/example_sensor_decorator.py                                                          1           0  0.05s           2025-06-21T20:16:33
/home/airflow/.local/lib/python3.10/site-packages/airflow/example_dags/example_branch_day_of_week_operator.py                                               1           0  0.06s           2025-06-21T20:16:33
/home/airflow/.local/lib/python3.10/site-packages/airflow/example_dags/example_params_trigger_ui.py                                                         1           0  0.07s           2025-06-21T20:16:33
/home/airflow/.local/lib/python3.10/site-packages/airflow/example_dags/example_xcom.py                                                                      1           0  0.06s           2025-06-21T20:16:33
/home/airflow/.local/lib/python3.10/site-packages/airflow/example_dags/example_skip_dag.py                                                                  1           0  0.04s           2025-06-21T20:16:33
/home/airflow/.local/lib/python3.10/site-packages/airflow/example_dags/example_local_kubernetes_executor.py                                                 1           0  0.05s           2025-06-21T20:16:33
/home/airflow/.local/lib/python3.10/site-packages/airflow/example_dags/example_short_circuit_operator.py                                                    1           0  0.04s           2025-06-21T20:16:33
/home/airflow/.local/lib/python3.10/site-packages/airflow/example_dags/example_dynamic_task_mapping_with_no_taskflow_operators.py                           1           0  0.04s           2025-06-21T20:16:33
/home/airflow/.local/lib/python3.10/site-packages/airflow/example_dags/tutorial_objectstorage.py                                                            1           0  0.04s           2025-06-21T20:16:33
/home/airflow/.local/lib/python3.10/site-packages/airflow/example_dags/example_kubernetes_executor.py                                                       1           0  0.06s           2025-06-21T20:16:33
/home/airflow/.local/lib/python3.10/site-packages/airflow/example_dags/example_dynamic_task_mapping.py                                                      1           0  0.07s           2025-06-21T20:16:33
/home/airflow/.local/lib/python3.10/site-packages/airflow/example_dags/example_branch_labels.py                                                             1           0  0.08s           2025-06-21T20:16:33
/home/airflow/.local/lib/python3.10/site-packages/airflow/example_dags/example_setup_teardown_taskflow.py                                                   1           0  0.10s           2025-06-21T20:16:33
/home/airflow/.local/lib/python3.10/site-packages/airflow/example_dags/example_task_group_decorator.py                                                      1           0  0.15s           2025-06-21T20:16:34
/home/airflow/.local/lib/python3.10/site-packages/airflow/example_dags/example_branch_operator_decorator.py                                                 1           0  0.24s           2025-06-21T20:16:34
/home/airflow/.local/lib/python3.10/site-packages/airflow/example_dags/example_trigger_controller_dag.py                                                    1           0  0.14s           2025-06-21T20:16:34
/home/airflow/.local/lib/python3.10/site-packages/airflow/example_dags/example_time_delta_sensor_async.py                                                   1           0  0.14s           2025-06-21T20:16:34
/home/airflow/.local/lib/python3.10/site-packages/airflow/example_dags/example_dag_decorator.py                                                             1           0  0.32s           2025-06-21T20:16:34
/home/airflow/.local/lib/python3.10/site-packages/airflow/example_dags/example_bash_operator.py                                                             1           0  0.16s           2025-06-21T20:16:34
/home/airflow/.local/lib/python3.10/site-packages/airflow/example_dags/example_task_group.py                                                                1           0  0.15s           2025-06-21T20:16:34
/home/airflow/.local/lib/python3.10/site-packages/airflow/example_dags/example_python_operator.py                                                           1           0  0.14s           2025-06-21T20:16:34
/home/airflow/.local/lib/python3.10/site-packages/airflow/example_dags/example_python_decorator.py                                                          1           0  0.12s           2025-06-21T20:16:34
/home/airflow/.local/lib/python3.10/site-packages/airflow/example_dags/example_latest_only.py                                                               1           0  0.10s           2025-06-21T20:16:34
/home/airflow/.local/lib/python3.10/site-packages/airflow/example_dags/example_external_task_marker_dag.py                                                  2           0  0.04s           2025-06-21T20:16:33
/home/airflow/.local/lib/python3.10/site-packages/airflow/example_dags/example_xcomargs.py                                                                  2           0  0.05s           2025-06-21T20:16:33
/home/airflow/.local/lib/python3.10/site-packages/airflow/example_dags/example_branch_datetime_operator.py                                                  3           0  0.07s           2025-06-21T20:16:33
/home/airflow/.local/lib/python3.10/site-packages/airflow/example_dags/example_subdag_operator.py                                                           3           0  0.07s           2025-06-21T20:16:33
/home/airflow/.local/lib/python3.10/site-packages/airflow/example_dags/example_datasets.py                                                                  6           0  0.06s           2025-06-21T20:16:33
================================================================================
[2025-06-21T20:17:33.878+0000] {manager.py:879} INFO - 
================================================================================
DAG File Processing Stats

File Path                                                                                                                            PID  Runtime      # DAGs    # Errors  Last Runtime    Last Run
---------------------------------------------------------------------------------------------------------------------------------  -----  ---------  --------  ----------  --------------  -------------------
/home/airflow/.local/lib/python3.10/site-packages/airflow/example_dags/subdags/subdag.py                                                                    0           0  0.02s           2025-06-21T20:17:05
/home/airflow/.local/lib/python3.10/site-packages/airflow/example_dags/plugins/event_listener.py                                                            0           0  0.02s           2025-06-21T20:17:05
/home/airflow/.local/lib/python3.10/site-packages/airflow/example_dags/plugins/workday.py                                                                   0           0  0.23s           2025-06-21T20:17:05
/home/airflow/.local/lib/python3.10/site-packages/airflow/example_dags/plugins/listener_plugin.py                                                           0           0  0.03s           2025-06-21T20:17:05
/home/airflow/.local/lib/python3.10/site-packages/airflow/example_dags/example_setup_teardown.py                                     302  0.02s             1           0  0.07s           2025-06-21T20:17:03
/home/airflow/.local/lib/python3.10/site-packages/airflow/example_dags/example_sensors.py                                            303  0.00s             1           0  0.06s           2025-06-21T20:17:03
/home/airflow/.local/lib/python3.10/site-packages/airflow/example_dags/example_short_circuit_decorator.py                                                   1           0  0.05s           2025-06-21T20:17:03
/home/airflow/.local/lib/python3.10/site-packages/airflow/example_dags/example_sla_dag.py                                                                   1           0  0.05s           2025-06-21T20:17:03
/home/airflow/.local/lib/python3.10/site-packages/airflow/example_dags/example_latest_only_with_trigger.py                                                  1           0  0.05s           2025-06-21T20:17:03
/home/airflow/.local/lib/python3.10/site-packages/airflow/example_dags/tutorial_taskflow_api.py                                                             1           0  0.05s           2025-06-21T20:17:03
/home/airflow/.local/lib/python3.10/site-packages/airflow/example_dags/example_nested_branch_dag.py                                                         1           0  0.04s           2025-06-21T20:17:03
/home/airflow/.local/lib/python3.10/site-packages/airflow/example_dags/example_branch_python_dop_operator_3.py                                              1           0  0.05s           2025-06-21T20:17:03
/home/airflow/.local/lib/python3.10/site-packages/airflow/example_dags/example_params_ui_tutorial.py                                                        1           0  0.06s           2025-06-21T20:17:03
/home/airflow/.local/lib/python3.10/site-packages/airflow/example_dags/example_trigger_target_dag.py                                                        1           0  0.04s           2025-06-21T20:17:03
/home/airflow/.local/lib/python3.10/site-packages/airflow/example_dags/example_branch_operator.py                                                           1           0  0.05s           2025-06-21T20:17:03
/home/airflow/.local/lib/python3.10/site-packages/airflow/example_dags/example_passing_params_via_test_command.py                                           1           0  0.05s           2025-06-21T20:17:03
/home/airflow/.local/lib/python3.10/site-packages/airflow/example_dags/tutorial_taskflow_api_virtualenv.py                                                  1           0  0.05s           2025-06-21T20:17:03
/home/airflow/.local/lib/python3.10/site-packages/airflow/example_dags/tutorial_dag.py                                                                      1           0  0.04s           2025-06-21T20:17:03
/home/airflow/.local/lib/python3.10/site-packages/airflow/example_dags/tutorial.py                                                                          1           0  0.04s           2025-06-21T20:17:03
/home/airflow/.local/lib/python3.10/site-packages/airflow/example_dags/example_complex.py                                                                   1           0  0.05s           2025-06-21T20:17:03
/home/airflow/.local/lib/python3.10/site-packages/airflow/example_dags/example_sensor_decorator.py                                                          1           0  0.04s           2025-06-21T20:17:03
/home/airflow/.local/lib/python3.10/site-packages/airflow/example_dags/example_branch_day_of_week_operator.py                                               1           0  0.05s           2025-06-21T20:17:03
/home/airflow/.local/lib/python3.10/site-packages/airflow/example_dags/example_params_trigger_ui.py                                                         1           0  0.06s           2025-06-21T20:17:03
/home/airflow/.local/lib/python3.10/site-packages/airflow/example_dags/example_xcom.py                                                                      1           0  0.04s           2025-06-21T20:17:03
/home/airflow/.local/lib/python3.10/site-packages/airflow/example_dags/example_skip_dag.py                                                                  1           0  0.07s           2025-06-21T20:17:03
/home/airflow/.local/lib/python3.10/site-packages/airflow/example_dags/example_local_kubernetes_executor.py                                                 1           0  0.07s           2025-06-21T20:17:03
/home/airflow/.local/lib/python3.10/site-packages/airflow/example_dags/example_short_circuit_operator.py                                                    1           0  0.04s           2025-06-21T20:17:03
/home/airflow/.local/lib/python3.10/site-packages/airflow/example_dags/example_dynamic_task_mapping_with_no_taskflow_operators.py                           1           0  0.05s           2025-06-21T20:17:03
/home/airflow/.local/lib/python3.10/site-packages/airflow/example_dags/tutorial_objectstorage.py                                                            1           0  0.04s           2025-06-21T20:17:04
/home/airflow/.local/lib/python3.10/site-packages/airflow/example_dags/example_kubernetes_executor.py                                                       1           0  0.06s           2025-06-21T20:17:04
/home/airflow/.local/lib/python3.10/site-packages/airflow/example_dags/example_dynamic_task_mapping.py                                                      1           0  0.06s           2025-06-21T20:17:04
/home/airflow/.local/lib/python3.10/site-packages/airflow/example_dags/example_branch_labels.py                                                             1           0  0.05s           2025-06-21T20:17:04
/home/airflow/.local/lib/python3.10/site-packages/airflow/example_dags/example_setup_teardown_taskflow.py                                                   1           0  0.05s           2025-06-21T20:17:04
/home/airflow/.local/lib/python3.10/site-packages/airflow/example_dags/example_task_group_decorator.py                                                      1           0  0.06s           2025-06-21T20:17:04
/home/airflow/.local/lib/python3.10/site-packages/airflow/example_dags/example_branch_operator_decorator.py                                                 1           0  0.05s           2025-06-21T20:17:04
/home/airflow/.local/lib/python3.10/site-packages/airflow/example_dags/example_trigger_controller_dag.py                                                    1           0  0.05s           2025-06-21T20:17:04
/home/airflow/.local/lib/python3.10/site-packages/airflow/example_dags/example_time_delta_sensor_async.py                                                   1           0  0.06s           2025-06-21T20:17:05
/home/airflow/.local/lib/python3.10/site-packages/airflow/example_dags/example_dag_decorator.py                                                             1           0  0.14s           2025-06-21T20:17:05
/home/airflow/.local/lib/python3.10/site-packages/airflow/example_dags/example_bash_operator.py                                                             1           0  0.05s           2025-06-21T20:17:05
/home/airflow/.local/lib/python3.10/site-packages/airflow/example_dags/example_task_group.py                                                                1           0  0.04s           2025-06-21T20:17:05
/home/airflow/.local/lib/python3.10/site-packages/airflow/example_dags/example_python_operator.py                                                           1           0  0.05s           2025-06-21T20:17:05
/home/airflow/.local/lib/python3.10/site-packages/airflow/example_dags/example_python_decorator.py                                                          1           0  0.05s           2025-06-21T20:17:05
/home/airflow/.local/lib/python3.10/site-packages/airflow/example_dags/example_latest_only.py                                                               1           0  0.04s           2025-06-21T20:17:05
/home/airflow/.local/lib/python3.10/site-packages/airflow/example_dags/example_external_task_marker_dag.py                                                  2           0  0.05s           2025-06-21T20:17:03
/home/airflow/.local/lib/python3.10/site-packages/airflow/example_dags/example_xcomargs.py                                                                  2           0  0.05s           2025-06-21T20:17:04
/home/airflow/.local/lib/python3.10/site-packages/airflow/example_dags/example_branch_datetime_operator.py                                                  3           0  0.06s           2025-06-21T20:17:03
/home/airflow/.local/lib/python3.10/site-packages/airflow/example_dags/example_subdag_operator.py                                                           3           0  0.06s           2025-06-21T20:17:04
/home/airflow/.local/lib/python3.10/site-packages/airflow/example_dags/example_datasets.py                                                                  6           0  0.07s           2025-06-21T20:17:04
================================================================================
[2025-06-21T20:18:04.137+0000] {manager.py:879} INFO - 
================================================================================
DAG File Processing Stats

File Path                                                                                                                            PID  Runtime      # DAGs    # Errors  Last Runtime    Last Run
---------------------------------------------------------------------------------------------------------------------------------  -----  ---------  --------  ----------  --------------  -------------------
/home/airflow/.local/lib/python3.10/site-packages/airflow/example_dags/subdags/subdag.py                                                                    0           0  0.02s           2025-06-21T20:17:36
/home/airflow/.local/lib/python3.10/site-packages/airflow/example_dags/plugins/event_listener.py                                                            0           0  0.03s           2025-06-21T20:17:36
/home/airflow/.local/lib/python3.10/site-packages/airflow/example_dags/plugins/workday.py                                                                   0           0  0.30s           2025-06-21T20:17:36
/home/airflow/.local/lib/python3.10/site-packages/airflow/example_dags/plugins/listener_plugin.py                                                           0           0  0.03s           2025-06-21T20:17:36
/home/airflow/.local/lib/python3.10/site-packages/airflow/example_dags/example_setup_teardown.py                                     357  0.01s             1           0  0.10s           2025-06-21T20:17:33
/home/airflow/.local/lib/python3.10/site-packages/airflow/example_dags/example_sensors.py                                            358  0.00s             1           0  0.07s           2025-06-21T20:17:33
/home/airflow/.local/lib/python3.10/site-packages/airflow/example_dags/example_short_circuit_decorator.py                                                   1           0  0.12s           2025-06-21T20:17:34
/home/airflow/.local/lib/python3.10/site-packages/airflow/example_dags/example_sla_dag.py                                                                   1           0  0.05s           2025-06-21T20:17:34
/home/airflow/.local/lib/python3.10/site-packages/airflow/example_dags/example_latest_only_with_trigger.py                                                  1           0  0.06s           2025-06-21T20:17:34
/home/airflow/.local/lib/python3.10/site-packages/airflow/example_dags/tutorial_taskflow_api.py                                                             1           0  0.04s           2025-06-21T20:17:34
/home/airflow/.local/lib/python3.10/site-packages/airflow/example_dags/example_nested_branch_dag.py                                                         1           0  0.06s           2025-06-21T20:17:34
/home/airflow/.local/lib/python3.10/site-packages/airflow/example_dags/example_branch_python_dop_operator_3.py                                              1           0  0.06s           2025-06-21T20:17:34
/home/airflow/.local/lib/python3.10/site-packages/airflow/example_dags/example_params_ui_tutorial.py                                                        1           0  0.05s           2025-06-21T20:17:34
/home/airflow/.local/lib/python3.10/site-packages/airflow/example_dags/example_trigger_target_dag.py                                                        1           0  0.06s           2025-06-21T20:17:34
/home/airflow/.local/lib/python3.10/site-packages/airflow/example_dags/example_branch_operator.py                                                           1           0  0.08s           2025-06-21T20:17:34
/home/airflow/.local/lib/python3.10/site-packages/airflow/example_dags/example_passing_params_via_test_command.py                                           1           0  0.06s           2025-06-21T20:17:34
/home/airflow/.local/lib/python3.10/site-packages/airflow/example_dags/tutorial_taskflow_api_virtualenv.py                                                  1           0  0.06s           2025-06-21T20:17:34
/home/airflow/.local/lib/python3.10/site-packages/airflow/example_dags/tutorial_dag.py                                                                      1           0  0.05s           2025-06-21T20:17:34
/home/airflow/.local/lib/python3.10/site-packages/airflow/example_dags/tutorial.py                                                                          1           0  0.05s           2025-06-21T20:17:34
/home/airflow/.local/lib/python3.10/site-packages/airflow/example_dags/example_complex.py                                                                   1           0  0.06s           2025-06-21T20:17:34
/home/airflow/.local/lib/python3.10/site-packages/airflow/example_dags/example_sensor_decorator.py                                                          1           0  0.05s           2025-06-21T20:17:34
/home/airflow/.local/lib/python3.10/site-packages/airflow/example_dags/example_branch_day_of_week_operator.py                                               1           0  0.05s           2025-06-21T20:17:34
/home/airflow/.local/lib/python3.10/site-packages/airflow/example_dags/example_params_trigger_ui.py                                                         1           0  0.06s           2025-06-21T20:17:34
/home/airflow/.local/lib/python3.10/site-packages/airflow/example_dags/example_xcom.py                                                                      1           0  0.06s           2025-06-21T20:17:34
/home/airflow/.local/lib/python3.10/site-packages/airflow/example_dags/example_skip_dag.py                                                                  1           0  0.05s           2025-06-21T20:17:34
/home/airflow/.local/lib/python3.10/site-packages/airflow/example_dags/example_local_kubernetes_executor.py                                                 1           0  0.05s           2025-06-21T20:17:34
/home/airflow/.local/lib/python3.10/site-packages/airflow/example_dags/example_short_circuit_operator.py                                                    1           0  0.06s           2025-06-21T20:17:34
/home/airflow/.local/lib/python3.10/site-packages/airflow/example_dags/example_dynamic_task_mapping_with_no_taskflow_operators.py                           1           0  0.06s           2025-06-21T20:17:34
/home/airflow/.local/lib/python3.10/site-packages/airflow/example_dags/tutorial_objectstorage.py                                                            1           0  0.05s           2025-06-21T20:17:34
/home/airflow/.local/lib/python3.10/site-packages/airflow/example_dags/example_kubernetes_executor.py                                                       1           0  0.07s           2025-06-21T20:17:34
/home/airflow/.local/lib/python3.10/site-packages/airflow/example_dags/example_dynamic_task_mapping.py                                                      1           0  0.09s           2025-06-21T20:17:35
/home/airflow/.local/lib/python3.10/site-packages/airflow/example_dags/example_branch_labels.py                                                             1           0  0.10s           2025-06-21T20:17:35
/home/airflow/.local/lib/python3.10/site-packages/airflow/example_dags/example_setup_teardown_taskflow.py                                                   1           0  0.08s           2025-06-21T20:17:35
/home/airflow/.local/lib/python3.10/site-packages/airflow/example_dags/example_task_group_decorator.py                                                      1           0  0.07s           2025-06-21T20:17:35
/home/airflow/.local/lib/python3.10/site-packages/airflow/example_dags/example_branch_operator_decorator.py                                                 1           0  0.08s           2025-06-21T20:17:35
/home/airflow/.local/lib/python3.10/site-packages/airflow/example_dags/example_trigger_controller_dag.py                                                    1           0  0.07s           2025-06-21T20:17:35
/home/airflow/.local/lib/python3.10/site-packages/airflow/example_dags/example_time_delta_sensor_async.py                                                   1           0  0.06s           2025-06-21T20:17:36
/home/airflow/.local/lib/python3.10/site-packages/airflow/example_dags/example_dag_decorator.py                                                             1           0  0.15s           2025-06-21T20:17:36
/home/airflow/.local/lib/python3.10/site-packages/airflow/example_dags/example_bash_operator.py                                                             1           0  0.06s           2025-06-21T20:17:36
/home/airflow/.local/lib/python3.10/site-packages/airflow/example_dags/example_task_group.py                                                                1           0  0.06s           2025-06-21T20:17:36
/home/airflow/.local/lib/python3.10/site-packages/airflow/example_dags/example_python_operator.py                                                           1           0  0.05s           2025-06-21T20:17:36
/home/airflow/.local/lib/python3.10/site-packages/airflow/example_dags/example_python_decorator.py                                                          1           0  0.06s           2025-06-21T20:17:36
/home/airflow/.local/lib/python3.10/site-packages/airflow/example_dags/example_latest_only.py                                                               1           0  0.05s           2025-06-21T20:17:36
/home/airflow/.local/lib/python3.10/site-packages/airflow/example_dags/example_external_task_marker_dag.py                                                  2           0  0.05s           2025-06-21T20:17:34
/home/airflow/.local/lib/python3.10/site-packages/airflow/example_dags/example_xcomargs.py                                                                  2           0  0.06s           2025-06-21T20:17:35
/home/airflow/.local/lib/python3.10/site-packages/airflow/example_dags/example_branch_datetime_operator.py                                                  3           0  0.06s           2025-06-21T20:17:34
/home/airflow/.local/lib/python3.10/site-packages/airflow/example_dags/example_subdag_operator.py                                                           3           0  0.07s           2025-06-21T20:17:35
/home/airflow/.local/lib/python3.10/site-packages/airflow/example_dags/example_datasets.py                                                                  6           0  0.07s           2025-06-21T20:17:34
================================================================================
[2025-06-21T20:18:34.944+0000] {manager.py:879} INFO - 
================================================================================
DAG File Processing Stats

File Path                                                                                                                            PID  Runtime      # DAGs    # Errors  Last Runtime    Last Run
---------------------------------------------------------------------------------------------------------------------------------  -----  ---------  --------  ----------  --------------  -------------------
/home/airflow/.local/lib/python3.10/site-packages/airflow/example_dags/subdags/subdag.py                                                                    0           0  0.02s           2025-06-21T20:18:06
/home/airflow/.local/lib/python3.10/site-packages/airflow/example_dags/plugins/event_listener.py                                                            0           0  0.02s           2025-06-21T20:18:06
/home/airflow/.local/lib/python3.10/site-packages/airflow/example_dags/plugins/workday.py                                                                   0           0  0.25s           2025-06-21T20:18:07
/home/airflow/.local/lib/python3.10/site-packages/airflow/example_dags/plugins/listener_plugin.py                                                           0           0  0.02s           2025-06-21T20:18:06
/home/airflow/.local/lib/python3.10/site-packages/airflow/example_dags/example_setup_teardown.py                                     417  0.01s             1           0  0.06s           2025-06-21T20:18:04
/home/airflow/.local/lib/python3.10/site-packages/airflow/example_dags/example_sensors.py                                            418  0.00s             1           0  0.06s           2025-06-21T20:18:04
/home/airflow/.local/lib/python3.10/site-packages/airflow/example_dags/example_short_circuit_decorator.py                                                   1           0  0.05s           2025-06-21T20:18:04
/home/airflow/.local/lib/python3.10/site-packages/airflow/example_dags/example_sla_dag.py                                                                   1           0  0.06s           2025-06-21T20:18:04
/home/airflow/.local/lib/python3.10/site-packages/airflow/example_dags/example_latest_only_with_trigger.py                                                  1           0  0.06s           2025-06-21T20:18:04
/home/airflow/.local/lib/python3.10/site-packages/airflow/example_dags/tutorial_taskflow_api.py                                                             1           0  0.05s           2025-06-21T20:18:04
/home/airflow/.local/lib/python3.10/site-packages/airflow/example_dags/example_nested_branch_dag.py                                                         1           0  0.04s           2025-06-21T20:18:04
/home/airflow/.local/lib/python3.10/site-packages/airflow/example_dags/example_branch_python_dop_operator_3.py                                              1           0  0.04s           2025-06-21T20:18:04
/home/airflow/.local/lib/python3.10/site-packages/airflow/example_dags/example_params_ui_tutorial.py                                                        1           0  0.07s           2025-06-21T20:18:04
/home/airflow/.local/lib/python3.10/site-packages/airflow/example_dags/example_trigger_target_dag.py                                                        1           0  0.06s           2025-06-21T20:18:04
/home/airflow/.local/lib/python3.10/site-packages/airflow/example_dags/example_branch_operator.py                                                           1           0  0.07s           2025-06-21T20:18:04
/home/airflow/.local/lib/python3.10/site-packages/airflow/example_dags/example_passing_params_via_test_command.py                                           1           0  0.06s           2025-06-21T20:18:04
/home/airflow/.local/lib/python3.10/site-packages/airflow/example_dags/tutorial_taskflow_api_virtualenv.py                                                  1           0  0.04s           2025-06-21T20:18:04
/home/airflow/.local/lib/python3.10/site-packages/airflow/example_dags/tutorial_dag.py                                                                      1           0  0.03s           2025-06-21T20:18:04
/home/airflow/.local/lib/python3.10/site-packages/airflow/example_dags/tutorial.py                                                                          1           0  0.05s           2025-06-21T20:18:04
/home/airflow/.local/lib/python3.10/site-packages/airflow/example_dags/example_complex.py                                                                   1           0  0.05s           2025-06-21T20:18:04
/home/airflow/.local/lib/python3.10/site-packages/airflow/example_dags/example_sensor_decorator.py                                                          1           0  0.05s           2025-06-21T20:18:04
/home/airflow/.local/lib/python3.10/site-packages/airflow/example_dags/example_branch_day_of_week_operator.py                                               1           0  0.06s           2025-06-21T20:18:04
/home/airflow/.local/lib/python3.10/site-packages/airflow/example_dags/example_params_trigger_ui.py                                                         1           0  0.06s           2025-06-21T20:18:04
/home/airflow/.local/lib/python3.10/site-packages/airflow/example_dags/example_xcom.py                                                                      1           0  0.05s           2025-06-21T20:18:04
/home/airflow/.local/lib/python3.10/site-packages/airflow/example_dags/example_skip_dag.py                                                                  1           0  0.05s           2025-06-21T20:18:04
/home/airflow/.local/lib/python3.10/site-packages/airflow/example_dags/example_local_kubernetes_executor.py                                                 1           0  0.07s           2025-06-21T20:18:04
/home/airflow/.local/lib/python3.10/site-packages/airflow/example_dags/example_short_circuit_operator.py                                                    1           0  0.06s           2025-06-21T20:18:04
/home/airflow/.local/lib/python3.10/site-packages/airflow/example_dags/example_dynamic_task_mapping_with_no_taskflow_operators.py                           1           0  0.06s           2025-06-21T20:18:04
/home/airflow/.local/lib/python3.10/site-packages/airflow/example_dags/tutorial_objectstorage.py                                                            1           0  0.06s           2025-06-21T20:18:05
/home/airflow/.local/lib/python3.10/site-packages/airflow/example_dags/example_kubernetes_executor.py                                                       1           0  0.05s           2025-06-21T20:18:05
/home/airflow/.local/lib/python3.10/site-packages/airflow/example_dags/example_dynamic_task_mapping.py                                                      1           0  0.04s           2025-06-21T20:18:05
/home/airflow/.local/lib/python3.10/site-packages/airflow/example_dags/example_branch_labels.py                                                             1           0  0.04s           2025-06-21T20:18:05
/home/airflow/.local/lib/python3.10/site-packages/airflow/example_dags/example_setup_teardown_taskflow.py                                                   1           0  0.05s           2025-06-21T20:18:05
/home/airflow/.local/lib/python3.10/site-packages/airflow/example_dags/example_task_group_decorator.py                                                      1           0  0.05s           2025-06-21T20:18:05
/home/airflow/.local/lib/python3.10/site-packages/airflow/example_dags/example_branch_operator_decorator.py                                                 1           0  0.13s           2025-06-21T20:18:05
/home/airflow/.local/lib/python3.10/site-packages/airflow/example_dags/example_trigger_controller_dag.py                                                    1           0  0.09s           2025-06-21T20:18:05
/home/airflow/.local/lib/python3.10/site-packages/airflow/example_dags/example_time_delta_sensor_async.py                                                   1           0  0.07s           2025-06-21T20:18:06
/home/airflow/.local/lib/python3.10/site-packages/airflow/example_dags/example_dag_decorator.py                                                             1           0  0.08s           2025-06-21T20:18:06
/home/airflow/.local/lib/python3.10/site-packages/airflow/example_dags/example_bash_operator.py                                                             1           0  0.07s           2025-06-21T20:18:06
/home/airflow/.local/lib/python3.10/site-packages/airflow/example_dags/example_task_group.py                                                                1           0  0.04s           2025-06-21T20:18:06
/home/airflow/.local/lib/python3.10/site-packages/airflow/example_dags/example_python_operator.py                                                           1           0  0.04s           2025-06-21T20:18:06
/home/airflow/.local/lib/python3.10/site-packages/airflow/example_dags/example_python_decorator.py                                                          1           0  0.05s           2025-06-21T20:18:06
/home/airflow/.local/lib/python3.10/site-packages/airflow/example_dags/example_latest_only.py                                                               1           0  0.04s           2025-06-21T20:18:06
/home/airflow/.local/lib/python3.10/site-packages/airflow/example_dags/example_external_task_marker_dag.py                                                  2           0  0.06s           2025-06-21T20:18:04
/home/airflow/.local/lib/python3.10/site-packages/airflow/example_dags/example_xcomargs.py                                                                  2           0  0.05s           2025-06-21T20:18:05
/home/airflow/.local/lib/python3.10/site-packages/airflow/example_dags/example_branch_datetime_operator.py                                                  3           0  0.06s           2025-06-21T20:18:04
/home/airflow/.local/lib/python3.10/site-packages/airflow/example_dags/example_subdag_operator.py                                                           3           0  0.07s           2025-06-21T20:18:05
/home/airflow/.local/lib/python3.10/site-packages/airflow/example_dags/example_datasets.py                                                                  6           0  0.08s           2025-06-21T20:18:05
================================================================================
[2025-06-21T20:18:40.671+0000] {manager.py:451} INFO - Exiting gracefully upon receiving signal 15
